Rust Build & Test (Windows)	UNKNOWN STEP	∩╗┐2025-12-22T10:53:05.2397263Z Current runner version: '2.330.0'
Rust Build & Test (Windows)	UNKNOWN STEP	2025-12-22T10:53:05.2426670Z ##[group]Runner Image Provisioner
Rust Build & Test (Windows)	UNKNOWN STEP	2025-12-22T10:53:05.2427445Z Hosted Compute Agent
Rust Build & Test (Windows)	UNKNOWN STEP	2025-12-22T10:53:05.2427922Z Version: 20251211.462
Rust Build & Test (Windows)	UNKNOWN STEP	2025-12-22T10:53:05.2428492Z Commit: 6cbad8c2bb55d58165063d031ccabf57e2d2db61
Rust Build & Test (Windows)	UNKNOWN STEP	2025-12-22T10:53:05.2429191Z Build Date: 2025-12-11T16:28:49Z
Rust Build & Test (Windows)	UNKNOWN STEP	2025-12-22T10:53:05.2429808Z Worker ID: {b24f9bef-daf7-4052-b591-b136b7dc6022}
Rust Build & Test (Windows)	UNKNOWN STEP	2025-12-22T10:53:05.2430909Z ##[endgroup]
Rust Build & Test (Windows)	UNKNOWN STEP	2025-12-22T10:53:05.2431408Z ##[group]Operating System
Rust Build & Test (Windows)	UNKNOWN STEP	2025-12-22T10:53:05.2432017Z Microsoft Windows Server 2025
Rust Build & Test (Windows)	UNKNOWN STEP	2025-12-22T10:53:05.2432497Z 10.0.26100
Rust Build & Test (Windows)	UNKNOWN STEP	2025-12-22T10:53:05.2432970Z Datacenter
Rust Build & Test (Windows)	UNKNOWN STEP	2025-12-22T10:53:05.2433382Z ##[endgroup]
Rust Build & Test (Windows)	UNKNOWN STEP	2025-12-22T10:53:05.2433834Z ##[group]Runner Image
Rust Build & Test (Windows)	UNKNOWN STEP	2025-12-22T10:53:05.2434364Z Image: windows-2025
Rust Build & Test (Windows)	UNKNOWN STEP	2025-12-22T10:53:05.2434805Z Version: 20251216.149.1
Rust Build & Test (Windows)	UNKNOWN STEP	2025-12-22T10:53:05.2436186Z Included Software: https://github.com/actions/runner-images/blob/win25/20251216.149/images/windows/Windows2025-Readme.md
Rust Build & Test (Windows)	UNKNOWN STEP	2025-12-22T10:53:05.2437717Z Image Release: https://github.com/actions/runner-images/releases/tag/win25%2F20251216.149
Rust Build & Test (Windows)	UNKNOWN STEP	2025-12-22T10:53:05.2438600Z ##[endgroup]
Rust Build & Test (Windows)	UNKNOWN STEP	2025-12-22T10:53:05.2439594Z ##[group]GITHUB_TOKEN Permissions
Rust Build & Test (Windows)	UNKNOWN STEP	2025-12-22T10:53:05.2441361Z Contents: read
Rust Build & Test (Windows)	UNKNOWN STEP	2025-12-22T10:53:05.2441937Z Metadata: read
Rust Build & Test (Windows)	UNKNOWN STEP	2025-12-22T10:53:05.2442366Z ##[endgroup]
Rust Build & Test (Windows)	UNKNOWN STEP	2025-12-22T10:53:05.2444594Z Secret source: Actions
Rust Build & Test (Windows)	UNKNOWN STEP	2025-12-22T10:53:05.2445240Z Prepare workflow directory
Rust Build & Test (Windows)	UNKNOWN STEP	2025-12-22T10:53:05.2817918Z Prepare all required actions
Rust Build & Test (Windows)	UNKNOWN STEP	2025-12-22T10:53:05.2873514Z Getting action download info
Rust Build & Test (Windows)	UNKNOWN STEP	2025-12-22T10:53:05.5994098Z Download action repository 'actions/checkout@v6' (SHA:8e8c483db84b4bee98b60c0593521ed34d9990e8)
Rust Build & Test (Windows)	UNKNOWN STEP	2025-12-22T10:53:05.7273417Z Download action repository 'dtolnay/rust-toolchain@stable' (SHA:4be9e76fd7c4901c61fb841f559994984270fce7)
Rust Build & Test (Windows)	UNKNOWN STEP	2025-12-22T10:53:05.9362813Z Download action repository 'Swatinem/rust-cache@v2' (SHA:779680da715d629ac1d338a641029a2f4372abb5)
Rust Build & Test (Windows)	UNKNOWN STEP	2025-12-22T10:53:06.5406847Z Complete job name: Rust Build & Test (Windows)
Rust Build & Test (Windows)	UNKNOWN STEP	2025-12-22T10:53:06.6753546Z ##[group]Run actions/checkout@v6
Rust Build & Test (Windows)	UNKNOWN STEP	2025-12-22T10:53:06.6754736Z with:
Rust Build & Test (Windows)	UNKNOWN STEP	2025-12-22T10:53:06.6755222Z   repository: jxoesneon/FerroTeX
Rust Build & Test (Windows)	UNKNOWN STEP	2025-12-22T10:53:06.6756020Z   token: ***
Rust Build & Test (Windows)	UNKNOWN STEP	2025-12-22T10:53:06.6756492Z   ssh-strict: true
Rust Build & Test (Windows)	UNKNOWN STEP	2025-12-22T10:53:06.6756991Z   ssh-user: git
Rust Build & Test (Windows)	UNKNOWN STEP	2025-12-22T10:53:06.6757501Z   persist-credentials: true
Rust Build & Test (Windows)	UNKNOWN STEP	2025-12-22T10:53:06.6758035Z   clean: true
Rust Build & Test (Windows)	UNKNOWN STEP	2025-12-22T10:53:06.6758550Z   sparse-checkout-cone-mode: true
Rust Build & Test (Windows)	UNKNOWN STEP	2025-12-22T10:53:06.6759100Z   fetch-depth: 1
Rust Build & Test (Windows)	UNKNOWN STEP	2025-12-22T10:53:06.6759625Z   fetch-tags: false
Rust Build & Test (Windows)	UNKNOWN STEP	2025-12-22T10:53:06.6760118Z   show-progress: true
Rust Build & Test (Windows)	UNKNOWN STEP	2025-12-22T10:53:06.6760673Z   lfs: false
Rust Build & Test (Windows)	UNKNOWN STEP	2025-12-22T10:53:06.6761155Z   submodules: false
Rust Build & Test (Windows)	UNKNOWN STEP	2025-12-22T10:53:06.6761689Z   set-safe-directory: true
Rust Build & Test (Windows)	UNKNOWN STEP	2025-12-22T10:53:06.6762481Z ##[endgroup]
Rust Build & Test (Windows)	UNKNOWN STEP	2025-12-22T10:53:06.8136583Z Syncing repository: jxoesneon/FerroTeX
Rust Build & Test (Windows)	UNKNOWN STEP	2025-12-22T10:53:06.8139538Z ##[group]Getting Git version info
Rust Build & Test (Windows)	UNKNOWN STEP	2025-12-22T10:53:06.8140297Z Working directory is 'D:\a\FerroTeX\FerroTeX'
Rust Build & Test (Windows)	UNKNOWN STEP	2025-12-22T10:53:06.9063943Z [command]"C:\Program Files\Git\bin\git.exe" version
Rust Build & Test (Windows)	UNKNOWN STEP	2025-12-22T10:53:07.3017521Z git version 2.52.0.windows.1
Rust Build & Test (Windows)	UNKNOWN STEP	2025-12-22T10:53:07.3065587Z ##[endgroup]
Rust Build & Test (Windows)	UNKNOWN STEP	2025-12-22T10:53:07.3085238Z Temporarily overriding HOME='D:\a\_temp\cf8be568-a9a9-4845-bd3d-2173b142df15' before making global git config changes
Rust Build & Test (Windows)	UNKNOWN STEP	2025-12-22T10:53:07.3087496Z Adding repository directory to the temporary git global config as a safe directory
Rust Build & Test (Windows)	UNKNOWN STEP	2025-12-22T10:53:07.3094639Z [command]"C:\Program Files\Git\bin\git.exe" config --global --add safe.directory D:\a\FerroTeX\FerroTeX
Rust Build & Test (Windows)	UNKNOWN STEP	2025-12-22T10:53:07.3662226Z Deleting the contents of 'D:\a\FerroTeX\FerroTeX'
Rust Build & Test (Windows)	UNKNOWN STEP	2025-12-22T10:53:07.3668614Z ##[group]Initializing the repository
Rust Build & Test (Windows)	UNKNOWN STEP	2025-12-22T10:53:07.3677170Z [command]"C:\Program Files\Git\bin\git.exe" init D:\a\FerroTeX\FerroTeX
Rust Build & Test (Windows)	UNKNOWN STEP	2025-12-22T10:53:07.4588310Z Initialized empty Git repository in D:/a/FerroTeX/FerroTeX/.git/
Rust Build & Test (Windows)	UNKNOWN STEP	2025-12-22T10:53:07.4634038Z [command]"C:\Program Files\Git\bin\git.exe" remote add origin https://github.com/jxoesneon/FerroTeX
Rust Build & Test (Windows)	UNKNOWN STEP	2025-12-22T10:53:07.5198511Z ##[endgroup]
Rust Build & Test (Windows)	UNKNOWN STEP	2025-12-22T10:53:07.5199948Z ##[group]Disabling automatic garbage collection
Rust Build & Test (Windows)	UNKNOWN STEP	2025-12-22T10:53:07.5207612Z [command]"C:\Program Files\Git\bin\git.exe" config --local gc.auto 0
Rust Build & Test (Windows)	UNKNOWN STEP	2025-12-22T10:53:07.5502519Z ##[endgroup]
Rust Build & Test (Windows)	UNKNOWN STEP	2025-12-22T10:53:07.5504215Z ##[group]Setting up auth
Rust Build & Test (Windows)	UNKNOWN STEP	2025-12-22T10:53:07.5505453Z Removing SSH command configuration
Rust Build & Test (Windows)	UNKNOWN STEP	2025-12-22T10:53:07.5515012Z [command]"C:\Program Files\Git\bin\git.exe" config --local --name-only --get-regexp core\.sshCommand
Rust Build & Test (Windows)	UNKNOWN STEP	2025-12-22T10:53:07.5806443Z [command]"C:\Program Files\Git\bin\git.exe" submodule foreach --recursive "sh -c \"git config --local --name-only --get-regexp 'core\.sshCommand' && git config --local --unset-all 'core.sshCommand' || :\""
Rust Build & Test (Windows)	UNKNOWN STEP	2025-12-22T10:53:09.0431548Z Removing HTTP extra header
Rust Build & Test (Windows)	UNKNOWN STEP	2025-12-22T10:53:09.0442129Z [command]"C:\Program Files\Git\bin\git.exe" config --local --name-only --get-regexp http\.https\:\/\/github\.com\/\.extraheader
Rust Build & Test (Windows)	UNKNOWN STEP	2025-12-22T10:53:09.0732164Z [command]"C:\Program Files\Git\bin\git.exe" submodule foreach --recursive "sh -c \"git config --local --name-only --get-regexp 'http\.https\:\/\/github\.com\/\.extraheader' && git config --local --unset-all 'http.https://github.com/.extraheader' || :\""
Rust Build & Test (Windows)	UNKNOWN STEP	2025-12-22T10:53:09.5789833Z Removing includeIf entries pointing to credentials config files
Rust Build & Test (Windows)	UNKNOWN STEP	2025-12-22T10:53:09.5800875Z [command]"C:\Program Files\Git\bin\git.exe" config --local --name-only --get-regexp ^includeIf\.gitdir:
Rust Build & Test (Windows)	UNKNOWN STEP	2025-12-22T10:53:09.6091088Z [command]"C:\Program Files\Git\bin\git.exe" submodule foreach --recursive "git config --local --show-origin --name-only --get-regexp remote.origin.url"
Rust Build & Test (Windows)	UNKNOWN STEP	2025-12-22T10:53:10.1211622Z [command]"C:\Program Files\Git\bin\git.exe" config --file D:\a\_temp\git-credentials-436a75ec-60e7-41a4-babb-e542025d9062.config http.https://github.com/.extraheader "AUTHORIZATION: basic ***"
Rust Build & Test (Windows)	UNKNOWN STEP	2025-12-22T10:53:10.1525644Z [command]"C:\Program Files\Git\bin\git.exe" config --local includeIf.gitdir:D:/a/FerroTeX/FerroTeX/.git.path D:\a\_temp\git-credentials-436a75ec-60e7-41a4-babb-e542025d9062.config
Rust Build & Test (Windows)	UNKNOWN STEP	2025-12-22T10:53:10.1819101Z [command]"C:\Program Files\Git\bin\git.exe" config --local includeIf.gitdir:D:/a/FerroTeX/FerroTeX/.git/worktrees/*.path D:\a\_temp\git-credentials-436a75ec-60e7-41a4-babb-e542025d9062.config
Rust Build & Test (Windows)	UNKNOWN STEP	2025-12-22T10:53:10.2155491Z [command]"C:\Program Files\Git\bin\git.exe" config --local includeIf.gitdir:/github/workspace/.git.path /github/runner_temp/git-credentials-436a75ec-60e7-41a4-babb-e542025d9062.config
Rust Build & Test (Windows)	UNKNOWN STEP	2025-12-22T10:53:10.2449364Z [command]"C:\Program Files\Git\bin\git.exe" config --local includeIf.gitdir:/github/workspace/.git/worktrees/*.path /github/runner_temp/git-credentials-436a75ec-60e7-41a4-babb-e542025d9062.config
Rust Build & Test (Windows)	UNKNOWN STEP	2025-12-22T10:53:10.2765080Z ##[endgroup]
Rust Build & Test (Windows)	UNKNOWN STEP	2025-12-22T10:53:10.2765872Z ##[group]Fetching the repository
Rust Build & Test (Windows)	UNKNOWN STEP	2025-12-22T10:53:10.2778952Z [command]"C:\Program Files\Git\bin\git.exe" -c protocol.version=2 fetch --no-tags --prune --no-recurse-submodules --depth=1 origin +31eb206145cc59e31642b2b2c6e1a164c163c04a:refs/remotes/pull/33/merge
Rust Build & Test (Windows)	UNKNOWN STEP	2025-12-22T10:53:11.5258854Z From https://github.com/jxoesneon/FerroTeX
Rust Build & Test (Windows)	UNKNOWN STEP	2025-12-22T10:53:11.5259752Z  * [new ref]         31eb206145cc59e31642b2b2c6e1a164c163c04a -> pull/33/merge
Rust Build & Test (Windows)	UNKNOWN STEP	2025-12-22T10:53:11.5546099Z ##[endgroup]
Rust Build & Test (Windows)	UNKNOWN STEP	2025-12-22T10:53:11.5546936Z ##[group]Determining the checkout info
Rust Build & Test (Windows)	UNKNOWN STEP	2025-12-22T10:53:11.5550065Z ##[endgroup]
Rust Build & Test (Windows)	UNKNOWN STEP	2025-12-22T10:53:11.5564256Z [command]"C:\Program Files\Git\bin\git.exe" sparse-checkout disable
Rust Build & Test (Windows)	UNKNOWN STEP	2025-12-22T10:53:11.6060391Z [command]"C:\Program Files\Git\bin\git.exe" config --local --unset-all extensions.worktreeConfig
Rust Build & Test (Windows)	UNKNOWN STEP	2025-12-22T10:53:11.6369903Z ##[group]Checking out the ref
Rust Build & Test (Windows)	UNKNOWN STEP	2025-12-22T10:53:11.6379339Z [command]"C:\Program Files\Git\bin\git.exe" checkout --progress --force refs/remotes/pull/33/merge
Rust Build & Test (Windows)	UNKNOWN STEP	2025-12-22T10:53:11.8048207Z Note: switching to 'refs/remotes/pull/33/merge'.
Rust Build & Test (Windows)	UNKNOWN STEP	2025-12-22T10:53:11.8049509Z 
Rust Build & Test (Windows)	UNKNOWN STEP	2025-12-22T10:53:11.8050405Z You are in 'detached HEAD' state. You can look around, make experimental
Rust Build & Test (Windows)	UNKNOWN STEP	2025-12-22T10:53:11.8053736Z changes and commit them, and you can discard any commits you make in this
Rust Build & Test (Windows)	UNKNOWN STEP	2025-12-22T10:53:11.8054509Z state without impacting any branches by switching back to a branch.
Rust Build & Test (Windows)	UNKNOWN STEP	2025-12-22T10:53:11.8055007Z 
Rust Build & Test (Windows)	UNKNOWN STEP	2025-12-22T10:53:11.8055332Z If you want to create a new branch to retain commits you create, you may
Rust Build & Test (Windows)	UNKNOWN STEP	2025-12-22T10:53:11.8056147Z do so (now or later) by using -c with the switch command. Example:
Rust Build & Test (Windows)	UNKNOWN STEP	2025-12-22T10:53:11.8056579Z 
Rust Build & Test (Windows)	UNKNOWN STEP	2025-12-22T10:53:11.8056764Z   git switch -c <new-branch-name>
Rust Build & Test (Windows)	UNKNOWN STEP	2025-12-22T10:53:11.8057159Z 
Rust Build & Test (Windows)	UNKNOWN STEP	2025-12-22T10:53:11.8057311Z Or undo this operation with:
Rust Build & Test (Windows)	UNKNOWN STEP	2025-12-22T10:53:11.8057540Z 
Rust Build & Test (Windows)	UNKNOWN STEP	2025-12-22T10:53:11.8057690Z   git switch -
Rust Build & Test (Windows)	UNKNOWN STEP	2025-12-22T10:53:11.8057948Z 
Rust Build & Test (Windows)	UNKNOWN STEP	2025-12-22T10:53:11.8058300Z Turn off this advice by setting config variable advice.detachedHead to false
Rust Build & Test (Windows)	UNKNOWN STEP	2025-12-22T10:53:11.8058811Z 
Rust Build & Test (Windows)	UNKNOWN STEP	2025-12-22T10:53:11.8059488Z HEAD is now at 31eb206 Merge cb4b6814506e4903263d44f7b4ce28ce7d279e6b into c3656acd5a35ef98885ac74fef51a36e987dadd9
Rust Build & Test (Windows)	UNKNOWN STEP	2025-12-22T10:53:11.8100571Z ##[endgroup]
Rust Build & Test (Windows)	UNKNOWN STEP	2025-12-22T10:53:11.8530902Z [command]"C:\Program Files\Git\bin\git.exe" log -1 --format=%H
Rust Build & Test (Windows)	UNKNOWN STEP	2025-12-22T10:53:11.8798167Z 31eb206145cc59e31642b2b2c6e1a164c163c04a
Rust Build & Test (Windows)	UNKNOWN STEP	2025-12-22T10:53:11.9364974Z ##[group]Run dtolnay/rust-toolchain@stable
Rust Build & Test (Windows)	UNKNOWN STEP	2025-12-22T10:53:11.9365296Z with:
Rust Build & Test (Windows)	UNKNOWN STEP	2025-12-22T10:53:11.9365451Z   toolchain: stable
Rust Build & Test (Windows)	UNKNOWN STEP	2025-12-22T10:53:11.9365628Z ##[endgroup]
Rust Build & Test (Windows)	UNKNOWN STEP	2025-12-22T10:53:11.9605792Z ##[group]Run : parse toolchain version
Rust Build & Test (Windows)	UNKNOWN STEP	2025-12-22T10:53:11.9606128Z [36;1m: parse toolchain version[0m
Rust Build & Test (Windows)	UNKNOWN STEP	2025-12-22T10:53:11.9606376Z [36;1mif [[ -z $toolchain ]]; then[0m
Rust Build & Test (Windows)	UNKNOWN STEP	2025-12-22T10:53:11.9606835Z [36;1m  # GitHub does not enforce `required: true` inputs itself. https://github.com/actions/runner/issues/1070[0m
Rust Build & Test (Windows)	UNKNOWN STEP	2025-12-22T10:53:11.9607315Z [36;1m  echo "'toolchain' is a required input" >&2[0m
Rust Build & Test (Windows)	UNKNOWN STEP	2025-12-22T10:53:11.9607559Z [36;1m  exit 1[0m
Rust Build & Test (Windows)	UNKNOWN STEP	2025-12-22T10:53:11.9607830Z [36;1melif [[ $toolchain =~ ^stable' '[0-9]+' '(year|month|week|day)s?' 'ago$ ]]; then[0m
Rust Build & Test (Windows)	UNKNOWN STEP	2025-12-22T10:53:11.9608193Z [36;1m  if [[ Windows == macOS ]]; then[0m
Rust Build & Test (Windows)	UNKNOWN STEP	2025-12-22T10:53:11.9608658Z [36;1m    echo "toolchain=1.$((($(date -v-$(sed 's/stable \([0-9]*\) \(.\).*/\1\2/' <<< $toolchain) +%s)/60/60/24-16569)/7/6))" >> $GITHUB_OUTPUT[0m
Rust Build & Test (Windows)	UNKNOWN STEP	2025-12-22T10:53:11.9609064Z [36;1m  else[0m
Rust Build & Test (Windows)	UNKNOWN STEP	2025-12-22T10:53:11.9609397Z [36;1m    echo "toolchain=1.$((($(date --date "${toolchain#stable }" +%s)/60/60/24-16569)/7/6))" >> $GITHUB_OUTPUT[0m
Rust Build & Test (Windows)	UNKNOWN STEP	2025-12-22T10:53:11.9609777Z [36;1m  fi[0m
Rust Build & Test (Windows)	UNKNOWN STEP	2025-12-22T10:53:11.9610020Z [36;1melif [[ $toolchain =~ ^stable' 'minus' '[0-9]+' 'releases?$ ]]; then[0m
Rust Build & Test (Windows)	UNKNOWN STEP	2025-12-22T10:53:11.9610470Z [36;1m  echo "toolchain=1.$((($(date +%s)/60/60/24-16569)/7/6-${toolchain//[^0-9]/}))" >> $GITHUB_OUTPUT[0m
Rust Build & Test (Windows)	UNKNOWN STEP	2025-12-22T10:53:11.9610864Z [36;1melif [[ $toolchain =~ ^1\.[0-9]+$ ]]; then[0m
Rust Build & Test (Windows)	UNKNOWN STEP	2025-12-22T10:53:11.9611354Z [36;1m  echo "toolchain=1.$((i=${toolchain#1.}, c=($(date +%s)/60/60/24-16569)/7/6, i+9*i*(10*i<=c)+90*i*(100*i<=c)))" >> $GITHUB_OUTPUT[0m
Rust Build & Test (Windows)	UNKNOWN STEP	2025-12-22T10:53:11.9611780Z [36;1melse[0m
Rust Build & Test (Windows)	UNKNOWN STEP	2025-12-22T10:53:11.9611982Z [36;1m  echo "toolchain=$toolchain" >> $GITHUB_OUTPUT[0m
Rust Build & Test (Windows)	UNKNOWN STEP	2025-12-22T10:53:11.9612228Z [36;1mfi[0m
Rust Build & Test (Windows)	UNKNOWN STEP	2025-12-22T10:53:11.9632214Z shell: C:\Program Files\Git\bin\bash.EXE --noprofile --norc -e -o pipefail {0}
Rust Build & Test (Windows)	UNKNOWN STEP	2025-12-22T10:53:11.9632574Z env:
Rust Build & Test (Windows)	UNKNOWN STEP	2025-12-22T10:53:11.9632737Z   toolchain: stable
Rust Build & Test (Windows)	UNKNOWN STEP	2025-12-22T10:53:11.9632903Z ##[endgroup]
Rust Build & Test (Windows)	UNKNOWN STEP	2025-12-22T10:53:12.1391591Z ##[group]Run : construct rustup command line
Rust Build & Test (Windows)	UNKNOWN STEP	2025-12-22T10:53:12.1391903Z [36;1m: construct rustup command line[0m
Rust Build & Test (Windows)	UNKNOWN STEP	2025-12-22T10:53:12.1392278Z [36;1mecho "targets=$(for t in ${targets//,/ }; do echo -n ' --target' $t; done)" >> $GITHUB_OUTPUT[0m
Rust Build & Test (Windows)	UNKNOWN STEP	2025-12-22T10:53:12.1392798Z [36;1mecho "components=$(for c in ${components//,/ }; do echo -n ' --component' $c; done)" >> $GITHUB_OUTPUT[0m
Rust Build & Test (Windows)	UNKNOWN STEP	2025-12-22T10:53:12.1393205Z [36;1mecho "downgrade=" >> $GITHUB_OUTPUT[0m
Rust Build & Test (Windows)	UNKNOWN STEP	2025-12-22T10:53:12.1409069Z shell: C:\Program Files\Git\bin\bash.EXE --noprofile --norc -e -o pipefail {0}
Rust Build & Test (Windows)	UNKNOWN STEP	2025-12-22T10:53:12.1409426Z env:
Rust Build & Test (Windows)	UNKNOWN STEP	2025-12-22T10:53:12.1409744Z   targets: 
Rust Build & Test (Windows)	UNKNOWN STEP	2025-12-22T10:53:12.1409894Z   components: 
Rust Build & Test (Windows)	UNKNOWN STEP	2025-12-22T10:53:12.1410043Z ##[endgroup]
Rust Build & Test (Windows)	UNKNOWN STEP	2025-12-22T10:53:12.2294359Z ##[group]Run : set $CARGO_HOME
Rust Build & Test (Windows)	UNKNOWN STEP	2025-12-22T10:53:12.2294680Z [36;1m: set $CARGO_HOME[0m
Rust Build & Test (Windows)	UNKNOWN STEP	2025-12-22T10:53:12.2295164Z [36;1mecho CARGO_HOME=${CARGO_HOME:-"$USERPROFILE\.cargo"} >> $GITHUB_ENV[0m
Rust Build & Test (Windows)	UNKNOWN STEP	2025-12-22T10:53:12.2311233Z shell: C:\Program Files\Git\bin\bash.EXE --noprofile --norc -e -o pipefail {0}
Rust Build & Test (Windows)	UNKNOWN STEP	2025-12-22T10:53:12.2311588Z ##[endgroup]
Rust Build & Test (Windows)	UNKNOWN STEP	2025-12-22T10:53:12.2831440Z ##[group]Run : install rustup if needed on windows
Rust Build & Test (Windows)	UNKNOWN STEP	2025-12-22T10:53:12.2831751Z [36;1m: install rustup if needed on windows[0m
Rust Build & Test (Windows)	UNKNOWN STEP	2025-12-22T10:53:12.2832017Z [36;1mif ! command -v rustup &>/dev/null; then[0m
Rust Build & Test (Windows)	UNKNOWN STEP	2025-12-22T10:53:12.2833107Z [36;1m  curl --proto '=https' --tlsv1.2 --retry 10 --retry-connrefused --location --silent --show-error --fail https://win.rustup.rs/x86_64 --output 'D:\a\_temp\rustup-init.exe'[0m
Rust Build & Test (Windows)	UNKNOWN STEP	2025-12-22T10:53:12.2833881Z [36;1m  'D:\a\_temp\rustup-init.exe' --default-toolchain none --no-modify-path -y[0m
Rust Build & Test (Windows)	UNKNOWN STEP	2025-12-22T10:53:12.2834255Z [36;1m  echo "$CARGO_HOME\bin" >> $GITHUB_PATH[0m
Rust Build & Test (Windows)	UNKNOWN STEP	2025-12-22T10:53:12.2834483Z [36;1mfi[0m
Rust Build & Test (Windows)	UNKNOWN STEP	2025-12-22T10:53:12.2851113Z shell: C:\Program Files\Git\bin\bash.EXE --noprofile --norc -e -o pipefail {0}
Rust Build & Test (Windows)	UNKNOWN STEP	2025-12-22T10:53:12.2851516Z env:
Rust Build & Test (Windows)	UNKNOWN STEP	2025-12-22T10:53:12.2851688Z   CARGO_HOME: C:\Users\runneradmin\.cargo
Rust Build & Test (Windows)	UNKNOWN STEP	2025-12-22T10:53:12.2851917Z ##[endgroup]
Rust Build & Test (Windows)	UNKNOWN STEP	2025-12-22T10:53:12.3476147Z ##[group]Run rustup toolchain install stable --profile minimal --no-self-update
Rust Build & Test (Windows)	UNKNOWN STEP	2025-12-22T10:53:12.3476639Z [36;1mrustup toolchain install stable --profile minimal --no-self-update[0m
Rust Build & Test (Windows)	UNKNOWN STEP	2025-12-22T10:53:12.3492141Z shell: C:\Program Files\Git\bin\bash.EXE --noprofile --norc -e -o pipefail {0}
Rust Build & Test (Windows)	UNKNOWN STEP	2025-12-22T10:53:12.3492487Z env:
Rust Build & Test (Windows)	UNKNOWN STEP	2025-12-22T10:53:12.3492650Z   CARGO_HOME: C:\Users\runneradmin\.cargo
Rust Build & Test (Windows)	UNKNOWN STEP	2025-12-22T10:53:12.3492892Z   RUSTUP_PERMIT_COPY_RENAME: 1
Rust Build & Test (Windows)	UNKNOWN STEP	2025-12-22T10:53:12.3493082Z ##[endgroup]
Rust Build & Test (Windows)	UNKNOWN STEP	2025-12-22T10:53:16.9760741Z info: syncing channel updates for 'stable-x86_64-pc-windows-msvc'
Rust Build & Test (Windows)	UNKNOWN STEP	2025-12-22T10:53:18.0427261Z 
Rust Build & Test (Windows)	UNKNOWN STEP	2025-12-22T10:53:18.0627050Z   stable-x86_64-pc-windows-msvc unchanged - rustc 1.92.0 (ded5c06cf 2025-12-08)
Rust Build & Test (Windows)	UNKNOWN STEP	2025-12-22T10:53:18.0628476Z 
Rust Build & Test (Windows)	UNKNOWN STEP	2025-12-22T10:53:18.0847570Z ##[group]Run rustup default stable
Rust Build & Test (Windows)	UNKNOWN STEP	2025-12-22T10:53:18.0847822Z [36;1mrustup default stable[0m
Rust Build & Test (Windows)	UNKNOWN STEP	2025-12-22T10:53:18.0863291Z shell: C:\Program Files\Git\bin\bash.EXE --noprofile --norc -e -o pipefail {0}
Rust Build & Test (Windows)	UNKNOWN STEP	2025-12-22T10:53:18.0863637Z env:
Rust Build & Test (Windows)	UNKNOWN STEP	2025-12-22T10:53:18.0863799Z   CARGO_HOME: C:\Users\runneradmin\.cargo
Rust Build & Test (Windows)	UNKNOWN STEP	2025-12-22T10:53:18.0864036Z ##[endgroup]
Rust Build & Test (Windows)	UNKNOWN STEP	2025-12-22T10:53:18.1687500Z info: using existing install for 'stable-x86_64-pc-windows-msvc'
Rust Build & Test (Windows)	UNKNOWN STEP	2025-12-22T10:53:18.2304996Z info: default toolchain set to 'stable-x86_64-pc-windows-msvc'
Rust Build & Test (Windows)	UNKNOWN STEP	2025-12-22T10:53:18.2305562Z 
Rust Build & Test (Windows)	UNKNOWN STEP	2025-12-22T10:53:18.2507367Z   stable-x86_64-pc-windows-msvc unchanged - rustc 1.92.0 (ded5c06cf 2025-12-08)
Rust Build & Test (Windows)	UNKNOWN STEP	2025-12-22T10:53:18.2581808Z 
Rust Build & Test (Windows)	UNKNOWN STEP	2025-12-22T10:53:18.2710118Z ##[group]Run : create cachekey
Rust Build & Test (Windows)	UNKNOWN STEP	2025-12-22T10:53:18.2710374Z [36;1m: create cachekey[0m
Rust Build & Test (Windows)	UNKNOWN STEP	2025-12-22T10:53:18.2710808Z [36;1mDATE=$(rustc +stable --version --verbose | sed -ne 's/^commit-date: \(20[0-9][0-9]\)-\([01][0-9]\)-\([0-3][0-9]\)$/\1\2\3/p')[0m
Rust Build & Test (Windows)	UNKNOWN STEP	2025-12-22T10:53:18.2711347Z [36;1mHASH=$(rustc +stable --version --verbose | sed -ne 's/^commit-hash: //p')[0m
Rust Build & Test (Windows)	UNKNOWN STEP	2025-12-22T10:53:18.2711790Z [36;1mecho "cachekey=$(echo $DATE$HASH | head -c12)" >> $GITHUB_OUTPUT[0m
Rust Build & Test (Windows)	UNKNOWN STEP	2025-12-22T10:53:18.2726540Z shell: C:\Program Files\Git\bin\bash.EXE --noprofile --norc -e -o pipefail {0}
Rust Build & Test (Windows)	UNKNOWN STEP	2025-12-22T10:53:18.2726892Z env:
Rust Build & Test (Windows)	UNKNOWN STEP	2025-12-22T10:53:18.2727058Z   CARGO_HOME: C:\Users\runneradmin\.cargo
Rust Build & Test (Windows)	UNKNOWN STEP	2025-12-22T10:53:18.2727289Z ##[endgroup]
Rust Build & Test (Windows)	UNKNOWN STEP	2025-12-22T10:53:19.3713824Z ##[group]Run : disable incremental compilation
Rust Build & Test (Windows)	UNKNOWN STEP	2025-12-22T10:53:19.3714144Z [36;1m: disable incremental compilation[0m
Rust Build & Test (Windows)	UNKNOWN STEP	2025-12-22T10:53:19.3714415Z [36;1mif [ -z "${CARGO_INCREMENTAL+set}" ]; then[0m
Rust Build & Test (Windows)	UNKNOWN STEP	2025-12-22T10:53:19.3714687Z [36;1m  echo CARGO_INCREMENTAL=0 >> $GITHUB_ENV[0m
Rust Build & Test (Windows)	UNKNOWN STEP	2025-12-22T10:53:19.3715083Z [36;1mfi[0m
Rust Build & Test (Windows)	UNKNOWN STEP	2025-12-22T10:53:19.3730417Z shell: C:\Program Files\Git\bin\bash.EXE --noprofile --norc -e -o pipefail {0}
Rust Build & Test (Windows)	UNKNOWN STEP	2025-12-22T10:53:19.3730802Z env:
Rust Build & Test (Windows)	UNKNOWN STEP	2025-12-22T10:53:19.3730972Z   CARGO_HOME: C:\Users\runneradmin\.cargo
Rust Build & Test (Windows)	UNKNOWN STEP	2025-12-22T10:53:19.3731592Z ##[endgroup]
Rust Build & Test (Windows)	UNKNOWN STEP	2025-12-22T10:53:19.4253890Z ##[group]Run : enable colors in Cargo output
Rust Build & Test (Windows)	UNKNOWN STEP	2025-12-22T10:53:19.4254188Z [36;1m: enable colors in Cargo output[0m
Rust Build & Test (Windows)	UNKNOWN STEP	2025-12-22T10:53:19.4254447Z [36;1mif [ -z "${CARGO_TERM_COLOR+set}" ]; then[0m
Rust Build & Test (Windows)	UNKNOWN STEP	2025-12-22T10:53:19.4254737Z [36;1m  echo CARGO_TERM_COLOR=always >> $GITHUB_ENV[0m
Rust Build & Test (Windows)	UNKNOWN STEP	2025-12-22T10:53:19.4254970Z [36;1mfi[0m
Rust Build & Test (Windows)	UNKNOWN STEP	2025-12-22T10:53:19.4270281Z shell: C:\Program Files\Git\bin\bash.EXE --noprofile --norc -e -o pipefail {0}
Rust Build & Test (Windows)	UNKNOWN STEP	2025-12-22T10:53:19.4270715Z env:
Rust Build & Test (Windows)	UNKNOWN STEP	2025-12-22T10:53:19.4270904Z   CARGO_HOME: C:\Users\runneradmin\.cargo
Rust Build & Test (Windows)	UNKNOWN STEP	2025-12-22T10:53:19.4271147Z   CARGO_INCREMENTAL: 0
Rust Build & Test (Windows)	UNKNOWN STEP	2025-12-22T10:53:19.4271317Z ##[endgroup]
Rust Build & Test (Windows)	UNKNOWN STEP	2025-12-22T10:53:19.4795586Z ##[group]Run : enable Cargo sparse registry
Rust Build & Test (Windows)	UNKNOWN STEP	2025-12-22T10:53:19.4795901Z [36;1m: enable Cargo sparse registry[0m
Rust Build & Test (Windows)	UNKNOWN STEP	2025-12-22T10:53:19.4796911Z [36;1m# implemented in 1.66, stabilized in 1.68, made default in 1.70[0m
Rust Build & Test (Windows)	UNKNOWN STEP	2025-12-22T10:53:19.4797525Z [36;1mif [ -z "${CARGO_REGISTRIES_CRATES_IO_PROTOCOL+set}" -o -f "D:\a\_temp"/.implicit_cargo_registries_crates_io_protocol ]; then[0m
Rust Build & Test (Windows)	UNKNOWN STEP	2025-12-22T10:53:19.4798121Z [36;1m  if rustc +stable --version --verbose | grep -q '^release: 1\.6[89]\.'; then[0m
Rust Build & Test (Windows)	UNKNOWN STEP	2025-12-22T10:53:19.4798564Z [36;1m    touch "D:\a\_temp"/.implicit_cargo_registries_crates_io_protocol || true[0m
Rust Build & Test (Windows)	UNKNOWN STEP	2025-12-22T10:53:19.4798981Z [36;1m    echo CARGO_REGISTRIES_CRATES_IO_PROTOCOL=sparse >> $GITHUB_ENV[0m
Rust Build & Test (Windows)	UNKNOWN STEP	2025-12-22T10:53:19.4799400Z [36;1m  elif rustc +stable --version --verbose | grep -q '^release: 1\.6[67]\.'; then[0m
Rust Build & Test (Windows)	UNKNOWN STEP	2025-12-22T10:53:19.4799835Z [36;1m    touch "D:\a\_temp"/.implicit_cargo_registries_crates_io_protocol || true[0m
Rust Build & Test (Windows)	UNKNOWN STEP	2025-12-22T10:53:19.4800225Z [36;1m    echo CARGO_REGISTRIES_CRATES_IO_PROTOCOL=git >> $GITHUB_ENV[0m
Rust Build & Test (Windows)	UNKNOWN STEP	2025-12-22T10:53:19.4800517Z [36;1m  fi[0m
Rust Build & Test (Windows)	UNKNOWN STEP	2025-12-22T10:53:19.4800658Z [36;1mfi[0m
Rust Build & Test (Windows)	UNKNOWN STEP	2025-12-22T10:53:19.4815898Z shell: C:\Program Files\Git\bin\bash.EXE --noprofile --norc -e -o pipefail {0}
Rust Build & Test (Windows)	UNKNOWN STEP	2025-12-22T10:53:19.4816252Z env:
Rust Build & Test (Windows)	UNKNOWN STEP	2025-12-22T10:53:19.4816414Z   CARGO_HOME: C:\Users\runneradmin\.cargo
Rust Build & Test (Windows)	UNKNOWN STEP	2025-12-22T10:53:19.4816649Z   CARGO_INCREMENTAL: 0
Rust Build & Test (Windows)	UNKNOWN STEP	2025-12-22T10:53:19.4816823Z   CARGO_TERM_COLOR: always
Rust Build & Test (Windows)	UNKNOWN STEP	2025-12-22T10:53:19.4817007Z ##[endgroup]
Rust Build & Test (Windows)	UNKNOWN STEP	2025-12-22T10:53:19.6705719Z ##[group]Run : work around spurious network errors in curl 8.0
Rust Build & Test (Windows)	UNKNOWN STEP	2025-12-22T10:53:19.6706103Z [36;1m: work around spurious network errors in curl 8.0[0m
Rust Build & Test (Windows)	UNKNOWN STEP	2025-12-22T10:53:19.6706591Z [36;1m# https://rust-lang.zulipchat.com/#narrow/stream/246057-t-cargo/topic/timeout.20investigation[0m
Rust Build & Test (Windows)	UNKNOWN STEP	2025-12-22T10:53:19.6707129Z [36;1mif rustc +stable --version --verbose | grep -q '^release: 1\.7[01]\.'; then[0m
Rust Build & Test (Windows)	UNKNOWN STEP	2025-12-22T10:53:19.6707521Z [36;1m  echo CARGO_HTTP_MULTIPLEXING=false >> $GITHUB_ENV[0m
Rust Build & Test (Windows)	UNKNOWN STEP	2025-12-22T10:53:19.6707788Z [36;1mfi[0m
Rust Build & Test (Windows)	UNKNOWN STEP	2025-12-22T10:53:19.6722782Z shell: C:\Program Files\Git\bin\bash.EXE --noprofile --norc -e -o pipefail {0}
Rust Build & Test (Windows)	UNKNOWN STEP	2025-12-22T10:53:19.6723144Z env:
Rust Build & Test (Windows)	UNKNOWN STEP	2025-12-22T10:53:19.6723319Z   CARGO_HOME: C:\Users\runneradmin\.cargo
Rust Build & Test (Windows)	UNKNOWN STEP	2025-12-22T10:53:19.6723653Z   CARGO_INCREMENTAL: 0
Rust Build & Test (Windows)	UNKNOWN STEP	2025-12-22T10:53:19.6723939Z   CARGO_TERM_COLOR: always
Rust Build & Test (Windows)	UNKNOWN STEP	2025-12-22T10:53:19.6724190Z ##[endgroup]
Rust Build & Test (Windows)	UNKNOWN STEP	2025-12-22T10:53:19.7842913Z ##[group]Run rustc +stable --version --verbose
Rust Build & Test (Windows)	UNKNOWN STEP	2025-12-22T10:53:19.7843205Z [36;1mrustc +stable --version --verbose[0m
Rust Build & Test (Windows)	UNKNOWN STEP	2025-12-22T10:53:19.7859348Z shell: C:\Program Files\Git\bin\bash.EXE --noprofile --norc -e -o pipefail {0}
Rust Build & Test (Windows)	UNKNOWN STEP	2025-12-22T10:53:19.7859703Z env:
Rust Build & Test (Windows)	UNKNOWN STEP	2025-12-22T10:53:19.7859868Z   CARGO_HOME: C:\Users\runneradmin\.cargo
Rust Build & Test (Windows)	UNKNOWN STEP	2025-12-22T10:53:19.7860103Z   CARGO_INCREMENTAL: 0
Rust Build & Test (Windows)	UNKNOWN STEP	2025-12-22T10:53:19.7860280Z   CARGO_TERM_COLOR: always
Rust Build & Test (Windows)	UNKNOWN STEP	2025-12-22T10:53:19.7860452Z ##[endgroup]
Rust Build & Test (Windows)	UNKNOWN STEP	2025-12-22T10:53:19.8698661Z rustc 1.92.0 (ded5c06cf 2025-12-08)
Rust Build & Test (Windows)	UNKNOWN STEP	2025-12-22T10:53:19.8700358Z binary: rustc
Rust Build & Test (Windows)	UNKNOWN STEP	2025-12-22T10:53:19.8700710Z commit-hash: ded5c06cf21d2b93bffd5d884aa6e96934ee4234
Rust Build & Test (Windows)	UNKNOWN STEP	2025-12-22T10:53:19.8701153Z commit-date: 2025-12-08
Rust Build & Test (Windows)	UNKNOWN STEP	2025-12-22T10:53:19.8701482Z host: x86_64-pc-windows-msvc
Rust Build & Test (Windows)	UNKNOWN STEP	2025-12-22T10:53:19.8701794Z release: 1.92.0
Rust Build & Test (Windows)	UNKNOWN STEP	2025-12-22T10:53:19.8702798Z LLVM version: 21.1.3
Rust Build & Test (Windows)	UNKNOWN STEP	2025-12-22T10:53:19.9022234Z ##[group]Run Swatinem/rust-cache@v2
Rust Build & Test (Windows)	UNKNOWN STEP	2025-12-22T10:53:19.9022525Z with:
Rust Build & Test (Windows)	UNKNOWN STEP	2025-12-22T10:53:19.9022690Z   prefix-key: v0-rust
Rust Build & Test (Windows)	UNKNOWN STEP	2025-12-22T10:53:19.9022879Z   add-job-id-key: true
Rust Build & Test (Windows)	UNKNOWN STEP	2025-12-22T10:53:19.9023090Z   add-rust-environment-hash-key: true
Rust Build & Test (Windows)	UNKNOWN STEP	2025-12-22T10:53:19.9023331Z   cache-targets: true
Rust Build & Test (Windows)	UNKNOWN STEP	2025-12-22T10:53:19.9023521Z   cache-all-crates: false
Rust Build & Test (Windows)	UNKNOWN STEP	2025-12-22T10:53:19.9023721Z   cache-workspace-crates: false
Rust Build & Test (Windows)	UNKNOWN STEP	2025-12-22T10:53:19.9023931Z   save-if: true
Rust Build & Test (Windows)	UNKNOWN STEP	2025-12-22T10:53:19.9024097Z   cache-provider: github
Rust Build & Test (Windows)	UNKNOWN STEP	2025-12-22T10:53:19.9024277Z   cache-bin: true
Rust Build & Test (Windows)	UNKNOWN STEP	2025-12-22T10:53:19.9024441Z   lookup-only: false
Rust Build & Test (Windows)	UNKNOWN STEP	2025-12-22T10:53:19.9024600Z env:
Rust Build & Test (Windows)	UNKNOWN STEP	2025-12-22T10:53:19.9024775Z   CARGO_HOME: C:\Users\runneradmin\.cargo
Rust Build & Test (Windows)	UNKNOWN STEP	2025-12-22T10:53:19.9024999Z   CARGO_INCREMENTAL: 0
Rust Build & Test (Windows)	UNKNOWN STEP	2025-12-22T10:53:19.9025171Z   CARGO_TERM_COLOR: always
Rust Build & Test (Windows)	UNKNOWN STEP	2025-12-22T10:53:19.9025347Z ##[endgroup]
Rust Build & Test (Windows)	UNKNOWN STEP	2025-12-22T10:53:26.6270356Z ##[group]Cache Configuration
Rust Build & Test (Windows)	UNKNOWN STEP	2025-12-22T10:53:26.6270634Z Cache Provider:
Rust Build & Test (Windows)	UNKNOWN STEP	2025-12-22T10:53:26.6270858Z     github
Rust Build & Test (Windows)	UNKNOWN STEP	2025-12-22T10:53:26.6271087Z Workspaces:
Rust Build & Test (Windows)	UNKNOWN STEP	2025-12-22T10:53:26.6271345Z     D:\a\FerroTeX\FerroTeX
Rust Build & Test (Windows)	UNKNOWN STEP	2025-12-22T10:53:26.6271919Z Cache Paths:
Rust Build & Test (Windows)	UNKNOWN STEP	2025-12-22T10:53:26.6272220Z     C:\Users\runneradmin\.cargo\bin
Rust Build & Test (Windows)	UNKNOWN STEP	2025-12-22T10:53:26.6272592Z     C:\Users\runneradmin\.cargo\.crates.toml
Rust Build & Test (Windows)	UNKNOWN STEP	2025-12-22T10:53:26.6272978Z     C:\Users\runneradmin\.cargo\.crates2.json
Rust Build & Test (Windows)	UNKNOWN STEP	2025-12-22T10:53:26.6273363Z     C:\Users\runneradmin\.cargo\registry
Rust Build & Test (Windows)	UNKNOWN STEP	2025-12-22T10:53:26.6273732Z     C:\Users\runneradmin\.cargo\git
Rust Build & Test (Windows)	UNKNOWN STEP	2025-12-22T10:53:26.6274050Z     D:\a\FerroTeX\FerroTeX\target
Rust Build & Test (Windows)	UNKNOWN STEP	2025-12-22T10:53:26.6274357Z Restore Key:
Rust Build & Test (Windows)	UNKNOWN STEP	2025-12-22T10:53:26.6274655Z     v0-rust-rust-windows-Windows_NT-x64-7a6c70a5
Rust Build & Test (Windows)	UNKNOWN STEP	2025-12-22T10:53:26.6275068Z Cache Key:
Rust Build & Test (Windows)	UNKNOWN STEP	2025-12-22T10:53:26.6275384Z     v0-rust-rust-windows-Windows_NT-x64-7a6c70a5-c0482571
Rust Build & Test (Windows)	UNKNOWN STEP	2025-12-22T10:53:26.6275819Z .. Prefix:
Rust Build & Test (Windows)	UNKNOWN STEP	2025-12-22T10:53:26.6276088Z   - v0-rust-rust-windows-Windows_NT-x64
Rust Build & Test (Windows)	UNKNOWN STEP	2025-12-22T10:53:26.6276455Z .. Environment considered:
Rust Build & Test (Windows)	UNKNOWN STEP	2025-12-22T10:53:26.6276999Z   - Rust Version: 1.92.0 x86_64-pc-windows-msvc (ded5c06cf21d2b93bffd5d884aa6e96934ee4234)
Rust Build & Test (Windows)	UNKNOWN STEP	2025-12-22T10:53:26.6277554Z   - CARGO_HOME
Rust Build & Test (Windows)	UNKNOWN STEP	2025-12-22T10:53:26.6277795Z   - CARGO_INCREMENTAL
Rust Build & Test (Windows)	UNKNOWN STEP	2025-12-22T10:53:26.6278057Z   - CARGO_TERM_COLOR
Rust Build & Test (Windows)	UNKNOWN STEP	2025-12-22T10:53:26.6278339Z .. Lockfiles considered:
Rust Build & Test (Windows)	UNKNOWN STEP	2025-12-22T10:53:26.6278652Z   - D:\a\FerroTeX\FerroTeX\.cargo\config.toml
Rust Build & Test (Windows)	UNKNOWN STEP	2025-12-22T10:53:26.6279011Z   - D:\a\FerroTeX\FerroTeX\Cargo.lock
Rust Build & Test (Windows)	UNKNOWN STEP	2025-12-22T10:53:26.6279293Z   - D:\a\FerroTeX\FerroTeX\crates\ferrotex-cli\Cargo.toml
Rust Build & Test (Windows)	UNKNOWN STEP	2025-12-22T10:53:26.6279616Z   - D:\a\FerroTeX\FerroTeX\crates\ferrotex-core\Cargo.toml
Rust Build & Test (Windows)	UNKNOWN STEP	2025-12-22T10:53:26.6279929Z   - D:\a\FerroTeX\FerroTeX\crates\ferrotex-log\Cargo.toml
Rust Build & Test (Windows)	UNKNOWN STEP	2025-12-22T10:53:26.6280268Z   - D:\a\FerroTeX\FerroTeX\crates\ferrotex-syntax\Cargo.toml
Rust Build & Test (Windows)	UNKNOWN STEP	2025-12-22T10:53:26.6280581Z   - D:\a\FerroTeX\FerroTeX\crates\ferrotexd\Cargo.toml
Rust Build & Test (Windows)	UNKNOWN STEP	2025-12-22T10:53:26.6280842Z   - D:\a\FerroTeX\FerroTeX\fuzz\Cargo.toml
Rust Build & Test (Windows)	UNKNOWN STEP	2025-12-22T10:53:26.6281366Z ##[endgroup]
Rust Build & Test (Windows)	UNKNOWN STEP	2025-12-22T10:53:26.6281482Z 
Rust Build & Test (Windows)	UNKNOWN STEP	2025-12-22T10:53:26.6281599Z ... Restoring cache ...
Rust Build & Test (Windows)	UNKNOWN STEP	2025-12-22T10:53:26.9269398Z No cache found.
Rust Build & Test (Windows)	UNKNOWN STEP	2025-12-22T10:53:26.9564432Z ##[group]Run vcpkg install icu:x64-windows harfbuzz:x64-windows fontconfig:x64-windows freetype:x64-windows graphite2:x64-windows
Rust Build & Test (Windows)	UNKNOWN STEP	2025-12-22T10:53:26.9565921Z [36;1mvcpkg install icu:x64-windows harfbuzz:x64-windows fontconfig:x64-windows freetype:x64-windows graphite2:x64-windows[0m
Rust Build & Test (Windows)	UNKNOWN STEP	2025-12-22T10:53:26.9589978Z shell: C:\Program Files\Git\bin\bash.EXE --noprofile --norc -e -o pipefail {0}
Rust Build & Test (Windows)	UNKNOWN STEP	2025-12-22T10:53:26.9590572Z env:
Rust Build & Test (Windows)	UNKNOWN STEP	2025-12-22T10:53:26.9590837Z   CARGO_HOME: C:\Users\runneradmin\.cargo
Rust Build & Test (Windows)	UNKNOWN STEP	2025-12-22T10:53:26.9591239Z   CARGO_INCREMENTAL: 0
Rust Build & Test (Windows)	UNKNOWN STEP	2025-12-22T10:53:26.9591948Z   CARGO_TERM_COLOR: always
Rust Build & Test (Windows)	UNKNOWN STEP	2025-12-22T10:53:26.9592364Z   CACHE_ON_FAILURE: false
Rust Build & Test (Windows)	UNKNOWN STEP	2025-12-22T10:53:26.9592802Z ##[endgroup]
Rust Build & Test (Windows)	UNKNOWN STEP	2025-12-22T10:53:28.0000894Z Computing installation plan...
Rust Build & Test (Windows)	UNKNOWN STEP	2025-12-22T10:53:38.9528481Z A suitable version of cmake was not found (required v3.31.10).
Rust Build & Test (Windows)	UNKNOWN STEP	2025-12-22T10:53:38.9529323Z Downloading https://github.com/Kitware/CMake/releases/download/v3.31.10/cmake-3.31.10-windows-x86_64.zip -> cmake-3.31.10-windows-x86_64.zip
Rust Build & Test (Windows)	UNKNOWN STEP	2025-12-22T10:53:39.3437642Z Successfully downloaded cmake-3.31.10-windows-x86_64.zip
Rust Build & Test (Windows)	UNKNOWN STEP	2025-12-22T10:53:39.3438062Z Extracting cmake...
Rust Build & Test (Windows)	UNKNOWN STEP	2025-12-22T10:53:54.8112012Z The following packages will be built and installed:
Rust Build & Test (Windows)	UNKNOWN STEP	2025-12-22T10:53:54.8112442Z   * brotli:x64-windows@1.2.0
Rust Build & Test (Windows)	UNKNOWN STEP	2025-12-22T10:53:54.8112696Z   * bzip2[core,tool]:x64-windows@1.0.8#6
Rust Build & Test (Windows)	UNKNOWN STEP	2025-12-22T10:53:54.8112975Z   * dirent:x64-windows@1.26
Rust Build & Test (Windows)	UNKNOWN STEP	2025-12-22T10:53:54.8113223Z   * expat:x64-windows@2.7.3
Rust Build & Test (Windows)	UNKNOWN STEP	2025-12-22T10:53:54.8113533Z     fontconfig:x64-windows@2.17.1#1
Rust Build & Test (Windows)	UNKNOWN STEP	2025-12-22T10:53:54.8113997Z     freetype[brotli,bzip2,core,png,zlib]:x64-windows@2.13.3
Rust Build & Test (Windows)	UNKNOWN STEP	2025-12-22T10:53:54.8114344Z   * gperf:x64-windows@3.3
Rust Build & Test (Windows)	UNKNOWN STEP	2025-12-22T10:53:54.8114569Z     graphite2:x64-windows@1.3.14#4
Rust Build & Test (Windows)	UNKNOWN STEP	2025-12-22T10:53:54.8114856Z     harfbuzz[core,freetype]:x64-windows@12.2.0
Rust Build & Test (Windows)	UNKNOWN STEP	2025-12-22T10:53:54.8115148Z     icu[core,tools]:x64-windows@78.1
Rust Build & Test (Windows)	UNKNOWN STEP	2025-12-22T10:53:54.8115401Z   * libpng:x64-windows@1.6.53
Rust Build & Test (Windows)	UNKNOWN STEP	2025-12-22T10:53:54.8115669Z   * vcpkg-cmake:x64-windows@2024-04-23
Rust Build & Test (Windows)	UNKNOWN STEP	2025-12-22T10:53:54.8115950Z   * vcpkg-cmake-config:x64-windows@2024-05-23
Rust Build & Test (Windows)	UNKNOWN STEP	2025-12-22T10:53:54.8116258Z   * vcpkg-cmake-get-vars:x64-windows@2025-05-29
Rust Build & Test (Windows)	UNKNOWN STEP	2025-12-22T10:53:54.8116546Z   * vcpkg-make:x64-windows@2025-10-26
Rust Build & Test (Windows)	UNKNOWN STEP	2025-12-22T10:53:54.8116817Z   * vcpkg-tool-meson:x64-windows@1.9.0#3
Rust Build & Test (Windows)	UNKNOWN STEP	2025-12-22T10:53:54.8117079Z   * zlib:x64-windows@1.3.1
Rust Build & Test (Windows)	UNKNOWN STEP	2025-12-22T10:53:54.8117413Z Additional packages (*) will be modified to complete this operation.
Rust Build & Test (Windows)	UNKNOWN STEP	2025-12-22T10:53:55.5899899Z Detecting compiler hash for triplet x64-windows...
Rust Build & Test (Windows)	UNKNOWN STEP	2025-12-22T10:53:59.3931793Z A suitable version of powershell-core was not found (required v7.5.4).
Rust Build & Test (Windows)	UNKNOWN STEP	2025-12-22T10:53:59.3932675Z Downloading https://github.com/PowerShell/PowerShell/releases/download/v7.5.4/PowerShell-7.5.4-win-x64.zip -> PowerShell-7.5.4-win-x64.zip
Rust Build & Test (Windows)	UNKNOWN STEP	2025-12-22T10:53:59.9897466Z Successfully downloaded PowerShell-7.5.4-win-x64.zip
Rust Build & Test (Windows)	UNKNOWN STEP	2025-12-22T10:53:59.9898176Z Extracting powershell-core...
Rust Build & Test (Windows)	UNKNOWN STEP	2025-12-22T10:54:24.5780001Z Compiler found: C:/Program Files/Microsoft Visual Studio/2022/Enterprise/VC/Tools/MSVC/14.44.35207/bin/Hostx64/x64/cl.exe
Rust Build & Test (Windows)	UNKNOWN STEP	2025-12-22T10:54:24.9992721Z Restored 0 package(s) from C:\Users\runneradmin\AppData\Local\vcpkg\archives in 235 us. Use --debug to see more details.
Rust Build & Test (Windows)	UNKNOWN STEP	2025-12-22T10:54:24.9993744Z Installing 1/17 vcpkg-cmake:x64-windows@2024-04-23...
Rust Build & Test (Windows)	UNKNOWN STEP	2025-12-22T10:54:24.9994264Z Building vcpkg-cmake:x64-windows@2024-04-23...
Rust Build & Test (Windows)	UNKNOWN STEP	2025-12-22T10:54:25.0413428Z -- Installing: C:/vcpkg/packages/vcpkg-cmake_x64-windows/share/vcpkg-cmake/vcpkg_cmake_configure.cmake
Rust Build & Test (Windows)	UNKNOWN STEP	2025-12-22T10:54:25.0424833Z -- Installing: C:/vcpkg/packages/vcpkg-cmake_x64-windows/share/vcpkg-cmake/vcpkg_cmake_build.cmake
Rust Build & Test (Windows)	UNKNOWN STEP	2025-12-22T10:54:25.0435471Z -- Installing: C:/vcpkg/packages/vcpkg-cmake_x64-windows/share/vcpkg-cmake/vcpkg_cmake_install.cmake
Rust Build & Test (Windows)	UNKNOWN STEP	2025-12-22T10:54:25.0463802Z -- Installing: C:/vcpkg/packages/vcpkg-cmake_x64-windows/share/vcpkg-cmake/vcpkg-port-config.cmake
Rust Build & Test (Windows)	UNKNOWN STEP	2025-12-22T10:54:25.0480512Z -- Installing: C:/vcpkg/packages/vcpkg-cmake_x64-windows/share/vcpkg-cmake/copyright
Rust Build & Test (Windows)	UNKNOWN STEP	2025-12-22T10:54:25.0545077Z -- Performing post-build validation
Rust Build & Test (Windows)	UNKNOWN STEP	2025-12-22T10:54:25.0652819Z Starting submission of vcpkg-cmake:x64-windows@2024-04-23 to 1 binary cache(s) in the background
Rust Build & Test (Windows)	UNKNOWN STEP	2025-12-22T10:54:25.0653693Z Elapsed time to handle vcpkg-cmake:x64-windows: 66.1 ms
Rust Build & Test (Windows)	UNKNOWN STEP	2025-12-22T10:54:25.0654580Z vcpkg-cmake:x64-windows package ABI: 912522f322c5418a7ed38ae208fdffa602d23fd101492587fecfd1a99ba0671d
Rust Build & Test (Windows)	UNKNOWN STEP	2025-12-22T10:54:25.0655515Z Installing 2/17 vcpkg-cmake-config:x64-windows@2024-05-23...
Rust Build & Test (Windows)	UNKNOWN STEP	2025-12-22T10:54:25.0656111Z Building vcpkg-cmake-config:x64-windows@2024-05-23...
Rust Build & Test (Windows)	UNKNOWN STEP	2025-12-22T10:54:25.1288931Z -- Installing: C:/vcpkg/packages/vcpkg-cmake-config_x64-windows/share/vcpkg-cmake-config/vcpkg_cmake_config_fixup.cmake
Rust Build & Test (Windows)	UNKNOWN STEP	2025-12-22T10:54:25.1302401Z -- Installing: C:/vcpkg/packages/vcpkg-cmake-config_x64-windows/share/vcpkg-cmake-config/vcpkg-port-config.cmake
Rust Build & Test (Windows)	UNKNOWN STEP	2025-12-22T10:54:25.1312286Z -- Installing: C:/vcpkg/packages/vcpkg-cmake-config_x64-windows/share/vcpkg-cmake-config/copyright
Rust Build & Test (Windows)	UNKNOWN STEP	2025-12-22T10:54:25.1723694Z -- Skipping post-build validation due to VCPKG_POLICY_EMPTY_PACKAGE
Rust Build & Test (Windows)	UNKNOWN STEP	2025-12-22T10:54:25.1974654Z Starting submission of vcpkg-cmake-config:x64-windows@2024-05-23 to 1 binary cache(s) in the background
Rust Build & Test (Windows)	UNKNOWN STEP	2025-12-22T10:54:25.1975911Z Elapsed time to handle vcpkg-cmake-config:x64-windows: 132 ms
Rust Build & Test (Windows)	UNKNOWN STEP	2025-12-22T10:54:25.1977074Z vcpkg-cmake-config:x64-windows package ABI: 80b139a16db9586821822493e1e2c117ce59f6a4def1a9780e1db8b1651a6af3
Rust Build & Test (Windows)	UNKNOWN STEP	2025-12-22T10:54:25.1978187Z Installing 3/17 brotli:x64-windows@1.2.0...
Rust Build & Test (Windows)	UNKNOWN STEP	2025-12-22T10:54:25.1978731Z Building brotli:x64-windows@1.2.0...
Rust Build & Test (Windows)	UNKNOWN STEP	2025-12-22T10:54:25.2591002Z Downloading https://github.com/google/brotli/archive/v1.2.0.tar.gz -> google-brotli-v1.2.0.tar.gz
Rust Build & Test (Windows)	UNKNOWN STEP	2025-12-22T10:54:25.6378494Z Successfully downloaded google-brotli-v1.2.0.tar.gz
Rust Build & Test (Windows)	UNKNOWN STEP	2025-12-22T10:54:25.6544339Z -- Extracting source C:/vcpkg/downloads/google-brotli-v1.2.0.tar.gz
Rust Build & Test (Windows)	UNKNOWN STEP	2025-12-22T10:54:25.8898220Z -- Applying patch install.patch
Rust Build & Test (Windows)	UNKNOWN STEP	2025-12-22T10:54:25.9696750Z -- Applying patch pkgconfig.patch
Rust Build & Test (Windows)	UNKNOWN STEP	2025-12-22T10:54:25.9892753Z -- Using source at C:/vcpkg/buildtrees/brotli/src/v1.2.0-7af7ca71ad.clean
Rust Build & Test (Windows)	UNKNOWN STEP	2025-12-22T10:54:25.9953437Z -- Configuring x64-windows
Rust Build & Test (Windows)	UNKNOWN STEP	2025-12-22T10:54:30.2472006Z -- Building x64-windows-dbg
Rust Build & Test (Windows)	UNKNOWN STEP	2025-12-22T10:54:34.2076467Z -- Building x64-windows-rel
Rust Build & Test (Windows)	UNKNOWN STEP	2025-12-22T10:54:41.9781568Z -- Fixing pkgconfig file: C:/vcpkg/packages/brotli_x64-windows/lib/pkgconfig/libbrotlicommon.pc
Rust Build & Test (Windows)	UNKNOWN STEP	2025-12-22T10:54:41.9788942Z -- Fixing pkgconfig file: C:/vcpkg/packages/brotli_x64-windows/lib/pkgconfig/libbrotlidec.pc
Rust Build & Test (Windows)	UNKNOWN STEP	2025-12-22T10:54:41.9805236Z -- Fixing pkgconfig file: C:/vcpkg/packages/brotli_x64-windows/lib/pkgconfig/libbrotlienc.pc
Rust Build & Test (Windows)	UNKNOWN STEP	2025-12-22T10:54:42.0022299Z Downloading msys2-mingw-w64-x86_64-pkgconf-1~2.4.3-1-any.pkg.tar.zst, trying https://mirror.msys2.org/mingw/mingw64/mingw-w64-x86_64-pkgconf-1~2.4.3-1-any.pkg.tar.zst
Rust Build & Test (Windows)	UNKNOWN STEP	2025-12-22T10:54:42.6618590Z Successfully downloaded msys2-mingw-w64-x86_64-pkgconf-1~2.4.3-1-any.pkg.tar.zst
Rust Build & Test (Windows)	UNKNOWN STEP	2025-12-22T10:54:42.6890123Z Downloading msys2-msys2-runtime-3.6.2-2-x86_64.pkg.tar.zst, trying https://mirror.msys2.org/msys/x86_64/msys2-runtime-3.6.2-2-x86_64.pkg.tar.zst
Rust Build & Test (Windows)	UNKNOWN STEP	2025-12-22T10:54:45.0271142Z Successfully downloaded msys2-msys2-runtime-3.6.2-2-x86_64.pkg.tar.zst
Rust Build & Test (Windows)	UNKNOWN STEP	2025-12-22T10:54:45.1839474Z -- Using msys root at C:/vcpkg/downloads/tools/msys2/9272adbcaf19caef
Rust Build & Test (Windows)	UNKNOWN STEP	2025-12-22T10:54:45.2226038Z -- Fixing pkgconfig file: C:/vcpkg/packages/brotli_x64-windows/debug/lib/pkgconfig/libbrotlicommon.pc
Rust Build & Test (Windows)	UNKNOWN STEP	2025-12-22T10:54:45.2234347Z -- Fixing pkgconfig file: C:/vcpkg/packages/brotli_x64-windows/debug/lib/pkgconfig/libbrotlidec.pc
Rust Build & Test (Windows)	UNKNOWN STEP	2025-12-22T10:54:45.2242082Z -- Fixing pkgconfig file: C:/vcpkg/packages/brotli_x64-windows/debug/lib/pkgconfig/libbrotlienc.pc
Rust Build & Test (Windows)	UNKNOWN STEP	2025-12-22T10:54:48.4155773Z -- Installing: C:/vcpkg/packages/brotli_x64-windows/share/brotli/usage
Rust Build & Test (Windows)	UNKNOWN STEP	2025-12-22T10:54:48.4167033Z -- Installing: C:/vcpkg/packages/brotli_x64-windows/share/brotli/copyright
Rust Build & Test (Windows)	UNKNOWN STEP	2025-12-22T10:54:48.4241085Z -- Performing post-build validation
Rust Build & Test (Windows)	UNKNOWN STEP	2025-12-22T10:54:48.4675425Z Starting submission of brotli:x64-windows@1.2.0 to 1 binary cache(s) in the background
Rust Build & Test (Windows)	UNKNOWN STEP	2025-12-22T10:54:48.4676255Z Elapsed time to handle brotli:x64-windows: 23 s
Rust Build & Test (Windows)	UNKNOWN STEP	2025-12-22T10:54:48.4677058Z brotli:x64-windows package ABI: 5d22bee8cb6412ffb0a860dc76666d49bc19178ae3427740033d834296a40db0
Rust Build & Test (Windows)	UNKNOWN STEP	2025-12-22T10:54:48.4678120Z Completed submission of vcpkg-cmake:x64-windows@2024-04-23 to 1 binary cache(s) in 164 ms
Rust Build & Test (Windows)	UNKNOWN STEP	2025-12-22T10:54:48.4679495Z Completed submission of vcpkg-cmake-config:x64-windows@2024-05-23 to 1 binary cache(s) in 73.6 ms
Rust Build & Test (Windows)	UNKNOWN STEP	2025-12-22T10:54:48.4680347Z Installing 4/17 bzip2[core,tool]:x64-windows@1.0.8#6...
Rust Build & Test (Windows)	UNKNOWN STEP	2025-12-22T10:54:48.4681165Z Building bzip2[core,tool]:x64-windows@1.0.8#6...
Rust Build & Test (Windows)	UNKNOWN STEP	2025-12-22T10:54:48.5452303Z Downloading bzip2-1.0.8.tar.gz, trying https://sourceware.org/pub/bzip2/bzip2-1.0.8.tar.gz
Rust Build & Test (Windows)	UNKNOWN STEP	2025-12-22T10:54:48.8850692Z Successfully downloaded bzip2-1.0.8.tar.gz
Rust Build & Test (Windows)	UNKNOWN STEP	2025-12-22T10:54:48.9003691Z -- Extracting source C:/vcpkg/downloads/bzip2-1.0.8.tar.gz
Rust Build & Test (Windows)	UNKNOWN STEP	2025-12-22T10:54:49.0768138Z -- Applying patch fix-import-export-macros.patch
Rust Build & Test (Windows)	UNKNOWN STEP	2025-12-22T10:54:49.0967149Z -- Using source at C:/vcpkg/buildtrees/bzip2/src/bzip2-1-336d4794a3.clean
Rust Build & Test (Windows)	UNKNOWN STEP	2025-12-22T10:54:49.1051976Z -- Configuring x64-windows
Rust Build & Test (Windows)	UNKNOWN STEP	2025-12-22T10:54:50.0613037Z -- Building x64-windows-dbg
Rust Build & Test (Windows)	UNKNOWN STEP	2025-12-22T10:54:50.6317070Z -- Building x64-windows-rel
Rust Build & Test (Windows)	UNKNOWN STEP	2025-12-22T10:54:54.8295824Z -- Fixing pkgconfig file: C:/vcpkg/packages/bzip2_x64-windows/lib/pkgconfig/bzip2.pc
Rust Build & Test (Windows)	UNKNOWN STEP	2025-12-22T10:54:54.8406767Z -- Using cached msys2-mingw-w64-x86_64-pkgconf-1~2.4.3-1-any.pkg.tar.zst
Rust Build & Test (Windows)	UNKNOWN STEP	2025-12-22T10:54:54.8483236Z -- Using cached msys2-msys2-runtime-3.6.2-2-x86_64.pkg.tar.zst
Rust Build & Test (Windows)	UNKNOWN STEP	2025-12-22T10:54:54.8498993Z -- Using msys root at C:/vcpkg/downloads/tools/msys2/9272adbcaf19caef
Rust Build & Test (Windows)	UNKNOWN STEP	2025-12-22T10:54:54.8565025Z -- Fixing pkgconfig file: C:/vcpkg/packages/bzip2_x64-windows/debug/lib/pkgconfig/bzip2.pc
Rust Build & Test (Windows)	UNKNOWN STEP	2025-12-22T10:54:54.8676317Z -- Installing: C:/vcpkg/packages/bzip2_x64-windows/share/bzip2/copyright
Rust Build & Test (Windows)	UNKNOWN STEP	2025-12-22T10:54:54.8743257Z -- Performing post-build validation
Rust Build & Test (Windows)	UNKNOWN STEP	2025-12-22T10:54:54.9010904Z Starting submission of bzip2[core,tool]:x64-windows@1.0.8#6 to 1 binary cache(s) in the background
Rust Build & Test (Windows)	UNKNOWN STEP	2025-12-22T10:54:54.9011738Z Elapsed time to handle bzip2:x64-windows: 6.4 s
Rust Build & Test (Windows)	UNKNOWN STEP	2025-12-22T10:54:54.9012549Z bzip2:x64-windows package ABI: 358b16ad75af3833be485442c3505d777ce4b1ecc485addfe3994b4b7ccc0ba2
Rust Build & Test (Windows)	UNKNOWN STEP	2025-12-22T10:54:54.9013534Z Completed submission of brotli:x64-windows@1.2.0 to 1 binary cache(s) in 343 ms
Rust Build & Test (Windows)	UNKNOWN STEP	2025-12-22T10:54:54.9014291Z Installing 5/17 dirent:x64-windows@1.26...
Rust Build & Test (Windows)	UNKNOWN STEP	2025-12-22T10:54:54.9015067Z Building dirent:x64-windows@1.26...
Rust Build & Test (Windows)	UNKNOWN STEP	2025-12-22T10:54:54.9635560Z Downloading https://github.com/tronkko/dirent/archive/1.26.tar.gz -> tronkko-dirent-1.26.tar.gz
Rust Build & Test (Windows)	UNKNOWN STEP	2025-12-22T10:54:55.3419856Z Successfully downloaded tronkko-dirent-1.26.tar.gz
Rust Build & Test (Windows)	UNKNOWN STEP	2025-12-22T10:54:55.3545327Z -- Extracting source C:/vcpkg/downloads/tronkko-dirent-1.26.tar.gz
Rust Build & Test (Windows)	UNKNOWN STEP	2025-12-22T10:54:55.5147009Z -- Using source at C:/vcpkg/buildtrees/dirent/src/1.26-15c15b77f8.clean
Rust Build & Test (Windows)	UNKNOWN STEP	2025-12-22T10:54:55.5155289Z -- Up-to-date: C:/vcpkg/packages/dirent_x64-windows/include
Rust Build & Test (Windows)	UNKNOWN STEP	2025-12-22T10:54:55.5158726Z -- Installing: C:/vcpkg/packages/dirent_x64-windows/include/dirent.h
Rust Build & Test (Windows)	UNKNOWN STEP	2025-12-22T10:54:55.5178770Z -- Installing: C:/vcpkg/packages/dirent_x64-windows/share/dirent/copyright
Rust Build & Test (Windows)	UNKNOWN STEP	2025-12-22T10:54:55.5244145Z -- Performing post-build validation
Rust Build & Test (Windows)	UNKNOWN STEP	2025-12-22T10:54:55.5326997Z Starting submission of dirent:x64-windows@1.26 to 1 binary cache(s) in the background
Rust Build & Test (Windows)	UNKNOWN STEP	2025-12-22T10:54:55.5327713Z Elapsed time to handle dirent:x64-windows: 632 ms
Rust Build & Test (Windows)	UNKNOWN STEP	2025-12-22T10:54:55.5328409Z dirent:x64-windows package ABI: 7d800c6ab5337729fcbe3bd22c7dd6d777985c90fa241edbcc6da5e0addf5932
Rust Build & Test (Windows)	UNKNOWN STEP	2025-12-22T10:54:55.5329070Z Completed submission of bzip2[core,tool]:x64-windows@1.0.8#6 to 1 binary cache(s) in 133 ms
Rust Build & Test (Windows)	UNKNOWN STEP	2025-12-22T10:54:55.5329484Z Installing 6/17 expat:x64-windows@2.7.3...
Rust Build & Test (Windows)	UNKNOWN STEP	2025-12-22T10:54:55.5329726Z Building expat:x64-windows@2.7.3...
Rust Build & Test (Windows)	UNKNOWN STEP	2025-12-22T10:54:55.5996265Z Downloading https://github.com/libexpat/libexpat/archive/R_2_7_3.tar.gz -> libexpat-libexpat-R_2_7_3.tar.gz
Rust Build & Test (Windows)	UNKNOWN STEP	2025-12-22T10:54:56.0252265Z Successfully downloaded libexpat-libexpat-R_2_7_3.tar.gz
Rust Build & Test (Windows)	UNKNOWN STEP	2025-12-22T10:54:56.0738516Z -- Extracting source C:/vcpkg/downloads/libexpat-libexpat-R_2_7_3.tar.gz
Rust Build & Test (Windows)	UNKNOWN STEP	2025-12-22T10:54:56.5759152Z -- Using source at C:/vcpkg/buildtrees/expat/src/R_2_7_3-c331528ffe.clean
Rust Build & Test (Windows)	UNKNOWN STEP	2025-12-22T10:54:56.5853679Z -- Configuring x64-windows
Rust Build & Test (Windows)	UNKNOWN STEP	2025-12-22T10:55:05.4042006Z -- Building x64-windows-dbg
Rust Build & Test (Windows)	UNKNOWN STEP	2025-12-22T10:55:08.2681938Z -- Building x64-windows-rel
Rust Build & Test (Windows)	UNKNOWN STEP	2025-12-22T10:55:10.6182865Z -- Fixing pkgconfig file: C:/vcpkg/packages/expat_x64-windows/lib/pkgconfig/expat.pc
Rust Build & Test (Windows)	UNKNOWN STEP	2025-12-22T10:55:10.6292400Z -- Using cached msys2-mingw-w64-x86_64-pkgconf-1~2.4.3-1-any.pkg.tar.zst
Rust Build & Test (Windows)	UNKNOWN STEP	2025-12-22T10:55:10.6369899Z -- Using cached msys2-msys2-runtime-3.6.2-2-x86_64.pkg.tar.zst
Rust Build & Test (Windows)	UNKNOWN STEP	2025-12-22T10:55:10.6565816Z -- Using msys root at C:/vcpkg/downloads/tools/msys2/9272adbcaf19caef
Rust Build & Test (Windows)	UNKNOWN STEP	2025-12-22T10:55:10.6566705Z -- Fixing pkgconfig file: C:/vcpkg/packages/expat_x64-windows/debug/lib/pkgconfig/expat.pc
Rust Build & Test (Windows)	UNKNOWN STEP	2025-12-22T10:55:10.6588026Z -- Installing: C:/vcpkg/packages/expat_x64-windows/share/expat/copyright
Rust Build & Test (Windows)	UNKNOWN STEP	2025-12-22T10:55:10.6681494Z -- Performing post-build validation
Rust Build & Test (Windows)	UNKNOWN STEP	2025-12-22T10:55:10.8508020Z Starting submission of expat:x64-windows@2.7.3 to 1 binary cache(s) in the background
Rust Build & Test (Windows)	UNKNOWN STEP	2025-12-22T10:55:10.8508792Z Elapsed time to handle expat:x64-windows: 15 s
Rust Build & Test (Windows)	UNKNOWN STEP	2025-12-22T10:55:10.8509592Z expat:x64-windows package ABI: 137987d361b4238a3b0884a3511d37bf476a0eb2207d77b92d1d2bc438d12cc2
Rust Build & Test (Windows)	UNKNOWN STEP	2025-12-22T10:55:10.8510546Z Completed submission of dirent:x64-windows@1.26 to 1 binary cache(s) in 66.5 ms
Rust Build & Test (Windows)	UNKNOWN STEP	2025-12-22T10:55:10.8511260Z Installing 7/17 zlib:x64-windows@1.3.1...
Rust Build & Test (Windows)	UNKNOWN STEP	2025-12-22T10:55:10.8511691Z Building zlib:x64-windows@1.3.1...
Rust Build & Test (Windows)	UNKNOWN STEP	2025-12-22T10:55:10.9314252Z Downloading https://github.com/madler/zlib/archive/v1.3.1.tar.gz -> madler-zlib-v1.3.1.tar.gz
Rust Build & Test (Windows)	UNKNOWN STEP	2025-12-22T10:55:11.3006710Z Successfully downloaded madler-zlib-v1.3.1.tar.gz
Rust Build & Test (Windows)	UNKNOWN STEP	2025-12-22T10:55:11.3201472Z -- Extracting source C:/vcpkg/downloads/madler-zlib-v1.3.1.tar.gz
Rust Build & Test (Windows)	UNKNOWN STEP	2025-12-22T10:55:12.2817164Z -- Applying patch 0001-Prevent-invalid-inclusions-when-HAVE_-is-set-to-0.patch
Rust Build & Test (Windows)	UNKNOWN STEP	2025-12-22T10:55:12.3008888Z -- Applying patch 0002-build-static-or-shared-not-both.patch
Rust Build & Test (Windows)	UNKNOWN STEP	2025-12-22T10:55:12.3185420Z -- Applying patch 0003-android-and-mingw-fixes.patch
Rust Build & Test (Windows)	UNKNOWN STEP	2025-12-22T10:55:12.3375239Z -- Using source at C:/vcpkg/buildtrees/zlib/src/v1.3.1-2e5db616bf.clean
Rust Build & Test (Windows)	UNKNOWN STEP	2025-12-22T10:55:12.3442042Z -- Configuring x64-windows
Rust Build & Test (Windows)	UNKNOWN STEP	2025-12-22T10:55:15.5310924Z -- Building x64-windows-dbg
Rust Build & Test (Windows)	UNKNOWN STEP	2025-12-22T10:55:16.4644482Z -- Building x64-windows-rel
Rust Build & Test (Windows)	UNKNOWN STEP	2025-12-22T10:55:17.5396802Z -- Installing: C:/vcpkg/packages/zlib_x64-windows/share/zlib/vcpkg-cmake-wrapper.cmake
Rust Build & Test (Windows)	UNKNOWN STEP	2025-12-22T10:55:17.5461541Z -- Fixing pkgconfig file: C:/vcpkg/packages/zlib_x64-windows/lib/pkgconfig/zlib.pc
Rust Build & Test (Windows)	UNKNOWN STEP	2025-12-22T10:55:17.5572341Z -- Using cached msys2-mingw-w64-x86_64-pkgconf-1~2.4.3-1-any.pkg.tar.zst
Rust Build & Test (Windows)	UNKNOWN STEP	2025-12-22T10:55:17.5649120Z -- Using cached msys2-msys2-runtime-3.6.2-2-x86_64.pkg.tar.zst
Rust Build & Test (Windows)	UNKNOWN STEP	2025-12-22T10:55:17.5653549Z -- Using msys root at C:/vcpkg/downloads/tools/msys2/9272adbcaf19caef
Rust Build & Test (Windows)	UNKNOWN STEP	2025-12-22T10:55:17.5733568Z -- Fixing pkgconfig file: C:/vcpkg/packages/zlib_x64-windows/debug/lib/pkgconfig/zlib.pc
Rust Build & Test (Windows)	UNKNOWN STEP	2025-12-22T10:55:17.6280249Z -- Installing: C:/vcpkg/packages/zlib_x64-windows/share/zlib/copyright
Rust Build & Test (Windows)	UNKNOWN STEP	2025-12-22T10:55:17.6364758Z -- Performing post-build validation
Rust Build & Test (Windows)	UNKNOWN STEP	2025-12-22T10:55:17.6649561Z Starting submission of zlib:x64-windows@1.3.1 to 1 binary cache(s) in the background
Rust Build & Test (Windows)	UNKNOWN STEP	2025-12-22T10:55:17.6650508Z Elapsed time to handle zlib:x64-windows: 6.8 s
Rust Build & Test (Windows)	UNKNOWN STEP	2025-12-22T10:55:17.6651269Z zlib:x64-windows package ABI: f46dffca11f3e9e0b4096ad7938f888c5a692bfcd8c271060780f70a055abda8
Rust Build & Test (Windows)	UNKNOWN STEP	2025-12-22T10:55:17.6652271Z Completed submission of expat:x64-windows@2.7.3 to 1 binary cache(s) in 177 ms
Rust Build & Test (Windows)	UNKNOWN STEP	2025-12-22T10:55:17.6652947Z Installing 8/17 libpng:x64-windows@1.6.53...
Rust Build & Test (Windows)	UNKNOWN STEP	2025-12-22T10:55:17.6653400Z Building libpng:x64-windows@1.6.53...
Rust Build & Test (Windows)	UNKNOWN STEP	2025-12-22T10:55:17.7374755Z Downloading https://github.com/pnggroup/libpng/archive/v1.6.53.tar.gz -> pnggroup-libpng-v1.6.53.tar.gz
Rust Build & Test (Windows)	UNKNOWN STEP	2025-12-22T10:55:18.1926796Z Successfully downloaded pnggroup-libpng-v1.6.53.tar.gz
Rust Build & Test (Windows)	UNKNOWN STEP	2025-12-22T10:55:18.2128273Z -- Extracting source C:/vcpkg/downloads/pnggroup-libpng-v1.6.53.tar.gz
Rust Build & Test (Windows)	UNKNOWN STEP	2025-12-22T10:55:18.8495460Z -- Applying patch cmake.patch
Rust Build & Test (Windows)	UNKNOWN STEP	2025-12-22T10:55:18.8754540Z -- Using source at C:/vcpkg/buildtrees/libpng/src/v1.6.53-b98b476139.clean
Rust Build & Test (Windows)	UNKNOWN STEP	2025-12-22T10:55:18.8849359Z -- Configuring x64-windows
Rust Build & Test (Windows)	UNKNOWN STEP	2025-12-22T10:55:20.6989921Z -- Building x64-windows-dbg
Rust Build & Test (Windows)	UNKNOWN STEP	2025-12-22T10:55:26.4097407Z -- Building x64-windows-rel
Rust Build & Test (Windows)	UNKNOWN STEP	2025-12-22T10:55:29.7068791Z -- Installing: C:/vcpkg/packages/libpng_x64-windows/share/png/vcpkg-cmake-wrapper.cmake
Rust Build & Test (Windows)	UNKNOWN STEP	2025-12-22T10:55:29.7080207Z -- Installing: C:/vcpkg/packages/libpng_x64-windows/share/libpng/libpng-config.cmake
Rust Build & Test (Windows)	UNKNOWN STEP	2025-12-22T10:55:29.7110091Z -- Fixing pkgconfig file: C:/vcpkg/packages/libpng_x64-windows/lib/pkgconfig/libpng16.pc
Rust Build & Test (Windows)	UNKNOWN STEP	2025-12-22T10:55:29.7222721Z -- Using cached msys2-mingw-w64-x86_64-pkgconf-1~2.4.3-1-any.pkg.tar.zst
Rust Build & Test (Windows)	UNKNOWN STEP	2025-12-22T10:55:29.7304871Z -- Using cached msys2-msys2-runtime-3.6.2-2-x86_64.pkg.tar.zst
Rust Build & Test (Windows)	UNKNOWN STEP	2025-12-22T10:55:29.7310020Z -- Using msys root at C:/vcpkg/downloads/tools/msys2/9272adbcaf19caef
Rust Build & Test (Windows)	UNKNOWN STEP	2025-12-22T10:55:29.7395080Z -- Fixing pkgconfig file: C:/vcpkg/packages/libpng_x64-windows/debug/lib/pkgconfig/libpng16.pc
Rust Build & Test (Windows)	UNKNOWN STEP	2025-12-22T10:55:29.7483059Z -- Installing: C:/vcpkg/packages/libpng_x64-windows/debug/lib/pkgconfig/libpng.pc
Rust Build & Test (Windows)	UNKNOWN STEP	2025-12-22T10:55:29.7497953Z -- Installing: C:/vcpkg/packages/libpng_x64-windows/lib/pkgconfig/libpng.pc
Rust Build & Test (Windows)	UNKNOWN STEP	2025-12-22T10:55:29.8165020Z -- Installing: C:/vcpkg/packages/libpng_x64-windows/share/libpng/usage
Rust Build & Test (Windows)	UNKNOWN STEP	2025-12-22T10:55:29.8176340Z -- Installing: C:/vcpkg/packages/libpng_x64-windows/share/libpng/copyright
Rust Build & Test (Windows)	UNKNOWN STEP	2025-12-22T10:55:29.8427594Z -- Performing post-build validation
Rust Build & Test (Windows)	UNKNOWN STEP	2025-12-22T10:55:29.8782984Z Starting submission of libpng:x64-windows@1.6.53 to 1 binary cache(s) in the background
Rust Build & Test (Windows)	UNKNOWN STEP	2025-12-22T10:55:29.8783752Z Elapsed time to handle libpng:x64-windows: 12 s
Rust Build & Test (Windows)	UNKNOWN STEP	2025-12-22T10:55:29.8784557Z libpng:x64-windows package ABI: 5ef4a64e8656e550672cab3dcc151c6dc465d6b1254c752bcc33bdc4e7de204a
Rust Build & Test (Windows)	UNKNOWN STEP	2025-12-22T10:55:29.8785520Z Completed submission of zlib:x64-windows@1.3.1 to 1 binary cache(s) in 147 ms
Rust Build & Test (Windows)	UNKNOWN STEP	2025-12-22T10:55:29.8786339Z Installing 9/17 freetype[brotli,bzip2,core,png,zlib]:x64-windows@2.13.3...
Rust Build & Test (Windows)	UNKNOWN STEP	2025-12-22T10:55:29.8787150Z Building freetype[brotli,bzip2,core,png,zlib]:x64-windows@2.13.3...
Rust Build & Test (Windows)	UNKNOWN STEP	2025-12-22T10:55:29.9431654Z Downloading https://gitlab.freedesktop.org//freetype/freetype/-/archive/VER-2-13-3/freetype-VER-2-13-3.tar.gz -> freetype-freetype-VER-2-13-3.tar.gz
Rust Build & Test (Windows)	UNKNOWN STEP	2025-12-22T10:55:32.1517374Z Successfully downloaded freetype-freetype-VER-2-13-3.tar.gz
Rust Build & Test (Windows)	UNKNOWN STEP	2025-12-22T10:55:32.1753088Z -- Extracting source C:/vcpkg/downloads/freetype-freetype-VER-2-13-3.tar.gz
Rust Build & Test (Windows)	UNKNOWN STEP	2025-12-22T10:55:33.0076759Z -- Applying patch 0003-Fix-UWP.patch
Rust Build & Test (Windows)	UNKNOWN STEP	2025-12-22T10:55:33.0314940Z -- Applying patch brotli-static.patch
Rust Build & Test (Windows)	UNKNOWN STEP	2025-12-22T10:55:33.0523590Z -- Applying patch bzip2.patch
Rust Build & Test (Windows)	UNKNOWN STEP	2025-12-22T10:55:33.0719694Z -- Applying patch fix-exports.patch
Rust Build & Test (Windows)	UNKNOWN STEP	2025-12-22T10:55:33.0920973Z -- Using source at C:/vcpkg/buildtrees/freetype/src/VER-2-13-3-8b423a038b.clean
Rust Build & Test (Windows)	UNKNOWN STEP	2025-12-22T10:55:33.1003733Z -- Configuring x64-windows
Rust Build & Test (Windows)	UNKNOWN STEP	2025-12-22T10:55:34.8860949Z -- Building x64-windows-dbg
Rust Build & Test (Windows)	UNKNOWN STEP	2025-12-22T10:55:37.5463310Z -- Building x64-windows-rel
Rust Build & Test (Windows)	UNKNOWN STEP	2025-12-22T10:55:45.2992511Z -- Fixing pkgconfig file: C:/vcpkg/packages/freetype_x64-windows/lib/pkgconfig/freetype2.pc
Rust Build & Test (Windows)	UNKNOWN STEP	2025-12-22T10:55:45.3099176Z -- Using cached msys2-mingw-w64-x86_64-pkgconf-1~2.4.3-1-any.pkg.tar.zst
Rust Build & Test (Windows)	UNKNOWN STEP	2025-12-22T10:55:45.3176379Z -- Using cached msys2-msys2-runtime-3.6.2-2-x86_64.pkg.tar.zst
Rust Build & Test (Windows)	UNKNOWN STEP	2025-12-22T10:55:45.3181222Z -- Using msys root at C:/vcpkg/downloads/tools/msys2/9272adbcaf19caef
Rust Build & Test (Windows)	UNKNOWN STEP	2025-12-22T10:55:45.3277195Z -- Fixing pkgconfig file: C:/vcpkg/packages/freetype_x64-windows/debug/lib/pkgconfig/freetype2.pc
Rust Build & Test (Windows)	UNKNOWN STEP	2025-12-22T10:55:45.3394743Z -- Installing: C:/vcpkg/packages/freetype_x64-windows/share/freetype/usage
Rust Build & Test (Windows)	UNKNOWN STEP	2025-12-22T10:55:45.3493194Z -- Performing post-build validation
Rust Build & Test (Windows)	UNKNOWN STEP	2025-12-22T10:55:45.4188792Z Starting submission of freetype[brotli,bzip2,core,png,zlib]:x64-windows@2.13.3 to 1 binary cache(s) in the background
Rust Build & Test (Windows)	UNKNOWN STEP	2025-12-22T10:55:45.4189806Z Elapsed time to handle freetype:x64-windows: 16 s
Rust Build & Test (Windows)	UNKNOWN STEP	2025-12-22T10:55:45.4190671Z freetype:x64-windows package ABI: b610d3e2aad1792f6c1da00eb6e8f76af55283c9b6264bfcc9b975c4c906496e
Rust Build & Test (Windows)	UNKNOWN STEP	2025-12-22T10:55:45.4191684Z Completed submission of libpng:x64-windows@1.6.53 to 1 binary cache(s) in 208 ms
Rust Build & Test (Windows)	UNKNOWN STEP	2025-12-22T10:55:45.4192687Z Installing 10/17 vcpkg-cmake-get-vars:x64-windows@2025-05-29...
Rust Build & Test (Windows)	UNKNOWN STEP	2025-12-22T10:55:45.4193625Z Building vcpkg-cmake-get-vars:x64-windows@2025-05-29...
Rust Build & Test (Windows)	UNKNOWN STEP	2025-12-22T10:55:45.4692344Z -- Installing: C:/vcpkg/packages/vcpkg-cmake-get-vars_x64-windows/share/vcpkg-cmake-get-vars/vcpkg_cmake_get_vars.cmake
Rust Build & Test (Windows)	UNKNOWN STEP	2025-12-22T10:55:45.4706612Z -- Installing: C:/vcpkg/packages/vcpkg-cmake-get-vars_x64-windows/share/vcpkg-cmake-get-vars/cmake_get_vars
Rust Build & Test (Windows)	UNKNOWN STEP	2025-12-22T10:55:45.4717058Z -- Installing: C:/vcpkg/packages/vcpkg-cmake-get-vars_x64-windows/share/vcpkg-cmake-get-vars/cmake_get_vars/CMakeLists.txt
Rust Build & Test (Windows)	UNKNOWN STEP	2025-12-22T10:55:45.4784512Z -- Installing: C:/vcpkg/packages/vcpkg-cmake-get-vars_x64-windows/share/vcpkg-cmake-get-vars/cmake-get-vars.cmake.in
Rust Build & Test (Windows)	UNKNOWN STEP	2025-12-22T10:55:45.4818648Z -- Installing: C:/vcpkg/packages/vcpkg-cmake-get-vars_x64-windows/share/vcpkg-cmake-get-vars/vcpkg-port-config.cmake
Rust Build & Test (Windows)	UNKNOWN STEP	2025-12-22T10:55:45.4860368Z -- Installing: C:/vcpkg/packages/vcpkg-cmake-get-vars_x64-windows/share/vcpkg-cmake-get-vars/copyright
Rust Build & Test (Windows)	UNKNOWN STEP	2025-12-22T10:55:45.4955784Z -- Performing post-build validation
Rust Build & Test (Windows)	UNKNOWN STEP	2025-12-22T10:55:45.5103730Z Starting submission of vcpkg-cmake-get-vars:x64-windows@2025-05-29 to 1 binary cache(s) in the background
Rust Build & Test (Windows)	UNKNOWN STEP	2025-12-22T10:55:45.5104651Z Elapsed time to handle vcpkg-cmake-get-vars:x64-windows: 91.6 ms
Rust Build & Test (Windows)	UNKNOWN STEP	2025-12-22T10:55:45.5105587Z vcpkg-cmake-get-vars:x64-windows package ABI: 8e31cea43a47ccfda95f633b423da4d1e57e02340ebbe012a1ec17bc9fbe2077
Rust Build & Test (Windows)	UNKNOWN STEP	2025-12-22T10:55:45.5106484Z Installing 11/17 vcpkg-make:x64-windows@2025-10-26...
Rust Build & Test (Windows)	UNKNOWN STEP	2025-12-22T10:55:45.5107005Z Building vcpkg-make:x64-windows@2025-10-26...
Rust Build & Test (Windows)	UNKNOWN STEP	2025-12-22T10:55:45.5968581Z Downloading automake-1.17.tar.gz, trying https://ftpmirror.gnu.org/gnu/automake/automake-1.17.tar.gz
Rust Build & Test (Windows)	UNKNOWN STEP	2025-12-22T10:55:46.7230232Z Successfully downloaded automake-1.17.tar.gz
Rust Build & Test (Windows)	UNKNOWN STEP	2025-12-22T10:55:46.7462098Z -- Extracting source C:/vcpkg/downloads/automake-1.17.tar.gz
Rust Build & Test (Windows)	UNKNOWN STEP	2025-12-22T10:55:47.5637621Z -- Using source at C:/vcpkg/buildtrees/vcpkg-make/src/automake-1-c362683103.clean
Rust Build & Test (Windows)	UNKNOWN STEP	2025-12-22T10:55:47.5835935Z -- Getting CMake variables for x64-windows
Rust Build & Test (Windows)	UNKNOWN STEP	2025-12-22T10:55:49.6864986Z -- Loading CMake variables from C:/vcpkg/buildtrees/vcpkg-make/cmake-get-vars_C_CXX-x64-windows.cmake.log
Rust Build & Test (Windows)	UNKNOWN STEP	2025-12-22T10:55:49.6905158Z -- x64-windows autotools triplet: x86_64-pc-mingw32 (from vcpkg)
Rust Build & Test (Windows)	UNKNOWN STEP	2025-12-22T10:55:49.6973829Z -- Performing post-build validation
Rust Build & Test (Windows)	UNKNOWN STEP	2025-12-22T10:55:49.7129872Z Starting submission of vcpkg-make:x64-windows@2025-10-26 to 1 binary cache(s) in the background
Rust Build & Test (Windows)	UNKNOWN STEP	2025-12-22T10:55:49.7130721Z Elapsed time to handle vcpkg-make:x64-windows: 4.2 s
Rust Build & Test (Windows)	UNKNOWN STEP	2025-12-22T10:55:49.7131586Z vcpkg-make:x64-windows package ABI: b5797b552818c06c3215dd331e55b50170390a6a67d346bc1d5efb55290a9b2d
Rust Build & Test (Windows)	UNKNOWN STEP	2025-12-22T10:55:49.7132759Z Completed submission of freetype[brotli,bzip2,core,png,zlib]:x64-windows@2.13.3 to 1 binary cache(s) in 428 ms
Rust Build & Test (Windows)	UNKNOWN STEP	2025-12-22T10:55:49.7133936Z Completed submission of vcpkg-cmake-get-vars:x64-windows@2025-05-29 to 1 binary cache(s) in 58.7 ms
Rust Build & Test (Windows)	UNKNOWN STEP	2025-12-22T10:55:49.7134732Z Installing 12/17 gperf:x64-windows@3.3...
Rust Build & Test (Windows)	UNKNOWN STEP	2025-12-22T10:55:49.7135185Z Building gperf:x64-windows@3.3...
Rust Build & Test (Windows)	UNKNOWN STEP	2025-12-22T10:55:49.7854630Z Downloading gperf-3.3.tar.gz, trying https://ftpmirror.gnu.org/gnu/gperf/gperf-3.3.tar.gz
Rust Build & Test (Windows)	UNKNOWN STEP	2025-12-22T10:55:50.8021047Z Successfully downloaded gperf-3.3.tar.gz
Rust Build & Test (Windows)	UNKNOWN STEP	2025-12-22T10:55:50.8221194Z -- Extracting source C:/vcpkg/downloads/gperf-3.3.tar.gz
Rust Build & Test (Windows)	UNKNOWN STEP	2025-12-22T10:55:51.1256640Z -- Using source at C:/vcpkg/buildtrees/gperf/src/gperf-3-b814f52c10.clean
Rust Build & Test (Windows)	UNKNOWN STEP	2025-12-22T10:55:51.1311559Z -- Getting CMake variables for x64-windows
Rust Build & Test (Windows)	UNKNOWN STEP	2025-12-22T10:55:52.5843622Z -- Loading CMake variables from C:/vcpkg/buildtrees/gperf/cmake-get-vars_C_CXX-x64-windows.cmake.log
Rust Build & Test (Windows)	UNKNOWN STEP	2025-12-22T10:55:52.6114543Z Downloading msys2-autoconf-wrapper-20240607-1-any.pkg.tar.zst, trying https://mirror.msys2.org/msys/x86_64/autoconf-wrapper-20240607-1-any.pkg.tar.zst
Rust Build & Test (Windows)	UNKNOWN STEP	2025-12-22T10:55:53.1446949Z Successfully downloaded msys2-autoconf-wrapper-20240607-1-any.pkg.tar.zst
Rust Build & Test (Windows)	UNKNOWN STEP	2025-12-22T10:55:53.1708186Z Downloading msys2-automake-wrapper-20240607-1-any.pkg.tar.zst, trying https://mirror.msys2.org/msys/x86_64/automake-wrapper-20240607-1-any.pkg.tar.zst
Rust Build & Test (Windows)	UNKNOWN STEP	2025-12-22T10:55:53.8905484Z Successfully downloaded msys2-automake-wrapper-20240607-1-any.pkg.tar.zst
Rust Build & Test (Windows)	UNKNOWN STEP	2025-12-22T10:55:53.9201815Z Downloading msys2-autoconf-archive-2023.02.20-1-any.pkg.tar.zst, trying https://mirror.msys2.org/msys/x86_64/autoconf-archive-2023.02.20-1-any.pkg.tar.zst
Rust Build & Test (Windows)	UNKNOWN STEP	2025-12-22T10:55:54.5615979Z Successfully downloaded msys2-autoconf-archive-2023.02.20-1-any.pkg.tar.zst
Rust Build & Test (Windows)	UNKNOWN STEP	2025-12-22T10:55:54.5882995Z Downloading msys2-binutils-2.44-1-x86_64.pkg.tar.zst, trying https://mirror.msys2.org/msys/x86_64/binutils-2.44-1-x86_64.pkg.tar.zst
Rust Build & Test (Windows)	UNKNOWN STEP	2025-12-22T10:55:55.2020902Z Successfully downloaded msys2-binutils-2.44-1-x86_64.pkg.tar.zst
Rust Build & Test (Windows)	UNKNOWN STEP	2025-12-22T10:55:55.2289555Z Downloading msys2-libtool-2.5.4-1-x86_64.pkg.tar.zst, trying https://mirror.msys2.org/msys/x86_64/libtool-2.5.4-1-x86_64.pkg.tar.zst
Rust Build & Test (Windows)	UNKNOWN STEP	2025-12-22T10:55:55.8651490Z Successfully downloaded msys2-libtool-2.5.4-1-x86_64.pkg.tar.zst
Rust Build & Test (Windows)	UNKNOWN STEP	2025-12-22T10:55:55.8920607Z Downloading msys2-make-4.4.1-2-x86_64.pkg.tar.zst, trying https://mirror.msys2.org/msys/x86_64/make-4.4.1-2-x86_64.pkg.tar.zst
Rust Build & Test (Windows)	UNKNOWN STEP	2025-12-22T10:55:57.1619697Z Successfully downloaded msys2-make-4.4.1-2-x86_64.pkg.tar.zst
Rust Build & Test (Windows)	UNKNOWN STEP	2025-12-22T10:55:57.1881023Z Downloading msys2-which-2.23-4-x86_64.pkg.tar.zst, trying https://mirror.msys2.org/msys/x86_64/which-2.23-4-x86_64.pkg.tar.zst
Rust Build & Test (Windows)	UNKNOWN STEP	2025-12-22T10:55:57.9511242Z Successfully downloaded msys2-which-2.23-4-x86_64.pkg.tar.zst
Rust Build & Test (Windows)	UNKNOWN STEP	2025-12-22T10:55:57.9777793Z Downloading msys2-bash-5.2.037-2-x86_64.pkg.tar.zst, trying https://mirror.msys2.org/msys/x86_64/bash-5.2.037-2-x86_64.pkg.tar.zst
Rust Build & Test (Windows)	UNKNOWN STEP	2025-12-22T10:55:58.5818820Z Successfully downloaded msys2-bash-5.2.037-2-x86_64.pkg.tar.zst
Rust Build & Test (Windows)	UNKNOWN STEP	2025-12-22T10:55:58.6087424Z Downloading msys2-coreutils-8.32-5-x86_64.pkg.tar.zst, trying https://mirror.msys2.org/msys/x86_64/coreutils-8.32-5-x86_64.pkg.tar.zst
Rust Build & Test (Windows)	UNKNOWN STEP	2025-12-22T10:56:01.4793879Z Successfully downloaded msys2-coreutils-8.32-5-x86_64.pkg.tar.zst
Rust Build & Test (Windows)	UNKNOWN STEP	2025-12-22T10:56:01.5057620Z Downloading msys2-file-5.46-2-x86_64.pkg.tar.zst, trying https://mirror.msys2.org/msys/x86_64/file-5.46-2-x86_64.pkg.tar.zst
Rust Build & Test (Windows)	UNKNOWN STEP	2025-12-22T10:56:02.3610392Z Successfully downloaded msys2-file-5.46-2-x86_64.pkg.tar.zst
Rust Build & Test (Windows)	UNKNOWN STEP	2025-12-22T10:56:02.3882240Z Downloading msys2-gawk-5.3.2-1-x86_64.pkg.tar.zst, trying https://mirror.msys2.org/msys/x86_64/gawk-5.3.2-1-x86_64.pkg.tar.zst
Rust Build & Test (Windows)	UNKNOWN STEP	2025-12-22T10:56:03.0375479Z Successfully downloaded msys2-gawk-5.3.2-1-x86_64.pkg.tar.zst
Rust Build & Test (Windows)	UNKNOWN STEP	2025-12-22T10:56:03.0645971Z Downloading msys2-grep-1~3.0-7-x86_64.pkg.tar.zst, trying https://mirror.msys2.org/msys/x86_64/grep-1~3.0-7-x86_64.pkg.tar.zst
Rust Build & Test (Windows)	UNKNOWN STEP	2025-12-22T10:56:03.6303171Z Successfully downloaded msys2-grep-1~3.0-7-x86_64.pkg.tar.zst
Rust Build & Test (Windows)	UNKNOWN STEP	2025-12-22T10:56:03.6570243Z Downloading msys2-gzip-1.14-1-x86_64.pkg.tar.zst, trying https://mirror.msys2.org/msys/x86_64/gzip-1.14-1-x86_64.pkg.tar.zst
Rust Build & Test (Windows)	UNKNOWN STEP	2025-12-22T10:56:04.1975466Z Successfully downloaded msys2-gzip-1.14-1-x86_64.pkg.tar.zst
Rust Build & Test (Windows)	UNKNOWN STEP	2025-12-22T10:56:04.2269288Z Downloading msys2-diffutils-3.12-1-x86_64.pkg.tar.zst, trying https://mirror.msys2.org/msys/x86_64/diffutils-3.12-1-x86_64.pkg.tar.zst
Rust Build & Test (Windows)	UNKNOWN STEP	2025-12-22T10:56:05.1004901Z Successfully downloaded msys2-diffutils-3.12-1-x86_64.pkg.tar.zst
Rust Build & Test (Windows)	UNKNOWN STEP	2025-12-22T10:56:05.1276923Z Downloading msys2-pkgconf-2.4.3-1-x86_64.pkg.tar.zst, trying https://mirror.msys2.org/msys/x86_64/pkgconf-2.4.3-1-x86_64.pkg.tar.zst
Rust Build & Test (Windows)	UNKNOWN STEP	2025-12-22T10:56:05.7375821Z Successfully downloaded msys2-pkgconf-2.4.3-1-x86_64.pkg.tar.zst
Rust Build & Test (Windows)	UNKNOWN STEP	2025-12-22T10:56:05.7636590Z Downloading msys2-sed-4.9-1-x86_64.pkg.tar.zst, trying https://mirror.msys2.org/msys/x86_64/sed-4.9-1-x86_64.pkg.tar.zst
Rust Build & Test (Windows)	UNKNOWN STEP	2025-12-22T10:56:06.7607419Z Successfully downloaded msys2-sed-4.9-1-x86_64.pkg.tar.zst
Rust Build & Test (Windows)	UNKNOWN STEP	2025-12-22T10:56:06.7811708Z -- Using cached msys2-msys2-runtime-3.6.2-2-x86_64.pkg.tar.zst
Rust Build & Test (Windows)	UNKNOWN STEP	2025-12-22T10:56:06.7956482Z Downloading msys2-autoconf2.72-2.72-3-any.pkg.tar.zst, trying https://mirror.msys2.org/msys/x86_64/autoconf2.72-2.72-3-any.pkg.tar.zst
Rust Build & Test (Windows)	UNKNOWN STEP	2025-12-22T10:56:08.2158563Z Successfully downloaded msys2-autoconf2.72-2.72-3-any.pkg.tar.zst
Rust Build & Test (Windows)	UNKNOWN STEP	2025-12-22T10:56:08.2423704Z Downloading msys2-automake1.16-1.16.5-1-any.pkg.tar.zst, trying https://mirror.msys2.org/msys/x86_64/automake1.16-1.16.5-1-any.pkg.tar.zst
Rust Build & Test (Windows)	UNKNOWN STEP	2025-12-22T10:56:09.1271684Z Successfully downloaded msys2-automake1.16-1.16.5-1-any.pkg.tar.zst
Rust Build & Test (Windows)	UNKNOWN STEP	2025-12-22T10:56:09.1537304Z Downloading msys2-automake1.17-1.17-1-any.pkg.tar.zst, trying https://mirror.msys2.org/msys/x86_64/automake1.17-1.17-1-any.pkg.tar.zst
Rust Build & Test (Windows)	UNKNOWN STEP	2025-12-22T10:56:09.7099379Z Successfully downloaded msys2-automake1.17-1.17-1-any.pkg.tar.zst
Rust Build & Test (Windows)	UNKNOWN STEP	2025-12-22T10:56:09.7366170Z Downloading msys2-libiconv-1.18-1-x86_64.pkg.tar.zst, trying https://mirror.msys2.org/msys/x86_64/libiconv-1.18-1-x86_64.pkg.tar.zst
Rust Build & Test (Windows)	UNKNOWN STEP	2025-12-22T10:56:10.3443557Z Successfully downloaded msys2-libiconv-1.18-1-x86_64.pkg.tar.zst
Rust Build & Test (Windows)	UNKNOWN STEP	2025-12-22T10:56:10.3713414Z Downloading msys2-libintl-0.22.5-1-x86_64.pkg.tar.zst, trying https://mirror.msys2.org/msys/x86_64/libintl-0.22.5-1-x86_64.pkg.tar.zst
Rust Build & Test (Windows)	UNKNOWN STEP	2025-12-22T10:56:11.1159284Z Successfully downloaded msys2-libintl-0.22.5-1-x86_64.pkg.tar.zst
Rust Build & Test (Windows)	UNKNOWN STEP	2025-12-22T10:56:11.1447647Z Downloading msys2-zlib-1.3.1-1-x86_64.pkg.tar.zst, trying https://mirror.msys2.org/msys/x86_64/zlib-1.3.1-1-x86_64.pkg.tar.zst
Rust Build & Test (Windows)	UNKNOWN STEP	2025-12-22T10:56:11.7491108Z Successfully downloaded msys2-zlib-1.3.1-1-x86_64.pkg.tar.zst
Rust Build & Test (Windows)	UNKNOWN STEP	2025-12-22T10:56:11.7752503Z Downloading msys2-findutils-4.10.0-2-x86_64.pkg.tar.zst, trying https://mirror.msys2.org/msys/x86_64/findutils-4.10.0-2-x86_64.pkg.tar.zst
Rust Build & Test (Windows)	UNKNOWN STEP	2025-12-22T10:56:12.3970501Z Successfully downloaded msys2-findutils-4.10.0-2-x86_64.pkg.tar.zst
Rust Build & Test (Windows)	UNKNOWN STEP	2025-12-22T10:56:12.4248235Z Downloading msys2-tar-1.35-2-x86_64.pkg.tar.zst, trying https://mirror.msys2.org/msys/x86_64/tar-1.35-2-x86_64.pkg.tar.zst
Rust Build & Test (Windows)	UNKNOWN STEP	2025-12-22T10:56:12.9831054Z Successfully downloaded msys2-tar-1.35-2-x86_64.pkg.tar.zst
Rust Build & Test (Windows)	UNKNOWN STEP	2025-12-22T10:56:13.0139926Z Downloading msys2-gmp-6.3.0-1-x86_64.pkg.tar.zst, trying https://mirror.msys2.org/msys/x86_64/gmp-6.3.0-1-x86_64.pkg.tar.zst
Rust Build & Test (Windows)	UNKNOWN STEP	2025-12-22T10:56:13.6558622Z Successfully downloaded msys2-gmp-6.3.0-1-x86_64.pkg.tar.zst
Rust Build & Test (Windows)	UNKNOWN STEP	2025-12-22T10:56:13.6826615Z Downloading msys2-gcc-libs-13.3.0-1-x86_64.pkg.tar.zst, trying https://mirror.msys2.org/msys/x86_64/gcc-libs-13.3.0-1-x86_64.pkg.tar.zst
Rust Build & Test (Windows)	UNKNOWN STEP	2025-12-22T10:56:14.2137336Z Successfully downloaded msys2-gcc-libs-13.3.0-1-x86_64.pkg.tar.zst
Rust Build & Test (Windows)	UNKNOWN STEP	2025-12-22T10:56:14.2398940Z Downloading msys2-libbz2-1.0.8-4-x86_64.pkg.tar.zst, trying https://mirror.msys2.org/msys/x86_64/libbz2-1.0.8-4-x86_64.pkg.tar.zst
Rust Build & Test (Windows)	UNKNOWN STEP	2025-12-22T10:56:14.7726365Z Successfully downloaded msys2-libbz2-1.0.8-4-x86_64.pkg.tar.zst
Rust Build & Test (Windows)	UNKNOWN STEP	2025-12-22T10:56:14.7985395Z Downloading msys2-liblzma-5.8.1-1-x86_64.pkg.tar.zst, trying https://mirror.msys2.org/msys/x86_64/liblzma-5.8.1-1-x86_64.pkg.tar.zst
Rust Build & Test (Windows)	UNKNOWN STEP	2025-12-22T10:56:15.5289522Z Successfully downloaded msys2-liblzma-5.8.1-1-x86_64.pkg.tar.zst
Rust Build & Test (Windows)	UNKNOWN STEP	2025-12-22T10:56:15.5551639Z Downloading msys2-libzstd-1.5.7-1-x86_64.pkg.tar.zst, trying https://mirror.msys2.org/msys/x86_64/libzstd-1.5.7-1-x86_64.pkg.tar.zst
Rust Build & Test (Windows)	UNKNOWN STEP	2025-12-22T10:56:16.1143362Z Successfully downloaded msys2-libzstd-1.5.7-1-x86_64.pkg.tar.zst
Rust Build & Test (Windows)	UNKNOWN STEP	2025-12-22T10:56:16.1411474Z Downloading msys2-libreadline-8.2.013-1-x86_64.pkg.tar.zst, trying https://mirror.msys2.org/msys/x86_64/libreadline-8.2.013-1-x86_64.pkg.tar.zst
Rust Build & Test (Windows)	UNKNOWN STEP	2025-12-22T10:56:16.7722630Z Successfully downloaded msys2-libreadline-8.2.013-1-x86_64.pkg.tar.zst
Rust Build & Test (Windows)	UNKNOWN STEP	2025-12-22T10:56:16.7980033Z Downloading msys2-mpfr-4.2.2-1-x86_64.pkg.tar.zst, trying https://mirror.msys2.org/msys/x86_64/mpfr-4.2.2-1-x86_64.pkg.tar.zst
Rust Build & Test (Windows)	UNKNOWN STEP	2025-12-22T10:56:17.3431656Z Successfully downloaded msys2-mpfr-4.2.2-1-x86_64.pkg.tar.zst
Rust Build & Test (Windows)	UNKNOWN STEP	2025-12-22T10:56:17.3685532Z Downloading msys2-libpcre-8.45-5-x86_64.pkg.tar.zst, trying https://mirror.msys2.org/msys/x86_64/libpcre-8.45-5-x86_64.pkg.tar.zst
Rust Build & Test (Windows)	UNKNOWN STEP	2025-12-22T10:56:17.9577205Z Successfully downloaded msys2-libpcre-8.45-5-x86_64.pkg.tar.zst
Rust Build & Test (Windows)	UNKNOWN STEP	2025-12-22T10:56:17.9838093Z Downloading msys2-m4-1.4.19-2-x86_64.pkg.tar.zst, trying https://mirror.msys2.org/msys/x86_64/m4-1.4.19-2-x86_64.pkg.tar.zst
Rust Build & Test (Windows)	UNKNOWN STEP	2025-12-22T10:56:18.8229916Z Successfully downloaded msys2-m4-1.4.19-2-x86_64.pkg.tar.zst
Rust Build & Test (Windows)	UNKNOWN STEP	2025-12-22T10:56:18.8485638Z Downloading msys2-perl-5.38.4-2-x86_64.pkg.tar.zst, trying https://mirror.msys2.org/msys/x86_64/perl-5.38.4-2-x86_64.pkg.tar.zst
Rust Build & Test (Windows)	UNKNOWN STEP	2025-12-22T10:56:19.4882722Z Successfully downloaded msys2-perl-5.38.4-2-x86_64.pkg.tar.zst
Rust Build & Test (Windows)	UNKNOWN STEP	2025-12-22T10:56:19.5161804Z Downloading msys2-ncurses-6.5.20240831-2-x86_64.pkg.tar.zst, trying https://mirror.msys2.org/msys/x86_64/ncurses-6.5.20240831-2-x86_64.pkg.tar.zst
Rust Build & Test (Windows)	UNKNOWN STEP	2025-12-22T10:56:20.1834016Z Successfully downloaded msys2-ncurses-6.5.20240831-2-x86_64.pkg.tar.zst
Rust Build & Test (Windows)	UNKNOWN STEP	2025-12-22T10:56:20.2101601Z Downloading msys2-libxcrypt-4.4.38-1-x86_64.pkg.tar.zst, trying https://mirror.msys2.org/msys/x86_64/libxcrypt-4.4.38-1-x86_64.pkg.tar.zst
Rust Build & Test (Windows)	UNKNOWN STEP	2025-12-22T10:56:20.7947125Z Successfully downloaded msys2-libxcrypt-4.4.38-1-x86_64.pkg.tar.zst
Rust Build & Test (Windows)	UNKNOWN STEP	2025-12-22T10:56:22.7148935Z -- Applying patch C:/vcpkg/scripts/cmake/compile_wrapper_consider_clang-cl.patch
Rust Build & Test (Windows)	UNKNOWN STEP	2025-12-22T10:56:29.4569974Z -- Using msys root at C:/vcpkg/downloads/tools/msys2/8392cd453c24d30d
Rust Build & Test (Windows)	UNKNOWN STEP	2025-12-22T10:56:31.5396863Z -- Generating configure for x64-windows
Rust Build & Test (Windows)	UNKNOWN STEP	2025-12-22T10:56:53.0604322Z -- Finished generating configure for x64-windows
Rust Build & Test (Windows)	UNKNOWN STEP	2025-12-22T10:56:53.0891341Z -- Using cached msys2-mingw-w64-x86_64-pkgconf-1~2.4.3-1-any.pkg.tar.zst
Rust Build & Test (Windows)	UNKNOWN STEP	2025-12-22T10:56:53.0968106Z -- Using cached msys2-msys2-runtime-3.6.2-2-x86_64.pkg.tar.zst
Rust Build & Test (Windows)	UNKNOWN STEP	2025-12-22T10:56:53.0972600Z -- Using msys root at C:/vcpkg/downloads/tools/msys2/9272adbcaf19caef
Rust Build & Test (Windows)	UNKNOWN STEP	2025-12-22T10:56:53.1015045Z -- Configuring x64-windows-rel
Rust Build & Test (Windows)	UNKNOWN STEP	2025-12-22T10:58:39.6261939Z -- Using cached msys2-autoconf-wrapper-20240607-1-any.pkg.tar.zst
Rust Build & Test (Windows)	UNKNOWN STEP	2025-12-22T10:58:39.6267533Z -- Using cached msys2-automake-wrapper-20240607-1-any.pkg.tar.zst
Rust Build & Test (Windows)	UNKNOWN STEP	2025-12-22T10:58:39.6299321Z -- Using cached msys2-autoconf-archive-2023.02.20-1-any.pkg.tar.zst
Rust Build & Test (Windows)	UNKNOWN STEP	2025-12-22T10:58:39.6523385Z -- Using cached msys2-binutils-2.44-1-x86_64.pkg.tar.zst
Rust Build & Test (Windows)	UNKNOWN STEP	2025-12-22T10:58:39.6544412Z -- Using cached msys2-libtool-2.5.4-1-x86_64.pkg.tar.zst
Rust Build & Test (Windows)	UNKNOWN STEP	2025-12-22T10:58:39.6569584Z -- Using cached msys2-make-4.4.1-2-x86_64.pkg.tar.zst
Rust Build & Test (Windows)	UNKNOWN STEP	2025-12-22T10:58:39.6576518Z -- Using cached msys2-which-2.23-4-x86_64.pkg.tar.zst
Rust Build & Test (Windows)	UNKNOWN STEP	2025-12-22T10:58:39.6675136Z -- Using cached msys2-bash-5.2.037-2-x86_64.pkg.tar.zst
Rust Build & Test (Windows)	UNKNOWN STEP	2025-12-22T10:58:39.6782369Z -- Using cached msys2-coreutils-8.32-5-x86_64.pkg.tar.zst
Rust Build & Test (Windows)	UNKNOWN STEP	2025-12-22T10:58:39.6804160Z -- Using cached msys2-file-5.46-2-x86_64.pkg.tar.zst
Rust Build & Test (Windows)	UNKNOWN STEP	2025-12-22T10:58:39.6864210Z -- Using cached msys2-gawk-5.3.2-1-x86_64.pkg.tar.zst
Rust Build & Test (Windows)	UNKNOWN STEP	2025-12-22T10:58:39.6879139Z -- Using cached msys2-grep-1~3.0-7-x86_64.pkg.tar.zst
Rust Build & Test (Windows)	UNKNOWN STEP	2025-12-22T10:58:39.6888885Z -- Using cached msys2-gzip-1.14-1-x86_64.pkg.tar.zst
Rust Build & Test (Windows)	UNKNOWN STEP	2025-12-22T10:58:39.6919879Z -- Using cached msys2-diffutils-3.12-1-x86_64.pkg.tar.zst
Rust Build & Test (Windows)	UNKNOWN STEP	2025-12-22T10:58:39.6927340Z -- Using cached msys2-pkgconf-2.4.3-1-x86_64.pkg.tar.zst
Rust Build & Test (Windows)	UNKNOWN STEP	2025-12-22T10:58:39.6942171Z -- Using cached msys2-sed-4.9-1-x86_64.pkg.tar.zst
Rust Build & Test (Windows)	UNKNOWN STEP	2025-12-22T10:58:39.7020054Z -- Using cached msys2-msys2-runtime-3.6.2-2-x86_64.pkg.tar.zst
Rust Build & Test (Windows)	UNKNOWN STEP	2025-12-22T10:58:39.7052579Z -- Using cached msys2-autoconf2.72-2.72-3-any.pkg.tar.zst
Rust Build & Test (Windows)	UNKNOWN STEP	2025-12-22T10:58:39.7078932Z -- Using cached msys2-automake1.16-1.16.5-1-any.pkg.tar.zst
Rust Build & Test (Windows)	UNKNOWN STEP	2025-12-22T10:58:39.7104802Z -- Using cached msys2-automake1.17-1.17-1-any.pkg.tar.zst
Rust Build & Test (Windows)	UNKNOWN STEP	2025-12-22T10:58:39.7137134Z -- Using cached msys2-libiconv-1.18-1-x86_64.pkg.tar.zst
Rust Build & Test (Windows)	UNKNOWN STEP	2025-12-22T10:58:39.7145072Z -- Using cached msys2-libintl-0.22.5-1-x86_64.pkg.tar.zst
Rust Build & Test (Windows)	UNKNOWN STEP	2025-12-22T10:58:39.7155465Z -- Using cached msys2-zlib-1.3.1-1-x86_64.pkg.tar.zst
Rust Build & Test (Windows)	UNKNOWN STEP	2025-12-22T10:58:39.7184616Z -- Using cached msys2-findutils-4.10.0-2-x86_64.pkg.tar.zst
Rust Build & Test (Windows)	UNKNOWN STEP	2025-12-22T10:58:39.7220598Z -- Using cached msys2-tar-1.35-2-x86_64.pkg.tar.zst
Rust Build & Test (Windows)	UNKNOWN STEP	2025-12-22T10:58:39.7241274Z -- Using cached msys2-gmp-6.3.0-1-x86_64.pkg.tar.zst
Rust Build & Test (Windows)	UNKNOWN STEP	2025-12-22T10:58:39.7284229Z -- Using cached msys2-gcc-libs-13.3.0-1-x86_64.pkg.tar.zst
Rust Build & Test (Windows)	UNKNOWN STEP	2025-12-22T10:58:39.7290940Z -- Using cached msys2-libbz2-1.0.8-4-x86_64.pkg.tar.zst
Rust Build & Test (Windows)	UNKNOWN STEP	2025-12-22T10:58:39.7299981Z -- Using cached msys2-liblzma-5.8.1-1-x86_64.pkg.tar.zst
Rust Build & Test (Windows)	UNKNOWN STEP	2025-12-22T10:58:39.7320307Z -- Using cached msys2-libzstd-1.5.7-1-x86_64.pkg.tar.zst
Rust Build & Test (Windows)	UNKNOWN STEP	2025-12-22T10:58:39.7336972Z -- Using cached msys2-libreadline-8.2.013-1-x86_64.pkg.tar.zst
Rust Build & Test (Windows)	UNKNOWN STEP	2025-12-22T10:58:39.7357132Z -- Using cached msys2-mpfr-4.2.2-1-x86_64.pkg.tar.zst
Rust Build & Test (Windows)	UNKNOWN STEP	2025-12-22T10:58:39.7365970Z -- Using cached msys2-libpcre-8.45-5-x86_64.pkg.tar.zst
Rust Build & Test (Windows)	UNKNOWN STEP	2025-12-22T10:58:39.7381070Z -- Using cached msys2-m4-1.4.19-2-x86_64.pkg.tar.zst
Rust Build & Test (Windows)	UNKNOWN STEP	2025-12-22T10:58:39.7667005Z -- Using cached msys2-perl-5.38.4-2-x86_64.pkg.tar.zst
Rust Build & Test (Windows)	UNKNOWN STEP	2025-12-22T10:58:39.7722177Z -- Using cached msys2-ncurses-6.5.20240831-2-x86_64.pkg.tar.zst
Rust Build & Test (Windows)	UNKNOWN STEP	2025-12-22T10:58:39.7730383Z -- Using cached msys2-libxcrypt-4.4.38-1-x86_64.pkg.tar.zst
Rust Build & Test (Windows)	UNKNOWN STEP	2025-12-22T10:58:39.7742440Z -- Using msys root at C:/vcpkg/downloads/tools/msys2/8392cd453c24d30d
Rust Build & Test (Windows)	UNKNOWN STEP	2025-12-22T10:58:39.7976731Z -- Building/Installing x64-windows-rel
Rust Build & Test (Windows)	UNKNOWN STEP	2025-12-22T10:58:39.8032758Z -- Making target 'all' for x64-windows-rel
Rust Build & Test (Windows)	UNKNOWN STEP	2025-12-22T10:58:49.8882776Z -- Making target 'install' for x64-windows-rel
Rust Build & Test (Windows)	UNKNOWN STEP	2025-12-22T10:58:51.1326316Z -- Installing: C:/vcpkg/packages/gperf_x64-windows/share/gperf/copyright
Rust Build & Test (Windows)	UNKNOWN STEP	2025-12-22T10:58:51.1421344Z -- Performing post-build validation
Rust Build & Test (Windows)	UNKNOWN STEP	2025-12-22T10:58:51.1570922Z Starting submission of gperf:x64-windows@3.3 to 1 binary cache(s) in the background
Rust Build & Test (Windows)	UNKNOWN STEP	2025-12-22T10:58:51.1573291Z Elapsed time to handle gperf:x64-windows: 3 min
Rust Build & Test (Windows)	UNKNOWN STEP	2025-12-22T10:58:51.1574672Z gperf:x64-windows package ABI: 22c403d908b468046ed17521524a9ff64ce908f4f09e11a9c6d22afe2e2c3e4d
Rust Build & Test (Windows)	UNKNOWN STEP	2025-12-22T10:58:51.1576685Z Completed submission of vcpkg-make:x64-windows@2025-10-26 to 1 binary cache(s) in 67.7 ms
Rust Build & Test (Windows)	UNKNOWN STEP	2025-12-22T10:58:51.1577679Z Installing 13/17 vcpkg-tool-meson:x64-windows@1.9.0#3...
Rust Build & Test (Windows)	UNKNOWN STEP	2025-12-22T10:58:51.1578833Z Building vcpkg-tool-meson:x64-windows@1.9.0#3...
Rust Build & Test (Windows)	UNKNOWN STEP	2025-12-22T10:58:51.2281701Z -- Installing: C:/vcpkg/packages/vcpkg-tool-meson_x64-windows/share/vcpkg-tool-meson/copyright
Rust Build & Test (Windows)	UNKNOWN STEP	2025-12-22T10:58:51.2480771Z Downloading https://github.com/mesonbuild/meson/archive/1.9.0.tar.gz -> meson-1.9.0.tar.gz
Rust Build & Test (Windows)	UNKNOWN STEP	2025-12-22T10:58:51.6545468Z Successfully downloaded meson-1.9.0.tar.gz
Rust Build & Test (Windows)	UNKNOWN STEP	2025-12-22T10:58:56.2477768Z -- Applying patch C:/vcpkg/packages/vcpkg-tool-meson_x64-windows/share/vcpkg-tool-meson/meson-intl.patch
Rust Build & Test (Windows)	UNKNOWN STEP	2025-12-22T10:58:56.2699460Z -- Applying patch C:/vcpkg/packages/vcpkg-tool-meson_x64-windows/share/vcpkg-tool-meson/adjust-python-dep.patch
Rust Build & Test (Windows)	UNKNOWN STEP	2025-12-22T10:58:56.2898037Z -- Applying patch C:/vcpkg/packages/vcpkg-tool-meson_x64-windows/share/vcpkg-tool-meson/adjust-args.patch
Rust Build & Test (Windows)	UNKNOWN STEP	2025-12-22T10:58:56.3095353Z -- Applying patch C:/vcpkg/packages/vcpkg-tool-meson_x64-windows/share/vcpkg-tool-meson/remove-pkgconfig-specialization.patch
Rust Build & Test (Windows)	UNKNOWN STEP	2025-12-22T10:58:56.3289313Z -- Applying patch C:/vcpkg/packages/vcpkg-tool-meson_x64-windows/share/vcpkg-tool-meson/meson-56879d5.diff
Rust Build & Test (Windows)	UNKNOWN STEP	2025-12-22T10:58:58.2345814Z Downloading https://www.python.org/ftp/python/3.14.2/python-3.14.2-embed-amd64.zip -> python-3.14.2-embed-amd64.zip
Rust Build & Test (Windows)	UNKNOWN STEP	2025-12-22T10:58:58.3367596Z Successfully downloaded python-3.14.2-embed-amd64.zip
Rust Build & Test (Windows)	UNKNOWN STEP	2025-12-22T10:58:58.7007783Z -- Found Python version '3.14.2 at C:/vcpkg/downloads/tools/python/python-3.14.2-x64-1/python.exe'
Rust Build & Test (Windows)	UNKNOWN STEP	2025-12-22T10:58:58.7008444Z -- Using meson: C:/vcpkg/downloads/tools/meson-1.9.0-d1fcc2/meson.py
Rust Build & Test (Windows)	UNKNOWN STEP	2025-12-22T10:58:58.7089714Z -- Performing post-build validation
Rust Build & Test (Windows)	UNKNOWN STEP	2025-12-22T10:58:58.7262011Z Starting submission of vcpkg-tool-meson:x64-windows@1.9.0#3 to 1 binary cache(s) in the background
Rust Build & Test (Windows)	UNKNOWN STEP	2025-12-22T10:58:58.7263257Z Elapsed time to handle vcpkg-tool-meson:x64-windows: 7.6 s
Rust Build & Test (Windows)	UNKNOWN STEP	2025-12-22T10:58:58.7264783Z vcpkg-tool-meson:x64-windows package ABI: 6dba236136bd93fc28370a533e4c031939a4938d03dfe560c415214b461b5633
Rust Build & Test (Windows)	UNKNOWN STEP	2025-12-22T10:58:58.7266137Z Completed submission of gperf:x64-windows@3.3 to 1 binary cache(s) in 86.8 ms
Rust Build & Test (Windows)	UNKNOWN STEP	2025-12-22T10:58:58.7267137Z Installing 14/17 fontconfig:x64-windows@2.17.1#1...
Rust Build & Test (Windows)	UNKNOWN STEP	2025-12-22T10:58:58.7268261Z Building fontconfig:x64-windows@2.17.1#1...
Rust Build & Test (Windows)	UNKNOWN STEP	2025-12-22T10:58:58.8027547Z -- Found Python version '3.14.2 at C:/vcpkg/downloads/tools/python/python-3.14.2-x64-1/python.exe'
Rust Build & Test (Windows)	UNKNOWN STEP	2025-12-22T10:58:58.8028630Z -- Using meson: C:/vcpkg/downloads/tools/meson-1.9.0-d1fcc2/meson.py
Rust Build & Test (Windows)	UNKNOWN STEP	2025-12-22T10:58:58.8164764Z Downloading https://gitlab.freedesktop.org/fontconfig/fontconfig/-/archive/2.17.1/fontconfig-2.17.1.tar.gz -> fontconfig-fontconfig-2.17.1.tar.gz
Rust Build & Test (Windows)	UNKNOWN STEP	2025-12-22T10:59:00.4807313Z Successfully downloaded fontconfig-fontconfig-2.17.1.tar.gz
Rust Build & Test (Windows)	UNKNOWN STEP	2025-12-22T10:59:00.4983488Z -- Extracting source C:/vcpkg/downloads/fontconfig-fontconfig-2.17.1.tar.gz
Rust Build & Test (Windows)	UNKNOWN STEP	2025-12-22T10:59:01.0030630Z -- Applying patch dllexport.diff
Rust Build & Test (Windows)	UNKNOWN STEP	2025-12-22T10:59:01.0321843Z -- Applying patch no-etc-symlinks.patch
Rust Build & Test (Windows)	UNKNOWN STEP	2025-12-22T10:59:01.0576849Z -- Applying patch libgetopt.patch
Rust Build & Test (Windows)	UNKNOWN STEP	2025-12-22T10:59:01.0879295Z -- Applying patch libintl.diff
Rust Build & Test (Windows)	UNKNOWN STEP	2025-12-22T10:59:01.1638504Z -- Applying patch fix-wasm-shared-memory-atomics.patch
Rust Build & Test (Windows)	UNKNOWN STEP	2025-12-22T10:59:01.1639365Z -- Using source at C:/vcpkg/buildtrees/fontconfig/src/2.17.1-6edd6fe145.clean
Rust Build & Test (Windows)	UNKNOWN STEP	2025-12-22T10:59:01.1640164Z -- Using cached msys2-mingw-w64-x86_64-pkgconf-1~2.4.3-1-any.pkg.tar.zst
Rust Build & Test (Windows)	UNKNOWN STEP	2025-12-22T10:59:01.1666793Z -- Using cached msys2-msys2-runtime-3.6.2-2-x86_64.pkg.tar.zst
Rust Build & Test (Windows)	UNKNOWN STEP	2025-12-22T10:59:01.1674264Z -- Using msys root at C:/vcpkg/downloads/tools/msys2/9272adbcaf19caef
Rust Build & Test (Windows)	UNKNOWN STEP	2025-12-22T10:59:01.1684169Z -- Configuring x64-windows-dbg
Rust Build & Test (Windows)	UNKNOWN STEP	2025-12-22T10:59:01.1758462Z -- Getting CMake variables for x64-windows
Rust Build & Test (Windows)	UNKNOWN STEP	2025-12-22T10:59:08.5189100Z -- Loading CMake variables from C:/vcpkg/buildtrees/fontconfig/cmake-get-vars_C_CXX-x64-windows.cmake.log
Rust Build & Test (Windows)	UNKNOWN STEP	2025-12-22T10:59:36.9923810Z -- Configuring x64-windows-dbg done
Rust Build & Test (Windows)	UNKNOWN STEP	2025-12-22T10:59:36.9927009Z -- Configuring x64-windows-rel
Rust Build & Test (Windows)	UNKNOWN STEP	2025-12-22T10:59:45.6779757Z -- Configuring x64-windows-rel done
Rust Build & Test (Windows)	UNKNOWN STEP	2025-12-22T10:59:45.6790951Z -- Package x64-windows-dbg
Rust Build & Test (Windows)	UNKNOWN STEP	2025-12-22T10:59:53.3047236Z -- Package x64-windows-rel
Rust Build & Test (Windows)	UNKNOWN STEP	2025-12-22T11:00:04.4234348Z -- Fixing pkgconfig file: C:/vcpkg/packages/fontconfig_x64-windows/lib/pkgconfig/fontconfig.pc
Rust Build & Test (Windows)	UNKNOWN STEP	2025-12-22T11:00:04.4353104Z -- Fixing pkgconfig file: C:/vcpkg/packages/fontconfig_x64-windows/debug/lib/pkgconfig/fontconfig.pc
Rust Build & Test (Windows)	UNKNOWN STEP	2025-12-22T11:00:04.5211237Z -- Installing: C:/vcpkg/packages/fontconfig_x64-windows/share/fontconfig/usage
Rust Build & Test (Windows)	UNKNOWN STEP	2025-12-22T11:00:04.5224712Z -- Installing: C:/vcpkg/packages/fontconfig_x64-windows/share/fontconfig/copyright
Rust Build & Test (Windows)	UNKNOWN STEP	2025-12-22T11:00:04.5742710Z -- Performing post-build validation
Rust Build & Test (Windows)	UNKNOWN STEP	2025-12-22T11:00:07.0353347Z Starting submission of fontconfig:x64-windows@2.17.1#1 to 1 binary cache(s) in the background
Rust Build & Test (Windows)	UNKNOWN STEP	2025-12-22T11:00:07.0355879Z Elapsed time to handle fontconfig:x64-windows: 1.1 min
Rust Build & Test (Windows)	UNKNOWN STEP	2025-12-22T11:00:07.0356965Z fontconfig:x64-windows package ABI: 2602b3e0607971154af1a04330bedd7c3cfa8b7cbd4d255f0fcf37b4c9d6b575
Rust Build & Test (Windows)	UNKNOWN STEP	2025-12-22T11:00:07.0358165Z Completed submission of vcpkg-tool-meson:x64-windows@1.9.0#3 to 1 binary cache(s) in 72.6 ms
Rust Build & Test (Windows)	UNKNOWN STEP	2025-12-22T11:00:07.0359454Z Installing 15/17 graphite2:x64-windows@1.3.14#4...
Rust Build & Test (Windows)	UNKNOWN STEP	2025-12-22T11:00:07.0360018Z Building graphite2:x64-windows@1.3.14#4...
Rust Build & Test (Windows)	UNKNOWN STEP	2025-12-22T11:00:07.1043560Z Downloading https://github.com/silnrsi/graphite/archive/92f59dcc52f73ce747f1cdc831579ed2546884aa.tar.gz -> silnrsi-graphite-92f59dcc52f73ce747f1cdc831579ed2546884aa.tar.gz
Rust Build & Test (Windows)	UNKNOWN STEP	2025-12-22T11:00:08.3974224Z Successfully downloaded silnrsi-graphite-92f59dcc52f73ce747f1cdc831579ed2546884aa.tar.gz
Rust Build & Test (Windows)	UNKNOWN STEP	2025-12-22T11:00:08.4485033Z -- Extracting source C:/vcpkg/downloads/silnrsi-graphite-92f59dcc52f73ce747f1cdc831579ed2546884aa.tar.gz
Rust Build & Test (Windows)	UNKNOWN STEP	2025-12-22T11:00:09.1169697Z -- Applying patch disable-tests.patch
Rust Build & Test (Windows)	UNKNOWN STEP	2025-12-22T11:00:09.1458594Z -- Using source at C:/vcpkg/buildtrees/graphite2/src/d2546884aa-145bc79c0d.clean
Rust Build & Test (Windows)	UNKNOWN STEP	2025-12-22T11:00:09.1532835Z -- Configuring x64-windows
Rust Build & Test (Windows)	UNKNOWN STEP	2025-12-22T11:00:14.7586923Z -- Building x64-windows-dbg
Rust Build & Test (Windows)	UNKNOWN STEP	2025-12-22T11:00:18.8421455Z -- Building x64-windows-rel
Rust Build & Test (Windows)	UNKNOWN STEP	2025-12-22T11:00:24.0078600Z -- Fixing pkgconfig file: C:/vcpkg/packages/graphite2_x64-windows/lib/pkgconfig/graphite2.pc
Rust Build & Test (Windows)	UNKNOWN STEP	2025-12-22T11:00:24.0244144Z -- Using cached msys2-mingw-w64-x86_64-pkgconf-1~2.4.3-1-any.pkg.tar.zst
Rust Build & Test (Windows)	UNKNOWN STEP	2025-12-22T11:00:24.0273583Z -- Using cached msys2-msys2-runtime-3.6.2-2-x86_64.pkg.tar.zst
Rust Build & Test (Windows)	UNKNOWN STEP	2025-12-22T11:00:24.0278975Z -- Using msys root at C:/vcpkg/downloads/tools/msys2/9272adbcaf19caef
Rust Build & Test (Windows)	UNKNOWN STEP	2025-12-22T11:00:24.0364205Z -- Fixing pkgconfig file: C:/vcpkg/packages/graphite2_x64-windows/debug/lib/pkgconfig/graphite2.pc
Rust Build & Test (Windows)	UNKNOWN STEP	2025-12-22T11:00:24.0695158Z -- Performing post-build validation
Rust Build & Test (Windows)	UNKNOWN STEP	2025-12-22T11:00:24.1260979Z Starting submission of graphite2:x64-windows@1.3.14#4 to 1 binary cache(s) in the background
Rust Build & Test (Windows)	UNKNOWN STEP	2025-12-22T11:00:24.1262266Z Elapsed time to handle graphite2:x64-windows: 17 s
Rust Build & Test (Windows)	UNKNOWN STEP	2025-12-22T11:00:24.1263991Z graphite2:x64-windows package ABI: 1e0c877556471fc589e05776b744f5dd53791104c7771a8db32c2f9a91742a8f
Rust Build & Test (Windows)	UNKNOWN STEP	2025-12-22T11:00:24.1265797Z Completed submission of fontconfig:x64-windows@2.17.1#1 to 1 binary cache(s) in 347 ms
Rust Build & Test (Windows)	UNKNOWN STEP	2025-12-22T11:00:24.1267640Z Installing 16/17 harfbuzz[core,freetype]:x64-windows@12.2.0...
Rust Build & Test (Windows)	UNKNOWN STEP	2025-12-22T11:00:24.1268994Z Building harfbuzz[core,freetype]:x64-windows@12.2.0...
Rust Build & Test (Windows)	UNKNOWN STEP	2025-12-22T11:00:24.2379184Z -- Found Python version '3.14.2 at C:/vcpkg/downloads/tools/python/python-3.14.2-x64-1/python.exe'
Rust Build & Test (Windows)	UNKNOWN STEP	2025-12-22T11:00:24.2380119Z -- Using meson: C:/vcpkg/downloads/tools/meson-1.9.0-d1fcc2/meson.py
Rust Build & Test (Windows)	UNKNOWN STEP	2025-12-22T11:00:24.2645306Z Downloading https://github.com/harfbuzz/harfbuzz/archive/12.2.0.tar.gz -> harfbuzz-harfbuzz-12.2.0.tar.gz
Rust Build & Test (Windows)	UNKNOWN STEP	2025-12-22T11:00:24.9667549Z Successfully downloaded harfbuzz-harfbuzz-12.2.0.tar.gz
Rust Build & Test (Windows)	UNKNOWN STEP	2025-12-22T11:00:25.1168045Z -- Extracting source C:/vcpkg/downloads/harfbuzz-harfbuzz-12.2.0.tar.gz
Rust Build & Test (Windows)	UNKNOWN STEP	2025-12-22T11:00:42.9086778Z -- Applying patch fix-win32-build.patch
Rust Build & Test (Windows)	UNKNOWN STEP	2025-12-22T11:00:42.9400535Z -- Using source at C:/vcpkg/buildtrees/harfbuzz/src/12.2.0-f2b7e6b66d.clean
Rust Build & Test (Windows)	UNKNOWN STEP	2025-12-22T11:00:42.9531610Z -- Using cached msys2-mingw-w64-x86_64-pkgconf-1~2.4.3-1-any.pkg.tar.zst
Rust Build & Test (Windows)	UNKNOWN STEP	2025-12-22T11:00:42.9609890Z -- Using cached msys2-msys2-runtime-3.6.2-2-x86_64.pkg.tar.zst
Rust Build & Test (Windows)	UNKNOWN STEP	2025-12-22T11:00:42.9615711Z -- Using msys root at C:/vcpkg/downloads/tools/msys2/9272adbcaf19caef
Rust Build & Test (Windows)	UNKNOWN STEP	2025-12-22T11:00:42.9624713Z -- Configuring x64-windows-dbg
Rust Build & Test (Windows)	UNKNOWN STEP	2025-12-22T11:00:42.9705944Z -- Getting CMake variables for x64-windows
Rust Build & Test (Windows)	UNKNOWN STEP	2025-12-22T11:00:46.6708703Z -- Loading CMake variables from C:/vcpkg/buildtrees/harfbuzz/cmake-get-vars_C_CXX-x64-windows.cmake.log
Rust Build & Test (Windows)	UNKNOWN STEP	2025-12-22T11:01:00.5464314Z -- Configuring x64-windows-dbg done
Rust Build & Test (Windows)	UNKNOWN STEP	2025-12-22T11:01:00.5467677Z -- Configuring x64-windows-rel
Rust Build & Test (Windows)	UNKNOWN STEP	2025-12-22T11:01:06.3293074Z -- Configuring x64-windows-rel done
Rust Build & Test (Windows)	UNKNOWN STEP	2025-12-22T11:01:06.3293675Z -- Package x64-windows-dbg
Rust Build & Test (Windows)	UNKNOWN STEP	2025-12-22T11:02:42.1318751Z -- Package x64-windows-rel
Rust Build & Test (Windows)	UNKNOWN STEP	2025-12-22T11:05:39.9973488Z -- Fixing pkgconfig file: C:/vcpkg/packages/harfbuzz_x64-windows/lib/pkgconfig/harfbuzz-subset.pc
Rust Build & Test (Windows)	UNKNOWN STEP	2025-12-22T11:05:39.9980182Z -- Fixing pkgconfig file: C:/vcpkg/packages/harfbuzz_x64-windows/lib/pkgconfig/harfbuzz.pc
Rust Build & Test (Windows)	UNKNOWN STEP	2025-12-22T11:05:40.0156905Z -- Fixing pkgconfig file: C:/vcpkg/packages/harfbuzz_x64-windows/debug/lib/pkgconfig/harfbuzz-subset.pc
Rust Build & Test (Windows)	UNKNOWN STEP	2025-12-22T11:05:40.0164561Z -- Fixing pkgconfig file: C:/vcpkg/packages/harfbuzz_x64-windows/debug/lib/pkgconfig/harfbuzz.pc
Rust Build & Test (Windows)	UNKNOWN STEP	2025-12-22T11:05:40.0399623Z -- Installing: C:/vcpkg/packages/harfbuzz_x64-windows/share/harfbuzz/copyright
Rust Build & Test (Windows)	UNKNOWN STEP	2025-12-22T11:05:40.0410874Z -- Installing: C:/vcpkg/packages/harfbuzz_x64-windows/share/harfbuzz/usage
Rust Build & Test (Windows)	UNKNOWN STEP	2025-12-22T11:05:40.0524800Z -- Performing post-build validation
Rust Build & Test (Windows)	UNKNOWN STEP	2025-12-22T11:05:40.1873515Z Starting submission of harfbuzz[core,freetype]:x64-windows@12.2.0 to 1 binary cache(s) in the background
Rust Build & Test (Windows)	UNKNOWN STEP	2025-12-22T11:05:40.1874472Z Elapsed time to handle harfbuzz:x64-windows: 5.3 min
Rust Build & Test (Windows)	UNKNOWN STEP	2025-12-22T11:05:40.1875705Z harfbuzz:x64-windows package ABI: 509c4c15f8818597aece1160f16e1ff3a8199501b8e81ffbe4b5405744763e4c
Rust Build & Test (Windows)	UNKNOWN STEP	2025-12-22T11:05:40.1876820Z Completed submission of graphite2:x64-windows@1.3.14#4 to 1 binary cache(s) in 327 ms
Rust Build & Test (Windows)	UNKNOWN STEP	2025-12-22T11:05:40.1877701Z Installing 17/17 icu[core,tools]:x64-windows@78.1...
Rust Build & Test (Windows)	UNKNOWN STEP	2025-12-22T11:05:40.1878699Z Building icu[core,tools]:x64-windows@78.1...
Rust Build & Test (Windows)	UNKNOWN STEP	2025-12-22T11:05:40.2840755Z Downloading https://github.com/unicode-org/icu/releases/download/release-78.1/icu4c-78.1-sources.tgz -> icu4c-78.1-sources.tgz
Rust Build & Test (Windows)	UNKNOWN STEP	2025-12-22T11:05:40.9697883Z Successfully downloaded icu4c-78.1-sources.tgz
Rust Build & Test (Windows)	UNKNOWN STEP	2025-12-22T11:05:41.2458013Z -- Extracting source C:/vcpkg/downloads/icu4c-78.1-sources.tgz
Rust Build & Test (Windows)	UNKNOWN STEP	2025-12-22T11:05:46.0298287Z -- Applying patch disable-static-prefix.patch
Rust Build & Test (Windows)	UNKNOWN STEP	2025-12-22T11:05:46.0487663Z -- Applying patch fix_parallel_build_on_windows.patch
Rust Build & Test (Windows)	UNKNOWN STEP	2025-12-22T11:05:46.0666795Z -- Applying patch mh-darwin.patch
Rust Build & Test (Windows)	UNKNOWN STEP	2025-12-22T11:05:46.0842525Z -- Applying patch mh-mingw.patch
Rust Build & Test (Windows)	UNKNOWN STEP	2025-12-22T11:05:46.1031601Z -- Applying patch mh-msys-msvc.patch
Rust Build & Test (Windows)	UNKNOWN STEP	2025-12-22T11:05:46.1266780Z -- Applying patch subdirs.patch
Rust Build & Test (Windows)	UNKNOWN STEP	2025-12-22T11:05:46.1449453Z -- Applying patch vcpkg-cross-data.patch
Rust Build & Test (Windows)	UNKNOWN STEP	2025-12-22T11:05:46.1925902Z -- Using source at C:/vcpkg/buildtrees/icu/src/icu4c-78-1e598a38d5.clean
Rust Build & Test (Windows)	UNKNOWN STEP	2025-12-22T11:05:46.2008411Z -- Getting CMake variables for x64-windows
Rust Build & Test (Windows)	UNKNOWN STEP	2025-12-22T11:05:48.7959367Z -- Loading CMake variables from C:/vcpkg/buildtrees/icu/cmake-get-vars_C_CXX-x64-windows.cmake.log
Rust Build & Test (Windows)	UNKNOWN STEP	2025-12-22T11:05:48.8156280Z -- Using cached msys2-autoconf-wrapper-20240607-1-any.pkg.tar.zst
Rust Build & Test (Windows)	UNKNOWN STEP	2025-12-22T11:05:48.8161652Z -- Using cached msys2-automake-wrapper-20240607-1-any.pkg.tar.zst
Rust Build & Test (Windows)	UNKNOWN STEP	2025-12-22T11:05:48.8188492Z -- Using cached msys2-autoconf-archive-2023.02.20-1-any.pkg.tar.zst
Rust Build & Test (Windows)	UNKNOWN STEP	2025-12-22T11:05:48.8410966Z -- Using cached msys2-binutils-2.44-1-x86_64.pkg.tar.zst
Rust Build & Test (Windows)	UNKNOWN STEP	2025-12-22T11:05:48.8431522Z -- Using cached msys2-libtool-2.5.4-1-x86_64.pkg.tar.zst
Rust Build & Test (Windows)	UNKNOWN STEP	2025-12-22T11:05:48.8457098Z -- Using cached msys2-make-4.4.1-2-x86_64.pkg.tar.zst
Rust Build & Test (Windows)	UNKNOWN STEP	2025-12-22T11:05:48.8463448Z -- Using cached msys2-which-2.23-4-x86_64.pkg.tar.zst
Rust Build & Test (Windows)	UNKNOWN STEP	2025-12-22T11:05:48.8562480Z -- Using cached msys2-bash-5.2.037-2-x86_64.pkg.tar.zst
Rust Build & Test (Windows)	UNKNOWN STEP	2025-12-22T11:05:48.8670751Z -- Using cached msys2-coreutils-8.32-5-x86_64.pkg.tar.zst
Rust Build & Test (Windows)	UNKNOWN STEP	2025-12-22T11:05:48.8692852Z -- Using cached msys2-file-5.46-2-x86_64.pkg.tar.zst
Rust Build & Test (Windows)	UNKNOWN STEP	2025-12-22T11:05:48.8752525Z -- Using cached msys2-gawk-5.3.2-1-x86_64.pkg.tar.zst
Rust Build & Test (Windows)	UNKNOWN STEP	2025-12-22T11:05:48.8766984Z -- Using cached msys2-grep-1~3.0-7-x86_64.pkg.tar.zst
Rust Build & Test (Windows)	UNKNOWN STEP	2025-12-22T11:05:48.8776850Z -- Using cached msys2-gzip-1.14-1-x86_64.pkg.tar.zst
Rust Build & Test (Windows)	UNKNOWN STEP	2025-12-22T11:05:48.8797465Z -- Using cached msys2-diffutils-3.12-1-x86_64.pkg.tar.zst
Rust Build & Test (Windows)	UNKNOWN STEP	2025-12-22T11:05:48.8805050Z -- Using cached msys2-pkgconf-2.4.3-1-x86_64.pkg.tar.zst
Rust Build & Test (Windows)	UNKNOWN STEP	2025-12-22T11:05:48.8820341Z -- Using cached msys2-sed-4.9-1-x86_64.pkg.tar.zst
Rust Build & Test (Windows)	UNKNOWN STEP	2025-12-22T11:05:48.8897746Z -- Using cached msys2-msys2-runtime-3.6.2-2-x86_64.pkg.tar.zst
Rust Build & Test (Windows)	UNKNOWN STEP	2025-12-22T11:05:48.8930892Z -- Using cached msys2-autoconf2.72-2.72-3-any.pkg.tar.zst
Rust Build & Test (Windows)	UNKNOWN STEP	2025-12-22T11:05:48.8956957Z -- Using cached msys2-automake1.16-1.16.5-1-any.pkg.tar.zst
Rust Build & Test (Windows)	UNKNOWN STEP	2025-12-22T11:05:48.8982525Z -- Using cached msys2-automake1.17-1.17-1-any.pkg.tar.zst
Rust Build & Test (Windows)	UNKNOWN STEP	2025-12-22T11:05:48.9015354Z -- Using cached msys2-libiconv-1.18-1-x86_64.pkg.tar.zst
Rust Build & Test (Windows)	UNKNOWN STEP	2025-12-22T11:05:48.9022344Z -- Using cached msys2-libintl-0.22.5-1-x86_64.pkg.tar.zst
Rust Build & Test (Windows)	UNKNOWN STEP	2025-12-22T11:05:48.9030110Z -- Using cached msys2-zlib-1.3.1-1-x86_64.pkg.tar.zst
Rust Build & Test (Windows)	UNKNOWN STEP	2025-12-22T11:05:48.9056910Z -- Using cached msys2-findutils-4.10.0-2-x86_64.pkg.tar.zst
Rust Build & Test (Windows)	UNKNOWN STEP	2025-12-22T11:05:48.9105342Z -- Using cached msys2-tar-1.35-2-x86_64.pkg.tar.zst
Rust Build & Test (Windows)	UNKNOWN STEP	2025-12-22T11:05:48.9125912Z -- Using cached msys2-gmp-6.3.0-1-x86_64.pkg.tar.zst
Rust Build & Test (Windows)	UNKNOWN STEP	2025-12-22T11:05:48.9171536Z -- Using cached msys2-gcc-libs-13.3.0-1-x86_64.pkg.tar.zst
Rust Build & Test (Windows)	UNKNOWN STEP	2025-12-22T11:05:48.9178334Z -- Using cached msys2-libbz2-1.0.8-4-x86_64.pkg.tar.zst
Rust Build & Test (Windows)	UNKNOWN STEP	2025-12-22T11:05:48.9189129Z -- Using cached msys2-liblzma-5.8.1-1-x86_64.pkg.tar.zst
Rust Build & Test (Windows)	UNKNOWN STEP	2025-12-22T11:05:48.9211321Z -- Using cached msys2-libzstd-1.5.7-1-x86_64.pkg.tar.zst
Rust Build & Test (Windows)	UNKNOWN STEP	2025-12-22T11:05:48.9229611Z -- Using cached msys2-libreadline-8.2.013-1-x86_64.pkg.tar.zst
Rust Build & Test (Windows)	UNKNOWN STEP	2025-12-22T11:05:48.9249659Z -- Using cached msys2-mpfr-4.2.2-1-x86_64.pkg.tar.zst
Rust Build & Test (Windows)	UNKNOWN STEP	2025-12-22T11:05:48.9258184Z -- Using cached msys2-libpcre-8.45-5-x86_64.pkg.tar.zst
Rust Build & Test (Windows)	UNKNOWN STEP	2025-12-22T11:05:48.9272564Z -- Using cached msys2-m4-1.4.19-2-x86_64.pkg.tar.zst
Rust Build & Test (Windows)	UNKNOWN STEP	2025-12-22T11:05:48.9543311Z -- Using cached msys2-perl-5.38.4-2-x86_64.pkg.tar.zst
Rust Build & Test (Windows)	UNKNOWN STEP	2025-12-22T11:05:48.9595149Z -- Using cached msys2-ncurses-6.5.20240831-2-x86_64.pkg.tar.zst
Rust Build & Test (Windows)	UNKNOWN STEP	2025-12-22T11:05:48.9603787Z -- Using cached msys2-libxcrypt-4.4.38-1-x86_64.pkg.tar.zst
Rust Build & Test (Windows)	UNKNOWN STEP	2025-12-22T11:05:48.9615127Z -- Using msys root at C:/vcpkg/downloads/tools/msys2/8392cd453c24d30d
Rust Build & Test (Windows)	UNKNOWN STEP	2025-12-22T11:05:48.9910887Z -- Using cached msys2-mingw-w64-x86_64-pkgconf-1~2.4.3-1-any.pkg.tar.zst
Rust Build & Test (Windows)	UNKNOWN STEP	2025-12-22T11:05:48.9987547Z -- Using cached msys2-msys2-runtime-3.6.2-2-x86_64.pkg.tar.zst
Rust Build & Test (Windows)	UNKNOWN STEP	2025-12-22T11:05:48.9992689Z -- Using msys root at C:/vcpkg/downloads/tools/msys2/9272adbcaf19caef
Rust Build & Test (Windows)	UNKNOWN STEP	2025-12-22T11:05:49.0043999Z -- Configuring x64-windows-dbg
Rust Build & Test (Windows)	UNKNOWN STEP	2025-12-22T11:06:37.2778712Z -- Configuring x64-windows-rel
Rust Build & Test (Windows)	UNKNOWN STEP	2025-12-22T11:07:25.4028595Z -- Using cached msys2-autoconf-wrapper-20240607-1-any.pkg.tar.zst
Rust Build & Test (Windows)	UNKNOWN STEP	2025-12-22T11:07:25.4034119Z -- Using cached msys2-automake-wrapper-20240607-1-any.pkg.tar.zst
Rust Build & Test (Windows)	UNKNOWN STEP	2025-12-22T11:07:25.4060693Z -- Using cached msys2-autoconf-archive-2023.02.20-1-any.pkg.tar.zst
Rust Build & Test (Windows)	UNKNOWN STEP	2025-12-22T11:07:25.4282908Z -- Using cached msys2-binutils-2.44-1-x86_64.pkg.tar.zst
Rust Build & Test (Windows)	UNKNOWN STEP	2025-12-22T11:07:25.4303513Z -- Using cached msys2-libtool-2.5.4-1-x86_64.pkg.tar.zst
Rust Build & Test (Windows)	UNKNOWN STEP	2025-12-22T11:07:25.4328395Z -- Using cached msys2-make-4.4.1-2-x86_64.pkg.tar.zst
Rust Build & Test (Windows)	UNKNOWN STEP	2025-12-22T11:07:25.4334173Z -- Using cached msys2-which-2.23-4-x86_64.pkg.tar.zst
Rust Build & Test (Windows)	UNKNOWN STEP	2025-12-22T11:07:25.4433668Z -- Using cached msys2-bash-5.2.037-2-x86_64.pkg.tar.zst
Rust Build & Test (Windows)	UNKNOWN STEP	2025-12-22T11:07:25.4541239Z -- Using cached msys2-coreutils-8.32-5-x86_64.pkg.tar.zst
Rust Build & Test (Windows)	UNKNOWN STEP	2025-12-22T11:07:25.4563244Z -- Using cached msys2-file-5.46-2-x86_64.pkg.tar.zst
Rust Build & Test (Windows)	UNKNOWN STEP	2025-12-22T11:07:25.4622940Z -- Using cached msys2-gawk-5.3.2-1-x86_64.pkg.tar.zst
Rust Build & Test (Windows)	UNKNOWN STEP	2025-12-22T11:07:25.4637432Z -- Using cached msys2-grep-1~3.0-7-x86_64.pkg.tar.zst
Rust Build & Test (Windows)	UNKNOWN STEP	2025-12-22T11:07:25.4646163Z -- Using cached msys2-gzip-1.14-1-x86_64.pkg.tar.zst
Rust Build & Test (Windows)	UNKNOWN STEP	2025-12-22T11:07:25.4666813Z -- Using cached msys2-diffutils-3.12-1-x86_64.pkg.tar.zst
Rust Build & Test (Windows)	UNKNOWN STEP	2025-12-22T11:07:25.4674581Z -- Using cached msys2-pkgconf-2.4.3-1-x86_64.pkg.tar.zst
Rust Build & Test (Windows)	UNKNOWN STEP	2025-12-22T11:07:25.4689934Z -- Using cached msys2-sed-4.9-1-x86_64.pkg.tar.zst
Rust Build & Test (Windows)	UNKNOWN STEP	2025-12-22T11:07:25.4767106Z -- Using cached msys2-msys2-runtime-3.6.2-2-x86_64.pkg.tar.zst
Rust Build & Test (Windows)	UNKNOWN STEP	2025-12-22T11:07:25.4800074Z -- Using cached msys2-autoconf2.72-2.72-3-any.pkg.tar.zst
Rust Build & Test (Windows)	UNKNOWN STEP	2025-12-22T11:07:25.4825252Z -- Using cached msys2-automake1.16-1.16.5-1-any.pkg.tar.zst
Rust Build & Test (Windows)	UNKNOWN STEP	2025-12-22T11:07:25.4850931Z -- Using cached msys2-automake1.17-1.17-1-any.pkg.tar.zst
Rust Build & Test (Windows)	UNKNOWN STEP	2025-12-22T11:07:25.4883279Z -- Using cached msys2-libiconv-1.18-1-x86_64.pkg.tar.zst
Rust Build & Test (Windows)	UNKNOWN STEP	2025-12-22T11:07:25.4890225Z -- Using cached msys2-libintl-0.22.5-1-x86_64.pkg.tar.zst
Rust Build & Test (Windows)	UNKNOWN STEP	2025-12-22T11:07:25.4897182Z -- Using cached msys2-zlib-1.3.1-1-x86_64.pkg.tar.zst
Rust Build & Test (Windows)	UNKNOWN STEP	2025-12-22T11:07:25.4923890Z -- Using cached msys2-findutils-4.10.0-2-x86_64.pkg.tar.zst
Rust Build & Test (Windows)	UNKNOWN STEP	2025-12-22T11:07:25.4959368Z -- Using cached msys2-tar-1.35-2-x86_64.pkg.tar.zst
Rust Build & Test (Windows)	UNKNOWN STEP	2025-12-22T11:07:25.4980123Z -- Using cached msys2-gmp-6.3.0-1-x86_64.pkg.tar.zst
Rust Build & Test (Windows)	UNKNOWN STEP	2025-12-22T11:07:25.5023046Z -- Using cached msys2-gcc-libs-13.3.0-1-x86_64.pkg.tar.zst
Rust Build & Test (Windows)	UNKNOWN STEP	2025-12-22T11:07:25.5029267Z -- Using cached msys2-libbz2-1.0.8-4-x86_64.pkg.tar.zst
Rust Build & Test (Windows)	UNKNOWN STEP	2025-12-22T11:07:25.5037935Z -- Using cached msys2-liblzma-5.8.1-1-x86_64.pkg.tar.zst
Rust Build & Test (Windows)	UNKNOWN STEP	2025-12-22T11:07:25.5057971Z -- Using cached msys2-libzstd-1.5.7-1-x86_64.pkg.tar.zst
Rust Build & Test (Windows)	UNKNOWN STEP	2025-12-22T11:07:25.5074225Z -- Using cached msys2-libreadline-8.2.013-1-x86_64.pkg.tar.zst
Rust Build & Test (Windows)	UNKNOWN STEP	2025-12-22T11:07:25.5093869Z -- Using cached msys2-mpfr-4.2.2-1-x86_64.pkg.tar.zst
Rust Build & Test (Windows)	UNKNOWN STEP	2025-12-22T11:07:25.5102324Z -- Using cached msys2-libpcre-8.45-5-x86_64.pkg.tar.zst
Rust Build & Test (Windows)	UNKNOWN STEP	2025-12-22T11:07:25.5116305Z -- Using cached msys2-m4-1.4.19-2-x86_64.pkg.tar.zst
Rust Build & Test (Windows)	UNKNOWN STEP	2025-12-22T11:07:25.5387557Z -- Using cached msys2-perl-5.38.4-2-x86_64.pkg.tar.zst
Rust Build & Test (Windows)	UNKNOWN STEP	2025-12-22T11:07:25.5439450Z -- Using cached msys2-ncurses-6.5.20240831-2-x86_64.pkg.tar.zst
Rust Build & Test (Windows)	UNKNOWN STEP	2025-12-22T11:07:25.5447800Z -- Using cached msys2-libxcrypt-4.4.38-1-x86_64.pkg.tar.zst
Rust Build & Test (Windows)	UNKNOWN STEP	2025-12-22T11:07:25.5458295Z -- Using msys root at C:/vcpkg/downloads/tools/msys2/8392cd453c24d30d
Rust Build & Test (Windows)	UNKNOWN STEP	2025-12-22T11:07:25.5720927Z -- Building/Installing x64-windows-dbg
Rust Build & Test (Windows)	UNKNOWN STEP	2025-12-22T11:07:25.5778201Z -- Making target 'all' for x64-windows-dbg
Rust Build & Test (Windows)	UNKNOWN STEP	2025-12-22T11:10:00.3094378Z -- Making target 'install' for x64-windows-dbg
Rust Build & Test (Windows)	UNKNOWN STEP	2025-12-22T11:10:13.0002692Z -- Building/Installing x64-windows-rel
Rust Build & Test (Windows)	UNKNOWN STEP	2025-12-22T11:10:13.0060868Z -- Making target 'all' for x64-windows-rel
Rust Build & Test (Windows)	UNKNOWN STEP	2025-12-22T11:13:44.2095662Z -- Making target 'install' for x64-windows-rel
Rust Build & Test (Windows)	UNKNOWN STEP	2025-12-22T11:13:56.2338258Z -- Installing: C:/vcpkg/packages/icu_x64-windows/tools/icu/config/icucross.inc
Rust Build & Test (Windows)	UNKNOWN STEP	2025-12-22T11:13:56.2351931Z -- Installing: C:/vcpkg/packages/icu_x64-windows/tools/icu/config/icucross.mk
Rust Build & Test (Windows)	UNKNOWN STEP	2025-12-22T11:13:57.6934815Z CMake Warning at scripts/cmake/vcpkg_copy_pdbs.cmake:44 (message):
Rust Build & Test (Windows)	UNKNOWN STEP	2025-12-22T11:13:57.6935594Z   Could not find a matching pdb file for:
Rust Build & Test (Windows)	UNKNOWN STEP	2025-12-22T11:13:57.6936002Z 
Rust Build & Test (Windows)	UNKNOWN STEP	2025-12-22T11:13:57.6936230Z       C:/vcpkg/packages/icu_x64-windows/bin/icudt78.dll
Rust Build & Test (Windows)	UNKNOWN STEP	2025-12-22T11:13:57.6936900Z       C:/vcpkg/packages/icu_x64-windows/debug/bin/icudtd78.dll
Rust Build & Test (Windows)	UNKNOWN STEP	2025-12-22T11:13:57.6937331Z 
Rust Build & Test (Windows)	UNKNOWN STEP	2025-12-22T11:13:57.6937546Z Call Stack (most recent call first):
Rust Build & Test (Windows)	UNKNOWN STEP	2025-12-22T11:13:57.6938153Z   ports/icu/portfile.cmake:134 (vcpkg_copy_pdbs)
Rust Build & Test (Windows)	UNKNOWN STEP	2025-12-22T11:13:57.6938730Z   scripts/ports.cmake:206 (include)
Rust Build & Test (Windows)	UNKNOWN STEP	2025-12-22T11:13:57.6939129Z 
Rust Build & Test (Windows)	UNKNOWN STEP	2025-12-22T11:13:57.6939135Z 
Rust Build & Test (Windows)	UNKNOWN STEP	2025-12-22T11:13:57.6963639Z -- Fixing pkgconfig file: C:/vcpkg/packages/icu_x64-windows/lib/pkgconfig/icu-i18n.pc
Rust Build & Test (Windows)	UNKNOWN STEP	2025-12-22T11:13:57.6973238Z -- Fixing pkgconfig file: C:/vcpkg/packages/icu_x64-windows/lib/pkgconfig/icu-io.pc
Rust Build & Test (Windows)	UNKNOWN STEP	2025-12-22T11:13:57.6985747Z -- Fixing pkgconfig file: C:/vcpkg/packages/icu_x64-windows/lib/pkgconfig/icu-uc.pc
Rust Build & Test (Windows)	UNKNOWN STEP	2025-12-22T11:13:57.7244017Z -- Fixing pkgconfig file: C:/vcpkg/packages/icu_x64-windows/debug/lib/pkgconfig/icu-i18n.pc
Rust Build & Test (Windows)	UNKNOWN STEP	2025-12-22T11:13:57.7253699Z -- Fixing pkgconfig file: C:/vcpkg/packages/icu_x64-windows/debug/lib/pkgconfig/icu-io.pc
Rust Build & Test (Windows)	UNKNOWN STEP	2025-12-22T11:13:57.7263631Z -- Fixing pkgconfig file: C:/vcpkg/packages/icu_x64-windows/debug/lib/pkgconfig/icu-uc.pc
Rust Build & Test (Windows)	UNKNOWN STEP	2025-12-22T11:13:57.7579587Z -- Installing: C:/vcpkg/packages/icu_x64-windows/share/icu/copyright
Rust Build & Test (Windows)	UNKNOWN STEP	2025-12-22T11:13:57.7672080Z -- Performing post-build validation
Rust Build & Test (Windows)	UNKNOWN STEP	2025-12-22T11:13:58.3965138Z Starting submission of icu[core,tools]:x64-windows@78.1 to 1 binary cache(s) in the background
Rust Build & Test (Windows)	UNKNOWN STEP	2025-12-22T11:13:58.3967075Z Elapsed time to handle icu:x64-windows: 8.3 min
Rust Build & Test (Windows)	UNKNOWN STEP	2025-12-22T11:13:58.3968665Z icu:x64-windows package ABI: 471a804d30fe27ea2f076db27acd4c99fb6147542a328cbaa1c54c4933208da5
Rust Build & Test (Windows)	UNKNOWN STEP	2025-12-22T11:13:58.4111121Z Total install time: 20 min
Rust Build & Test (Windows)	UNKNOWN STEP	2025-12-22T11:13:58.4112471Z Installed contents are licensed to you by owners. Microsoft is not responsible for, nor does it grant any licenses to, third-party packages.
Rust Build & Test (Windows)	UNKNOWN STEP	2025-12-22T11:13:58.4113993Z Some packages did not declare an SPDX license. Check the `copyright` file for each package for more information about their licensing.
Rust Build & Test (Windows)	UNKNOWN STEP	2025-12-22T11:13:58.4115186Z Packages installed in this vcpkg installation declare the following licenses:
Rust Build & Test (Windows)	UNKNOWN STEP	2025-12-22T11:13:58.4115899Z (FTL OR GPL-2.0-or-later)
Rust Build & Test (Windows)	UNKNOWN STEP	2025-12-22T11:13:58.4116330Z Apache-2.0
Rust Build & Test (Windows)	UNKNOWN STEP	2025-12-22T11:13:58.4116650Z GPL-3.0-or-later
Rust Build & Test (Windows)	UNKNOWN STEP	2025-12-22T11:13:58.4117020Z ICU
Rust Build & Test (Windows)	UNKNOWN STEP	2025-12-22T11:13:58.4117360Z MIT
Rust Build & Test (Windows)	UNKNOWN STEP	2025-12-22T11:13:58.4117672Z MIT-Modern-Variant
Rust Build & Test (Windows)	UNKNOWN STEP	2025-12-22T11:13:58.4118025Z Zlib
Rust Build & Test (Windows)	UNKNOWN STEP	2025-12-22T11:13:58.4118344Z bzip2-1.0.6
Rust Build & Test (Windows)	UNKNOWN STEP	2025-12-22T11:13:58.4118701Z libpng-2.0
Rust Build & Test (Windows)	UNKNOWN STEP	2025-12-22T11:13:58.4119122Z freetype is compatible with built-in CMake targets:
Rust Build & Test (Windows)	UNKNOWN STEP	2025-12-22T11:13:58.4119551Z 
Rust Build & Test (Windows)	UNKNOWN STEP	2025-12-22T11:13:58.4119721Z     find_package(Freetype REQUIRED)
Rust Build & Test (Windows)	UNKNOWN STEP	2025-12-22T11:13:58.4128529Z     target_link_libraries(main PRIVATE Freetype::Freetype) # since CMake 3.10
Rust Build & Test (Windows)	UNKNOWN STEP	2025-12-22T11:13:58.4129091Z 
Rust Build & Test (Windows)	UNKNOWN STEP	2025-12-22T11:13:58.4129599Z fontconfig is compatible with built-in CMake targets:
Rust Build & Test (Windows)	UNKNOWN STEP	2025-12-22T11:13:58.4129990Z 
Rust Build & Test (Windows)	UNKNOWN STEP	2025-12-22T11:13:58.4130249Z   find_package(Fontconfig REQUIRED) # since CMake 3.14
Rust Build & Test (Windows)	UNKNOWN STEP	2025-12-22T11:13:58.4130870Z   target_link_libraries(main PRIVATE Fontconfig::Fontconfig)
Rust Build & Test (Windows)	UNKNOWN STEP	2025-12-22T11:13:58.4131303Z 
Rust Build & Test (Windows)	UNKNOWN STEP	2025-12-22T11:13:58.4131470Z fontconfig provides pkg-config modules:
Rust Build & Test (Windows)	UNKNOWN STEP	2025-12-22T11:13:58.4131775Z 
Rust Build & Test (Windows)	UNKNOWN STEP	2025-12-22T11:13:58.4131963Z   # Font configuration and customization library
Rust Build & Test (Windows)	UNKNOWN STEP	2025-12-22T11:13:58.4132452Z   fontconfig
Rust Build & Test (Windows)	UNKNOWN STEP	2025-12-22T11:13:58.4132625Z 
Rust Build & Test (Windows)	UNKNOWN STEP	2025-12-22T11:13:58.4132828Z graphite2 provides pkg-config modules:
Rust Build & Test (Windows)	UNKNOWN STEP	2025-12-22T11:13:58.4133333Z 
Rust Build & Test (Windows)	UNKNOWN STEP	2025-12-22T11:13:58.4133509Z   # Font rendering engine for Complex Scripts
Rust Build & Test (Windows)	UNKNOWN STEP	2025-12-22T11:13:58.4133978Z   graphite2
Rust Build & Test (Windows)	UNKNOWN STEP	2025-12-22T11:13:58.4134153Z 
Rust Build & Test (Windows)	UNKNOWN STEP	2025-12-22T11:13:58.4134325Z harfbuzz provides CMake targets:
Rust Build & Test (Windows)	UNKNOWN STEP	2025-12-22T11:13:58.4134646Z 
Rust Build & Test (Windows)	UNKNOWN STEP	2025-12-22T11:13:58.4134813Z   find_package(harfbuzz CONFIG REQUIRED)
Rust Build & Test (Windows)	UNKNOWN STEP	2025-12-22T11:13:58.4135292Z   # HarfBuzz font subsetter
Rust Build & Test (Windows)	UNKNOWN STEP	2025-12-22T11:13:58.4135806Z   target_link_libraries(main PRIVATE harfbuzz::harfbuzz-subset)
Rust Build & Test (Windows)	UNKNOWN STEP	2025-12-22T11:13:58.4136404Z   # HarfBuzz text shaping library
Rust Build & Test (Windows)	UNKNOWN STEP	2025-12-22T11:13:58.4136895Z   target_link_libraries(main PRIVATE harfbuzz::harfbuzz)
Rust Build & Test (Windows)	UNKNOWN STEP	2025-12-22T11:13:58.4137315Z 
Rust Build & Test (Windows)	UNKNOWN STEP	2025-12-22T11:13:58.4137478Z harfbuzz provides pkg-config modules:
Rust Build & Test (Windows)	UNKNOWN STEP	2025-12-22T11:13:58.4137779Z 
Rust Build & Test (Windows)	UNKNOWN STEP	2025-12-22T11:13:58.4137919Z   # HarfBuzz font subsetter
Rust Build & Test (Windows)	UNKNOWN STEP	2025-12-22T11:13:58.4138321Z   harfbuzz-subset
Rust Build & Test (Windows)	UNKNOWN STEP	2025-12-22T11:13:58.4138513Z 
Rust Build & Test (Windows)	UNKNOWN STEP	2025-12-22T11:13:58.4138701Z   # HarfBuzz text shaping library
Rust Build & Test (Windows)	UNKNOWN STEP	2025-12-22T11:13:58.4139087Z   harfbuzz
Rust Build & Test (Windows)	UNKNOWN STEP	2025-12-22T11:13:58.4139249Z 
Rust Build & Test (Windows)	UNKNOWN STEP	2025-12-22T11:13:58.4139433Z icu provides pkg-config modules:
Rust Build & Test (Windows)	UNKNOWN STEP	2025-12-22T11:13:58.4139706Z 
Rust Build & Test (Windows)	UNKNOWN STEP	2025-12-22T11:13:58.4140017Z   # International Components for Unicode: Internationalization library
Rust Build & Test (Windows)	UNKNOWN STEP	2025-12-22T11:13:58.4140638Z   icu-i18n
Rust Build & Test (Windows)	UNKNOWN STEP	2025-12-22T11:13:58.4140799Z 
Rust Build & Test (Windows)	UNKNOWN STEP	2025-12-22T11:13:58.4141059Z   # International Components for Unicode: Stream and I/O Library
Rust Build & Test (Windows)	UNKNOWN STEP	2025-12-22T11:13:58.4141635Z   icu-io
Rust Build & Test (Windows)	UNKNOWN STEP	2025-12-22T11:13:58.4141799Z 
Rust Build & Test (Windows)	UNKNOWN STEP	2025-12-22T11:13:58.4142121Z   # International Components for Unicode: Common and Data libraries
Rust Build & Test (Windows)	UNKNOWN STEP	2025-12-22T11:13:58.4142679Z   icu-uc
Rust Build & Test (Windows)	UNKNOWN STEP	2025-12-22T11:13:58.4142839Z 
Rust Build & Test (Windows)	UNKNOWN STEP	2025-12-22T11:13:58.4143330Z Completed submission of harfbuzz[core,freetype]:x64-windows@12.2.0 to 1 binary cache(s) in 3.6 s
Rust Build & Test (Windows)	UNKNOWN STEP	2025-12-22T11:13:58.4144134Z Waiting for 1 remaining binary cache submissions...
Rust Build & Test (Windows)	UNKNOWN STEP	2025-12-22T11:14:08.3446807Z Completed submission of icu[core,tools]:x64-windows@78.1 to 1 binary cache(s) in 9.9 s (1/1)
Rust Build & Test (Windows)	UNKNOWN STEP	2025-12-22T11:14:08.3448008Z All requested installations completed successfully in: 20 min
Rust Build & Test (Windows)	UNKNOWN STEP	2025-12-22T11:14:08.3872398Z ##[group]Run cargo build --verbose
Rust Build & Test (Windows)	UNKNOWN STEP	2025-12-22T11:14:08.3873034Z [36;1mcargo build --verbose[0m
Rust Build & Test (Windows)	UNKNOWN STEP	2025-12-22T11:14:08.3995390Z shell: C:\Program Files\PowerShell\7\pwsh.EXE -command ". '{0}'"
Rust Build & Test (Windows)	UNKNOWN STEP	2025-12-22T11:14:08.3995975Z env:
Rust Build & Test (Windows)	UNKNOWN STEP	2025-12-22T11:14:08.3996399Z   CARGO_HOME: C:\Users\runneradmin\.cargo
Rust Build & Test (Windows)	UNKNOWN STEP	2025-12-22T11:14:08.3996923Z   CARGO_INCREMENTAL: 0
Rust Build & Test (Windows)	UNKNOWN STEP	2025-12-22T11:14:08.3997313Z   CARGO_TERM_COLOR: always
Rust Build & Test (Windows)	UNKNOWN STEP	2025-12-22T11:14:08.3997769Z   CACHE_ON_FAILURE: false
Rust Build & Test (Windows)	UNKNOWN STEP	2025-12-22T11:14:08.3998161Z   VCPKGRS_DYNAMIC: 1
Rust Build & Test (Windows)	UNKNOWN STEP	2025-12-22T11:14:08.3998578Z ##[endgroup]
Rust Build & Test (Windows)	UNKNOWN STEP	2025-12-22T11:14:11.3283686Z [1m[92m    Updating[0m crates.io index
Rust Build & Test (Windows)	UNKNOWN STEP	2025-12-22T11:14:13.6988931Z [1m[92m Downloading[0m crates ...
Rust Build & Test (Windows)	UNKNOWN STEP	2025-12-22T11:14:13.8993765Z [1m[92m  Downloaded[0m anstyle v1.0.13
Rust Build & Test (Windows)	UNKNOWN STEP	2025-12-22T11:14:13.9812040Z [1m[92m  Downloaded[0m hmac v0.12.1
Rust Build & Test (Windows)	UNKNOWN STEP	2025-12-22T11:14:14.0168727Z [1m[92m  Downloaded[0m pin-utils v0.1.0
Rust Build & Test (Windows)	UNKNOWN STEP	2025-12-22T11:14:14.0427538Z [1m[92m  Downloaded[0m powerfmt v0.2.0
Rust Build & Test (Windows)	UNKNOWN STEP	2025-12-22T11:14:14.0642186Z [1m[92m  Downloaded[0m rand_core v0.6.4
Rust Build & Test (Windows)	UNKNOWN STEP	2025-12-22T11:14:14.0828925Z [1m[92m  Downloaded[0m tectonic_bridge_icu v0.2.1
Rust Build & Test (Windows)	UNKNOWN STEP	2025-12-22T11:14:14.0955131Z [1m[92m  Downloaded[0m tectonic_io_base v0.4.3
Rust Build & Test (Windows)	UNKNOWN STEP	2025-12-22T11:14:14.1131173Z [1m[92m  Downloaded[0m writeable v0.6.2
Rust Build & Test (Windows)	UNKNOWN STEP	2025-12-22T11:14:14.1379687Z [1m[92m  Downloaded[0m windows-targets v0.42.2
Rust Build & Test (Windows)	UNKNOWN STEP	2025-12-22T11:14:14.1494524Z [1m[92m  Downloaded[0m watchexec v2.3.2
Rust Build & Test (Windows)	UNKNOWN STEP	2025-12-22T11:14:14.1838031Z [1m[92m  Downloaded[0m uuid v1.19.0
Rust Build & Test (Windows)	UNKNOWN STEP	2025-12-22T11:14:14.2122132Z [1m[92m  Downloaded[0m zstd-safe v5.0.2+zstd.1.5.2
Rust Build & Test (Windows)	UNKNOWN STEP	2025-12-22T11:14:14.2263666Z [1m[92m  Downloaded[0m serde_json v1.0.145
Rust Build & Test (Windows)	UNKNOWN STEP	2025-12-22T11:14:14.3096783Z [1m[92m  Downloaded[0m syn v1.0.109
Rust Build & Test (Windows)	UNKNOWN STEP	2025-12-22T11:14:14.3916638Z [1m[92m  Downloaded[0m tera v1.20.1
Rust Build & Test (Windows)	UNKNOWN STEP	2025-12-22T11:14:14.4310337Z [1m[92m  Downloaded[0m tower v0.4.13
Rust Build & Test (Windows)	UNKNOWN STEP	2025-12-22T11:14:14.5358714Z [1m[92m  Downloaded[0m tokio-util v0.7.17
Rust Build & Test (Windows)	UNKNOWN STEP	2025-12-22T11:14:14.6088932Z [1m[92m  Downloaded[0m typenum v1.19.0
Rust Build & Test (Windows)	UNKNOWN STEP	2025-12-22T11:14:14.6297326Z [1m[92m  Downloaded[0m url v2.5.7
Rust Build & Test (Windows)	UNKNOWN STEP	2025-12-22T11:14:14.6521131Z [1m[92m  Downloaded[0m time v0.3.44
Rust Build & Test (Windows)	UNKNOWN STEP	2025-12-22T11:14:14.7383415Z [1m[92m  Downloaded[0m unicode-segmentation v1.12.0
Rust Build & Test (Windows)	UNKNOWN STEP	2025-12-22T11:14:14.7575663Z [1m[92m  Downloaded[0m unicode-normalization v0.1.25
Rust Build & Test (Windows)	UNKNOWN STEP	2025-12-22T11:14:14.7791358Z [1m[92m  Downloaded[0m tracing v0.1.44
Rust Build & Test (Windows)	UNKNOWN STEP	2025-12-22T11:14:14.8635117Z [1m[92m  Downloaded[0m tokio v1.48.0
Rust Build & Test (Windows)	UNKNOWN STEP	2025-12-22T11:14:15.6496590Z [1m[92m  Downloaded[0m vcpkg v0.2.15
Rust Build & Test (Windows)	UNKNOWN STEP	2025-12-22T11:14:16.2557432Z [1m[92m  Downloaded[0m unicode-width v0.1.14
Rust Build & Test (Windows)	UNKNOWN STEP	2025-12-22T11:14:16.2737805Z [1m[92m  Downloaded[0m tectonic_bridge_harfbuzz v0.2.9
Rust Build & Test (Windows)	UNKNOWN STEP	2025-12-22T11:14:16.9134541Z [1m[92m  Downloaded[0m tectonic_pdf_io v0.4.1
Rust Build & Test (Windows)	UNKNOWN STEP	2025-12-22T11:14:17.0417666Z [1m[92m  Downloaded[0m zip v0.6.6
Rust Build & Test (Windows)	UNKNOWN STEP	2025-12-22T11:14:17.0830555Z [1m[92m  Downloaded[0m zerotrie v0.2.3
Rust Build & Test (Windows)	UNKNOWN STEP	2025-12-22T11:14:17.1184007Z [1m[92m  Downloaded[0m tectonic_engine_xetex v0.4.4
Rust Build & Test (Windows)	UNKNOWN STEP	2025-12-22T11:14:17.1611013Z [1m[92m  Downloaded[0m zerovec v0.11.5
Rust Build & Test (Windows)	UNKNOWN STEP	2025-12-22T11:14:17.2180522Z [1m[92m  Downloaded[0m syn v2.0.111
Rust Build & Test (Windows)	UNKNOWN STEP	2025-12-22T11:14:17.3008134Z [1m[92m  Downloaded[0m rustix v0.38.44
Rust Build & Test (Windows)	UNKNOWN STEP	2025-12-22T11:14:17.5500320Z [1m[92m  Downloaded[0m reqwest v0.11.27
Rust Build & Test (Windows)	UNKNOWN STEP	2025-12-22T11:14:17.6161216Z [1m[92m  Downloaded[0m tectonic v0.15.0
Rust Build & Test (Windows)	UNKNOWN STEP	2025-12-22T11:14:17.8810449Z [1m[92m  Downloaded[0m serde v1.0.228
Rust Build & Test (Windows)	UNKNOWN STEP	2025-12-22T11:14:17.9094275Z [1m[92m  Downloaded[0m regex-syntax v0.8.8
Rust Build & Test (Windows)	UNKNOWN STEP	2025-12-22T11:14:17.9503101Z [1m[92m  Downloaded[0m zerocopy v0.8.31
Rust Build & Test (Windows)	UNKNOWN STEP	2025-12-22T11:14:18.7246719Z [1m[92m  Downloaded[0m regex-automata v0.4.13
Rust Build & Test (Windows)	UNKNOWN STEP	2025-12-22T11:14:18.8335694Z [1m[92m  Downloaded[0m zstd v0.11.2+zstd.1.5.2
Rust Build & Test (Windows)	UNKNOWN STEP	2025-12-22T11:14:18.8625964Z [1m[92m  Downloaded[0m zerovec-derive v0.11.2
Rust Build & Test (Windows)	UNKNOWN STEP	2025-12-22T11:14:18.8809316Z [1m[92m  Downloaded[0m zerofrom-derive v0.1.6
Rust Build & Test (Windows)	UNKNOWN STEP	2025-12-22T11:14:18.8903857Z [1m[92m  Downloaded[0m zerofrom v0.1.6
Rust Build & Test (Windows)	UNKNOWN STEP	2025-12-22T11:14:18.9010202Z [1m[92m  Downloaded[0m yoke-derive v0.8.1
Rust Build & Test (Windows)	UNKNOWN STEP	2025-12-22T11:14:18.9104418Z [1m[92m  Downloaded[0m yoke v0.8.1
Rust Build & Test (Windows)	UNKNOWN STEP	2025-12-22T11:14:18.9277050Z [1m[92m  Downloaded[0m windows-link v0.2.1
Rust Build & Test (Windows)	UNKNOWN STEP	2025-12-22T11:14:18.9396532Z [1m[92m  Downloaded[0m winapi-util v0.1.11
Rust Build & Test (Windows)	UNKNOWN STEP	2025-12-22T11:14:18.9548883Z [1m[92m  Downloaded[0m which v4.4.2
Rust Build & Test (Windows)	UNKNOWN STEP	2025-12-22T11:14:18.9677220Z [1m[92m  Downloaded[0m watchexec-signals v1.0.0
Rust Build & Test (Windows)	UNKNOWN STEP	2025-12-22T11:14:18.9748806Z [1m[92m  Downloaded[0m windows_x86_64_msvc v0.42.2
Rust Build & Test (Windows)	UNKNOWN STEP	2025-12-22T11:14:18.9926312Z [1m[92m  Downloaded[0m watchexec-filterer-ignore v1.2.1
Rust Build & Test (Windows)	UNKNOWN STEP	2025-12-22T11:14:19.0081200Z [1m[92m  Downloaded[0m watchexec-filterer-globset v1.2.0
Rust Build & Test (Windows)	UNKNOWN STEP	2025-12-22T11:14:19.0193225Z [1m[92m  Downloaded[0m watchexec-events v1.0.0
Rust Build & Test (Windows)	UNKNOWN STEP	2025-12-22T11:14:19.0413753Z [1m[92m  Downloaded[0m want v0.3.1
Rust Build & Test (Windows)	UNKNOWN STEP	2025-12-22T11:14:19.0511841Z [1m[92m  Downloaded[0m walkdir v2.5.0
Rust Build & Test (Windows)	UNKNOWN STEP	2025-12-22T11:14:19.0745379Z [1m[92m  Downloaded[0m version_check v0.9.5
Rust Build & Test (Windows)	UNKNOWN STEP	2025-12-22T11:14:19.0873452Z [1m[92m  Downloaded[0m vec_map v0.8.2
Rust Build & Test (Windows)	UNKNOWN STEP	2025-12-22T11:14:19.0952398Z [1m[92m  Downloaded[0m utf8parse v0.2.2
Rust Build & Test (Windows)	UNKNOWN STEP	2025-12-22T11:14:19.1052612Z [1m[92m  Downloaded[0m utf8_iter v1.0.4
Rust Build & Test (Windows)	UNKNOWN STEP	2025-12-22T11:14:19.1146788Z [1m[92m  Downloaded[0m utf8-width v0.1.8
Rust Build & Test (Windows)	UNKNOWN STEP	2025-12-22T11:14:19.1247197Z [1m[92m  Downloaded[0m windows_x86_64_msvc v0.52.6
Rust Build & Test (Windows)	UNKNOWN STEP	2025-12-22T11:14:19.1464458Z [1m[92m  Downloaded[0m windows_x86_64_msvc v0.48.5
Rust Build & Test (Windows)	UNKNOWN STEP	2025-12-22T11:14:19.1655457Z [1m[92m  Downloaded[0m ucd-trie v0.1.7
Rust Build & Test (Windows)	UNKNOWN STEP	2025-12-22T11:14:19.1751317Z [1m[92m  Downloaded[0m tracing-core v0.1.36
Rust Build & Test (Windows)	UNKNOWN STEP	2025-12-22T11:14:19.3112388Z [1m[92m  Downloaded[0m windows_x86_64_msvc v0.53.1
Rust Build & Test (Windows)	UNKNOWN STEP	2025-12-22T11:14:19.3323672Z [1m[92m  Downloaded[0m tower-lsp v0.20.0
Rust Build & Test (Windows)	UNKNOWN STEP	2025-12-22T11:14:19.3600271Z [1m[92m  Downloaded[0m tinyvec v1.10.0
Rust Build & Test (Windows)	UNKNOWN STEP	2025-12-22T11:14:19.3863479Z [1m[92m  Downloaded[0m zstd-sys v2.0.16+zstd.1.5.7
Rust Build & Test (Windows)	UNKNOWN STEP	2025-12-22T11:14:19.7248452Z [1m[92m  Downloaded[0m libz-sys v1.1.23
Rust Build & Test (Windows)	UNKNOWN STEP	2025-12-22T11:14:19.8926980Z [1m[92m  Downloaded[0m libc v0.2.178
Rust Build & Test (Windows)	UNKNOWN STEP	2025-12-22T11:14:20.7498668Z [1m[92m  Downloaded[0m winreg v0.50.0
Rust Build & Test (Windows)	UNKNOWN STEP	2025-12-22T11:14:20.7778383Z [1m[92m  Downloaded[0m windows-targets v0.53.5
Rust Build & Test (Windows)	UNKNOWN STEP	2025-12-22T11:14:20.7860730Z [1m[92m  Downloaded[0m windows-targets v0.52.6
Rust Build & Test (Windows)	UNKNOWN STEP	2025-12-22T11:14:20.7936251Z [1m[92m  Downloaded[0m windows-targets v0.48.5
Rust Build & Test (Windows)	UNKNOWN STEP	2025-12-22T11:14:20.8020150Z [1m[92m  Downloaded[0m unicode-ident v1.0.22
Rust Build & Test (Windows)	UNKNOWN STEP	2025-12-22T11:14:20.8271168Z [1m[92m  Downloaded[0m winapi v0.3.9
Rust Build & Test (Windows)	UNKNOWN STEP	2025-12-22T11:14:21.2728927Z [1m[92m  Downloaded[0m unicode-bom v2.0.3
Rust Build & Test (Windows)	UNKNOWN STEP	2025-12-22T11:14:21.2879085Z [1m[92m  Downloaded[0m try-lock v0.2.5
Rust Build & Test (Windows)	UNKNOWN STEP	2025-12-22T11:14:21.2966905Z [1m[92m  Downloaded[0m tracing-attributes v0.1.31
Rust Build & Test (Windows)	UNKNOWN STEP	2025-12-22T11:14:21.3228150Z [1m[92m  Downloaded[0m tower-service v0.3.3
Rust Build & Test (Windows)	UNKNOWN STEP	2025-12-22T11:14:21.3315830Z [1m[92m  Downloaded[0m tower-lsp-macros v0.9.0
Rust Build & Test (Windows)	UNKNOWN STEP	2025-12-22T11:14:21.3373603Z [1m[92m  Downloaded[0m tower-layer v0.3.3
Rust Build & Test (Windows)	UNKNOWN STEP	2025-12-22T11:14:21.3478000Z [1m[92m  Downloaded[0m tokio-stream v0.1.17
Rust Build & Test (Windows)	UNKNOWN STEP	2025-12-22T11:14:21.4030600Z [1m[92m  Downloaded[0m tokio-native-tls v0.3.1
Rust Build & Test (Windows)	UNKNOWN STEP	2025-12-22T11:14:21.4173593Z [1m[92m  Downloaded[0m tokio-macros v2.6.0
Rust Build & Test (Windows)	UNKNOWN STEP	2025-12-22T11:14:21.4258791Z [1m[92m  Downloaded[0m tinyvec_macros v0.1.1
Rust Build & Test (Windows)	UNKNOWN STEP	2025-12-22T11:14:21.4336820Z [1m[92m  Downloaded[0m tinystr v0.8.2
Rust Build & Test (Windows)	UNKNOWN STEP	2025-12-22T11:14:21.4524634Z [1m[92m  Downloaded[0m time-macros v0.2.24
Rust Build & Test (Windows)	UNKNOWN STEP	2025-12-22T11:14:21.4780467Z [1m[92m  Downloaded[0m time-core v0.1.6
Rust Build & Test (Windows)	UNKNOWN STEP	2025-12-22T11:14:21.4870176Z [1m[92m  Downloaded[0m thiserror-impl v1.0.69
Rust Build & Test (Windows)	UNKNOWN STEP	2025-12-22T11:14:21.5011954Z [1m[92m  Downloaded[0m thiserror v1.0.69
Rust Build & Test (Windows)	UNKNOWN STEP	2025-12-22T11:14:21.5737846Z [1m[92m  Downloaded[0m textwrap v0.11.0
Rust Build & Test (Windows)	UNKNOWN STEP	2025-12-22T11:14:21.5885254Z [1m[92m  Downloaded[0m text-size v1.1.1
Rust Build & Test (Windows)	UNKNOWN STEP	2025-12-22T11:14:21.6097246Z [1m[92m  Downloaded[0m terminfo v0.8.0
Rust Build & Test (Windows)	UNKNOWN STEP	2025-12-22T11:14:21.6337993Z [1m[92m  Downloaded[0m termcolor v1.4.1
Rust Build & Test (Windows)	UNKNOWN STEP	2025-12-22T11:14:21.6443196Z [1m[92m  Downloaded[0m tempfile v3.23.0
Rust Build & Test (Windows)	UNKNOWN STEP	2025-12-22T11:14:21.6695229Z [1m[92m  Downloaded[0m tectonic_xdv v0.2.2
Rust Build & Test (Windows)	UNKNOWN STEP	2025-12-22T11:14:21.6775337Z [1m[92m  Downloaded[0m tectonic_status_base v0.2.1
Rust Build & Test (Windows)	UNKNOWN STEP	2025-12-22T11:14:21.6855790Z [1m[92m  Downloaded[0m tectonic_geturl v0.3.2
Rust Build & Test (Windows)	UNKNOWN STEP	2025-12-22T11:14:21.6942333Z [1m[92m  Downloaded[0m tectonic_errors v0.2.1
Rust Build & Test (Windows)	UNKNOWN STEP	2025-12-22T11:14:21.7006219Z [1m[92m  Downloaded[0m tectonic_engine_spx2html v0.3.2
Rust Build & Test (Windows)	UNKNOWN STEP	2025-12-22T11:14:21.7273460Z [1m[92m  Downloaded[0m tectonic_engine_bibtex v0.2.2
Rust Build & Test (Windows)	UNKNOWN STEP	2025-12-22T11:14:21.7450883Z [1m[92m  Downloaded[0m tectonic_dep_support v0.1.1
Rust Build & Test (Windows)	UNKNOWN STEP	2025-12-22T11:14:21.7515343Z [1m[92m  Downloaded[0m radix_trie v0.2.1
Rust Build & Test (Windows)	UNKNOWN STEP	2025-12-22T11:14:21.7749930Z [1m[92m  Downloaded[0m quick-xml v0.28.2
Rust Build & Test (Windows)	UNKNOWN STEP	2025-12-22T11:14:21.8047338Z [1m[92m  Downloaded[0m tectonic_engine_xdvipdfmx v0.4.1
Rust Build & Test (Windows)	UNKNOWN STEP	2025-12-22T11:14:21.8140688Z [1m[92m  Downloaded[0m tectonic_cfg_support v0.1.4
Rust Build & Test (Windows)	UNKNOWN STEP	2025-12-22T11:14:21.8207581Z [1m[92m  Downloaded[0m tectonic_bundles v0.3.1
Rust Build & Test (Windows)	UNKNOWN STEP	2025-12-22T11:14:21.8292819Z [1m[92m  Downloaded[0m tectonic_bridge_core v0.4.1
Rust Build & Test (Windows)	UNKNOWN STEP	2025-12-22T11:14:21.8389071Z [1m[92m  Downloaded[0m synstructure v0.13.2
Rust Build & Test (Windows)	UNKNOWN STEP	2025-12-22T11:14:21.8472022Z [1m[92m  Downloaded[0m structopt-derive v0.4.18
Rust Build & Test (Windows)	UNKNOWN STEP	2025-12-22T11:14:21.8577650Z [1m[92m  Downloaded[0m structopt v0.3.26
Rust Build & Test (Windows)	UNKNOWN STEP	2025-12-22T11:14:21.9518842Z [1m[92m  Downloaded[0m socket2 v0.6.1
Rust Build & Test (Windows)	UNKNOWN STEP	2025-12-22T11:14:21.9663578Z [1m[92m  Downloaded[0m socket2 v0.5.10
Rust Build & Test (Windows)	UNKNOWN STEP	2025-12-22T11:14:21.9786931Z [1m[92m  Downloaded[0m smallvec v1.15.1
Rust Build & Test (Windows)	UNKNOWN STEP	2025-12-22T11:14:21.9962291Z [1m[92m  Downloaded[0m slug v0.1.6
Rust Build & Test (Windows)	UNKNOWN STEP	2025-12-22T11:14:22.0068387Z [1m[92m  Downloaded[0m slab v0.4.11
Rust Build & Test (Windows)	UNKNOWN STEP	2025-12-22T11:14:22.0198963Z [1m[92m  Downloaded[0m siphasher v1.0.1
Rust Build & Test (Windows)	UNKNOWN STEP	2025-12-22T11:14:22.0398748Z [1m[92m  Downloaded[0m simd-adler32 v0.3.8
Rust Build & Test (Windows)	UNKNOWN STEP	2025-12-22T11:14:22.0666266Z [1m[92m  Downloaded[0m shlex v1.3.0
Rust Build & Test (Windows)	UNKNOWN STEP	2025-12-22T11:14:22.0788867Z [1m[92m  Downloaded[0m sha2 v0.10.9
Rust Build & Test (Windows)	UNKNOWN STEP	2025-12-22T11:14:22.1112606Z [1m[92m  Downloaded[0m sha1_smol v1.0.1
Rust Build & Test (Windows)	UNKNOWN STEP	2025-12-22T11:14:22.1230315Z [1m[92m  Downloaded[0m sha1 v0.10.6
Rust Build & Test (Windows)	UNKNOWN STEP	2025-12-22T11:14:22.1372223Z [1m[92m  Downloaded[0m serde_urlencoded v0.7.1
Rust Build & Test (Windows)	UNKNOWN STEP	2025-12-22T11:14:22.1532213Z [1m[92m  Downloaded[0m serde_repr v0.1.20
Rust Build & Test (Windows)	UNKNOWN STEP	2025-12-22T11:14:22.1752633Z [1m[92m  Downloaded[0m serde_derive v1.0.228
Rust Build & Test (Windows)	UNKNOWN STEP	2025-12-22T11:14:22.2056962Z [1m[92m  Downloaded[0m serde_core v1.0.228
Rust Build & Test (Windows)	UNKNOWN STEP	2025-12-22T11:14:22.5938557Z [1m[92m  Downloaded[0m scopeguard v1.2.0
Rust Build & Test (Windows)	UNKNOWN STEP	2025-12-22T11:14:22.6058092Z [1m[92m  Downloaded[0m schannel v0.1.28
Rust Build & Test (Windows)	UNKNOWN STEP	2025-12-22T11:14:22.6362271Z [1m[92m  Downloaded[0m same-file v1.0.6
Rust Build & Test (Windows)	UNKNOWN STEP	2025-12-22T11:14:22.6505082Z [1m[92m  Downloaded[0m ryu v1.0.20
Rust Build & Test (Windows)	UNKNOWN STEP	2025-12-22T11:14:22.6813477Z [1m[92m  Downloaded[0m rustls-pemfile v1.0.4
Rust Build & Test (Windows)	UNKNOWN STEP	2025-12-22T11:14:22.7047266Z [1m[92m  Downloaded[0m rustc-hash v1.1.0
Rust Build & Test (Windows)	UNKNOWN STEP	2025-12-22T11:14:22.7145401Z [1m[92m  Downloaded[0m rustc-demangle v0.1.26
Rust Build & Test (Windows)	UNKNOWN STEP	2025-12-22T11:14:22.7286964Z [1m[92m  Downloaded[0m rowan v0.15.17
Rust Build & Test (Windows)	UNKNOWN STEP	2025-12-22T11:14:22.7513022Z [1m[92m  Downloaded[0m regex v1.12.2
Rust Build & Test (Windows)	UNKNOWN STEP	2025-12-22T11:14:22.8144867Z [1m[92m  Downloaded[0m rand v0.8.5
Rust Build & Test (Windows)	UNKNOWN STEP	2025-12-22T11:14:22.8469295Z [1m[92m  Downloaded[0m pest v2.8.4
Rust Build & Test (Windows)	UNKNOWN STEP	2025-12-22T11:14:22.8793308Z [1m[92m  Downloaded[0m nom v7.1.3
Rust Build & Test (Windows)	UNKNOWN STEP	2025-12-22T11:14:22.9239544Z [1m[92m  Downloaded[0m mio v1.1.1
Rust Build & Test (Windows)	UNKNOWN STEP	2025-12-22T11:14:22.9810827Z [1m[92m  Downloaded[0m libm v0.2.15
Rust Build & Test (Windows)	UNKNOWN STEP	2025-12-22T11:14:23.3294730Z [1m[92m  Downloaded[0m libfuzzer-sys v0.4.10
Rust Build & Test (Windows)	UNKNOWN STEP	2025-12-22T11:14:23.3894703Z [1m[92m  Downloaded[0m idna v1.1.0
Rust Build & Test (Windows)	UNKNOWN STEP	2025-12-22T11:14:23.4076999Z [1m[92m  Downloaded[0m icu_properties_data v2.1.2
Rust Build & Test (Windows)	UNKNOWN STEP	2025-12-22T11:14:23.5034133Z [1m[92m  Downloaded[0m windows-sys v0.45.0
Rust Build & Test (Windows)	UNKNOWN STEP	2025-12-22T11:14:24.2039075Z [1m[92m  Downloaded[0m hyper v0.14.32
Rust Build & Test (Windows)	UNKNOWN STEP	2025-12-22T11:14:24.2665819Z [1m[92m  Downloaded[0m h2 v0.3.27
Rust Build & Test (Windows)	UNKNOWN STEP	2025-12-22T11:14:24.3195831Z [1m[92m  Downloaded[0m encoding_rs v0.8.35
Rust Build & Test (Windows)	UNKNOWN STEP	2025-12-22T11:14:24.4017568Z [1m[92m  Downloaded[0m windows-sys v0.52.0
Rust Build & Test (Windows)	UNKNOWN STEP	2025-12-22T11:14:24.6822022Z [1m[92m  Downloaded[0m windows-sys v0.60.2
Rust Build & Test (Windows)	UNKNOWN STEP	2025-12-22T11:14:25.4120179Z [1m[92m  Downloaded[0m windows-sys v0.61.2
Rust Build & Test (Windows)	UNKNOWN STEP	2025-12-22T11:14:25.7025509Z [1m[92m  Downloaded[0m windows-sys v0.59.0
Rust Build & Test (Windows)	UNKNOWN STEP	2025-12-22T11:14:26.2894998Z [1m[92m  Downloaded[0m tectonic_bridge_graphite2 v0.2.2
Rust Build & Test (Windows)	UNKNOWN STEP	2025-12-22T11:14:26.2965288Z [1m[92m  Downloaded[0m tectonic_bridge_freetype2 v0.2.0
Rust Build & Test (Windows)	UNKNOWN STEP	2025-12-22T11:14:26.3030461Z [1m[92m  Downloaded[0m tectonic_bridge_flate v0.1.7
Rust Build & Test (Windows)	UNKNOWN STEP	2025-12-22T11:14:26.3107874Z [1m[92m  Downloaded[0m sync_wrapper v0.1.2
Rust Build & Test (Windows)	UNKNOWN STEP	2025-12-22T11:14:26.3172421Z [1m[92m  Downloaded[0m subtle v2.6.1
Rust Build & Test (Windows)	UNKNOWN STEP	2025-12-22T11:14:26.3324504Z [1m[92m  Downloaded[0m strsim v0.11.1
Rust Build & Test (Windows)	UNKNOWN STEP	2025-12-22T11:14:26.3427722Z [1m[92m  Downloaded[0m strsim v0.8.0
Rust Build & Test (Windows)	UNKNOWN STEP	2025-12-22T11:14:26.3589776Z [1m[92m  Downloaded[0m stable_deref_trait v1.2.1
Rust Build & Test (Windows)	UNKNOWN STEP	2025-12-22T11:14:26.3673400Z [1m[92m  Downloaded[0m pinot v0.1.5
Rust Build & Test (Windows)	UNKNOWN STEP	2025-12-22T11:14:26.6068623Z [1m[92m  Downloaded[0m pin-project v1.1.10
Rust Build & Test (Windows)	UNKNOWN STEP	2025-12-22T11:14:26.7664133Z [1m[92m  Downloaded[0m windows-sys v0.48.0
Rust Build & Test (Windows)	UNKNOWN STEP	2025-12-22T11:14:27.1055958Z [1m[92m  Downloaded[0m parse-zoneinfo v0.3.1
Rust Build & Test (Windows)	UNKNOWN STEP	2025-12-22T11:14:27.1190714Z [1m[92m  Downloaded[0m parking_lot v0.12.5
Rust Build & Test (Windows)	UNKNOWN STEP	2025-12-22T11:14:27.1391739Z [1m[92m  Downloaded[0m num-traits v0.2.19
Rust Build & Test (Windows)	UNKNOWN STEP	2025-12-22T11:14:27.1613702Z [1m[92m  Downloaded[0m miniz_oxide v0.8.9
Rust Build & Test (Windows)	UNKNOWN STEP	2025-12-22T11:14:27.1827187Z [1m[92m  Downloaded[0m minimal-lexical v0.2.1
Rust Build & Test (Windows)	UNKNOWN STEP	2025-12-22T11:14:27.2225971Z [1m[92m  Downloaded[0m miette v5.10.0
Rust Build & Test (Windows)	UNKNOWN STEP	2025-12-22T11:14:27.2534696Z [1m[92m  Downloaded[0m memchr v2.7.6
Rust Build & Test (Windows)	UNKNOWN STEP	2025-12-22T11:14:27.2928493Z [1m[92m  Downloaded[0m lsp-types v0.94.1
Rust Build & Test (Windows)	UNKNOWN STEP	2025-12-22T11:14:27.3297581Z [1m[92m  Downloaded[0m log v0.4.29
Rust Build & Test (Windows)	UNKNOWN STEP	2025-12-22T11:14:27.3464184Z [1m[92m  Downloaded[0m indexmap v2.12.1
Rust Build & Test (Windows)	UNKNOWN STEP	2025-12-22T11:14:27.3773356Z [1m[92m  Downloaded[0m ignore v0.4.25
Rust Build & Test (Windows)	UNKNOWN STEP	2025-12-22T11:14:27.3977899Z [1m[92m  Downloaded[0m icu_provider v2.1.1
Rust Build & Test (Windows)	UNKNOWN STEP	2025-12-22T11:14:27.4165589Z [1m[92m  Downloaded[0m icu_properties v2.1.2
Rust Build & Test (Windows)	UNKNOWN STEP	2025-12-22T11:14:27.4350268Z [1m[92m  Downloaded[0m icu_normalizer_data v2.1.1
Rust Build & Test (Windows)	UNKNOWN STEP	2025-12-22T11:14:27.4494059Z [1m[92m  Downloaded[0m icu_locale_core v2.1.1
Rust Build & Test (Windows)	UNKNOWN STEP	2025-12-22T11:14:27.5159210Z [1m[92m  Downloaded[0m icu_collections v2.1.1
Rust Build & Test (Windows)	UNKNOWN STEP	2025-12-22T11:14:27.5780925Z [1m[92m  Downloaded[0m http v0.2.12
Rust Build & Test (Windows)	UNKNOWN STEP	2025-12-22T11:14:27.6056079Z [1m[92m  Downloaded[0m hashbrown v0.16.1
Rust Build & Test (Windows)	UNKNOWN STEP	2025-12-22T11:14:27.6378118Z [1m[92m  Downloaded[0m hashbrown v0.14.5
Rust Build & Test (Windows)	UNKNOWN STEP	2025-12-22T11:14:27.6735357Z [1m[92m  Downloaded[0m gix-ref v0.29.1
Rust Build & Test (Windows)	UNKNOWN STEP	2025-12-22T11:14:27.7095339Z [1m[92m  Downloaded[0m gix-config v0.22.0
Rust Build & Test (Windows)	UNKNOWN STEP	2025-12-22T11:14:28.1634797Z [1m[92m  Downloaded[0m futures-util v0.3.31
Rust Build & Test (Windows)	UNKNOWN STEP	2025-12-22T11:14:28.2902122Z [1m[92m  Downloaded[0m flate2 v1.1.5
Rust Build & Test (Windows)	UNKNOWN STEP	2025-12-22T11:14:28.3344907Z [1m[92m  Downloaded[0m deunicode v1.6.2
Rust Build & Test (Windows)	UNKNOWN STEP	2025-12-22T11:14:28.3440271Z [1m[92m  Downloaded[0m crossbeam-channel v0.5.15
Rust Build & Test (Windows)	UNKNOWN STEP	2025-12-22T11:14:28.3763880Z [1m[92m  Downloaded[0m clearscreen v2.0.1
Rust Build & Test (Windows)	UNKNOWN STEP	2025-12-22T11:14:28.3936589Z [1m[92m  Downloaded[0m clap_builder v4.5.53
Rust Build & Test (Windows)	UNKNOWN STEP	2025-12-22T11:14:28.4430395Z [1m[92m  Downloaded[0m bzip2-sys v0.1.13+1.0.8
Rust Build & Test (Windows)	UNKNOWN STEP	2025-12-22T11:14:28.4897558Z [1m[92m  Downloaded[0m bstr v1.12.1
Rust Build & Test (Windows)	UNKNOWN STEP	2025-12-22T11:14:28.5411547Z [1m[92m  Downloaded[0m base64 v0.21.7
Rust Build & Test (Windows)	UNKNOWN STEP	2025-12-22T11:14:28.5728059Z [1m[92m  Downloaded[0m rand_chacha v0.3.1
Rust Build & Test (Windows)	UNKNOWN STEP	2025-12-22T11:14:28.5825685Z [1m[92m  Downloaded[0m quote v1.0.42
Rust Build & Test (Windows)	UNKNOWN STEP	2025-12-22T11:14:28.6070752Z [1m[92m  Downloaded[0m project-origins v1.2.0
Rust Build & Test (Windows)	UNKNOWN STEP	2025-12-22T11:14:28.6149524Z [1m[92m  Downloaded[0m proc-macro2 v1.0.103
Rust Build & Test (Windows)	UNKNOWN STEP	2025-12-22T11:14:28.6416925Z [1m[92m  Downloaded[0m proc-macro-error-attr v1.0.4
Rust Build & Test (Windows)	UNKNOWN STEP	2025-12-22T11:14:28.6498318Z [1m[92m  Downloaded[0m proc-macro-error v1.0.4
Rust Build & Test (Windows)	UNKNOWN STEP	2025-12-22T11:14:28.6877763Z [1m[92m  Downloaded[0m ppv-lite86 v0.2.21
Rust Build & Test (Windows)	UNKNOWN STEP	2025-12-22T11:14:28.6977414Z [1m[92m  Downloaded[0m pkg-config v0.3.32
Rust Build & Test (Windows)	UNKNOWN STEP	2025-12-22T11:14:28.7100662Z [1m[92m  Downloaded[0m pin-project-internal v1.1.10
Rust Build & Test (Windows)	UNKNOWN STEP	2025-12-22T11:14:28.7266834Z [1m[92m  Downloaded[0m phf v0.11.3
Rust Build & Test (Windows)	UNKNOWN STEP	2025-12-22T11:14:28.7373309Z [1m[92m  Downloaded[0m pest_meta v2.8.4
Rust Build & Test (Windows)	UNKNOWN STEP	2025-12-22T11:14:28.7552731Z [1m[92m  Downloaded[0m pest_generator v2.8.4
Rust Build & Test (Windows)	UNKNOWN STEP	2025-12-22T11:14:28.7665207Z [1m[92m  Downloaded[0m pest_derive v2.8.4
Rust Build & Test (Windows)	UNKNOWN STEP	2025-12-22T11:14:28.7872886Z [1m[92m  Downloaded[0m password-hash v0.4.2
Rust Build & Test (Windows)	UNKNOWN STEP	2025-12-22T11:14:28.8025632Z [1m[92m  Downloaded[0m parking_lot_core v0.9.12
Rust Build & Test (Windows)	UNKNOWN STEP	2025-12-22T11:14:28.8215380Z [1m[92m  Downloaded[0m once_cell v1.21.3
Rust Build & Test (Windows)	UNKNOWN STEP	2025-12-22T11:14:28.8445659Z [1m[92m  Downloaded[0m notify v6.1.1
Rust Build & Test (Windows)	UNKNOWN STEP	2025-12-22T11:14:28.8617522Z [1m[92m  Downloaded[0m notify v5.2.0
Rust Build & Test (Windows)	UNKNOWN STEP	2025-12-22T11:14:28.8768170Z [1m[92m  Downloaded[0m lock_api v0.4.14
Rust Build & Test (Windows)	UNKNOWN STEP	2025-12-22T11:14:28.8896888Z [1m[92m  Downloaded[0m litemap v0.8.1
Rust Build & Test (Windows)	UNKNOWN STEP	2025-12-22T11:14:28.9143231Z [1m[92m  Downloaded[0m ipnet v2.11.0
Rust Build & Test (Windows)	UNKNOWN STEP	2025-12-22T11:14:28.9274559Z [1m[92m  Downloaded[0m icu_normalizer v2.1.1
Rust Build & Test (Windows)	UNKNOWN STEP	2025-12-22T11:14:28.9541480Z [1m[92m  Downloaded[0m hyper-tls v0.5.0
Rust Build & Test (Windows)	UNKNOWN STEP	2025-12-22T11:14:28.9641155Z [1m[92m  Downloaded[0m humantime v2.3.0
Rust Build & Test (Windows)	UNKNOWN STEP	2025-12-22T11:14:28.9767795Z [1m[92m  Downloaded[0m httparse v1.10.1
Rust Build & Test (Windows)	UNKNOWN STEP	2025-12-22T11:14:28.9938369Z [1m[92m  Downloaded[0m html-escape v0.2.13
Rust Build & Test (Windows)	UNKNOWN STEP	2025-12-22T11:14:29.0098899Z [1m[92m  Downloaded[0m gix-sec v0.8.4
Rust Build & Test (Windows)	UNKNOWN STEP	2025-12-22T11:14:29.0195659Z [1m[92m  Downloaded[0m gix-features v0.29.0
Rust Build & Test (Windows)	UNKNOWN STEP	2025-12-22T11:14:29.0496622Z [1m[92m  Downloaded[0m getrandom v0.3.4
Rust Build & Test (Windows)	UNKNOWN STEP	2025-12-22T11:14:29.0820389Z [1m[92m  Downloaded[0m futures v0.3.31
Rust Build & Test (Windows)	UNKNOWN STEP	2025-12-22T11:14:29.5947217Z [1m[92m  Downloaded[0m command-group v2.1.0
Rust Build & Test (Windows)	UNKNOWN STEP	2025-12-22T11:14:29.6311149Z [1m[92m  Downloaded[0m clap v4.5.53
Rust Build & Test (Windows)	UNKNOWN STEP	2025-12-22T11:14:29.7336438Z [1m[92m  Downloaded[0m clap v2.34.0
Rust Build & Test (Windows)	UNKNOWN STEP	2025-12-22T11:14:29.7790287Z [1m[92m  Downloaded[0m chrono-tz v0.9.0
Rust Build & Test (Windows)	UNKNOWN STEP	2025-12-22T11:14:29.8020716Z [1m[92m  Downloaded[0m cc v1.2.49
Rust Build & Test (Windows)	UNKNOWN STEP	2025-12-22T11:14:29.8228414Z [1m[92m  Downloaded[0m aho-corasick v1.1.4
Rust Build & Test (Windows)	UNKNOWN STEP	2025-12-22T11:14:29.8606580Z [1m[92m  Downloaded[0m potential_utf v0.1.4
Rust Build & Test (Windows)	UNKNOWN STEP	2025-12-22T11:14:29.8688628Z [1m[92m  Downloaded[0m pin-project-lite v0.2.16
Rust Build & Test (Windows)	UNKNOWN STEP	2025-12-22T11:14:29.9309156Z [1m[92m  Downloaded[0m percent-encoding v2.3.2
Rust Build & Test (Windows)	UNKNOWN STEP	2025-12-22T11:14:29.9378013Z [1m[92m  Downloaded[0m option-ext v0.2.0
Rust Build & Test (Windows)	UNKNOWN STEP	2025-12-22T11:14:29.9452492Z [1m[92m  Downloaded[0m open v4.2.0
Rust Build & Test (Windows)	UNKNOWN STEP	2025-12-22T11:14:29.9611237Z [1m[92m  Downloaded[0m once_cell_polyfill v1.70.2
Rust Build & Test (Windows)	UNKNOWN STEP	2025-12-22T11:14:29.9690511Z [1m[92m  Downloaded[0m nibble_vec v0.1.0
Rust Build & Test (Windows)	UNKNOWN STEP	2025-12-22T11:14:29.9795140Z [1m[92m  Downloaded[0m native-tls v0.2.14
Rust Build & Test (Windows)	UNKNOWN STEP	2025-12-22T11:14:29.9978654Z [1m[92m  Downloaded[0m memmap2 v0.5.10
Rust Build & Test (Windows)	UNKNOWN STEP	2025-12-22T11:14:30.0105695Z [1m[92m  Downloaded[0m md-5 v0.10.6
Rust Build & Test (Windows)	UNKNOWN STEP	2025-12-22T11:14:30.0264901Z [1m[92m  Downloaded[0m line-index v0.1.2
Rust Build & Test (Windows)	UNKNOWN STEP	2025-12-22T11:14:30.0326596Z [1m[92m  Downloaded[0m jobserver v0.1.34
Rust Build & Test (Windows)	UNKNOWN STEP	2025-12-22T11:14:30.0500203Z [1m[92m  Downloaded[0m itoa v1.0.15
Rust Build & Test (Windows)	UNKNOWN STEP	2025-12-22T11:14:30.0612121Z [1m[92m  Downloaded[0m is-terminal v0.4.17
Rust Build & Test (Windows)	UNKNOWN STEP	2025-12-22T11:14:30.0703515Z [1m[92m  Downloaded[0m inout v0.1.4
Rust Build & Test (Windows)	UNKNOWN STEP	2025-12-22T11:14:30.0792577Z [1m[92m  Downloaded[0m humansize v2.1.3
Rust Build & Test (Windows)	UNKNOWN STEP	2025-12-22T11:14:30.0955732Z [1m[92m  Downloaded[0m httpdate v1.0.3
Rust Build & Test (Windows)	UNKNOWN STEP	2025-12-22T11:14:30.1079288Z [1m[92m  Downloaded[0m home v0.5.12
Rust Build & Test (Windows)	UNKNOWN STEP	2025-12-22T11:14:30.1160967Z [1m[92m  Downloaded[0m hex v0.4.3
Rust Build & Test (Windows)	UNKNOWN STEP	2025-12-22T11:14:30.1306011Z [1m[92m  Downloaded[0m heck v0.5.0
Rust Build & Test (Windows)	UNKNOWN STEP	2025-12-22T11:14:30.1434994Z [1m[92m  Downloaded[0m heck v0.3.3
Rust Build & Test (Windows)	UNKNOWN STEP	2025-12-22T11:14:30.1549612Z [1m[92m  Downloaded[0m globset v0.4.18
Rust Build & Test (Windows)	UNKNOWN STEP	2025-12-22T11:14:30.1652775Z [1m[92m  Downloaded[0m gix-utils v0.1.14
Rust Build & Test (Windows)	UNKNOWN STEP	2025-12-22T11:14:30.1778141Z [1m[92m  Downloaded[0m gix-lock v5.0.1
Rust Build & Test (Windows)	UNKNOWN STEP	2025-12-22T11:14:30.1879463Z [1m[92m  Downloaded[0m gix-hash v0.11.4
Rust Build & Test (Windows)	UNKNOWN STEP	2025-12-22T11:14:30.1972439Z [1m[92m  Downloaded[0m gix-glob v0.7.0
Rust Build & Test (Windows)	UNKNOWN STEP	2025-12-22T11:14:30.2144613Z [1m[92m  Downloaded[0m gix-date v0.5.1
Rust Build & Test (Windows)	UNKNOWN STEP	2025-12-22T11:14:30.2243421Z [1m[92m  Downloaded[0m gix-config-value v0.12.5
Rust Build & Test (Windows)	UNKNOWN STEP	2025-12-22T11:14:30.2372000Z [1m[92m  Downloaded[0m gix-actor v0.20.0
Rust Build & Test (Windows)	UNKNOWN STEP	2025-12-22T11:14:30.2440791Z [1m[92m  Downloaded[0m getrandom v0.2.16
Rust Build & Test (Windows)	UNKNOWN STEP	2025-12-22T11:14:30.2679311Z [1m[92m  Downloaded[0m generic-array v0.14.7
Rust Build & Test (Windows)	UNKNOWN STEP	2025-12-22T11:14:30.2809412Z [1m[92m  Downloaded[0m futures-executor v0.3.31
Rust Build & Test (Windows)	UNKNOWN STEP	2025-12-22T11:14:30.2967750Z [1m[92m  Downloaded[0m futures-channel v0.3.31
Rust Build & Test (Windows)	UNKNOWN STEP	2025-12-22T11:14:30.3117864Z [1m[92m  Downloaded[0m fs2 v0.4.3
Rust Build & Test (Windows)	UNKNOWN STEP	2025-12-22T11:14:30.3206439Z [1m[92m  Downloaded[0m form_urlencoded v1.2.2
Rust Build & Test (Windows)	UNKNOWN STEP	2025-12-22T11:14:30.3311559Z [1m[92m  Downloaded[0m find-msvc-tools v0.1.5
Rust Build & Test (Windows)	UNKNOWN STEP	2025-12-22T11:14:30.3447457Z [1m[92m  Downloaded[0m filetime v0.2.26
Rust Build & Test (Windows)	UNKNOWN STEP	2025-12-22T11:14:30.3599759Z [1m[92m  Downloaded[0m fastrand v2.3.0
Rust Build & Test (Windows)	UNKNOWN STEP	2025-12-22T11:14:30.3698314Z [1m[92m  Downloaded[0m event-listener v2.5.3
Rust Build & Test (Windows)	UNKNOWN STEP	2025-12-22T11:14:30.3794037Z [1m[92m  Downloaded[0m error-chain v0.12.4
Rust Build & Test (Windows)	UNKNOWN STEP	2025-12-22T11:14:30.3997160Z [1m[92m  Downloaded[0m errno v0.3.14
Rust Build & Test (Windows)	UNKNOWN STEP	2025-12-22T11:14:30.4122462Z [1m[92m  Downloaded[0m env_logger v0.10.2
Rust Build & Test (Windows)	UNKNOWN STEP	2025-12-22T11:14:30.4364640Z [1m[92m  Downloaded[0m either v1.15.0
Rust Build & Test (Windows)	UNKNOWN STEP	2025-12-22T11:14:30.4495468Z [1m[92m  Downloaded[0m dunce v1.0.5
Rust Build & Test (Windows)	UNKNOWN STEP	2025-12-22T11:14:30.4572745Z [1m[92m  Downloaded[0m displaydoc v0.2.5
Rust Build & Test (Windows)	UNKNOWN STEP	2025-12-22T11:14:30.4988488Z [1m[92m  Downloaded[0m dirs-sys v0.4.1
Rust Build & Test (Windows)	UNKNOWN STEP	2025-12-22T11:14:30.6622842Z [1m[92m  Downloaded[0m dirs-sys v0.3.7
Rust Build & Test (Windows)	UNKNOWN STEP	2025-12-22T11:14:30.8140002Z [1m[92m  Downloaded[0m dirs v5.0.1
Rust Build & Test (Windows)	UNKNOWN STEP	2025-12-22T11:14:30.8236277Z [1m[92m  Downloaded[0m dirs v4.0.0
Rust Build & Test (Windows)	UNKNOWN STEP	2025-12-22T11:14:30.8335276Z [1m[92m  Downloaded[0m digest v0.10.7
Rust Build & Test (Windows)	UNKNOWN STEP	2025-12-22T11:14:30.8495839Z [1m[92m  Downloaded[0m deranged v0.5.5
Rust Build & Test (Windows)	UNKNOWN STEP	2025-12-22T11:14:30.8581609Z [1m[92m  Downloaded[0m dashmap v5.5.3
Rust Build & Test (Windows)	UNKNOWN STEP	2025-12-22T11:14:30.8802094Z [1m[92m  Downloaded[0m crossbeam-utils v0.8.21
Rust Build & Test (Windows)	UNKNOWN STEP	2025-12-22T11:14:30.9066960Z [1m[92m  Downloaded[0m crossbeam-epoch v0.9.18
Rust Build & Test (Windows)	UNKNOWN STEP	2025-12-22T11:14:30.9256213Z [1m[92m  Downloaded[0m crossbeam-deque v0.8.6
Rust Build & Test (Windows)	UNKNOWN STEP	2025-12-22T11:14:30.9359022Z [1m[92m  Downloaded[0m crc32fast v1.5.0
Rust Build & Test (Windows)	UNKNOWN STEP	2025-12-22T11:14:30.9517913Z [1m[92m  Downloaded[0m countme v3.0.1
Rust Build & Test (Windows)	UNKNOWN STEP	2025-12-22T11:14:30.9625251Z [1m[92m  Downloaded[0m constant_time_eq v0.1.5
Rust Build & Test (Windows)	UNKNOWN STEP	2025-12-22T11:14:30.9705801Z [1m[92m  Downloaded[0m colorchoice v1.0.4
Rust Build & Test (Windows)	UNKNOWN STEP	2025-12-22T11:14:30.9777969Z [1m[92m  Downloaded[0m clap_lex v0.7.6
Rust Build & Test (Windows)	UNKNOWN STEP	2025-12-22T11:14:30.9855367Z [1m[92m  Downloaded[0m cipher v0.4.4
Rust Build & Test (Windows)	UNKNOWN STEP	2025-12-22T11:14:30.9986795Z [1m[92m  Downloaded[0m chrono-tz-build v0.3.0
Rust Build & Test (Windows)	UNKNOWN STEP	2025-12-22T11:14:31.0046462Z [1m[92m  Downloaded[0m byte-unit v4.0.19
Rust Build & Test (Windows)	UNKNOWN STEP	2025-12-22T11:14:31.0171588Z [1m[92m  Downloaded[0m block-buffer v0.10.4
Rust Build & Test (Windows)	UNKNOWN STEP	2025-12-22T11:14:31.0263589Z [1m[92m  Downloaded[0m bitflags v2.10.0
Rust Build & Test (Windows)	UNKNOWN STEP	2025-12-22T11:14:31.0652858Z [1m[92m  Downloaded[0m autocfg v1.5.0
Rust Build & Test (Windows)	UNKNOWN STEP	2025-12-22T11:14:31.0821157Z [1m[92m  Downloaded[0m arbitrary v1.4.2
Rust Build & Test (Windows)	UNKNOWN STEP	2025-12-22T11:14:31.1306574Z [1m[92m  Downloaded[0m anyhow v1.0.100
Rust Build & Test (Windows)	UNKNOWN STEP	2025-12-22T11:14:31.1669818Z [1m[92m  Downloaded[0m phf_shared v0.11.3
Rust Build & Test (Windows)	UNKNOWN STEP	2025-12-22T11:14:31.1740604Z [1m[92m  Downloaded[0m phf_generator v0.11.3
Rust Build & Test (Windows)	UNKNOWN STEP	2025-12-22T11:14:31.1826332Z [1m[92m  Downloaded[0m phf_codegen v0.11.3
Rust Build & Test (Windows)	UNKNOWN STEP	2025-12-22T11:14:31.1896642Z [1m[92m  Downloaded[0m pbkdf2 v0.11.0
Rust Build & Test (Windows)	UNKNOWN STEP	2025-12-22T11:14:31.2124501Z [1m[92m  Downloaded[0m num-conv v0.1.0
Rust Build & Test (Windows)	UNKNOWN STEP	2025-12-22T11:14:31.2189853Z [1m[92m  Downloaded[0m normalize-path v0.2.1
Rust Build & Test (Windows)	UNKNOWN STEP	2025-12-22T11:14:31.2254694Z [1m[92m  Downloaded[0m nohash-hasher v0.2.0
Rust Build & Test (Windows)	UNKNOWN STEP	2025-12-22T11:14:31.2329410Z [1m[92m  Downloaded[0m mime v0.3.17
Rust Build & Test (Windows)	UNKNOWN STEP	2025-12-22T11:14:31.2457989Z [1m[92m  Downloaded[0m miette-derive v5.10.0
Rust Build & Test (Windows)	UNKNOWN STEP	2025-12-22T11:14:31.2597136Z [1m[92m  Downloaded[0m memoffset v0.9.1
Rust Build & Test (Windows)	UNKNOWN STEP	2025-12-22T11:14:31.2696104Z [1m[92m  Downloaded[0m lazy_static v1.5.0
Rust Build & Test (Windows)	UNKNOWN STEP	2025-12-22T11:14:31.2883427Z [1m[92m  Downloaded[0m is_terminal_polyfill v1.70.2
Rust Build & Test (Windows)	UNKNOWN STEP	2025-12-22T11:14:31.2958301Z [1m[92m  Downloaded[0m ignore-files v1.3.1
Rust Build & Test (Windows)	UNKNOWN STEP	2025-12-22T11:14:31.3046250Z [1m[92m  Downloaded[0m idna_adapter v1.2.1
Rust Build & Test (Windows)	UNKNOWN STEP	2025-12-22T11:14:31.3127199Z [1m[92m  Downloaded[0m http-body v0.4.6
Rust Build & Test (Windows)	UNKNOWN STEP	2025-12-22T11:14:31.3284266Z [1m[92m  Downloaded[0m globwalk v0.9.1
Rust Build & Test (Windows)	UNKNOWN STEP	2025-12-22T11:14:31.3388004Z [1m[92m  Downloaded[0m glob v0.3.3
Rust Build & Test (Windows)	UNKNOWN STEP	2025-12-22T11:14:31.3502340Z [1m[92m  Downloaded[0m gix-path v0.8.4
Rust Build & Test (Windows)	UNKNOWN STEP	2025-12-22T11:14:31.3602348Z [1m[92m  Downloaded[0m gix-object v0.29.2
Rust Build & Test (Windows)	UNKNOWN STEP	2025-12-22T11:14:31.3799855Z [1m[92m  Downloaded[0m gix-fs v0.1.1
Rust Build & Test (Windows)	UNKNOWN STEP	2025-12-22T11:14:31.4057722Z [1m[92m  Downloaded[0m futures-task v0.3.31
Rust Build & Test (Windows)	UNKNOWN STEP	2025-12-22T11:14:31.4168054Z [1m[92m  Downloaded[0m futures-sink v0.3.31
Rust Build & Test (Windows)	UNKNOWN STEP	2025-12-22T11:14:31.4233073Z [1m[92m  Downloaded[0m futures-macro v0.3.31
Rust Build & Test (Windows)	UNKNOWN STEP	2025-12-22T11:14:31.4313299Z [1m[92m  Downloaded[0m futures-io v0.3.31
Rust Build & Test (Windows)	UNKNOWN STEP	2025-12-22T11:14:31.4381555Z [1m[92m  Downloaded[0m futures-core v0.3.31
Rust Build & Test (Windows)	UNKNOWN STEP	2025-12-22T11:14:31.4481232Z [1m[92m  Downloaded[0m fnv v1.0.7
Rust Build & Test (Windows)	UNKNOWN STEP	2025-12-22T11:14:31.4554039Z [1m[92m  Downloaded[0m equivalent v1.0.2
Rust Build & Test (Windows)	UNKNOWN STEP	2025-12-22T11:14:31.4639062Z [1m[92m  Downloaded[0m endian-type v0.1.2
Rust Build & Test (Windows)	UNKNOWN STEP	2025-12-22T11:14:31.4688115Z [1m[92m  Downloaded[0m crypto-common v0.1.7
Rust Build & Test (Windows)	UNKNOWN STEP	2025-12-22T11:14:31.4764788Z [1m[92m  Downloaded[0m cpufeatures v0.2.17
Rust Build & Test (Windows)	UNKNOWN STEP	2025-12-22T11:14:31.4881281Z [1m[92m  Downloaded[0m clap_derive v4.5.49
Rust Build & Test (Windows)	UNKNOWN STEP	2025-12-22T11:14:31.5081436Z [1m[92m  Downloaded[0m cfg-if v1.0.4
Rust Build & Test (Windows)	UNKNOWN STEP	2025-12-22T11:14:31.5208076Z [1m[92m  Downloaded[0m byteorder v1.5.0
Rust Build & Test (Windows)	UNKNOWN STEP	2025-12-22T11:14:31.5323384Z [1m[92m  Downloaded[0m bitflags v1.3.2
Rust Build & Test (Windows)	UNKNOWN STEP	2025-12-22T11:14:31.5661668Z [1m[92m  Downloaded[0m base64ct v1.8.1
Rust Build & Test (Windows)	UNKNOWN STEP	2025-12-22T11:14:31.5878815Z [1m[92m  Downloaded[0m auto_impl v1.3.0
Rust Build & Test (Windows)	UNKNOWN STEP	2025-12-22T11:14:31.6652675Z [1m[92m  Downloaded[0m atty v0.2.14
Rust Build & Test (Windows)	UNKNOWN STEP	2025-12-22T11:14:31.6745522Z [1m[92m  Downloaded[0m async-trait v0.1.89
Rust Build & Test (Windows)	UNKNOWN STEP	2025-12-22T11:14:31.7204245Z [1m[92m  Downloaded[0m async-priority-channel v0.1.0
Rust Build & Test (Windows)	UNKNOWN STEP	2025-12-22T11:14:31.7351045Z [1m[92m  Downloaded[0m app_dirs2 v2.5.5
Rust Build & Test (Windows)	UNKNOWN STEP	2025-12-22T11:14:31.7517113Z [1m[92m  Downloaded[0m anstyle-wincon v3.0.11
Rust Build & Test (Windows)	UNKNOWN STEP	2025-12-22T11:14:31.7620150Z [1m[92m  Downloaded[0m anstyle-query v1.1.5
Rust Build & Test (Windows)	UNKNOWN STEP	2025-12-22T11:14:31.7705865Z [1m[92m  Downloaded[0m anstyle-parse v0.2.7
Rust Build & Test (Windows)	UNKNOWN STEP	2025-12-22T11:14:31.7813687Z [1m[92m  Downloaded[0m anstream v0.6.21
Rust Build & Test (Windows)	UNKNOWN STEP	2025-12-22T11:14:31.7971181Z [1m[92m  Downloaded[0m adler2 v2.0.1
Rust Build & Test (Windows)	UNKNOWN STEP	2025-12-22T11:14:31.8067972Z [1m[92m  Downloaded[0m gix-validate v0.7.7
Rust Build & Test (Windows)	UNKNOWN STEP	2025-12-22T11:14:31.8145000Z [1m[92m  Downloaded[0m gix-trace v0.1.15
Rust Build & Test (Windows)	UNKNOWN STEP	2025-12-22T11:14:31.8233976Z [1m[92m  Downloaded[0m gix-tempfile v5.0.3
Rust Build & Test (Windows)	UNKNOWN STEP	2025-12-22T11:14:31.8337279Z [1m[92m  Downloaded[0m chrono v0.4.42
Rust Build & Test (Windows)	UNKNOWN STEP	2025-12-22T11:14:31.8786970Z [1m[92m  Downloaded[0m bzip2 v0.4.4
Rust Build & Test (Windows)	UNKNOWN STEP	2025-12-22T11:14:31.8913520Z [1m[92m  Downloaded[0m bytes v1.11.0
Rust Build & Test (Windows)	UNKNOWN STEP	2025-12-22T11:14:32.0120181Z [1m[92m  Downloaded[0m btoi v0.4.3
Rust Build & Test (Windows)	UNKNOWN STEP	2025-12-22T11:14:32.3189483Z [1m[92m  Downloaded[0m backtrace v0.3.76
Rust Build & Test (Windows)	UNKNOWN STEP	2025-12-22T11:14:32.3664104Z [1m[92m  Downloaded[0m atomic-take v1.1.0
Rust Build & Test (Windows)	UNKNOWN STEP	2025-12-22T11:14:32.3791534Z [1m[92m  Downloaded[0m async-recursion v1.1.1
Rust Build & Test (Windows)	UNKNOWN STEP	2025-12-22T11:14:32.4219119Z [1m[92m  Downloaded[0m aes v0.8.4
Rust Build & Test (Windows)	UNKNOWN STEP	2025-12-22T11:14:32.4593104Z [1m[92m  Downloaded[0m windows v0.48.0
Rust Build & Test (Windows)	UNKNOWN STEP	2025-12-22T11:14:35.8085019Z [1m[92m   Compiling[0m proc-macro2 v1.0.103
Rust Build & Test (Windows)	UNKNOWN STEP	2025-12-22T11:14:35.8085810Z [1m[92m   Compiling[0m quote v1.0.42
Rust Build & Test (Windows)	UNKNOWN STEP	2025-12-22T11:14:35.8086397Z [1m[92m   Compiling[0m unicode-ident v1.0.22
Rust Build & Test (Windows)	UNKNOWN STEP	2025-12-22T11:14:35.8088127Z [1m[92m   Compiling[0m cfg-if v1.0.4
Rust Build & Test (Windows)	UNKNOWN STEP	2025-12-22T11:14:35.8095182Z [1m[92m     Running[0m `C:\Users\runneradmin\.rustup\toolchains\stable-x86_64-pc-windows-msvc\bin\rustc.exe --crate-name build_script_build --edition=2021 C:\Users\runneradmin\.cargo\registry\src\index.crates.io-1949cf8c6b5b557f\proc-macro2-1.0.103\build.rs --error-format=json --json=diagnostic-rendered-ansi,artifacts,future-incompat --crate-type bin --emit=dep-info,link -C embed-bitcode=no --cfg "feature=\"default\"" --cfg "feature=\"proc-macro\"" --check-cfg cfg(docsrs,test) --check-cfg "cfg(feature, values(\"default\", \"nightly\", \"proc-macro\", \"span-locations\"))" -C metadata=001471343d1f61dd -C extra-filename=-fda83eb4b4f5e517 --out-dir D:\a\FerroTeX\FerroTeX\target\debug\build\proc-macro2-fda83eb4b4f5e517 -L dependency=D:\a\FerroTeX\FerroTeX\target\debug\deps --cap-lints allow`
Rust Build & Test (Windows)	UNKNOWN STEP	2025-12-22T11:14:35.8105843Z [1m[92m     Running[0m `C:\Users\runneradmin\.rustup\toolchains\stable-x86_64-pc-windows-msvc\bin\rustc.exe --crate-name build_script_build --edition=2018 C:\Users\runneradmin\.cargo\registry\src\index.crates.io-1949cf8c6b5b557f\quote-1.0.42\build.rs --error-format=json --json=diagnostic-rendered-ansi,artifacts,future-incompat --crate-type bin --emit=dep-info,link -C embed-bitcode=no --cfg "feature=\"default\"" --cfg "feature=\"proc-macro\"" --check-cfg cfg(docsrs,test) --check-cfg "cfg(feature, values(\"default\", \"proc-macro\"))" -C metadata=3bb10825b2f7fac5 -C extra-filename=-3db939cd83aaa4bc --out-dir D:\a\FerroTeX\FerroTeX\target\debug\build\quote-3db939cd83aaa4bc -L dependency=D:\a\FerroTeX\FerroTeX\target\debug\deps --cap-lints allow`
Rust Build & Test (Windows)	UNKNOWN STEP	2025-12-22T11:14:35.8115506Z [1m[92m     Running[0m `C:\Users\runneradmin\.rustup\toolchains\stable-x86_64-pc-windows-msvc\bin\rustc.exe --crate-name unicode_ident --edition=2018 C:\Users\runneradmin\.cargo\registry\src\index.crates.io-1949cf8c6b5b557f\unicode-ident-1.0.22\src\lib.rs --error-format=json --json=diagnostic-rendered-ansi,artifacts,future-incompat --crate-type lib --emit=dep-info,metadata,link -C embed-bitcode=no --check-cfg cfg(docsrs,test) --check-cfg "cfg(feature, values())" -C metadata=49505a5c6cfc28ea -C extra-filename=-59cf9ad09079dcbb --out-dir D:\a\FerroTeX\FerroTeX\target\debug\deps -L dependency=D:\a\FerroTeX\FerroTeX\target\debug\deps --cap-lints allow`
Rust Build & Test (Windows)	UNKNOWN STEP	2025-12-22T11:14:35.8126111Z [1m[92m     Running[0m `C:\Users\runneradmin\.rustup\toolchains\stable-x86_64-pc-windows-msvc\bin\rustc.exe --crate-name cfg_if --edition=2018 C:\Users\runneradmin\.cargo\registry\src\index.crates.io-1949cf8c6b5b557f\cfg-if-1.0.4\src\lib.rs --error-format=json --json=diagnostic-rendered-ansi,artifacts,future-incompat --crate-type lib --emit=dep-info,metadata,link -C embed-bitcode=no -C debuginfo=2 --check-cfg cfg(docsrs,test) --check-cfg "cfg(feature, values(\"core\", \"rustc-dep-of-std\"))" -C metadata=97637deb2fafd137 -C extra-filename=-4316c8dd3aae8aa0 --out-dir D:\a\FerroTeX\FerroTeX\target\debug\deps -L dependency=D:\a\FerroTeX\FerroTeX\target\debug\deps --cap-lints allow`
Rust Build & Test (Windows)	UNKNOWN STEP	2025-12-22T11:14:42.6769937Z [1m[92m   Compiling[0m windows-link v0.2.1
Rust Build & Test (Windows)	UNKNOWN STEP	2025-12-22T11:14:42.6775951Z [1m[92m     Running[0m `C:\Users\runneradmin\.rustup\toolchains\stable-x86_64-pc-windows-msvc\bin\rustc.exe --crate-name windows_link --edition=2021 C:\Users\runneradmin\.cargo\registry\src\index.crates.io-1949cf8c6b5b557f\windows-link-0.2.1\src\lib.rs --error-format=json --json=diagnostic-rendered-ansi,artifacts,future-incompat --crate-type lib --emit=dep-info,metadata,link -C embed-bitcode=no -C debuginfo=2 --warn=unexpected_cfgs --warn=missing_unsafe_on_extern --check-cfg "cfg(windows_raw_dylib, windows_slim_errors)" --check-cfg cfg(docsrs,test) --check-cfg "cfg(feature, values())" -C metadata=4add5d268935a034 -C extra-filename=-ce4f0b2c15c7b075 --out-dir D:\a\FerroTeX\FerroTeX\target\debug\deps -L dependency=D:\a\FerroTeX\FerroTeX\target\debug\deps --cap-lints allow`
Rust Build & Test (Windows)	UNKNOWN STEP	2025-12-22T11:14:42.7758554Z [1m[92m   Compiling[0m windows-sys v0.61.2
Rust Build & Test (Windows)	UNKNOWN STEP	2025-12-22T11:14:42.7806112Z [1m[92m     Running[0m `C:\Users\runneradmin\.rustup\toolchains\stable-x86_64-pc-windows-msvc\bin\rustc.exe --crate-name windows_sys --edition=2021 C:\Users\runneradmin\.cargo\registry\src\index.crates.io-1949cf8c6b5b557f\windows-sys-0.61.2\src\lib.rs --error-format=json --json=diagnostic-rendered-ansi,artifacts,future-incompat --crate-type lib --emit=dep-info,metadata,link -C embed-bitcode=no -C debuginfo=2 --warn=unexpected_cfgs --warn=missing_unsafe_on_extern --check-cfg "cfg(windows_raw_dylib, windows_slim_errors)" --cfg "feature=\"Wdk\"" --cfg "feature=\"Wdk_Foundation\"" --cfg "feature=\"Wdk_Storage\"" --cfg "feature=\"Wdk_Storage_FileSystem\"" --cfg "feature=\"Wdk_System\"" --cfg "feature=\"Wdk_System_IO\"" --cfg "feature=\"Win32\"" --cfg "feature=\"Win32_Foundation\"" --cfg "feature=\"Win32_Networking\"" --cfg "feature=\"Win32_Networking_WinSock\"" --cfg "feature=\"Win32_Security\"" --cfg "feature=\"Win32_Security_Authentication\"" --cfg "feature=\"Win32_Security_Authentication_Identity\"" --cfg "feature=\"Win32_Security_Credentials\"" --cfg "feature=\"Win32_Security_Cryptography\"" --cfg "feature=\"Win32_Storage\"" --cfg "feature=\"Win32_Storage_FileSystem\"" --cfg "feature=\"Win32_System\"" --cfg "feature=\"Win32_System_Com\"" --cfg "feature=\"Win32_System_Console\"" --cfg "feature=\"Win32_System_Diagnostics\"" --cfg "feature=\"Win32_System_Diagnostics_Debug\"" --cfg "feature=\"Win32_System_IO\"" --cfg "feature=\"Win32_System_LibraryLoader\"" --cfg "feature=\"Win32_System_Memory\"" --cfg "feature=\"Win32_System_Pipes\"" --cfg "feature=\"Win32_System_SystemInformation\"" --cfg "feature=\"Win32_System_SystemServices\"" --cfg "feature=\"Win32_System_Threading\"" --cfg "feature=\"Win32_System_WindowsProgramming\"" --cfg "feature=\"Win32_UI\"" --cfg "feature=\"Win32_UI_Shell\"" --cfg "feature=\"default\"" --check-cfg cfg(docsrs,test) --check-cfg "cfg(feature, values(\"Wdk\", \"Wdk_Devices\", \"Wdk_Devices_Bluetooth\", \"Wdk_Devices_HumanInterfaceDevice\", \"Wdk_Foundation\", \"Wdk_Graphics\", \"Wdk_Graphics_Direct3D\", \"Wdk_NetworkManagement\", \"Wdk_NetworkManagement_Ndis\", \"Wdk_NetworkManagement_WindowsFilteringPlatform\", \"Wdk_Storage\", \"Wdk_Storage_FileSystem\", \"Wdk_Storage_FileSystem_Minifilters\", \"Wdk_System\", \"Wdk_System_IO\", \"Wdk_System_Memory\", \"Wdk_System_OfflineRegistry\", \"Wdk_System_Registry\", \"Wdk_System_SystemInformation\", \"Wdk_System_SystemServices\", \"Wdk_System_Threading\", \"Win32\", \"Win32_Data\", \"Win32_Data_HtmlHelp\", \"Win32_Data_RightsManagement\", \"Win32_Devices\", \"Win32_Devices_AllJoyn\", \"Win32_Devices_Beep\", \"Win32_Devices_BiometricFramework\", \"Win32_Devices_Bluetooth\", \"Win32_Devices_Cdrom\", \"Win32_Devices_Communication\", \"Win32_Devices_DeviceAndDriverInstallation\", \"Win32_Devices_DeviceQuery\", \"Win32_Devices_Display\", \"Win32_Devices_Dvd\", \"Win32_Devices_Enumeration\", \"Win32_Devices_Enumeration_Pnp\", \"Win32_Devices_Fax\", \"Win32_Devices_HumanInterfaceDevice\", \"Win32_Devices_Nfc\", \"Win32_Devices_Nfp\", \"Win32_Devices_PortableDevices\", \"Win32_Devices_Properties\", \"Win32_Devices_Pwm\", \"Win32_Devices_Sensors\", \"Win32_Devices_SerialCommunication\", \"Win32_Devices_Tapi\", \"Win32_Devices_Usb\", \"Win32_Devices_WebServicesOnDevices\", \"Win32_Foundation\", \"Win32_Gaming\", \"Win32_Globalization\", \"Win32_Graphics\", \"Win32_Graphics_Dwm\", \"Win32_Graphics_Gdi\", \"Win32_Graphics_GdiPlus\", \"Win32_Graphics_Hlsl\", \"Win32_Graphics_OpenGL\", \"Win32_Graphics_Printing\", \"Win32_Graphics_Printing_PrintTicket\", \"Win32_Management\", \"Win32_Management_MobileDeviceManagementRegistration\", \"Win32_Media\", \"Win32_Media_Audio\", \"Win32_Media_DxMediaObjects\", \"Win32_Media_KernelStreaming\", \"Win32_Media_Multimedia\", \"Win32_Media_Streaming\", \"Win32_Media_WindowsMediaFormat\", \"Win32_NetworkManagement\", \"Win32_NetworkManagement_Dhcp\", \"Win32_NetworkManagement_Dns\", \"Win32_NetworkManagement_InternetConnectionWizard\", \"Win32_NetworkManagement_IpHelper\", \"Win32_NetworkManagement_Multicast\", \"Win32_NetworkManagement_Ndis\", \"Win32_NetworkManagement_NetBios\", \"Win32_NetworkManagement_NetManagement\", \"Win32_NetworkManagement_NetShell\", \"Win32_NetworkManagement_NetworkDiagnosticsFramework\", \"Win32_NetworkManagement_P2P\", \"Win32_NetworkManagement_QoS\", \"Win32_NetworkManagement_Rras\", \"Win32_NetworkManagement_Snmp\", \"Win32_NetworkManagement_WNet\", \"Win32_NetworkManagement_WebDav\", \"Win32_NetworkManagement_WiFi\", \"Win32_NetworkManagement_WindowsConnectionManager\", \"Win32_NetworkManagement_WindowsFilteringPlatform\", \"Win32_NetworkManagement_WindowsFirewall\", \"Win32_NetworkManagement_WindowsNetworkVirtualization\", \"Win32_Networking\", \"Win32_Networking_ActiveDirectory\", \"Win32_Networking_Clustering\", \"Win32_Networking_HttpServer\", \"Win32_Networking_Ldap\", \"Win32_Networking_WebSocket\", \"Win32_Networking_WinHttp\", \"Win32_Networking_WinInet\", \"Win32_Networking_WinSock\", \"Win32_Networking_WindowsWebServices\", \"Win32_Security\", \"Win32_Security_AppLocker\", \"Win32_Security_Authentication\", \"Win32_Security_Authentication_Identity\", \"Win32_Security_Authorization\", \"Win32_Security_Credentials\", \"Win32_Security_Cryptography\", \"Win32_Security_Cryptography_Catalog\", \"Win32_Security_Cryptography_Certificates\", \"Win32_Security_Cryptography_Sip\", \"Win32_Security_Cryptography_UI\", \"Win32_Security_DiagnosticDataQuery\", \"Win32_Security_DirectoryServices\", \"Win32_Security_EnterpriseData\", \"Win32_Security_ExtensibleAuthenticationProtocol\", \"Win32_Security_Isolation\", \"Win32_Security_LicenseProtection\", \"Win32_Security_NetworkAccessProtection\", \"Win32_Security_WinTrust\", \"Win32_Security_WinWlx\", \"Win32_Storage\", \"Win32_Storage_Cabinets\", \"Win32_Storage_CloudFilters\", \"Win32_Storage_Compression\", \"Win32_Storage_DistributedFileSystem\", \"Win32_Storage_FileHistory\", \"Win32_Storage_FileSystem\", \"Win32_Storage_Imapi\", \"Win32_Storage_IndexServer\", \"Win32_Storage_InstallableFileSystems\", \"Win32_Storage_IscsiDisc\", \"Win32_Storage_Jet\", \"Win32_Storage_Nvme\", \"Win32_Storage_OfflineFiles\", \"Win32_Storage_OperationRecorder\", \"Win32_Storage_Packaging\", \"Win32_Storage_Packaging_Appx\", \"Win32_Storage_ProjectedFileSystem\", \"Win32_Storage_StructuredStorage\", \"Win32_Storage_Vhd\", \"Win32_Storage_Xps\", \"Win32_System\", \"Win32_System_AddressBook\", \"Win32_System_Antimalware\", \"Win32_System_ApplicationInstallationAndServicing\", \"Win32_System_ApplicationVerifier\", \"Win32_System_ClrHosting\", \"Win32_System_Com\", \"Win32_System_Com_Marshal\", \"Win32_System_Com_StructuredStorage\", \"Win32_System_Com_Urlmon\", \"Win32_System_ComponentServices\", \"Win32_System_Console\", \"Win32_System_CorrelationVector\", \"Win32_System_DataExchange\", \"Win32_System_DeploymentServices\", \"Win32_System_DeveloperLicensing\", \"Win32_System_Diagnostics\", \"Win32_System_Diagnostics_Ceip\", \"Win32_System_Diagnostics_Debug\", \"Win32_System_Diagnostics_Debug_Extensions\", \"Win32_System_Diagnostics_Etw\", \"Win32_System_Diagnostics_ProcessSnapshotting\", \"Win32_System_Diagnostics_ToolHelp\", \"Win32_System_Diagnostics_TraceLogging\", \"Win32_System_DistributedTransactionCoordinator\", \"Win32_System_Environment\", \"Win32_System_ErrorReporting\", \"Win32_System_EventCollector\", \"Win32_System_EventLog\", \"Win32_System_EventNotificationService\", \"Win32_System_GroupPolicy\", \"Win32_System_HostCompute\", \"Win32_System_HostComputeNetwork\", \"Win32_System_HostComputeSystem\", \"Win32_System_Hypervisor\", \"Win32_System_IO\", \"Win32_System_Iis\", \"Win32_System_Ioctl\", \"Win32_System_JobObjects\", \"Win32_System_Js\", \"Win32_System_Kernel\", \"Win32_System_LibraryLoader\", \"Win32_System_Mailslots\", \"Win32_System_Mapi\", \"Win32_System_Memory\", \"Win32_System_Memory_NonVolatile\", \"Win32_System_MessageQueuing\", \"Win32_System_MixedReality\", \"Win32_System_Ole\", \"Win32_System_PasswordManagement\", \"Win32_System_Performance\", \"Win32_System_Performance_HardwareCounterProfiling\", \"Win32_System_Pipes\", \"Win32_System_Power\", \"Win32_System_ProcessStatus\", \"Win32_System_Recovery\", \"Win32_System_Registry\", \"Win32_System_RemoteDesktop\", \"Win32_System_RemoteManagement\", \"Win32_System_RestartManager\", \"Win32_System_Restore\", \"Win32_System_Rpc\", \"Win32_System_Search\", \"Win32_System_Search_Common\", \"Win32_System_SecurityCenter\", \"Win32_System_Services\", \"Win32_System_SetupAndMigration\", \"Win32_System_Shutdown\", \"Win32_System_StationsAndDesktops\", \"Win32_System_SubsystemForLinux\", \"Win32_System_SystemInformation\", \"Win32_System_SystemServices\", \"Win32_System_Threading\", \"Win32_System_Time\", \"Win32_System_TpmBaseServices\", \"Win32_System_UserAccessLogging\", \"Win32_System_Variant\", \"Win32_System_VirtualDosMachines\", \"Win32_System_WindowsProgramming\", \"Win32_System_Wmi\", \"Win32_UI\", \"Win32_UI_Accessibility\", \"Win32_UI_ColorSystem\", \"Win32_UI_Controls\", \"Win32_UI_Controls_Dialogs\", \"Win32_UI_HiDpi\", \"Win32_UI_Input\", \"Win32_UI_Input_Ime\", \"Win32_UI_Input_KeyboardAndMouse\", \"Win32_UI_Input_Pointer\", \"Win32_UI_Input_Touch\", \"Win32_UI_Input_XboxController\", \"Win32_UI_InteractionContext\", \"Win32_UI_Magnification\", \"Win32_UI_Shell\", \"Win32_UI_Shell_Common\", \"Win32_UI_Shell_PropertiesSystem\", \"Win32_UI_TabletPC\", \"Win32_UI_TextServices\", \"Win32_UI_WindowsAndMessaging\", \"Win32_Web\", \"Win32_Web_InternetExplorer\", \"default\", \"docs\"))" -C metadata=bf06da67ae005013 -C extra-filename=-01f1ddd93e89cfd8 --out-dir D:\a\FerroTeX\FerroTeX\target\debug\deps -L dependency=D:\a\FerroTeX\FerroTeX\target\debug\deps --extern windows_link=D:\a\FerroTeX\FerroTeX\target\debug\deps\libwindows_link-ce4f0b2c15c7b075.rmeta --cap-lints allow`
Rust Build & Test (Windows)	UNKNOWN STEP	2025-12-22T11:14:44.9916792Z [1m[92m   Compiling[0m memchr v2.7.6
Rust Build & Test (Windows)	UNKNOWN STEP	2025-12-22T11:14:44.9952394Z [1m[92m     Running[0m `C:\Users\runneradmin\.rustup\toolchains\stable-x86_64-pc-windows-msvc\bin\rustc.exe --crate-name memchr --edition=2021 C:\Users\runneradmin\.cargo\registry\src\index.crates.io-1949cf8c6b5b557f\memchr-2.7.6\src\lib.rs --error-format=json --json=diagnostic-rendered-ansi,artifacts,future-incompat --crate-type lib --emit=dep-info,metadata,link -C embed-bitcode=no -C debuginfo=2 --cfg "feature=\"alloc\"" --cfg "feature=\"default\"" --cfg "feature=\"std\"" --check-cfg cfg(docsrs,test) --check-cfg "cfg(feature, values(\"alloc\", \"core\", \"default\", \"libc\", \"logging\", \"rustc-dep-of-std\", \"std\", \"use_std\"))" -C metadata=09fe962ed67a9b50 -C extra-filename=-aa8f9a3cbbce4db0 --out-dir D:\a\FerroTeX\FerroTeX\target\debug\deps -L dependency=D:\a\FerroTeX\FerroTeX\target\debug\deps --cap-lints allow`
Rust Build & Test (Windows)	UNKNOWN STEP	2025-12-22T11:14:46.0657840Z [1m[92m     Running[0m `D:\a\FerroTeX\FerroTeX\target\debug\build\quote-3db939cd83aaa4bc\build-script-build`
Rust Build & Test (Windows)	UNKNOWN STEP	2025-12-22T11:14:46.0669203Z [1m[92m     Running[0m `D:\a\FerroTeX\FerroTeX\target\debug\build\proc-macro2-fda83eb4b4f5e517\build-script-build`
Rust Build & Test (Windows)	UNKNOWN STEP	2025-12-22T11:14:46.1051710Z [1m[92m   Compiling[0m getrandom v0.3.4
Rust Build & Test (Windows)	UNKNOWN STEP	2025-12-22T11:14:46.1062916Z [1m[92m     Running[0m `C:\Users\runneradmin\.rustup\toolchains\stable-x86_64-pc-windows-msvc\bin\rustc.exe --crate-name build_script_build --edition=2021 C:\Users\runneradmin\.cargo\registry\src\index.crates.io-1949cf8c6b5b557f\getrandom-0.3.4\build.rs --error-format=json --json=diagnostic-rendered-ansi,artifacts,future-incompat --crate-type bin --emit=dep-info,link -C embed-bitcode=no --warn=unexpected_cfgs --check-cfg "cfg(getrandom_backend, values(\"custom\", \"efi_rng\", \"rdrand\", \"rndr\", \"linux_getrandom\", \"linux_raw\", \"wasm_js\", \"windows_legacy\", \"unsupported\"))" --check-cfg cfg(getrandom_msan) --check-cfg cfg(getrandom_test_linux_fallback) --check-cfg cfg(getrandom_test_linux_without_fallback) --check-cfg cfg(getrandom_test_netbsd_fallback) --check-cfg "cfg(target_os, values(\"cygwin\"))" --cfg "feature=\"std\"" --check-cfg cfg(docsrs,test) --check-cfg "cfg(feature, values(\"std\", \"wasm_js\"))" -C metadata=cf1c9540b7612a31 -C extra-filename=-f3cca79190d8e765 --out-dir D:\a\FerroTeX\FerroTeX\target\debug\build\getrandom-f3cca79190d8e765 -L dependency=D:\a\FerroTeX\FerroTeX\target\debug\deps --cap-lints allow`
Rust Build & Test (Windows)	UNKNOWN STEP	2025-12-22T11:14:47.3163799Z [1m[92m     Running[0m `D:\a\FerroTeX\FerroTeX\target\debug\build\getrandom-f3cca79190d8e765\build-script-build`
Rust Build & Test (Windows)	UNKNOWN STEP	2025-12-22T11:14:47.3868424Z [1m[92m     Running[0m `C:\Users\runneradmin\.rustup\toolchains\stable-x86_64-pc-windows-msvc\bin\rustc.exe --crate-name getrandom --edition=2021 C:\Users\runneradmin\.cargo\registry\src\index.crates.io-1949cf8c6b5b557f\getrandom-0.3.4\src\lib.rs --error-format=json --json=diagnostic-rendered-ansi,artifacts,future-incompat --crate-type lib --emit=dep-info,metadata,link -C embed-bitcode=no --warn=unexpected_cfgs --check-cfg "cfg(getrandom_backend, values(\"custom\", \"efi_rng\", \"rdrand\", \"rndr\", \"linux_getrandom\", \"linux_raw\", \"wasm_js\", \"windows_legacy\", \"unsupported\"))" --check-cfg cfg(getrandom_msan) --check-cfg cfg(getrandom_test_linux_fallback) --check-cfg cfg(getrandom_test_linux_without_fallback) --check-cfg cfg(getrandom_test_netbsd_fallback) --check-cfg "cfg(target_os, values(\"cygwin\"))" --cfg "feature=\"std\"" --check-cfg cfg(docsrs,test) --check-cfg "cfg(feature, values(\"std\", \"wasm_js\"))" -C metadata=b451cce45d23bc82 -C extra-filename=-579d482f952f69e2 --out-dir D:\a\FerroTeX\FerroTeX\target\debug\deps -L dependency=D:\a\FerroTeX\FerroTeX\target\debug\deps --extern cfg_if=D:\a\FerroTeX\FerroTeX\target\debug\deps\libcfg_if-4316c8dd3aae8aa0.rmeta --cap-lints allow`
Rust Build & Test (Windows)	UNKNOWN STEP	2025-12-22T11:14:47.9635679Z [1m[92m     Running[0m `C:\Users\runneradmin\.rustup\toolchains\stable-x86_64-pc-windows-msvc\bin\rustc.exe --crate-name proc_macro2 --edition=2021 C:\Users\runneradmin\.cargo\registry\src\index.crates.io-1949cf8c6b5b557f\proc-macro2-1.0.103\src\lib.rs --error-format=json --json=diagnostic-rendered-ansi,artifacts,future-incompat --crate-type lib --emit=dep-info,metadata,link -C embed-bitcode=no --cfg "feature=\"default\"" --cfg "feature=\"proc-macro\"" --check-cfg cfg(docsrs,test) --check-cfg "cfg(feature, values(\"default\", \"nightly\", \"proc-macro\", \"span-locations\"))" -C metadata=5b19b57c95dfb077 -C extra-filename=-2b2ea4fb9ae5c084 --out-dir D:\a\FerroTeX\FerroTeX\target\debug\deps -L dependency=D:\a\FerroTeX\FerroTeX\target\debug\deps --extern unicode_ident=D:\a\FerroTeX\FerroTeX\target\debug\deps\libunicode_ident-59cf9ad09079dcbb.rmeta --cap-lints allow --cfg wrap_proc_macro --cfg proc_macro_span_location --cfg proc_macro_span_file --check-cfg cfg(fuzzing) --check-cfg cfg(no_is_available) --check-cfg cfg(no_literal_byte_character) --check-cfg cfg(no_literal_c_string) --check-cfg cfg(no_source_text) --check-cfg cfg(proc_macro_span) --check-cfg cfg(proc_macro_span_file) --check-cfg cfg(proc_macro_span_location) --check-cfg cfg(procmacro2_backtrace) --check-cfg cfg(procmacro2_build_probe) --check-cfg cfg(procmacro2_nightly_testing) --check-cfg cfg(procmacro2_semver_exempt) --check-cfg cfg(randomize_layout) --check-cfg cfg(span_locations) --check-cfg cfg(super_unstable) --check-cfg cfg(wrap_proc_macro)`
Rust Build & Test (Windows)	UNKNOWN STEP	2025-12-22T11:14:48.1237578Z [1m[92m   Compiling[0m pkg-config v0.3.32
Rust Build & Test (Windows)	UNKNOWN STEP	2025-12-22T11:14:48.1258819Z [1m[92m     Running[0m `C:\Users\runneradmin\.rustup\toolchains\stable-x86_64-pc-windows-msvc\bin\rustc.exe --crate-name pkg_config --edition=2018 C:\Users\runneradmin\.cargo\registry\src\index.crates.io-1949cf8c6b5b557f\pkg-config-0.3.32\src\lib.rs --error-format=json --json=diagnostic-rendered-ansi,artifacts,future-incompat --crate-type lib --emit=dep-info,metadata,link -C embed-bitcode=no --check-cfg cfg(docsrs,test) --check-cfg "cfg(feature, values())" -C metadata=9a10a05f54eea901 -C extra-filename=-02894189970fd886 --out-dir D:\a\FerroTeX\FerroTeX\target\debug\deps -L dependency=D:\a\FerroTeX\FerroTeX\target\debug\deps --cap-lints allow`
Rust Build & Test (Windows)	UNKNOWN STEP	2025-12-22T11:14:48.5851717Z [1m[92m   Compiling[0m jobserver v0.1.34
Rust Build & Test (Windows)	UNKNOWN STEP	2025-12-22T11:14:48.5861263Z [1m[92m     Running[0m `C:\Users\runneradmin\.rustup\toolchains\stable-x86_64-pc-windows-msvc\bin\rustc.exe --crate-name jobserver --edition=2021 C:\Users\runneradmin\.cargo\registry\src\index.crates.io-1949cf8c6b5b557f\jobserver-0.1.34\src\lib.rs --error-format=json --json=diagnostic-rendered-ansi,artifacts,future-incompat --crate-type lib --emit=dep-info,metadata,link -C embed-bitcode=no --check-cfg cfg(docsrs,test) --check-cfg "cfg(feature, values())" -C metadata=f14d0fad53e15ce9 -C extra-filename=-36c1485069c88f42 --out-dir D:\a\FerroTeX\FerroTeX\target\debug\deps -L dependency=D:\a\FerroTeX\FerroTeX\target\debug\deps --extern getrandom=D:\a\FerroTeX\FerroTeX\target\debug\deps\libgetrandom-579d482f952f69e2.rmeta --cap-lints allow`
Rust Build & Test (Windows)	UNKNOWN STEP	2025-12-22T11:14:49.2274650Z [1m[92m     Running[0m `C:\Users\runneradmin\.rustup\toolchains\stable-x86_64-pc-windows-msvc\bin\rustc.exe --crate-name quote --edition=2018 C:\Users\runneradmin\.cargo\registry\src\index.crates.io-1949cf8c6b5b557f\quote-1.0.42\src\lib.rs --error-format=json --json=diagnostic-rendered-ansi,artifacts,future-incompat --crate-type lib --emit=dep-info,metadata,link -C embed-bitcode=no --cfg "feature=\"default\"" --cfg "feature=\"proc-macro\"" --check-cfg cfg(docsrs,test) --check-cfg "cfg(feature, values(\"default\", \"proc-macro\"))" -C metadata=9e697084a5a0ba6b -C extra-filename=-e2d37abd6ae917d4 --out-dir D:\a\FerroTeX\FerroTeX\target\debug\deps -L dependency=D:\a\FerroTeX\FerroTeX\target\debug\deps --extern proc_macro2=D:\a\FerroTeX\FerroTeX\target\debug\deps\libproc_macro2-2b2ea4fb9ae5c084.rmeta --cap-lints allow --check-cfg cfg(no_diagnostic_namespace)`
Rust Build & Test (Windows)	UNKNOWN STEP	2025-12-22T11:14:49.4142323Z [1m[92m   Compiling[0m shlex v1.3.0
Rust Build & Test (Windows)	UNKNOWN STEP	2025-12-22T11:14:49.4524644Z [1m[92m     Running[0m `C:\Users\runneradmin\.rustup\toolchains\stable-x86_64-pc-windows-msvc\bin\rustc.exe --crate-name shlex --edition=2015 C:\Users\runneradmin\.cargo\registry\src\index.crates.io-1949cf8c6b5b557f\shlex-1.3.0\src\lib.rs --error-format=json --json=diagnostic-rendered-ansi,artifacts,future-incompat --crate-type lib --emit=dep-info,metadata,link -C embed-bitcode=no --cfg "feature=\"default\"" --cfg "feature=\"std\"" --check-cfg cfg(docsrs,test) --check-cfg "cfg(feature, values(\"default\", \"std\"))" -C metadata=a9e42189739ae3bc -C extra-filename=-4cef7448b830be1b --out-dir D:\a\FerroTeX\FerroTeX\target\debug\deps -L dependency=D:\a\FerroTeX\FerroTeX\target\debug\deps --cap-lints allow`
Rust Build & Test (Windows)	UNKNOWN STEP	2025-12-22T11:14:49.4991664Z [1m[92m   Compiling[0m find-msvc-tools v0.1.5
Rust Build & Test (Windows)	UNKNOWN STEP	2025-12-22T11:14:49.5076503Z [1m[92m     Running[0m `C:\Users\runneradmin\.rustup\toolchains\stable-x86_64-pc-windows-msvc\bin\rustc.exe --crate-name find_msvc_tools --edition=2018 C:\Users\runneradmin\.cargo\registry\src\index.crates.io-1949cf8c6b5b557f\find-msvc-tools-0.1.5\src\lib.rs --error-format=json --json=diagnostic-rendered-ansi,artifacts,future-incompat --crate-type lib --emit=dep-info,metadata,link -C embed-bitcode=no --allow=unexpected_cfgs --check-cfg cfg(disable_clang_cl_tests) --check-cfg cfg(docsrs,test) --check-cfg "cfg(feature, values())" -C metadata=d6c22e3407316ecb -C extra-filename=-0ca8b0eb2655f875 --out-dir D:\a\FerroTeX\FerroTeX\target\debug\deps -L dependency=D:\a\FerroTeX\FerroTeX\target\debug\deps --cap-lints allow`
Rust Build & Test (Windows)	UNKNOWN STEP	2025-12-22T11:14:49.7167614Z [1m[92m   Compiling[0m syn v2.0.111
Rust Build & Test (Windows)	UNKNOWN STEP	2025-12-22T11:14:49.7211604Z [1m[92m     Running[0m `C:\Users\runneradmin\.rustup\toolchains\stable-x86_64-pc-windows-msvc\bin\rustc.exe --crate-name syn --edition=2021 C:\Users\runneradmin\.cargo\registry\src\index.crates.io-1949cf8c6b5b557f\syn-2.0.111\src\lib.rs --error-format=json --json=diagnostic-rendered-ansi,artifacts,future-incompat --crate-type lib --emit=dep-info,metadata,link -C embed-bitcode=no --cfg "feature=\"clone-impls\"" --cfg "feature=\"default\"" --cfg "feature=\"derive\"" --cfg "feature=\"extra-traits\"" --cfg "feature=\"fold\"" --cfg "feature=\"full\"" --cfg "feature=\"parsing\"" --cfg "feature=\"printing\"" --cfg "feature=\"proc-macro\"" --cfg "feature=\"visit\"" --cfg "feature=\"visit-mut\"" --check-cfg cfg(docsrs,test) --check-cfg "cfg(feature, values(\"clone-impls\", \"default\", \"derive\", \"extra-traits\", \"fold\", \"full\", \"parsing\", \"printing\", \"proc-macro\", \"test\", \"visit\", \"visit-mut\"))" -C metadata=e2a1ec15893946f6 -C extra-filename=-fc7d70a291eba9df --out-dir D:\a\FerroTeX\FerroTeX\target\debug\deps -L dependency=D:\a\FerroTeX\FerroTeX\target\debug\deps --extern proc_macro2=D:\a\FerroTeX\FerroTeX\target\debug\deps\libproc_macro2-2b2ea4fb9ae5c084.rmeta --extern quote=D:\a\FerroTeX\FerroTeX\target\debug\deps\libquote-e2d37abd6ae917d4.rmeta --extern unicode_ident=D:\a\FerroTeX\FerroTeX\target\debug\deps\libunicode_ident-59cf9ad09079dcbb.rmeta --cap-lints allow`
Rust Build & Test (Windows)	UNKNOWN STEP	2025-12-22T11:14:49.7702642Z [1m[92m   Compiling[0m thiserror v1.0.69
Rust Build & Test (Windows)	UNKNOWN STEP	2025-12-22T11:14:49.7711815Z [1m[92m     Running[0m `C:\Users\runneradmin\.rustup\toolchains\stable-x86_64-pc-windows-msvc\bin\rustc.exe --crate-name build_script_build --edition=2021 C:\Users\runneradmin\.cargo\registry\src\index.crates.io-1949cf8c6b5b557f\thiserror-1.0.69\build.rs --error-format=json --json=diagnostic-rendered-ansi,artifacts,future-incompat --crate-type bin --emit=dep-info,link -C embed-bitcode=no --check-cfg cfg(docsrs,test) --check-cfg "cfg(feature, values())" -C metadata=284efdcacec140dd -C extra-filename=-0230c46b9c2f5fa4 --out-dir D:\a\FerroTeX\FerroTeX\target\debug\build\thiserror-0230c46b9c2f5fa4 -L dependency=D:\a\FerroTeX\FerroTeX\target\debug\deps --cap-lints allow`
Rust Build & Test (Windows)	UNKNOWN STEP	2025-12-22T11:14:50.1713537Z [1m[92m   Compiling[0m cc v1.2.49
Rust Build & Test (Windows)	UNKNOWN STEP	2025-12-22T11:14:50.1753712Z [1m[92m     Running[0m `C:\Users\runneradmin\.rustup\toolchains\stable-x86_64-pc-windows-msvc\bin\rustc.exe --crate-name cc --edition=2018 C:\Users\runneradmin\.cargo\registry\src\index.crates.io-1949cf8c6b5b557f\cc-1.2.49\src\lib.rs --error-format=json --json=diagnostic-rendered-ansi,artifacts,future-incompat --crate-type lib --emit=dep-info,metadata,link -C embed-bitcode=no --allow=unexpected_cfgs --check-cfg cfg(disable_clang_cl_tests) --cfg "feature=\"parallel\"" --check-cfg cfg(docsrs,test) --check-cfg "cfg(feature, values(\"jobserver\", \"parallel\"))" -C metadata=6d39ece58efca841 -C extra-filename=-e381a8642aa09e75 --out-dir D:\a\FerroTeX\FerroTeX\target\debug\deps -L dependency=D:\a\FerroTeX\FerroTeX\target\debug\deps --extern find_msvc_tools=D:\a\FerroTeX\FerroTeX\target\debug\deps\libfind_msvc_tools-0ca8b0eb2655f875.rmeta --extern jobserver=D:\a\FerroTeX\FerroTeX\target\debug\deps\libjobserver-36c1485069c88f42.rmeta --extern shlex=D:\a\FerroTeX\FerroTeX\target\debug\deps\libshlex-4cef7448b830be1b.rmeta --cap-lints allow`
Rust Build & Test (Windows)	UNKNOWN STEP	2025-12-22T11:14:50.9278957Z [1m[92m     Running[0m `D:\a\FerroTeX\FerroTeX\target\debug\build\thiserror-0230c46b9c2f5fa4\build-script-build`
Rust Build & Test (Windows)	UNKNOWN STEP	2025-12-22T11:14:51.0169276Z [1m[92m   Compiling[0m version_check v0.9.5
Rust Build & Test (Windows)	UNKNOWN STEP	2025-12-22T11:14:51.0495164Z [1m[92m     Running[0m `C:\Users\runneradmin\.rustup\toolchains\stable-x86_64-pc-windows-msvc\bin\rustc.exe --crate-name version_check --edition=2015 C:\Users\runneradmin\.cargo\registry\src\index.crates.io-1949cf8c6b5b557f\version_check-0.9.5\src\lib.rs --error-format=json --json=diagnostic-rendered-ansi,artifacts,future-incompat --crate-type lib --emit=dep-info,metadata,link -C embed-bitcode=no --check-cfg cfg(docsrs,test) --check-cfg "cfg(feature, values())" -C metadata=c308b7048c0766d0 -C extra-filename=-09678914587011bc --out-dir D:\a\FerroTeX\FerroTeX\target\debug\deps -L dependency=D:\a\FerroTeX\FerroTeX\target\debug\deps --cap-lints allow`
Rust Build & Test (Windows)	UNKNOWN STEP	2025-12-22T11:14:51.6073151Z [1m[92m   Compiling[0m vcpkg v0.2.15
Rust Build & Test (Windows)	UNKNOWN STEP	2025-12-22T11:14:51.6112275Z [1m[92m     Running[0m `C:\Users\runneradmin\.rustup\toolchains\stable-x86_64-pc-windows-msvc\bin\rustc.exe --crate-name vcpkg --edition=2015 C:\Users\runneradmin\.cargo\registry\src\index.crates.io-1949cf8c6b5b557f\vcpkg-0.2.15\src\lib.rs --error-format=json --json=diagnostic-rendered-ansi,artifacts,future-incompat --crate-type lib --emit=dep-info,metadata,link -C embed-bitcode=no --check-cfg cfg(docsrs,test) --check-cfg "cfg(feature, values())" -C metadata=4214acea6c3edfaf -C extra-filename=-f296f353b61803f1 --out-dir D:\a\FerroTeX\FerroTeX\target\debug\deps -L dependency=D:\a\FerroTeX\FerroTeX\target\debug\deps --cap-lints allow`
Rust Build & Test (Windows)	UNKNOWN STEP	2025-12-22T11:14:52.7399320Z [1m[92m   Compiling[0m smallvec v1.15.1
Rust Build & Test (Windows)	UNKNOWN STEP	2025-12-22T11:14:52.7590454Z [1m[92m     Running[0m `C:\Users\runneradmin\.rustup\toolchains\stable-x86_64-pc-windows-msvc\bin\rustc.exe --crate-name smallvec --edition=2018 C:\Users\runneradmin\.cargo\registry\src\index.crates.io-1949cf8c6b5b557f\smallvec-1.15.1\src\lib.rs --error-format=json --json=diagnostic-rendered-ansi,artifacts,future-incompat --crate-type lib --emit=dep-info,metadata,link -C embed-bitcode=no -C debuginfo=2 --cfg "feature=\"const_generics\"" --cfg "feature=\"write\"" --check-cfg cfg(docsrs,test) --check-cfg "cfg(feature, values(\"arbitrary\", \"bincode\", \"const_generics\", \"const_new\", \"debugger_visualizer\", \"drain_filter\", \"drain_keep_rest\", \"impl_bincode\", \"malloc_size_of\", \"may_dangle\", \"serde\", \"specialization\", \"union\", \"unty\", \"write\"))" -C metadata=3edec83a50d214ca -C extra-filename=-1dda5a6c1c321a97 --out-dir D:\a\FerroTeX\FerroTeX\target\debug\deps -L dependency=D:\a\FerroTeX\FerroTeX\target\debug\deps --cap-lints allow`
Rust Build & Test (Windows)	UNKNOWN STEP	2025-12-22T11:14:53.1169671Z [1m[92m   Compiling[0m itoa v1.0.15
Rust Build & Test (Windows)	UNKNOWN STEP	2025-12-22T11:14:53.1195553Z [1m[92m     Running[0m `C:\Users\runneradmin\.rustup\toolchains\stable-x86_64-pc-windows-msvc\bin\rustc.exe --crate-name itoa --edition=2018 C:\Users\runneradmin\.cargo\registry\src\index.crates.io-1949cf8c6b5b557f\itoa-1.0.15\src\lib.rs --error-format=json --json=diagnostic-rendered-ansi,artifacts,future-incompat --crate-type lib --emit=dep-info,metadata,link -C embed-bitcode=no -C debuginfo=2 --check-cfg cfg(docsrs,test) --check-cfg "cfg(feature, values(\"no-panic\"))" -C metadata=92e77eb3d736d139 -C extra-filename=-a874efea87e6b2c0 --out-dir D:\a\FerroTeX\FerroTeX\target\debug\deps -L dependency=D:\a\FerroTeX\FerroTeX\target\debug\deps --cap-lints allow`
Rust Build & Test (Windows)	UNKNOWN STEP	2025-12-22T11:14:53.2630246Z [1m[92m   Compiling[0m once_cell v1.21.3
Rust Build & Test (Windows)	UNKNOWN STEP	2025-12-22T11:14:53.2658818Z [1m[92m     Running[0m `C:\Users\runneradmin\.rustup\toolchains\stable-x86_64-pc-windows-msvc\bin\rustc.exe --crate-name once_cell --edition=2021 C:\Users\runneradmin\.cargo\registry\src\index.crates.io-1949cf8c6b5b557f\once_cell-1.21.3\src\lib.rs --error-format=json --json=diagnostic-rendered-ansi,artifacts,future-incompat --crate-type lib --emit=dep-info,metadata,link -C embed-bitcode=no -C debuginfo=2 --cfg "feature=\"alloc\"" --cfg "feature=\"default\"" --cfg "feature=\"race\"" --cfg "feature=\"std\"" --check-cfg cfg(docsrs,test) --check-cfg "cfg(feature, values(\"alloc\", \"atomic-polyfill\", \"critical-section\", \"default\", \"parking_lot\", \"portable-atomic\", \"race\", \"std\", \"unstable\"))" -C metadata=c3adf3ce6c8e0b69 -C extra-filename=-5bbd183c350e7435 --out-dir D:\a\FerroTeX\FerroTeX\target\debug\deps -L dependency=D:\a\FerroTeX\FerroTeX\target\debug\deps --cap-lints allow`
Rust Build & Test (Windows)	UNKNOWN STEP	2025-12-22T11:14:53.3292514Z [1m[92m   Compiling[0m windows_x86_64_msvc v0.53.1
Rust Build & Test (Windows)	UNKNOWN STEP	2025-12-22T11:14:53.3332257Z [1m[92m     Running[0m `C:\Users\runneradmin\.rustup\toolchains\stable-x86_64-pc-windows-msvc\bin\rustc.exe --crate-name build_script_build --edition=2021 C:\Users\runneradmin\.cargo\registry\src\index.crates.io-1949cf8c6b5b557f\windows_x86_64_msvc-0.53.1\build.rs --error-format=json --json=diagnostic-rendered-ansi,artifacts,future-incompat --crate-type bin --emit=dep-info,link -C embed-bitcode=no --warn=unexpected_cfgs --warn=missing_unsafe_on_extern --check-cfg "cfg(windows_raw_dylib, windows_slim_errors)" --check-cfg cfg(docsrs,test) --check-cfg "cfg(feature, values())" -C metadata=3282aedba26983a2 -C extra-filename=-a3759474c18e809f --out-dir D:\a\FerroTeX\FerroTeX\target\debug\build\windows_x86_64_msvc-a3759474c18e809f -L dependency=D:\a\FerroTeX\FerroTeX\target\debug\deps --cap-lints allow`
Rust Build & Test (Windows)	UNKNOWN STEP	2025-12-22T11:14:53.5196560Z [1m[92m   Compiling[0m winapi-util v0.1.11
Rust Build & Test (Windows)	UNKNOWN STEP	2025-12-22T11:14:53.5261380Z [1m[92m     Running[0m `C:\Users\runneradmin\.rustup\toolchains\stable-x86_64-pc-windows-msvc\bin\rustc.exe --crate-name winapi_util --edition=2021 C:\Users\runneradmin\.cargo\registry\src\index.crates.io-1949cf8c6b5b557f\winapi-util-0.1.11\src\lib.rs --error-format=json --json=diagnostic-rendered-ansi,artifacts,future-incompat --crate-type lib --emit=dep-info,metadata,link -C embed-bitcode=no -C debuginfo=2 --check-cfg cfg(docsrs,test) --check-cfg "cfg(feature, values())" -C metadata=cba71262bd07f3d6 -C extra-filename=-dfe14d6e24af9e4b --out-dir D:\a\FerroTeX\FerroTeX\target\debug\deps -L dependency=D:\a\FerroTeX\FerroTeX\target\debug\deps --extern windows_sys=D:\a\FerroTeX\FerroTeX\target\debug\deps\libwindows_sys-01f1ddd93e89cfd8.rmeta --cap-lints allow`
Rust Build & Test (Windows)	UNKNOWN STEP	2025-12-22T11:14:53.5889553Z [1m[92m     Running[0m `D:\a\FerroTeX\FerroTeX\target\debug\build\windows_x86_64_msvc-a3759474c18e809f\build-script-build`
Rust Build & Test (Windows)	UNKNOWN STEP	2025-12-22T11:14:53.6038287Z [1m[92m     Running[0m `C:\Users\runneradmin\.rustup\toolchains\stable-x86_64-pc-windows-msvc\bin\rustc.exe --crate-name windows_x86_64_msvc --edition=2021 C:\Users\runneradmin\.cargo\registry\src\index.crates.io-1949cf8c6b5b557f\windows_x86_64_msvc-0.53.1\src\lib.rs --error-format=json --json=diagnostic-rendered-ansi,artifacts,future-incompat --crate-type lib --emit=dep-info,metadata,link -C embed-bitcode=no -C debuginfo=2 --warn=unexpected_cfgs --warn=missing_unsafe_on_extern --check-cfg "cfg(windows_raw_dylib, windows_slim_errors)" --check-cfg cfg(docsrs,test) --check-cfg "cfg(feature, values())" -C metadata=4a0eeab8f22c42c3 -C extra-filename=-f66f5ffbf53ff939 --out-dir D:\a\FerroTeX\FerroTeX\target\debug\deps -L dependency=D:\a\FerroTeX\FerroTeX\target\debug\deps --cap-lints allow -L native=C:\Users\runneradmin\.cargo\registry\src\index.crates.io-1949cf8c6b5b557f\windows_x86_64_msvc-0.53.1\lib`
Rust Build & Test (Windows)	UNKNOWN STEP	2025-12-22T11:14:53.6775741Z [1m[92m   Compiling[0m typenum v1.19.0
Rust Build & Test (Windows)	UNKNOWN STEP	2025-12-22T11:14:53.6814621Z [1m[92m     Running[0m `C:\Users\runneradmin\.rustup\toolchains\stable-x86_64-pc-windows-msvc\bin\rustc.exe --crate-name build_script_build --edition=2018 C:\Users\runneradmin\.cargo\registry\src\index.crates.io-1949cf8c6b5b557f\typenum-1.19.0\build.rs --error-format=json --json=diagnostic-rendered-ansi,artifacts,future-incompat --crate-type bin --emit=dep-info,link -C embed-bitcode=no --check-cfg cfg(docsrs,test) --check-cfg "cfg(feature, values(\"const-generics\", \"force_unix_path_separator\", \"i128\", \"no_std\", \"scale-info\", \"scale_info\", \"strict\"))" -C metadata=c6bdc5ff84dead50 -C extra-filename=-1ee6afc9f8e45c6a --out-dir D:\a\FerroTeX\FerroTeX\target\debug\build\typenum-1ee6afc9f8e45c6a -L dependency=D:\a\FerroTeX\FerroTeX\target\debug\deps --cap-lints allow`
Rust Build & Test (Windows)	UNKNOWN STEP	2025-12-22T11:14:53.8814320Z [1m[92m   Compiling[0m winapi v0.3.9
Rust Build & Test (Windows)	UNKNOWN STEP	2025-12-22T11:14:53.8890520Z [1m[92m     Running[0m `C:\Users\runneradmin\.rustup\toolchains\stable-x86_64-pc-windows-msvc\bin\rustc.exe --crate-name build_script_build --edition=2015 C:\Users\runneradmin\.cargo\registry\src\index.crates.io-1949cf8c6b5b557f\winapi-0.3.9\build.rs --error-format=json --json=diagnostic-rendered-ansi,artifacts,future-incompat --crate-type bin --emit=dep-info,link -C embed-bitcode=no --cfg "feature=\"combaseapi\"" --cfg "feature=\"consoleapi\"" --cfg "feature=\"errhandlingapi\"" --cfg "feature=\"fileapi\"" --cfg "feature=\"handleapi\"" --cfg "feature=\"impl-default\"" --cfg "feature=\"ioapiset\"" --cfg "feature=\"jobapi2\"" --cfg "feature=\"knownfolders\"" --cfg "feature=\"lmapibuf\"" --cfg "feature=\"lmserver\"" --cfg "feature=\"lmwksta\"" --cfg "feature=\"minwinbase\"" --cfg "feature=\"minwindef\"" --cfg "feature=\"objbase\"" --cfg "feature=\"processenv\"" --cfg "feature=\"processthreadsapi\"" --cfg "feature=\"shlobj\"" --cfg "feature=\"std\"" --cfg "feature=\"tlhelp32\"" --cfg "feature=\"winbase\"" --cfg "feature=\"wincon\"" --cfg "feature=\"winerror\"" --check-cfg cfg(docsrs,test) --check-cfg "cfg(feature, values(\"accctrl\", \"aclapi\", \"activation\", \"adhoc\", \"appmgmt\", \"audioclient\", \"audiosessiontypes\", \"avrt\", \"basetsd\", \"bcrypt\", \"bits\", \"bits10_1\", \"bits1_5\", \"bits2_0\", \"bits2_5\", \"bits3_0\", \"bits4_0\", \"bits5_0\", \"bitscfg\", \"bitsmsg\", \"bluetoothapis\", \"bluetoothleapis\", \"bthdef\", \"bthioctl\", \"bthledef\", \"bthsdpdef\", \"bugcodes\", \"cderr\", \"cfg\", \"cfgmgr32\", \"cguid\", \"combaseapi\", \"coml2api\", \"commapi\", \"commctrl\", \"commdlg\", \"commoncontrols\", \"consoleapi\", \"corecrt\", \"corsym\", \"d2d1\", \"d2d1_1\", \"d2d1_2\", \"d2d1_3\", \"d2d1effectauthor\", \"d2d1effects\", \"d2d1effects_1\", \"d2d1effects_2\", \"d2d1svg\", \"d2dbasetypes\", \"d3d\", \"d3d10\", \"d3d10_1\", \"d3d10_1shader\", \"d3d10effect\", \"d3d10misc\", \"d3d10sdklayers\", \"d3d10shader\", \"d3d11\", \"d3d11_1\", \"d3d11_2\", \"d3d11_3\", \"d3d11_4\", \"d3d11on12\", \"d3d11sdklayers\", \"d3d11shader\", \"d3d11tokenizedprogramformat\", \"d3d12\", \"d3d12sdklayers\", \"d3d12shader\", \"d3d9\", \"d3d9caps\", \"d3d9types\", \"d3dcommon\", \"d3dcompiler\", \"d3dcsx\", \"d3dkmdt\", \"d3dkmthk\", \"d3dukmdt\", \"d3dx10core\", \"d3dx10math\", \"d3dx10mesh\", \"datetimeapi\", \"davclnt\", \"dbghelp\", \"dbt\", \"dcommon\", \"dcomp\", \"dcompanimation\", \"dcomptypes\", \"dde\", \"ddraw\", \"ddrawi\", \"ddrawint\", \"debug\", \"debugapi\", \"devguid\", \"devicetopology\", \"devpkey\", \"devpropdef\", \"dinput\", \"dinputd\", \"dispex\", \"dmksctl\", \"dmusicc\", \"docobj\", \"documenttarget\", \"dot1x\", \"dpa_dsa\", \"dpapi\", \"dsgetdc\", \"dsound\", \"dsrole\", \"dvp\", \"dwmapi\", \"dwrite\", \"dwrite_1\", \"dwrite_2\", \"dwrite_3\", \"dxdiag\", \"dxfile\", \"dxgi\", \"dxgi1_2\", \"dxgi1_3\", \"dxgi1_4\", \"dxgi1_5\", \"dxgi1_6\", \"dxgidebug\", \"dxgiformat\", \"dxgitype\", \"dxva2api\", \"dxvahd\", \"eaptypes\", \"enclaveapi\", \"endpointvolume\", \"errhandlingapi\", \"everything\", \"evntcons\", \"evntprov\", \"evntrace\", \"excpt\", \"exdisp\", \"fibersapi\", \"fileapi\", \"functiondiscoverykeys_devpkey\", \"gl-gl\", \"guiddef\", \"handleapi\", \"heapapi\", \"hidclass\", \"hidpi\", \"hidsdi\", \"hidusage\", \"highlevelmonitorconfigurationapi\", \"hstring\", \"http\", \"ifdef\", \"ifmib\", \"imm\", \"impl-debug\", \"impl-default\", \"in6addr\", \"inaddr\", \"inspectable\", \"interlockedapi\", \"intsafe\", \"ioapiset\", \"ipexport\", \"iphlpapi\", \"ipifcons\", \"ipmib\", \"iprtrmib\", \"iptypes\", \"jobapi\", \"jobapi2\", \"knownfolders\", \"ks\", \"ksmedia\", \"ktmtypes\", \"ktmw32\", \"l2cmn\", \"libloaderapi\", \"limits\", \"lmaccess\", \"lmalert\", \"lmapibuf\", \"lmat\", \"lmcons\", \"lmdfs\", \"lmerrlog\", \"lmjoin\", \"lmmsg\", \"lmremutl\", \"lmrepl\", \"lmserver\", \"lmshare\", \"lmstats\", \"lmsvc\", \"lmuse\", \"lmwksta\", \"lowlevelmonitorconfigurationapi\", \"lsalookup\", \"memoryapi\", \"minschannel\", \"minwinbase\", \"minwindef\", \"mmdeviceapi\", \"mmeapi\", \"mmreg\", \"mmsystem\", \"mprapidef\", \"msaatext\", \"mscat\", \"mschapp\", \"mssip\", \"mstcpip\", \"mswsock\", \"mswsockdef\", \"namedpipeapi\", \"namespaceapi\", \"nb30\", \"ncrypt\", \"netioapi\", \"nldef\", \"ntddndis\", \"ntddscsi\", \"ntddser\", \"ntdef\", \"ntlsa\", \"ntsecapi\", \"ntstatus\", \"oaidl\", \"objbase\", \"objidl\", \"objidlbase\", \"ocidl\", \"ole2\", \"oleauto\", \"olectl\", \"oleidl\", \"opmapi\", \"pdh\", \"perflib\", \"physicalmonitorenumerationapi\", \"playsoundapi\", \"portabledevice\", \"portabledeviceapi\", \"portabledevicetypes\", \"powerbase\", \"powersetting\", \"powrprof\", \"processenv\", \"processsnapshot\", \"processthreadsapi\", \"processtopologyapi\", \"profileapi\", \"propidl\", \"propkey\", \"propkeydef\", \"propsys\", \"prsht\", \"psapi\", \"qos\", \"realtimeapiset\", \"reason\", \"restartmanager\", \"restrictederrorinfo\", \"rmxfguid\", \"roapi\", \"robuffer\", \"roerrorapi\", \"rpc\", \"rpcdce\", \"rpcndr\", \"rtinfo\", \"sapi\", \"sapi51\", \"sapi53\", \"sapiddk\", \"sapiddk51\", \"schannel\", \"sddl\", \"securityappcontainer\", \"securitybaseapi\", \"servprov\", \"setupapi\", \"shellapi\", \"shellscalingapi\", \"shlobj\", \"shobjidl\", \"shobjidl_core\", \"shtypes\", \"softpub\", \"spapidef\", \"spellcheck\", \"sporder\", \"sql\", \"sqlext\", \"sqltypes\", \"sqlucode\", \"sspi\", \"std\", \"stralign\", \"stringapiset\", \"strmif\", \"subauth\", \"synchapi\", \"sysinfoapi\", \"systemtopologyapi\", \"taskschd\", \"tcpestats\", \"tcpmib\", \"textstor\", \"threadpoolapiset\", \"threadpoollegacyapiset\", \"timeapi\", \"timezoneapi\", \"tlhelp32\", \"transportsettingcommon\", \"tvout\", \"udpmib\", \"unknwnbase\", \"urlhist\", \"urlmon\", \"usb\", \"usbioctl\", \"usbiodef\", \"usbscan\", \"usbspec\", \"userenv\", \"usp10\", \"utilapiset\", \"uxtheme\", \"vadefs\", \"vcruntime\", \"vsbackup\", \"vss\", \"vsserror\", \"vswriter\", \"wbemads\", \"wbemcli\", \"wbemdisp\", \"wbemprov\", \"wbemtran\", \"wct\", \"werapi\", \"winbase\", \"wincodec\", \"wincodecsdk\", \"wincon\", \"wincontypes\", \"wincred\", \"wincrypt\", \"windef\", \"windot11\", \"windowsceip\", \"windowsx\", \"winefs\", \"winerror\", \"winevt\", \"wingdi\", \"winhttp\", \"wininet\", \"winineti\", \"winioctl\", \"winnetwk\", \"winnls\", \"winnt\", \"winreg\", \"winsafer\", \"winscard\", \"winsmcrd\", \"winsock2\", \"winspool\", \"winstring\", \"winsvc\", \"wintrust\", \"winusb\", \"winusbio\", \"winuser\", \"winver\", \"wlanapi\", \"wlanihv\", \"wlanihvtypes\", \"wlantypes\", \"wlclient\", \"wmistr\", \"wnnc\", \"wow64apiset\", \"wpdmtpextensions\", \"ws2bth\", \"ws2def\", \"ws2ipdef\", \"ws2spi\", \"ws2tcpip\", \"wtsapi32\", \"wtypes\", \"wtypesbase\", \"xinput\"))" -C metadata=5ab89cae424c02d5 -C extra-filename=-9edc8b0db9858e48 --out-dir D:\a\FerroTeX\FerroTeX\target\debug\build\winapi-9edc8b0db9858e48 -L dependency=D:\a\FerroTeX\FerroTeX\target\debug\deps --cap-lints allow`
Rust Build & Test (Windows)	UNKNOWN STEP	2025-12-22T11:14:54.2698933Z [1m[92m   Compiling[0m parking_lot_core v0.9.12
Rust Build & Test (Windows)	UNKNOWN STEP	2025-12-22T11:14:54.3011520Z [1m[92m     Running[0m `C:\Users\runneradmin\.rustup\toolchains\stable-x86_64-pc-windows-msvc\bin\rustc.exe --crate-name build_script_build --edition=2021 C:\Users\runneradmin\.cargo\registry\src\index.crates.io-1949cf8c6b5b557f\parking_lot_core-0.9.12\build.rs --error-format=json --json=diagnostic-rendered-ansi,artifacts,future-incompat --crate-type bin --emit=dep-info,link -C embed-bitcode=no --check-cfg cfg(docsrs,test) --check-cfg "cfg(feature, values(\"backtrace\", \"deadlock_detection\", \"nightly\", \"petgraph\"))" -C metadata=e6f61962c3a6f224 -C extra-filename=-62270fb0de8406d7 --out-dir D:\a\FerroTeX\FerroTeX\target\debug\build\parking_lot_core-62270fb0de8406d7 -L dependency=D:\a\FerroTeX\FerroTeX\target\debug\deps --cap-lints allow`
Rust Build & Test (Windows)	UNKNOWN STEP	2025-12-22T11:14:54.6059644Z [1m[92m     Running[0m `D:\a\FerroTeX\FerroTeX\target\debug\build\parking_lot_core-62270fb0de8406d7\build-script-build`
Rust Build & Test (Windows)	UNKNOWN STEP	2025-12-22T11:14:54.6073526Z [1m[92m     Running[0m `D:\a\FerroTeX\FerroTeX\target\debug\build\winapi-9edc8b0db9858e48\build-script-build`
Rust Build & Test (Windows)	UNKNOWN STEP	2025-12-22T11:14:54.6249191Z [1m[92m     Running[0m `D:\a\FerroTeX\FerroTeX\target\debug\build\typenum-1ee6afc9f8e45c6a\build-script-build`
Rust Build & Test (Windows)	UNKNOWN STEP	2025-12-22T11:14:54.6266751Z [1m[92m   Compiling[0m windows-targets v0.53.5
Rust Build & Test (Windows)	UNKNOWN STEP	2025-12-22T11:14:54.6295209Z [1m[92m     Running[0m `C:\Users\runneradmin\.rustup\toolchains\stable-x86_64-pc-windows-msvc\bin\rustc.exe --crate-name windows_targets --edition=2021 C:\Users\runneradmin\.cargo\registry\src\index.crates.io-1949cf8c6b5b557f\windows-targets-0.53.5\src\lib.rs --error-format=json --json=diagnostic-rendered-ansi,artifacts,future-incompat --crate-type lib --emit=dep-info,metadata,link -C embed-bitcode=no -C debuginfo=2 --warn=unexpected_cfgs --warn=missing_unsafe_on_extern --check-cfg "cfg(windows_raw_dylib, windows_slim_errors)" --check-cfg cfg(docsrs,test) --check-cfg "cfg(feature, values())" -C metadata=060c37bc39ae4574 -C extra-filename=-222a37f12487ea30 --out-dir D:\a\FerroTeX\FerroTeX\target\debug\deps -L dependency=D:\a\FerroTeX\FerroTeX\target\debug\deps --extern windows_x86_64_msvc=D:\a\FerroTeX\FerroTeX\target\debug\deps\libwindows_x86_64_msvc-f66f5ffbf53ff939.rmeta --cap-lints allow -L native=C:\Users\runneradmin\.cargo\registry\src\index.crates.io-1949cf8c6b5b557f\windows_x86_64_msvc-0.53.1\lib`
Rust Build & Test (Windows)	UNKNOWN STEP	2025-12-22T11:14:54.6507799Z [1m[92m   Compiling[0m tectonic_dep_support v0.1.1
Rust Build & Test (Windows)	UNKNOWN STEP	2025-12-22T11:14:54.6535812Z [1m[92m     Running[0m `C:\Users\runneradmin\.rustup\toolchains\stable-x86_64-pc-windows-msvc\bin\rustc.exe --crate-name tectonic_dep_support --edition=2018 C:\Users\runneradmin\.cargo\registry\src\index.crates.io-1949cf8c6b5b557f\tectonic_dep_support-0.1.1\src\lib.rs --error-format=json --json=diagnostic-rendered-ansi,artifacts,future-incompat --crate-type lib --emit=dep-info,metadata,link -C embed-bitcode=no --check-cfg cfg(docsrs,test) --check-cfg "cfg(feature, values())" -C metadata=e25e122d8eafccbb -C extra-filename=-b90de5c639c1c395 --out-dir D:\a\FerroTeX\FerroTeX\target\debug\deps -L dependency=D:\a\FerroTeX\FerroTeX\target\debug\deps --extern pkg_config=D:\a\FerroTeX\FerroTeX\target\debug\deps\libpkg_config-02894189970fd886.rmeta --extern vcpkg=D:\a\FerroTeX\FerroTeX\target\debug\deps\libvcpkg-f296f353b61803f1.rmeta --cap-lints allow`
Rust Build & Test (Windows)	UNKNOWN STEP	2025-12-22T11:14:54.6789914Z [1m[92m   Compiling[0m generic-array v0.14.7
Rust Build & Test (Windows)	UNKNOWN STEP	2025-12-22T11:14:54.6830648Z [1m[92m     Running[0m `C:\Users\runneradmin\.rustup\toolchains\stable-x86_64-pc-windows-msvc\bin\rustc.exe --crate-name build_script_build --edition=2015 C:\Users\runneradmin\.cargo\registry\src\index.crates.io-1949cf8c6b5b557f\generic-array-0.14.7\build.rs --error-format=json --json=diagnostic-rendered-ansi,artifacts,future-incompat --crate-type bin --emit=dep-info,link -C embed-bitcode=no --cfg "feature=\"more_lengths\"" --check-cfg cfg(docsrs,test) --check-cfg "cfg(feature, values(\"more_lengths\", \"serde\", \"zeroize\"))" -C metadata=f9d0721372a56766 -C extra-filename=-7805c3d1f9039c62 --out-dir D:\a\FerroTeX\FerroTeX\target\debug\build\generic-array-7805c3d1f9039c62 -L dependency=D:\a\FerroTeX\FerroTeX\target\debug\deps --extern version_check=D:\a\FerroTeX\FerroTeX\target\debug\deps\libversion_check-09678914587011bc.rlib --cap-lints allow`
Rust Build & Test (Windows)	UNKNOWN STEP	2025-12-22T11:14:54.7937108Z [1m[92m   Compiling[0m aho-corasick v1.1.4
Rust Build & Test (Windows)	UNKNOWN STEP	2025-12-22T11:14:54.7966643Z [1m[92m     Running[0m `C:\Users\runneradmin\.rustup\toolchains\stable-x86_64-pc-windows-msvc\bin\rustc.exe --crate-name aho_corasick --edition=2021 C:\Users\runneradmin\.cargo\registry\src\index.crates.io-1949cf8c6b5b557f\aho-corasick-1.1.4\src\lib.rs --error-format=json --json=diagnostic-rendered-ansi,artifacts,future-incompat --crate-type lib --emit=dep-info,metadata,link -C embed-bitcode=no -C debuginfo=2 --cfg "feature=\"default\"" --cfg "feature=\"perf-literal\"" --cfg "feature=\"std\"" --check-cfg cfg(docsrs,test) --check-cfg "cfg(feature, values(\"default\", \"logging\", \"perf-literal\", \"std\"))" -C metadata=26dcbba7ec53577b -C extra-filename=-1a494a9f150c581f --out-dir D:\a\FerroTeX\FerroTeX\target\debug\deps -L dependency=D:\a\FerroTeX\FerroTeX\target\debug\deps --extern memchr=D:\a\FerroTeX\FerroTeX\target\debug\deps\libmemchr-aa8f9a3cbbce4db0.rmeta --cap-lints allow`
Rust Build & Test (Windows)	UNKNOWN STEP	2025-12-22T11:14:54.8875275Z [1m[92m   Compiling[0m regex-syntax v0.8.8
Rust Build & Test (Windows)	UNKNOWN STEP	2025-12-22T11:14:54.8910361Z [1m[92m     Running[0m `C:\Users\runneradmin\.rustup\toolchains\stable-x86_64-pc-windows-msvc\bin\rustc.exe --crate-name regex_syntax --edition=2021 C:\Users\runneradmin\.cargo\registry\src\index.crates.io-1949cf8c6b5b557f\regex-syntax-0.8.8\src\lib.rs --error-format=json --json=diagnostic-rendered-ansi,artifacts,future-incompat --crate-type lib --emit=dep-info,metadata,link -C embed-bitcode=no -C debuginfo=2 --allow=unexpected_cfgs --check-cfg cfg(docsrs_regex) --cfg "feature=\"default\"" --cfg "feature=\"std\"" --cfg "feature=\"unicode\"" --cfg "feature=\"unicode-age\"" --cfg "feature=\"unicode-bool\"" --cfg "feature=\"unicode-case\"" --cfg "feature=\"unicode-gencat\"" --cfg "feature=\"unicode-perl\"" --cfg "feature=\"unicode-script\"" --cfg "feature=\"unicode-segment\"" --check-cfg cfg(docsrs,test) --check-cfg "cfg(feature, values(\"arbitrary\", \"default\", \"std\", \"unicode\", \"unicode-age\", \"unicode-bool\", \"unicode-case\", \"unicode-gencat\", \"unicode-perl\", \"unicode-script\", \"unicode-segment\"))" -C metadata=01fdc0219a63d8c9 -C extra-filename=-296ab56307276480 --out-dir D:\a\FerroTeX\FerroTeX\target\debug\deps -L dependency=D:\a\FerroTeX\FerroTeX\target\debug\deps --cap-lints allow`
Rust Build & Test (Windows)	UNKNOWN STEP	2025-12-22T11:14:56.6318555Z [1m[92m   Compiling[0m scopeguard v1.2.0
Rust Build & Test (Windows)	UNKNOWN STEP	2025-12-22T11:14:56.6346378Z [1m[92m     Running[0m `C:\Users\runneradmin\.rustup\toolchains\stable-x86_64-pc-windows-msvc\bin\rustc.exe --crate-name scopeguard --edition=2015 C:\Users\runneradmin\.cargo\registry\src\index.crates.io-1949cf8c6b5b557f\scopeguard-1.2.0\src\lib.rs --error-format=json --json=diagnostic-rendered-ansi,artifacts,future-incompat --crate-type lib --emit=dep-info,metadata,link -C embed-bitcode=no -C debuginfo=2 --check-cfg cfg(docsrs,test) --check-cfg "cfg(feature, values(\"default\", \"use_std\"))" -C metadata=d3bbac3579e902e8 -C extra-filename=-db585e72fa1e7b80 --out-dir D:\a\FerroTeX\FerroTeX\target\debug\deps -L dependency=D:\a\FerroTeX\FerroTeX\target\debug\deps --cap-lints allow`
Rust Build & Test (Windows)	UNKNOWN STEP	2025-12-22T11:14:56.7185706Z [1m[92m   Compiling[0m libc v0.2.178
Rust Build & Test (Windows)	UNKNOWN STEP	2025-12-22T11:14:56.7231293Z [1m[92m     Running[0m `C:\Users\runneradmin\.rustup\toolchains\stable-x86_64-pc-windows-msvc\bin\rustc.exe --crate-name build_script_build --edition=2021 C:\Users\runneradmin\.cargo\registry\src\index.crates.io-1949cf8c6b5b557f\libc-0.2.178\build.rs --error-format=json --json=diagnostic-rendered-ansi,artifacts,future-incompat --crate-type bin --emit=dep-info,link -C embed-bitcode=no --allow=clippy::used_underscore_binding --allow=unused_qualifications --warn=clippy::unnecessary_semicolon --allow=clippy::unnecessary_cast --allow=clippy::uninlined_format_args --warn=clippy::ptr_as_ptr --allow=clippy::non_minimal_cfg --allow=clippy::missing_safety_doc --warn=clippy::map_unwrap_or --warn=clippy::manual_assert --allow=clippy::identity_op --warn=clippy::explicit_iter_loop --allow=clippy::expl_impl_clone_on_copy --cfg "feature=\"default\"" --cfg "feature=\"std\"" --check-cfg cfg(docsrs,test) --check-cfg "cfg(feature, values(\"align\", \"const-extern-fn\", \"default\", \"extra_traits\", \"rustc-dep-of-std\", \"rustc-std-workspace-core\", \"std\", \"use_std\"))" -C metadata=08947c7369beff2a -C extra-filename=-40c57564b5b50805 --out-dir D:\a\FerroTeX\FerroTeX\target\debug\build\libc-40c57564b5b50805 -L dependency=D:\a\FerroTeX\FerroTeX\target\debug\deps --cap-lints allow`
Rust Build & Test (Windows)	UNKNOWN STEP	2025-12-22T11:14:57.2359859Z [1m[92m     Running[0m `D:\a\FerroTeX\FerroTeX\target\debug\build\libc-40c57564b5b50805\build-script-build`
Rust Build & Test (Windows)	UNKNOWN STEP	2025-12-22T11:14:57.2816794Z [1m[92m   Compiling[0m lock_api v0.4.14
Rust Build & Test (Windows)	UNKNOWN STEP	2025-12-22T11:14:57.2862198Z [1m[92m     Running[0m `C:\Users\runneradmin\.rustup\toolchains\stable-x86_64-pc-windows-msvc\bin\rustc.exe --crate-name lock_api --edition=2021 C:\Users\runneradmin\.cargo\registry\src\index.crates.io-1949cf8c6b5b557f\lock_api-0.4.14\src\lib.rs --error-format=json --json=diagnostic-rendered-ansi,artifacts,future-incompat --crate-type lib --emit=dep-info,metadata,link -C embed-bitcode=no -C debuginfo=2 --cfg "feature=\"atomic_usize\"" --cfg "feature=\"default\"" --check-cfg cfg(docsrs,test) --check-cfg "cfg(feature, values(\"arc_lock\", \"atomic_usize\", \"default\", \"nightly\", \"owning_ref\", \"serde\"))" -C metadata=b9efa08013bdf4e1 -C extra-filename=-2b0b847e7616845a --out-dir D:\a\FerroTeX\FerroTeX\target\debug\deps -L dependency=D:\a\FerroTeX\FerroTeX\target\debug\deps --extern scopeguard=D:\a\FerroTeX\FerroTeX\target\debug\deps\libscopeguard-db585e72fa1e7b80.rmeta --cap-lints allow`
Rust Build & Test (Windows)	UNKNOWN STEP	2025-12-22T11:14:57.5855662Z [1m[92m   Compiling[0m regex-automata v0.4.13
Rust Build & Test (Windows)	UNKNOWN STEP	2025-12-22T11:14:57.5920233Z [1m[92m     Running[0m `C:\Users\runneradmin\.rustup\toolchains\stable-x86_64-pc-windows-msvc\bin\rustc.exe --crate-name regex_automata --edition=2021 C:\Users\runneradmin\.cargo\registry\src\index.crates.io-1949cf8c6b5b557f\regex-automata-0.4.13\src\lib.rs --error-format=json --json=diagnostic-rendered-ansi,artifacts,future-incompat --crate-type lib --emit=dep-info,metadata,link -C embed-bitcode=no -C debuginfo=2 --allow=unexpected_cfgs --check-cfg cfg(docsrs_regex) --cfg "feature=\"alloc\"" --cfg "feature=\"dfa-onepass\"" --cfg "feature=\"dfa-search\"" --cfg "feature=\"hybrid\"" --cfg "feature=\"meta\"" --cfg "feature=\"nfa\"" --cfg "feature=\"nfa-backtrack\"" --cfg "feature=\"nfa-pikevm\"" --cfg "feature=\"nfa-thompson\"" --cfg "feature=\"perf\"" --cfg "feature=\"perf-inline\"" --cfg "feature=\"perf-literal\"" --cfg "feature=\"perf-literal-multisubstring\"" --cfg "feature=\"perf-literal-substring\"" --cfg "feature=\"std\"" --cfg "feature=\"syntax\"" --cfg "feature=\"unicode\"" --cfg "feature=\"unicode-age\"" --cfg "feature=\"unicode-bool\"" --cfg "feature=\"unicode-case\"" --cfg "feature=\"unicode-gencat\"" --cfg "feature=\"unicode-perl\"" --cfg "feature=\"unicode-script\"" --cfg "feature=\"unicode-segment\"" --cfg "feature=\"unicode-word-boundary\"" --check-cfg cfg(docsrs,test) --check-cfg "cfg(feature, values(\"alloc\", \"default\", \"dfa\", \"dfa-build\", \"dfa-onepass\", \"dfa-search\", \"hybrid\", \"internal-instrument\", \"internal-instrument-pikevm\", \"logging\", \"meta\", \"nfa\", \"nfa-backtrack\", \"nfa-pikevm\", \"nfa-thompson\", \"perf\", \"perf-inline\", \"perf-literal\", \"perf-literal-multisubstring\", \"perf-literal-substring\", \"std\", \"syntax\", \"unicode\", \"unicode-age\", \"unicode-bool\", \"unicode-case\", \"unicode-gencat\", \"unicode-perl\", \"unicode-script\", \"unicode-segment\", \"unicode-word-boundary\"))" -C metadata=2acff258cf3af98a -C extra-filename=-78176d64caec7b2e --out-dir D:\a\FerroTeX\FerroTeX\target\debug\deps -L dependency=D:\a\FerroTeX\FerroTeX\target\debug\deps --extern aho_corasick=D:\a\FerroTeX\FerroTeX\target\debug\deps\libaho_corasick-1a494a9f150c581f.rmeta --extern memchr=D:\a\FerroTeX\FerroTeX\target\debug\deps\libmemchr-aa8f9a3cbbce4db0.rmeta --extern regex_syntax=D:\a\FerroTeX\FerroTeX\target\debug\deps\libregex_syntax-296ab56307276480.rmeta --cap-lints allow`
Rust Build & Test (Windows)	UNKNOWN STEP	2025-12-22T11:14:59.0356282Z [1m[92m   Compiling[0m thiserror-impl v1.0.69
Rust Build & Test (Windows)	UNKNOWN STEP	2025-12-22T11:14:59.0397989Z [1m[92m     Running[0m `C:\Users\runneradmin\.rustup\toolchains\stable-x86_64-pc-windows-msvc\bin\rustc.exe --crate-name thiserror_impl --edition=2021 C:\Users\runneradmin\.cargo\registry\src\index.crates.io-1949cf8c6b5b557f\thiserror-impl-1.0.69\src\lib.rs --error-format=json --json=diagnostic-rendered-ansi,artifacts,future-incompat --crate-type proc-macro --emit=dep-info,link -C prefer-dynamic -C embed-bitcode=no --check-cfg cfg(docsrs,test) --check-cfg "cfg(feature, values())" -C metadata=6c385e0f9b50f335 -C extra-filename=-0b71b289346baf45 --out-dir D:\a\FerroTeX\FerroTeX\target\debug\deps -L dependency=D:\a\FerroTeX\FerroTeX\target\debug\deps --extern proc_macro2=D:\a\FerroTeX\FerroTeX\target\debug\deps\libproc_macro2-2b2ea4fb9ae5c084.rlib --extern quote=D:\a\FerroTeX\FerroTeX\target\debug\deps\libquote-e2d37abd6ae917d4.rlib --extern syn=D:\a\FerroTeX\FerroTeX\target\debug\deps\libsyn-fc7d70a291eba9df.rlib --extern proc_macro --cap-lints allow`
Rust Build & Test (Windows)	UNKNOWN STEP	2025-12-22T11:14:59.7669461Z [1m[92m     Running[0m `D:\a\FerroTeX\FerroTeX\target\debug\build\generic-array-7805c3d1f9039c62\build-script-build`
Rust Build & Test (Windows)	UNKNOWN STEP	2025-12-22T11:14:59.8049886Z [1m[92m   Compiling[0m windows-sys v0.60.2
Rust Build & Test (Windows)	UNKNOWN STEP	2025-12-22T11:14:59.8141550Z [1m[92m     Running[0m `C:\Users\runneradmin\.rustup\toolchains\stable-x86_64-pc-windows-msvc\bin\rustc.exe --crate-name windows_sys --edition=2021 C:\Users\runneradmin\.cargo\registry\src\index.crates.io-1949cf8c6b5b557f\windows-sys-0.60.2\src\lib.rs --error-format=json --json=diagnostic-rendered-ansi,artifacts,future-incompat --crate-type lib --emit=dep-info,metadata,link -C embed-bitcode=no -C debuginfo=2 --warn=rust_2018_idioms --warn=unsafe_op_in_unsafe_fn --warn=unexpected_cfgs --warn=missing_docs --check-cfg "cfg(windows_raw_dylib, windows_slim_errors)" --cfg "feature=\"Win32\"" --cfg "feature=\"Win32_Foundation\"" --cfg "feature=\"Win32_Networking\"" --cfg "feature=\"Win32_Networking_WinSock\"" --cfg "feature=\"Win32_Storage\"" --cfg "feature=\"Win32_Storage_FileSystem\"" --cfg "feature=\"Win32_System\"" --cfg "feature=\"Win32_System_IO\"" --cfg "feature=\"Win32_System_Threading\"" --cfg "feature=\"Win32_System_WindowsProgramming\"" --cfg "feature=\"default\"" --check-cfg cfg(docsrs,test) --check-cfg "cfg(feature, values(\"Wdk\", \"Wdk_Devices\", \"Wdk_Devices_Bluetooth\", \"Wdk_Devices_HumanInterfaceDevice\", \"Wdk_Foundation\", \"Wdk_Graphics\", \"Wdk_Graphics_Direct3D\", \"Wdk_NetworkManagement\", \"Wdk_NetworkManagement_Ndis\", \"Wdk_NetworkManagement_WindowsFilteringPlatform\", \"Wdk_Storage\", \"Wdk_Storage_FileSystem\", \"Wdk_Storage_FileSystem_Minifilters\", \"Wdk_System\", \"Wdk_System_IO\", \"Wdk_System_Memory\", \"Wdk_System_OfflineRegistry\", \"Wdk_System_Registry\", \"Wdk_System_SystemInformation\", \"Wdk_System_SystemServices\", \"Wdk_System_Threading\", \"Win32\", \"Win32_Data\", \"Win32_Data_HtmlHelp\", \"Win32_Data_RightsManagement\", \"Win32_Devices\", \"Win32_Devices_AllJoyn\", \"Win32_Devices_Beep\", \"Win32_Devices_BiometricFramework\", \"Win32_Devices_Bluetooth\", \"Win32_Devices_Cdrom\", \"Win32_Devices_Communication\", \"Win32_Devices_DeviceAndDriverInstallation\", \"Win32_Devices_DeviceQuery\", \"Win32_Devices_Display\", \"Win32_Devices_Dvd\", \"Win32_Devices_Enumeration\", \"Win32_Devices_Enumeration_Pnp\", \"Win32_Devices_Fax\", \"Win32_Devices_HumanInterfaceDevice\", \"Win32_Devices_Nfc\", \"Win32_Devices_Nfp\", \"Win32_Devices_PortableDevices\", \"Win32_Devices_Properties\", \"Win32_Devices_Pwm\", \"Win32_Devices_Sensors\", \"Win32_Devices_SerialCommunication\", \"Win32_Devices_Tapi\", \"Win32_Devices_Usb\", \"Win32_Devices_WebServicesOnDevices\", \"Win32_Foundation\", \"Win32_Gaming\", \"Win32_Globalization\", \"Win32_Graphics\", \"Win32_Graphics_Dwm\", \"Win32_Graphics_Gdi\", \"Win32_Graphics_GdiPlus\", \"Win32_Graphics_Hlsl\", \"Win32_Graphics_OpenGL\", \"Win32_Graphics_Printing\", \"Win32_Graphics_Printing_PrintTicket\", \"Win32_Management\", \"Win32_Management_MobileDeviceManagementRegistration\", \"Win32_Media\", \"Win32_Media_Audio\", \"Win32_Media_DxMediaObjects\", \"Win32_Media_KernelStreaming\", \"Win32_Media_Multimedia\", \"Win32_Media_Streaming\", \"Win32_Media_WindowsMediaFormat\", \"Win32_NetworkManagement\", \"Win32_NetworkManagement_Dhcp\", \"Win32_NetworkManagement_Dns\", \"Win32_NetworkManagement_InternetConnectionWizard\", \"Win32_NetworkManagement_IpHelper\", \"Win32_NetworkManagement_Multicast\", \"Win32_NetworkManagement_Ndis\", \"Win32_NetworkManagement_NetBios\", \"Win32_NetworkManagement_NetManagement\", \"Win32_NetworkManagement_NetShell\", \"Win32_NetworkManagement_NetworkDiagnosticsFramework\", \"Win32_NetworkManagement_P2P\", \"Win32_NetworkManagement_QoS\", \"Win32_NetworkManagement_Rras\", \"Win32_NetworkManagement_Snmp\", \"Win32_NetworkManagement_WNet\", \"Win32_NetworkManagement_WebDav\", \"Win32_NetworkManagement_WiFi\", \"Win32_NetworkManagement_WindowsConnectionManager\", \"Win32_NetworkManagement_WindowsFilteringPlatform\", \"Win32_NetworkManagement_WindowsFirewall\", \"Win32_NetworkManagement_WindowsNetworkVirtualization\", \"Win32_Networking\", \"Win32_Networking_ActiveDirectory\", \"Win32_Networking_Clustering\", \"Win32_Networking_HttpServer\", \"Win32_Networking_Ldap\", \"Win32_Networking_WebSocket\", \"Win32_Networking_WinHttp\", \"Win32_Networking_WinInet\", \"Win32_Networking_WinSock\", \"Win32_Networking_WindowsWebServices\", \"Win32_Security\", \"Win32_Security_AppLocker\", \"Win32_Security_Authentication\", \"Win32_Security_Authentication_Identity\", \"Win32_Security_Authorization\", \"Win32_Security_Credentials\", \"Win32_Security_Cryptography\", \"Win32_Security_Cryptography_Catalog\", \"Win32_Security_Cryptography_Certificates\", \"Win32_Security_Cryptography_Sip\", \"Win32_Security_Cryptography_UI\", \"Win32_Security_DiagnosticDataQuery\", \"Win32_Security_DirectoryServices\", \"Win32_Security_EnterpriseData\", \"Win32_Security_ExtensibleAuthenticationProtocol\", \"Win32_Security_Isolation\", \"Win32_Security_LicenseProtection\", \"Win32_Security_NetworkAccessProtection\", \"Win32_Security_WinTrust\", \"Win32_Security_WinWlx\", \"Win32_Storage\", \"Win32_Storage_Cabinets\", \"Win32_Storage_CloudFilters\", \"Win32_Storage_Compression\", \"Win32_Storage_DistributedFileSystem\", \"Win32_Storage_FileHistory\", \"Win32_Storage_FileSystem\", \"Win32_Storage_Imapi\", \"Win32_Storage_IndexServer\", \"Win32_Storage_InstallableFileSystems\", \"Win32_Storage_IscsiDisc\", \"Win32_Storage_Jet\", \"Win32_Storage_Nvme\", \"Win32_Storage_OfflineFiles\", \"Win32_Storage_OperationRecorder\", \"Win32_Storage_Packaging\", \"Win32_Storage_Packaging_Appx\", \"Win32_Storage_ProjectedFileSystem\", \"Win32_Storage_StructuredStorage\", \"Win32_Storage_Vhd\", \"Win32_Storage_Xps\", \"Win32_System\", \"Win32_System_AddressBook\", \"Win32_System_Antimalware\", \"Win32_System_ApplicationInstallationAndServicing\", \"Win32_System_ApplicationVerifier\", \"Win32_System_ClrHosting\", \"Win32_System_Com\", \"Win32_System_Com_Marshal\", \"Win32_System_Com_StructuredStorage\", \"Win32_System_Com_Urlmon\", \"Win32_System_ComponentServices\", \"Win32_System_Console\", \"Win32_System_CorrelationVector\", \"Win32_System_DataExchange\", \"Win32_System_DeploymentServices\", \"Win32_System_DeveloperLicensing\", \"Win32_System_Diagnostics\", \"Win32_System_Diagnostics_Ceip\", \"Win32_System_Diagnostics_Debug\", \"Win32_System_Diagnostics_Debug_Extensions\", \"Win32_System_Diagnostics_Etw\", \"Win32_System_Diagnostics_ProcessSnapshotting\", \"Win32_System_Diagnostics_ToolHelp\", \"Win32_System_Diagnostics_TraceLogging\", \"Win32_System_DistributedTransactionCoordinator\", \"Win32_System_Environment\", \"Win32_System_ErrorReporting\", \"Win32_System_EventCollector\", \"Win32_System_EventLog\", \"Win32_System_EventNotificationService\", \"Win32_System_GroupPolicy\", \"Win32_System_HostCompute\", \"Win32_System_HostComputeNetwork\", \"Win32_System_HostComputeSystem\", \"Win32_System_Hypervisor\", \"Win32_System_IO\", \"Win32_System_Iis\", \"Win32_System_Ioctl\", \"Win32_System_JobObjects\", \"Win32_System_Js\", \"Win32_System_Kernel\", \"Win32_System_LibraryLoader\", \"Win32_System_Mailslots\", \"Win32_System_Mapi\", \"Win32_System_Memory\", \"Win32_System_Memory_NonVolatile\", \"Win32_System_MessageQueuing\", \"Win32_System_MixedReality\", \"Win32_System_Ole\", \"Win32_System_PasswordManagement\", \"Win32_System_Performance\", \"Win32_System_Performance_HardwareCounterProfiling\", \"Win32_System_Pipes\", \"Win32_System_Power\", \"Win32_System_ProcessStatus\", \"Win32_System_Recovery\", \"Win32_System_Registry\", \"Win32_System_RemoteDesktop\", \"Win32_System_RemoteManagement\", \"Win32_System_RestartManager\", \"Win32_System_Restore\", \"Win32_System_Rpc\", \"Win32_System_Search\", \"Win32_System_Search_Common\", \"Win32_System_SecurityCenter\", \"Win32_System_Services\", \"Win32_System_SetupAndMigration\", \"Win32_System_Shutdown\", \"Win32_System_StationsAndDesktops\", \"Win32_System_SubsystemForLinux\", \"Win32_System_SystemInformation\", \"Win32_System_SystemServices\", \"Win32_System_Threading\", \"Win32_System_Time\", \"Win32_System_TpmBaseServices\", \"Win32_System_UserAccessLogging\", \"Win32_System_Variant\", \"Win32_System_VirtualDosMachines\", \"Win32_System_WindowsProgramming\", \"Win32_System_Wmi\", \"Win32_UI\", \"Win32_UI_Accessibility\", \"Win32_UI_ColorSystem\", \"Win32_UI_Controls\", \"Win32_UI_Controls_Dialogs\", \"Win32_UI_HiDpi\", \"Win32_UI_Input\", \"Win32_UI_Input_Ime\", \"Win32_UI_Input_KeyboardAndMouse\", \"Win32_UI_Input_Pointer\", \"Win32_UI_Input_Touch\", \"Win32_UI_Input_XboxController\", \"Win32_UI_InteractionContext\", \"Win32_UI_Magnification\", \"Win32_UI_Shell\", \"Win32_UI_Shell_Common\", \"Win32_UI_Shell_PropertiesSystem\", \"Win32_UI_TabletPC\", \"Win32_UI_TextServices\", \"Win32_UI_WindowsAndMessaging\", \"Win32_Web\", \"Win32_Web_InternetExplorer\", \"default\", \"docs\"))" -C metadata=3400912061a90c84 -C extra-filename=-cdd1d658b96cd85b --out-dir D:\a\FerroTeX\FerroTeX\target\debug\deps -L dependency=D:\a\FerroTeX\FerroTeX\target\debug\deps --extern windows_targets=D:\a\FerroTeX\FerroTeX\target\debug\deps\libwindows_targets-222a37f12487ea30.rmeta --cap-lints allow -L native=C:\Users\runneradmin\.cargo\registry\src\index.crates.io-1949cf8c6b5b557f\windows_x86_64_msvc-0.53.1\lib`
Rust Build & Test (Windows)	UNKNOWN STEP	2025-12-22T11:15:00.5348662Z [1m[92m     Running[0m `C:\Users\runneradmin\.rustup\toolchains\stable-x86_64-pc-windows-msvc\bin\rustc.exe --crate-name typenum --edition=2018 C:\Users\runneradmin\.cargo\registry\src\index.crates.io-1949cf8c6b5b557f\typenum-1.19.0\src\lib.rs --error-format=json --json=diagnostic-rendered-ansi,artifacts,future-incompat --crate-type lib --emit=dep-info,metadata,link -C embed-bitcode=no -C debuginfo=2 --check-cfg cfg(docsrs,test) --check-cfg "cfg(feature, values(\"const-generics\", \"force_unix_path_separator\", \"i128\", \"no_std\", \"scale-info\", \"scale_info\", \"strict\"))" -C metadata=d1170032dfea9d26 -C extra-filename=-920810a2f37c4ed0 --out-dir D:\a\FerroTeX\FerroTeX\target\debug\deps -L dependency=D:\a\FerroTeX\FerroTeX\target\debug\deps --cap-lints allow`
Rust Build & Test (Windows)	UNKNOWN STEP	2025-12-22T11:15:01.1203884Z [1m[92m     Running[0m `C:\Users\runneradmin\.rustup\toolchains\stable-x86_64-pc-windows-msvc\bin\rustc.exe --crate-name thiserror --edition=2021 C:\Users\runneradmin\.cargo\registry\src\index.crates.io-1949cf8c6b5b557f\thiserror-1.0.69\src\lib.rs --error-format=json --json=diagnostic-rendered-ansi,artifacts,future-incompat --crate-type lib --emit=dep-info,metadata,link -C embed-bitcode=no -C debuginfo=2 --check-cfg cfg(docsrs,test) --check-cfg "cfg(feature, values())" -C metadata=28cca0c2351cd74c -C extra-filename=-f3d7e4d3cbbb263b --out-dir D:\a\FerroTeX\FerroTeX\target\debug\deps -L dependency=D:\a\FerroTeX\FerroTeX\target\debug\deps --extern thiserror_impl=D:\a\FerroTeX\FerroTeX\target\debug\deps\thiserror_impl-0b71b289346baf45.dll --cap-lints allow --check-cfg cfg(error_generic_member_access) --check-cfg cfg(thiserror_nightly_testing)`
Rust Build & Test (Windows)	UNKNOWN STEP	2025-12-22T11:15:01.2139435Z [1m[92m     Running[0m `C:\Users\runneradmin\.rustup\toolchains\stable-x86_64-pc-windows-msvc\bin\rustc.exe --crate-name winapi --edition=2015 C:\Users\runneradmin\.cargo\registry\src\index.crates.io-1949cf8c6b5b557f\winapi-0.3.9\src\lib.rs --error-format=json --json=diagnostic-rendered-ansi,artifacts,future-incompat --crate-type lib --emit=dep-info,metadata,link -C embed-bitcode=no -C debuginfo=2 --cfg "feature=\"combaseapi\"" --cfg "feature=\"consoleapi\"" --cfg "feature=\"errhandlingapi\"" --cfg "feature=\"fileapi\"" --cfg "feature=\"handleapi\"" --cfg "feature=\"impl-default\"" --cfg "feature=\"ioapiset\"" --cfg "feature=\"jobapi2\"" --cfg "feature=\"knownfolders\"" --cfg "feature=\"lmapibuf\"" --cfg "feature=\"lmserver\"" --cfg "feature=\"lmwksta\"" --cfg "feature=\"minwinbase\"" --cfg "feature=\"minwindef\"" --cfg "feature=\"objbase\"" --cfg "feature=\"processenv\"" --cfg "feature=\"processthreadsapi\"" --cfg "feature=\"shlobj\"" --cfg "feature=\"std\"" --cfg "feature=\"tlhelp32\"" --cfg "feature=\"winbase\"" --cfg "feature=\"wincon\"" --cfg "feature=\"winerror\"" --check-cfg cfg(docsrs,test) --check-cfg "cfg(feature, values(\"accctrl\", \"aclapi\", \"activation\", \"adhoc\", \"appmgmt\", \"audioclient\", \"audiosessiontypes\", \"avrt\", \"basetsd\", \"bcrypt\", \"bits\", \"bits10_1\", \"bits1_5\", \"bits2_0\", \"bits2_5\", \"bits3_0\", \"bits4_0\", \"bits5_0\", \"bitscfg\", \"bitsmsg\", \"bluetoothapis\", \"bluetoothleapis\", \"bthdef\", \"bthioctl\", \"bthledef\", \"bthsdpdef\", \"bugcodes\", \"cderr\", \"cfg\", \"cfgmgr32\", \"cguid\", \"combaseapi\", \"coml2api\", \"commapi\", \"commctrl\", \"commdlg\", \"commoncontrols\", \"consoleapi\", \"corecrt\", \"corsym\", \"d2d1\", \"d2d1_1\", \"d2d1_2\", \"d2d1_3\", \"d2d1effectauthor\", \"d2d1effects\", \"d2d1effects_1\", \"d2d1effects_2\", \"d2d1svg\", \"d2dbasetypes\", \"d3d\", \"d3d10\", \"d3d10_1\", \"d3d10_1shader\", \"d3d10effect\", \"d3d10misc\", \"d3d10sdklayers\", \"d3d10shader\", \"d3d11\", \"d3d11_1\", \"d3d11_2\", \"d3d11_3\", \"d3d11_4\", \"d3d11on12\", \"d3d11sdklayers\", \"d3d11shader\", \"d3d11tokenizedprogramformat\", \"d3d12\", \"d3d12sdklayers\", \"d3d12shader\", \"d3d9\", \"d3d9caps\", \"d3d9types\", \"d3dcommon\", \"d3dcompiler\", \"d3dcsx\", \"d3dkmdt\", \"d3dkmthk\", \"d3dukmdt\", \"d3dx10core\", \"d3dx10math\", \"d3dx10mesh\", \"datetimeapi\", \"davclnt\", \"dbghelp\", \"dbt\", \"dcommon\", \"dcomp\", \"dcompanimation\", \"dcomptypes\", \"dde\", \"ddraw\", \"ddrawi\", \"ddrawint\", \"debug\", \"debugapi\", \"devguid\", \"devicetopology\", \"devpkey\", \"devpropdef\", \"dinput\", \"dinputd\", \"dispex\", \"dmksctl\", \"dmusicc\", \"docobj\", \"documenttarget\", \"dot1x\", \"dpa_dsa\", \"dpapi\", \"dsgetdc\", \"dsound\", \"dsrole\", \"dvp\", \"dwmapi\", \"dwrite\", \"dwrite_1\", \"dwrite_2\", \"dwrite_3\", \"dxdiag\", \"dxfile\", \"dxgi\", \"dxgi1_2\", \"dxgi1_3\", \"dxgi1_4\", \"dxgi1_5\", \"dxgi1_6\", \"dxgidebug\", \"dxgiformat\", \"dxgitype\", \"dxva2api\", \"dxvahd\", \"eaptypes\", \"enclaveapi\", \"endpointvolume\", \"errhandlingapi\", \"everything\", \"evntcons\", \"evntprov\", \"evntrace\", \"excpt\", \"exdisp\", \"fibersapi\", \"fileapi\", \"functiondiscoverykeys_devpkey\", \"gl-gl\", \"guiddef\", \"handleapi\", \"heapapi\", \"hidclass\", \"hidpi\", \"hidsdi\", \"hidusage\", \"highlevelmonitorconfigurationapi\", \"hstring\", \"http\", \"ifdef\", \"ifmib\", \"imm\", \"impl-debug\", \"impl-default\", \"in6addr\", \"inaddr\", \"inspectable\", \"interlockedapi\", \"intsafe\", \"ioapiset\", \"ipexport\", \"iphlpapi\", \"ipifcons\", \"ipmib\", \"iprtrmib\", \"iptypes\", \"jobapi\", \"jobapi2\", \"knownfolders\", \"ks\", \"ksmedia\", \"ktmtypes\", \"ktmw32\", \"l2cmn\", \"libloaderapi\", \"limits\", \"lmaccess\", \"lmalert\", \"lmapibuf\", \"lmat\", \"lmcons\", \"lmdfs\", \"lmerrlog\", \"lmjoin\", \"lmmsg\", \"lmremutl\", \"lmrepl\", \"lmserver\", \"lmshare\", \"lmstats\", \"lmsvc\", \"lmuse\", \"lmwksta\", \"lowlevelmonitorconfigurationapi\", \"lsalookup\", \"memoryapi\", \"minschannel\", \"minwinbase\", \"minwindef\", \"mmdeviceapi\", \"mmeapi\", \"mmreg\", \"mmsystem\", \"mprapidef\", \"msaatext\", \"mscat\", \"mschapp\", \"mssip\", \"mstcpip\", \"mswsock\", \"mswsockdef\", \"namedpipeapi\", \"namespaceapi\", \"nb30\", \"ncrypt\", \"netioapi\", \"nldef\", \"ntddndis\", \"ntddscsi\", \"ntddser\", \"ntdef\", \"ntlsa\", \"ntsecapi\", \"ntstatus\", \"oaidl\", \"objbase\", \"objidl\", \"objidlbase\", \"ocidl\", \"ole2\", \"oleauto\", \"olectl\", \"oleidl\", \"opmapi\", \"pdh\", \"perflib\", \"physicalmonitorenumerationapi\", \"playsoundapi\", \"portabledevice\", \"portabledeviceapi\", \"portabledevicetypes\", \"powerbase\", \"powersetting\", \"powrprof\", \"processenv\", \"processsnapshot\", \"processthreadsapi\", \"processtopologyapi\", \"profileapi\", \"propidl\", \"propkey\", \"propkeydef\", \"propsys\", \"prsht\", \"psapi\", \"qos\", \"realtimeapiset\", \"reason\", \"restartmanager\", \"restrictederrorinfo\", \"rmxfguid\", \"roapi\", \"robuffer\", \"roerrorapi\", \"rpc\", \"rpcdce\", \"rpcndr\", \"rtinfo\", \"sapi\", \"sapi51\", \"sapi53\", \"sapiddk\", \"sapiddk51\", \"schannel\", \"sddl\", \"securityappcontainer\", \"securitybaseapi\", \"servprov\", \"setupapi\", \"shellapi\", \"shellscalingapi\", \"shlobj\", \"shobjidl\", \"shobjidl_core\", \"shtypes\", \"softpub\", \"spapidef\", \"spellcheck\", \"sporder\", \"sql\", \"sqlext\", \"sqltypes\", \"sqlucode\", \"sspi\", \"std\", \"stralign\", \"stringapiset\", \"strmif\", \"subauth\", \"synchapi\", \"sysinfoapi\", \"systemtopologyapi\", \"taskschd\", \"tcpestats\", \"tcpmib\", \"textstor\", \"threadpoolapiset\", \"threadpoollegacyapiset\", \"timeapi\", \"timezoneapi\", \"tlhelp32\", \"transportsettingcommon\", \"tvout\", \"udpmib\", \"unknwnbase\", \"urlhist\", \"urlmon\", \"usb\", \"usbioctl\", \"usbiodef\", \"usbscan\", \"usbspec\", \"userenv\", \"usp10\", \"utilapiset\", \"uxtheme\", \"vadefs\", \"vcruntime\", \"vsbackup\", \"vss\", \"vsserror\", \"vswriter\", \"wbemads\", \"wbemcli\", \"wbemdisp\", \"wbemprov\", \"wbemtran\", \"wct\", \"werapi\", \"winbase\", \"wincodec\", \"wincodecsdk\", \"wincon\", \"wincontypes\", \"wincred\", \"wincrypt\", \"windef\", \"windot11\", \"windowsceip\", \"windowsx\", \"winefs\", \"winerror\", \"winevt\", \"wingdi\", \"winhttp\", \"wininet\", \"winineti\", \"winioctl\", \"winnetwk\", \"winnls\", \"winnt\", \"winreg\", \"winsafer\", \"winscard\", \"winsmcrd\", \"winsock2\", \"winspool\", \"winstring\", \"winsvc\", \"wintrust\", \"winusb\", \"winusbio\", \"winuser\", \"winver\", \"wlanapi\", \"wlanihv\", \"wlanihvtypes\", \"wlantypes\", \"wlclient\", \"wmistr\", \"wnnc\", \"wow64apiset\", \"wpdmtpextensions\", \"ws2bth\", \"ws2def\", \"ws2ipdef\", \"ws2spi\", \"ws2tcpip\", \"wtsapi32\", \"wtypes\", \"wtypesbase\", \"xinput\"))" -C metadata=ce70fbc79ed9c686 -C extra-filename=-64cae252c1eefd9d --out-dir D:\a\FerroTeX\FerroTeX\target\debug\deps -L dependency=D:\a\FerroTeX\FerroTeX\target\debug\deps --cap-lints allow -l dylib=advapi32 -l dylib=cfgmgr32 -l dylib=gdi32 -l dylib=kernel32 -l dylib=msimg32 -l dylib=netapi32 -l dylib=ole32 -l dylib=opengl32 -l dylib=shell32 -l dylib=user32 -l dylib=winspool --cfg "feature=\"excpt\"" --cfg "feature=\"wtypesbase\"" --cfg "feature=\"rpcndr\"" --cfg "feature=\"propidl\"" --cfg "feature=\"shtypes\"" --cfg "feature=\"wingdi\"" --cfg "feature=\"lmcons\"" --cfg "feature=\"windef\"" --cfg "feature=\"rpc\"" --cfg "feature=\"basetsd\"" --cfg "feature=\"devpropdef\"" --cfg "feature=\"objidl\"" --cfg "feature=\"reason\"" --cfg "feature=\"ktmtypes\"" --cfg "feature=\"vcruntime\"" --cfg "feature=\"wincontypes\"" --cfg "feature=\"oaidl\"" --cfg "feature=\"objidlbase\"" --cfg "feature=\"winnt\"" --cfg "feature=\"vadefs\"" --cfg "feature=\"guiddef\"" --cfg "feature=\"cfgmgr32\"" --cfg "feature=\"unknwnbase\"" --cfg "feature=\"winreg\"" --cfg "feature=\"wtypes\"" --cfg "feature=\"cfg\"" --cfg "feature=\"rpcdce\"" --cfg "feature=\"winsvc\"" --cfg "feature=\"ntstatus\"" --cfg "feature=\"ntdef\"" --cfg "feature=\"libloaderapi\""`
Rust Build & Test (Windows)	UNKNOWN STEP	2025-12-22T11:15:01.5733093Z [1m[92m     Running[0m `C:\Users\runneradmin\.rustup\toolchains\stable-x86_64-pc-windows-msvc\bin\rustc.exe --crate-name parking_lot_core --edition=2021 C:\Users\runneradmin\.cargo\registry\src\index.crates.io-1949cf8c6b5b557f\parking_lot_core-0.9.12\src\lib.rs --error-format=json --json=diagnostic-rendered-ansi,artifacts,future-incompat --crate-type lib --emit=dep-info,metadata,link -C embed-bitcode=no -C debuginfo=2 --check-cfg cfg(docsrs,test) --check-cfg "cfg(feature, values(\"backtrace\", \"deadlock_detection\", \"nightly\", \"petgraph\"))" -C metadata=b6746fb2459a3e5a -C extra-filename=-5da561dc46920c36 --out-dir D:\a\FerroTeX\FerroTeX\target\debug\deps -L dependency=D:\a\FerroTeX\FerroTeX\target\debug\deps --extern cfg_if=D:\a\FerroTeX\FerroTeX\target\debug\deps\libcfg_if-4316c8dd3aae8aa0.rmeta --extern smallvec=D:\a\FerroTeX\FerroTeX\target\debug\deps\libsmallvec-1dda5a6c1c321a97.rmeta --extern windows_link=D:\a\FerroTeX\FerroTeX\target\debug\deps\libwindows_link-ce4f0b2c15c7b075.rmeta --cap-lints allow --check-cfg cfg(tsan_enabled)`
Rust Build & Test (Windows)	UNKNOWN STEP	2025-12-22T11:15:02.0373523Z [1m[92m   Compiling[0m pin-project-lite v0.2.16
Rust Build & Test (Windows)	UNKNOWN STEP	2025-12-22T11:15:02.0417711Z [1m[92m     Running[0m `C:\Users\runneradmin\.rustup\toolchains\stable-x86_64-pc-windows-msvc\bin\rustc.exe --crate-name pin_project_lite --edition=2018 C:\Users\runneradmin\.cargo\registry\src\index.crates.io-1949cf8c6b5b557f\pin-project-lite-0.2.16\src\lib.rs --error-format=json --json=diagnostic-rendered-ansi,artifacts,future-incompat --crate-type lib --emit=dep-info,metadata,link -C embed-bitcode=no -C debuginfo=2 --warn=unreachable_pub --warn=unexpected_cfgs --warn=clippy::undocumented_unsafe_blocks --warn=clippy::transmute_undefined_repr --warn=clippy::trailing_empty_array --warn=single_use_lifetimes --warn=rust_2018_idioms --warn=clippy::pedantic --warn=non_ascii_idents --warn=clippy::inline_asm_x86_att_syntax --warn=improper_ctypes_definitions --warn=improper_ctypes --warn=deprecated_safe --warn=clippy::default_union_representation --warn=clippy::as_underscore --warn=clippy::as_ptr_cast_mut --warn=clippy::all --allow=clippy::unreadable_literal --allow=clippy::type_complexity --allow=clippy::too_many_lines --allow=clippy::too_many_arguments --allow=clippy::struct_field_names --allow=clippy::struct_excessive_bools --allow=clippy::single_match_else --allow=clippy::single_match --allow=clippy::similar_names --allow=clippy::range_plus_one --allow=clippy::nonminimal_bool --allow=clippy::naive_bytecount --allow=clippy::module_name_repetitions --allow=clippy::missing_errors_doc --allow=clippy::manual_range_contains --allow=clippy::manual_assert --allow=clippy::lint_groups_priority --allow=clippy::incompatible_msrv --allow=clippy::float_cmp --allow=clippy::doc_markdown --allow=clippy::declare_interior_mutable_const --allow=clippy::cast_lossless --allow=clippy::borrow_as_ptr --allow=clippy::bool_assert_comparison --check-cfg cfg(docsrs,test) --check-cfg "cfg(feature, values())" -C metadata=a56be5b9a79c51f4 -C extra-filename=-ddac7feb6ac14d2f --out-dir D:\a\FerroTeX\FerroTeX\target\debug\deps -L dependency=D:\a\FerroTeX\FerroTeX\target\debug\deps --cap-lints allow`
Rust Build & Test (Windows)	UNKNOWN STEP	2025-12-22T11:15:02.1198448Z [1m[92m     Running[0m `C:\Users\runneradmin\.rustup\toolchains\stable-x86_64-pc-windows-msvc\bin\rustc.exe --crate-name generic_array --edition=2015 C:\Users\runneradmin\.cargo\registry\src\index.crates.io-1949cf8c6b5b557f\generic-array-0.14.7\src\lib.rs --error-format=json --json=diagnostic-rendered-ansi,artifacts,future-incompat --crate-type lib --emit=dep-info,metadata,link -C embed-bitcode=no -C debuginfo=2 --cfg "feature=\"more_lengths\"" --check-cfg cfg(docsrs,test) --check-cfg "cfg(feature, values(\"more_lengths\", \"serde\", \"zeroize\"))" -C metadata=3f1806c449c03b47 -C extra-filename=-cce1c4e4e6da38e2 --out-dir D:\a\FerroTeX\FerroTeX\target\debug\deps -L dependency=D:\a\FerroTeX\FerroTeX\target\debug\deps --extern typenum=D:\a\FerroTeX\FerroTeX\target\debug\deps\libtypenum-920810a2f37c4ed0.rmeta --cap-lints allow --cfg relaxed_coherence`
Rust Build & Test (Windows)	UNKNOWN STEP	2025-12-22T11:15:03.1074785Z [1m[92m     Running[0m `C:\Users\runneradmin\.rustup\toolchains\stable-x86_64-pc-windows-msvc\bin\rustc.exe --crate-name libc --edition=2021 C:\Users\runneradmin\.cargo\registry\src\index.crates.io-1949cf8c6b5b557f\libc-0.2.178\src\lib.rs --error-format=json --json=diagnostic-rendered-ansi,artifacts,future-incompat --crate-type lib --emit=dep-info,metadata,link -C embed-bitcode=no -C debuginfo=2 --allow=clippy::used_underscore_binding --allow=unused_qualifications --warn=clippy::unnecessary_semicolon --allow=clippy::unnecessary_cast --allow=clippy::uninlined_format_args --warn=clippy::ptr_as_ptr --allow=clippy::non_minimal_cfg --allow=clippy::missing_safety_doc --warn=clippy::map_unwrap_or --warn=clippy::manual_assert --allow=clippy::identity_op --warn=clippy::explicit_iter_loop --allow=clippy::expl_impl_clone_on_copy --cfg "feature=\"default\"" --cfg "feature=\"std\"" --check-cfg cfg(docsrs,test) --check-cfg "cfg(feature, values(\"align\", \"const-extern-fn\", \"default\", \"extra_traits\", \"rustc-dep-of-std\", \"rustc-std-workspace-core\", \"std\", \"use_std\"))" -C metadata=5ad08f7d900c1462 -C extra-filename=-e9b8db600becc910 --out-dir D:\a\FerroTeX\FerroTeX\target\debug\deps -L dependency=D:\a\FerroTeX\FerroTeX\target\debug\deps --cap-lints allow --cfg freebsd12 --check-cfg cfg(emscripten_old_stat_abi) --check-cfg cfg(espidf_time32) --check-cfg cfg(freebsd10) --check-cfg cfg(freebsd11) --check-cfg cfg(freebsd12) --check-cfg cfg(freebsd13) --check-cfg cfg(freebsd14) --check-cfg cfg(freebsd15) --check-cfg cfg(gnu_file_offset_bits64) --check-cfg cfg(gnu_time_bits64) --check-cfg cfg(libc_deny_warnings) --check-cfg cfg(linux_time_bits64) --check-cfg cfg(musl_v1_2_3) --check-cfg cfg(vxworks_lt_25_09) --check-cfg "cfg(target_os,values(\"switch\",\"aix\",\"ohos\",\"hurd\",\"rtems\",\"visionos\",\"nuttx\",\"cygwin\"))" --check-cfg "cfg(target_env,values(\"illumos\",\"wasi\",\"aix\",\"ohos\",\"nto71_iosock\",\"nto80\"))" --check-cfg "cfg(target_arch,values(\"loongarch64\",\"mips32r6\",\"mips64r6\",\"csky\"))"`
Rust Build & Test (Windows)	UNKNOWN STEP	2025-12-22T11:15:03.3523254Z [1m[92m   Compiling[0m same-file v1.0.6
Rust Build & Test (Windows)	UNKNOWN STEP	2025-12-22T11:15:03.3531252Z [1m[92m     Running[0m `C:\Users\runneradmin\.rustup\toolchains\stable-x86_64-pc-windows-msvc\bin\rustc.exe --crate-name same_file --edition=2018 C:\Users\runneradmin\.cargo\registry\src\index.crates.io-1949cf8c6b5b557f\same-file-1.0.6\src\lib.rs --error-format=json --json=diagnostic-rendered-ansi,artifacts,future-incompat --crate-type lib --emit=dep-info,metadata,link -C embed-bitcode=no -C debuginfo=2 --check-cfg cfg(docsrs,test) --check-cfg "cfg(feature, values())" -C metadata=63513803d0ec4c86 -C extra-filename=-4a32dcc1ebfa25ca --out-dir D:\a\FerroTeX\FerroTeX\target\debug\deps -L dependency=D:\a\FerroTeX\FerroTeX\target\debug\deps --extern winapi_util=D:\a\FerroTeX\FerroTeX\target\debug\deps\libwinapi_util-dfe14d6e24af9e4b.rmeta --cap-lints allow`
Rust Build & Test (Windows)	UNKNOWN STEP	2025-12-22T11:15:03.3916584Z [1m[92m   Compiling[0m autocfg v1.5.0
Rust Build & Test (Windows)	UNKNOWN STEP	2025-12-22T11:15:03.3953523Z [1m[92m     Running[0m `C:\Users\runneradmin\.rustup\toolchains\stable-x86_64-pc-windows-msvc\bin\rustc.exe --crate-name autocfg --edition=2015 C:\Users\runneradmin\.cargo\registry\src\index.crates.io-1949cf8c6b5b557f\autocfg-1.5.0\src\lib.rs --error-format=json --json=diagnostic-rendered-ansi,artifacts,future-incompat --crate-type lib --emit=dep-info,metadata,link -C embed-bitcode=no --check-cfg cfg(docsrs,test) --check-cfg "cfg(feature, values())" -C metadata=6a7a2fcfd30a5f96 -C extra-filename=-0837c6aef9c33bfd --out-dir D:\a\FerroTeX\FerroTeX\target\debug\deps -L dependency=D:\a\FerroTeX\FerroTeX\target\debug\deps --cap-lints allow`
Rust Build & Test (Windows)	UNKNOWN STEP	2025-12-22T11:15:03.5403731Z [1m[92m   Compiling[0m walkdir v2.5.0
Rust Build & Test (Windows)	UNKNOWN STEP	2025-12-22T11:15:03.5444603Z [1m[92m     Running[0m `C:\Users\runneradmin\.rustup\toolchains\stable-x86_64-pc-windows-msvc\bin\rustc.exe --crate-name walkdir --edition=2018 C:\Users\runneradmin\.cargo\registry\src\index.crates.io-1949cf8c6b5b557f\walkdir-2.5.0\src\lib.rs --error-format=json --json=diagnostic-rendered-ansi,artifacts,future-incompat --crate-type lib --emit=dep-info,metadata,link -C embed-bitcode=no -C debuginfo=2 --check-cfg cfg(docsrs,test) --check-cfg "cfg(feature, values())" -C metadata=9f1e2f95cc6d7aa6 -C extra-filename=-085c3e3d83a48446 --out-dir D:\a\FerroTeX\FerroTeX\target\debug\deps -L dependency=D:\a\FerroTeX\FerroTeX\target\debug\deps --extern same_file=D:\a\FerroTeX\FerroTeX\target\debug\deps\libsame_file-4a32dcc1ebfa25ca.rmeta --extern winapi_util=D:\a\FerroTeX\FerroTeX\target\debug\deps\libwinapi_util-dfe14d6e24af9e4b.rmeta --cap-lints allow`
Rust Build & Test (Windows)	UNKNOWN STEP	2025-12-22T11:15:04.0134973Z [1m[92m   Compiling[0m parking_lot v0.12.5
Rust Build & Test (Windows)	UNKNOWN STEP	2025-12-22T11:15:04.0188418Z [1m[92m     Running[0m `C:\Users\runneradmin\.rustup\toolchains\stable-x86_64-pc-windows-msvc\bin\rustc.exe --crate-name parking_lot --edition=2021 C:\Users\runneradmin\.cargo\registry\src\index.crates.io-1949cf8c6b5b557f\parking_lot-0.12.5\src\lib.rs --error-format=json --json=diagnostic-rendered-ansi,artifacts,future-incompat --crate-type lib --emit=dep-info,metadata,link -C embed-bitcode=no -C debuginfo=2 --cfg "feature=\"default\"" --check-cfg cfg(docsrs,test) --check-cfg "cfg(feature, values(\"arc_lock\", \"deadlock_detection\", \"default\", \"hardware-lock-elision\", \"nightly\", \"owning_ref\", \"send_guard\", \"serde\"))" -C metadata=40403fe137d08342 -C extra-filename=-74d085d283ee6d99 --out-dir D:\a\FerroTeX\FerroTeX\target\debug\deps -L dependency=D:\a\FerroTeX\FerroTeX\target\debug\deps --extern lock_api=D:\a\FerroTeX\FerroTeX\target\debug\deps\liblock_api-2b0b847e7616845a.rmeta --extern parking_lot_core=D:\a\FerroTeX\FerroTeX\target\debug\deps\libparking_lot_core-5da561dc46920c36.rmeta --cap-lints allow`
Rust Build & Test (Windows)	UNKNOWN STEP	2025-12-22T11:15:04.2418882Z [1m[92m   Compiling[0m log v0.4.29
Rust Build & Test (Windows)	UNKNOWN STEP	2025-12-22T11:15:04.2449460Z [1m[92m     Running[0m `C:\Users\runneradmin\.rustup\toolchains\stable-x86_64-pc-windows-msvc\bin\rustc.exe --crate-name log --edition=2021 C:\Users\runneradmin\.cargo\registry\src\index.crates.io-1949cf8c6b5b557f\log-0.4.29\src\lib.rs --error-format=json --json=diagnostic-rendered-ansi,artifacts,future-incompat --crate-type lib --emit=dep-info,metadata,link -C embed-bitcode=no -C debuginfo=2 --cfg "feature=\"std\"" --check-cfg cfg(docsrs,test) --check-cfg "cfg(feature, values(\"kv\", \"kv_serde\", \"kv_std\", \"kv_sval\", \"kv_unstable\", \"kv_unstable_serde\", \"kv_unstable_std\", \"kv_unstable_sval\", \"max_level_debug\", \"max_level_error\", \"max_level_info\", \"max_level_off\", \"max_level_trace\", \"max_level_warn\", \"release_max_level_debug\", \"release_max_level_error\", \"release_max_level_info\", \"release_max_level_off\", \"release_max_level_trace\", \"release_max_level_warn\", \"serde\", \"serde_core\", \"std\", \"sval\", \"sval_ref\", \"value-bag\"))" -C metadata=2a4f2c5fc7b08f38 -C extra-filename=-e484a21de75fe7ed --out-dir D:\a\FerroTeX\FerroTeX\target\debug\deps -L dependency=D:\a\FerroTeX\FerroTeX\target\debug\deps --cap-lints allow`
Rust Build & Test (Windows)	UNKNOWN STEP	2025-12-22T11:15:04.5393793Z [1m[92m   Compiling[0m bstr v1.12.1
Rust Build & Test (Windows)	UNKNOWN STEP	2025-12-22T11:15:04.5436667Z [1m[92m     Running[0m `C:\Users\runneradmin\.rustup\toolchains\stable-x86_64-pc-windows-msvc\bin\rustc.exe --crate-name bstr --edition=2021 C:\Users\runneradmin\.cargo\registry\src\index.crates.io-1949cf8c6b5b557f\bstr-1.12.1\src\lib.rs --error-format=json --json=diagnostic-rendered-ansi,artifacts,future-incompat --crate-type lib --emit=dep-info,metadata,link -C embed-bitcode=no -C debuginfo=2 --cfg "feature=\"alloc\"" --cfg "feature=\"std\"" --cfg "feature=\"unicode\"" --check-cfg cfg(docsrs,test) --check-cfg "cfg(feature, values(\"alloc\", \"default\", \"serde\", \"std\", \"unicode\"))" -C metadata=57772cfb70bf82e9 -C extra-filename=-977b4ada838aad64 --out-dir D:\a\FerroTeX\FerroTeX\target\debug\deps -L dependency=D:\a\FerroTeX\FerroTeX\target\debug\deps --extern memchr=D:\a\FerroTeX\FerroTeX\target\debug\deps\libmemchr-aa8f9a3cbbce4db0.rmeta --extern regex_automata=D:\a\FerroTeX\FerroTeX\target\debug\deps\libregex_automata-78176d64caec7b2e.rmeta --cap-lints allow`
Rust Build & Test (Windows)	UNKNOWN STEP	2025-12-22T11:15:04.8253799Z [1m[92m   Compiling[0m synstructure v0.13.2
Rust Build & Test (Windows)	UNKNOWN STEP	2025-12-22T11:15:04.8284802Z [1m[92m     Running[0m `C:\Users\runneradmin\.rustup\toolchains\stable-x86_64-pc-windows-msvc\bin\rustc.exe --crate-name synstructure --edition=2018 C:\Users\runneradmin\.cargo\registry\src\index.crates.io-1949cf8c6b5b557f\synstructure-0.13.2\src\lib.rs --error-format=json --json=diagnostic-rendered-ansi,artifacts,future-incompat --crate-type lib --emit=dep-info,metadata,link -C embed-bitcode=no --cfg "feature=\"default\"" --cfg "feature=\"proc-macro\"" --check-cfg cfg(docsrs,test) --check-cfg "cfg(feature, values(\"default\", \"proc-macro\"))" -C metadata=bc76b33ac2316070 -C extra-filename=-b7d76233fc73f3ca --out-dir D:\a\FerroTeX\FerroTeX\target\debug\deps -L dependency=D:\a\FerroTeX\FerroTeX\target\debug\deps --extern proc_macro2=D:\a\FerroTeX\FerroTeX\target\debug\deps\libproc_macro2-2b2ea4fb9ae5c084.rmeta --extern quote=D:\a\FerroTeX\FerroTeX\target\debug\deps\libquote-e2d37abd6ae917d4.rmeta --extern syn=D:\a\FerroTeX\FerroTeX\target\debug\deps\libsyn-fc7d70a291eba9df.rmeta --cap-lints allow`
Rust Build & Test (Windows)	UNKNOWN STEP	2025-12-22T11:15:05.7422912Z [1m[92m   Compiling[0m siphasher v1.0.1
Rust Build & Test (Windows)	UNKNOWN STEP	2025-12-22T11:15:05.7461444Z [1m[92m     Running[0m `C:\Users\runneradmin\.rustup\toolchains\stable-x86_64-pc-windows-msvc\bin\rustc.exe --crate-name siphasher --edition=2018 C:\Users\runneradmin\.cargo\registry\src\index.crates.io-1949cf8c6b5b557f\siphasher-1.0.1\src\lib.rs --error-format=json --json=diagnostic-rendered-ansi,artifacts,future-incompat --crate-type lib --emit=dep-info,metadata,link -C embed-bitcode=no -C debuginfo=2 --cfg "feature=\"default\"" --cfg "feature=\"std\"" --check-cfg cfg(docsrs,test) --check-cfg "cfg(feature, values(\"default\", \"serde\", \"serde_json\", \"serde_no_std\", \"serde_std\", \"std\"))" -C metadata=41b6cb71f26d3989 -C extra-filename=-d416d12b74804f36 --out-dir D:\a\FerroTeX\FerroTeX\target\debug\deps -L dependency=D:\a\FerroTeX\FerroTeX\target\debug\deps --cap-lints allow`
Rust Build & Test (Windows)	UNKNOWN STEP	2025-12-22T11:15:05.8969550Z [1m[92m   Compiling[0m crypto-common v0.1.7
Rust Build & Test (Windows)	UNKNOWN STEP	2025-12-22T11:15:05.8998743Z [1m[92m     Running[0m `C:\Users\runneradmin\.rustup\toolchains\stable-x86_64-pc-windows-msvc\bin\rustc.exe --crate-name crypto_common --edition=2018 C:\Users\runneradmin\.cargo\registry\src\index.crates.io-1949cf8c6b5b557f\crypto-common-0.1.7\src\lib.rs --error-format=json --json=diagnostic-rendered-ansi,artifacts,future-incompat --crate-type lib --emit=dep-info,metadata,link -C embed-bitcode=no -C debuginfo=2 --cfg "feature=\"std\"" --check-cfg cfg(docsrs,test) --check-cfg "cfg(feature, values(\"getrandom\", \"rand_core\", \"std\"))" -C metadata=533cf6b3a761f5ad -C extra-filename=-04cb9d5280aa082c --out-dir D:\a\FerroTeX\FerroTeX\target\debug\deps -L dependency=D:\a\FerroTeX\FerroTeX\target\debug\deps --extern generic_array=D:\a\FerroTeX\FerroTeX\target\debug\deps\libgeneric_array-cce1c4e4e6da38e2.rmeta --extern typenum=D:\a\FerroTeX\FerroTeX\target\debug\deps\libtypenum-920810a2f37c4ed0.rmeta --cap-lints allow`
Rust Build & Test (Windows)	UNKNOWN STEP	2025-12-22T11:15:05.9654767Z [1m[92m   Compiling[0m lazy_static v1.5.0
Rust Build & Test (Windows)	UNKNOWN STEP	2025-12-22T11:15:05.9684894Z [1m[92m     Running[0m `C:\Users\runneradmin\.rustup\toolchains\stable-x86_64-pc-windows-msvc\bin\rustc.exe --crate-name lazy_static --edition=2015 C:\Users\runneradmin\.cargo\registry\src\index.crates.io-1949cf8c6b5b557f\lazy_static-1.5.0\src\lib.rs --error-format=json --json=diagnostic-rendered-ansi,artifacts,future-incompat --crate-type lib --emit=dep-info,metadata,link -C embed-bitcode=no -C debuginfo=2 --check-cfg cfg(docsrs,test) --check-cfg "cfg(feature, values(\"spin\", \"spin_no_std\"))" -C metadata=962dca8e2b16bd21 -C extra-filename=-e787aea162c998f3 --out-dir D:\a\FerroTeX\FerroTeX\target\debug\deps -L dependency=D:\a\FerroTeX\FerroTeX\target\debug\deps --cap-lints allow`
Rust Build & Test (Windows)	UNKNOWN STEP	2025-12-22T11:15:06.0084731Z [1m[92m   Compiling[0m bytes v1.11.0
Rust Build & Test (Windows)	UNKNOWN STEP	2025-12-22T11:15:06.0086364Z [1m[92m   Compiling[0m zerofrom-derive v0.1.6
Rust Build & Test (Windows)	UNKNOWN STEP	2025-12-22T11:15:06.0103325Z [1m[92m     Running[0m `C:\Users\runneradmin\.rustup\toolchains\stable-x86_64-pc-windows-msvc\bin\rustc.exe --crate-name bytes --edition=2021 C:\Users\runneradmin\.cargo\registry\src\index.crates.io-1949cf8c6b5b557f\bytes-1.11.0\src\lib.rs --error-format=json --json=diagnostic-rendered-ansi,artifacts,future-incompat --crate-type lib --emit=dep-info,metadata,link -C embed-bitcode=no -C debuginfo=2 --warn=unexpected_cfgs --check-cfg cfg(loom) --cfg "feature=\"default\"" --cfg "feature=\"std\"" --check-cfg cfg(docsrs,test) --check-cfg "cfg(feature, values(\"default\", \"extra-platforms\", \"serde\", \"std\"))" -C metadata=b7b04391a6a1a838 -C extra-filename=-c495425314fd0a1c --out-dir D:\a\FerroTeX\FerroTeX\target\debug\deps -L dependency=D:\a\FerroTeX\FerroTeX\target\debug\deps --cap-lints allow`
Rust Build & Test (Windows)	UNKNOWN STEP	2025-12-22T11:15:06.0118266Z [1m[92m     Running[0m `C:\Users\runneradmin\.rustup\toolchains\stable-x86_64-pc-windows-msvc\bin\rustc.exe --crate-name zerofrom_derive --edition=2021 C:\Users\runneradmin\.cargo\registry\src\index.crates.io-1949cf8c6b5b557f\zerofrom-derive-0.1.6\src\lib.rs --error-format=json --json=diagnostic-rendered-ansi,artifacts,future-incompat --crate-type proc-macro --emit=dep-info,link -C prefer-dynamic -C embed-bitcode=no --check-cfg cfg(docsrs,test) --check-cfg "cfg(feature, values())" -C metadata=bd699964fbe303f2 -C extra-filename=-a96ce4c882fb4889 --out-dir D:\a\FerroTeX\FerroTeX\target\debug\deps -L dependency=D:\a\FerroTeX\FerroTeX\target\debug\deps --extern proc_macro2=D:\a\FerroTeX\FerroTeX\target\debug\deps\libproc_macro2-2b2ea4fb9ae5c084.rlib --extern quote=D:\a\FerroTeX\FerroTeX\target\debug\deps\libquote-e2d37abd6ae917d4.rlib --extern syn=D:\a\FerroTeX\FerroTeX\target\debug\deps\libsyn-fc7d70a291eba9df.rlib --extern synstructure=D:\a\FerroTeX\FerroTeX\target\debug\deps\libsynstructure-b7d76233fc73f3ca.rlib --extern proc_macro --cap-lints allow`
Rust Build & Test (Windows)	UNKNOWN STEP	2025-12-22T11:15:06.0446902Z [1m[92m   Compiling[0m windows_x86_64_msvc v0.48.5
Rust Build & Test (Windows)	UNKNOWN STEP	2025-12-22T11:15:06.0482290Z [1m[92m     Running[0m `C:\Users\runneradmin\.rustup\toolchains\stable-x86_64-pc-windows-msvc\bin\rustc.exe --crate-name build_script_build --edition=2018 C:\Users\runneradmin\.cargo\registry\src\index.crates.io-1949cf8c6b5b557f\windows_x86_64_msvc-0.48.5\build.rs --error-format=json --json=diagnostic-rendered-ansi,artifacts,future-incompat --crate-type bin --emit=dep-info,link -C embed-bitcode=no --check-cfg cfg(docsrs,test) --check-cfg "cfg(feature, values())" -C metadata=9f44f3c39cc8a93c -C extra-filename=-c6a189da8b4f43ed --out-dir D:\a\FerroTeX\FerroTeX\target\debug\build\windows_x86_64_msvc-c6a189da8b4f43ed -L dependency=D:\a\FerroTeX\FerroTeX\target\debug\deps --cap-lints allow`
Rust Build & Test (Windows)	UNKNOWN STEP	2025-12-22T11:15:06.3144474Z [1m[92m   Compiling[0m futures-core v0.3.31
Rust Build & Test (Windows)	UNKNOWN STEP	2025-12-22T11:15:06.3182445Z [1m[92m     Running[0m `C:\Users\runneradmin\.rustup\toolchains\stable-x86_64-pc-windows-msvc\bin\rustc.exe --crate-name futures_core --edition=2018 C:\Users\runneradmin\.cargo\registry\src\index.crates.io-1949cf8c6b5b557f\futures-core-0.3.31\src\lib.rs --error-format=json --json=diagnostic-rendered-ansi,artifacts,future-incompat --crate-type lib --emit=dep-info,metadata,link -C embed-bitcode=no -C debuginfo=2 --warn=unreachable_pub --warn=unexpected_cfgs --warn=single_use_lifetimes --warn=rust_2018_idioms --warn=missing_debug_implementations --check-cfg cfg(futures_sanitizer) --cfg "feature=\"alloc\"" --cfg "feature=\"default\"" --cfg "feature=\"std\"" --check-cfg cfg(docsrs,test) --check-cfg "cfg(feature, values(\"alloc\", \"cfg-target-has-atomic\", \"default\", \"portable-atomic\", \"std\", \"unstable\"))" -C metadata=3431b089ebd0b569 -C extra-filename=-1c3dfa5162e42070 --out-dir D:\a\FerroTeX\FerroTeX\target\debug\deps -L dependency=D:\a\FerroTeX\FerroTeX\target\debug\deps --cap-lints allow`
Rust Build & Test (Windows)	UNKNOWN STEP	2025-12-22T11:15:06.4892503Z [1m[92m   Compiling[0m crossbeam-utils v0.8.21
Rust Build & Test (Windows)	UNKNOWN STEP	2025-12-22T11:15:06.4935081Z [1m[92m     Running[0m `C:\Users\runneradmin\.rustup\toolchains\stable-x86_64-pc-windows-msvc\bin\rustc.exe --crate-name build_script_build --edition=2021 C:\Users\runneradmin\.cargo\registry\src\index.crates.io-1949cf8c6b5b557f\crossbeam-utils-0.8.21\build.rs --error-format=json --json=diagnostic-rendered-ansi,artifacts,future-incompat --crate-type bin --emit=dep-info,link -C embed-bitcode=no --warn=unexpected_cfgs --allow=clippy::lint_groups_priority --allow=clippy::declare_interior_mutable_const --check-cfg cfg(crossbeam_loom) --check-cfg cfg(crossbeam_sanitize) --cfg "feature=\"std\"" --check-cfg cfg(docsrs,test) --check-cfg "cfg(feature, values(\"default\", \"loom\", \"nightly\", \"std\"))" -C metadata=f6f60178e95c473c -C extra-filename=-7de09edb5b84cdf2 --out-dir D:\a\FerroTeX\FerroTeX\target\debug\build\crossbeam-utils-7de09edb5b84cdf2 -L dependency=D:\a\FerroTeX\FerroTeX\target\debug\deps --cap-lints allow`
Rust Build & Test (Windows)	UNKNOWN STEP	2025-12-22T11:15:06.6505745Z [1m[92m   Compiling[0m subtle v2.6.1
Rust Build & Test (Windows)	UNKNOWN STEP	2025-12-22T11:15:06.6544910Z [1m[92m     Running[0m `C:\Users\runneradmin\.rustup\toolchains\stable-x86_64-pc-windows-msvc\bin\rustc.exe --crate-name subtle --edition=2018 C:\Users\runneradmin\.cargo\registry\src\index.crates.io-1949cf8c6b5b557f\subtle-2.6.1\src\lib.rs --error-format=json --json=diagnostic-rendered-ansi,artifacts,future-incompat --crate-type lib --emit=dep-info,metadata,link -C embed-bitcode=no -C debuginfo=2 --check-cfg cfg(docsrs,test) --check-cfg "cfg(feature, values(\"const-generics\", \"core_hint_black_box\", \"default\", \"i128\", \"nightly\", \"std\"))" -C metadata=181208c491f6a228 -C extra-filename=-ec1046b8f7543a4c --out-dir D:\a\FerroTeX\FerroTeX\target\debug\deps -L dependency=D:\a\FerroTeX\FerroTeX\target\debug\deps --cap-lints allow`
Rust Build & Test (Windows)	UNKNOWN STEP	2025-12-22T11:15:06.8638374Z [1m[92m     Running[0m `D:\a\FerroTeX\FerroTeX\target\debug\build\windows_x86_64_msvc-c6a189da8b4f43ed\build-script-build`
Rust Build & Test (Windows)	UNKNOWN STEP	2025-12-22T11:15:06.8756740Z [1m[92m   Compiling[0m phf_shared v0.11.3
Rust Build & Test (Windows)	UNKNOWN STEP	2025-12-22T11:15:06.8774436Z [1m[92m     Running[0m `C:\Users\runneradmin\.rustup\toolchains\stable-x86_64-pc-windows-msvc\bin\rustc.exe --crate-name phf_shared --edition=2021 C:\Users\runneradmin\.cargo\registry\src\index.crates.io-1949cf8c6b5b557f\phf_shared-0.11.3\src\lib.rs --error-format=json --json=diagnostic-rendered-ansi,artifacts,future-incompat --crate-type lib --emit=dep-info,metadata,link -C embed-bitcode=no --cfg "feature=\"default\"" --cfg "feature=\"std\"" --check-cfg cfg(docsrs,test) --check-cfg "cfg(feature, values(\"default\", \"std\", \"uncased\", \"unicase\"))" -C metadata=e953a5b227446dae -C extra-filename=-9de9af230d462845 --out-dir D:\a\FerroTeX\FerroTeX\target\debug\deps -L dependency=D:\a\FerroTeX\FerroTeX\target\debug\deps --extern siphasher=D:\a\FerroTeX\FerroTeX\target\debug\deps\libsiphasher-d416d12b74804f36.rmeta --cap-lints allow`
Rust Build & Test (Windows)	UNKNOWN STEP	2025-12-22T11:15:06.8795901Z [1m[92m     Running[0m `D:\a\FerroTeX\FerroTeX\target\debug\build\crossbeam-utils-7de09edb5b84cdf2\build-script-build`
Rust Build & Test (Windows)	UNKNOWN STEP	2025-12-22T11:15:06.8974379Z [1m[92m   Compiling[0m yoke-derive v0.8.1
Rust Build & Test (Windows)	UNKNOWN STEP	2025-12-22T11:15:06.8990981Z [1m[92m     Running[0m `C:\Users\runneradmin\.rustup\toolchains\stable-x86_64-pc-windows-msvc\bin\rustc.exe --crate-name yoke_derive --edition=2021 C:\Users\runneradmin\.cargo\registry\src\index.crates.io-1949cf8c6b5b557f\yoke-derive-0.8.1\src\lib.rs --error-format=json --json=diagnostic-rendered-ansi,artifacts,future-incompat --crate-type proc-macro --emit=dep-info,link -C prefer-dynamic -C embed-bitcode=no --check-cfg cfg(docsrs,test) --check-cfg "cfg(feature, values())" -C metadata=04d36a1965594e26 -C extra-filename=-47734bba9c8f9792 --out-dir D:\a\FerroTeX\FerroTeX\target\debug\deps -L dependency=D:\a\FerroTeX\FerroTeX\target\debug\deps --extern proc_macro2=D:\a\FerroTeX\FerroTeX\target\debug\deps\libproc_macro2-2b2ea4fb9ae5c084.rlib --extern quote=D:\a\FerroTeX\FerroTeX\target\debug\deps\libquote-e2d37abd6ae917d4.rlib --extern syn=D:\a\FerroTeX\FerroTeX\target\debug\deps\libsyn-fc7d70a291eba9df.rlib --extern synstructure=D:\a\FerroTeX\FerroTeX\target\debug\deps\libsynstructure-b7d76233fc73f3ca.rlib --extern proc_macro --cap-lints allow`
Rust Build & Test (Windows)	UNKNOWN STEP	2025-12-22T11:15:07.1472289Z [1m[92m   Compiling[0m block-buffer v0.10.4
Rust Build & Test (Windows)	UNKNOWN STEP	2025-12-22T11:15:07.1512740Z [1m[92m     Running[0m `C:\Users\runneradmin\.rustup\toolchains\stable-x86_64-pc-windows-msvc\bin\rustc.exe --crate-name block_buffer --edition=2018 C:\Users\runneradmin\.cargo\registry\src\index.crates.io-1949cf8c6b5b557f\block-buffer-0.10.4\src\lib.rs --error-format=json --json=diagnostic-rendered-ansi,artifacts,future-incompat --crate-type lib --emit=dep-info,metadata,link -C embed-bitcode=no -C debuginfo=2 --check-cfg cfg(docsrs,test) --check-cfg "cfg(feature, values())" -C metadata=f27060ca1397b40e -C extra-filename=-f1f723d2599b8dfe --out-dir D:\a\FerroTeX\FerroTeX\target\debug\deps -L dependency=D:\a\FerroTeX\FerroTeX\target\debug\deps --extern generic_array=D:\a\FerroTeX\FerroTeX\target\debug\deps\libgeneric_array-cce1c4e4e6da38e2.rmeta --cap-lints allow`
Rust Build & Test (Windows)	UNKNOWN STEP	2025-12-22T11:15:07.2159657Z [1m[92m   Compiling[0m socket2 v0.6.1
Rust Build & Test (Windows)	UNKNOWN STEP	2025-12-22T11:15:07.2188380Z [1m[92m     Running[0m `C:\Users\runneradmin\.rustup\toolchains\stable-x86_64-pc-windows-msvc\bin\rustc.exe --crate-name socket2 --edition=2021 C:\Users\runneradmin\.cargo\registry\src\index.crates.io-1949cf8c6b5b557f\socket2-0.6.1\src\lib.rs --error-format=json --json=diagnostic-rendered-ansi,artifacts,future-incompat --crate-type lib --emit=dep-info,metadata,link -C embed-bitcode=no -C debuginfo=2 --cfg "feature=\"all\"" --check-cfg cfg(docsrs,test) --check-cfg "cfg(feature, values(\"all\"))" -C metadata=8c405ada8511c6cc -C extra-filename=-78f7388a3321cac8 --out-dir D:\a\FerroTeX\FerroTeX\target\debug\deps -L dependency=D:\a\FerroTeX\FerroTeX\target\debug\deps --extern windows_sys=D:\a\FerroTeX\FerroTeX\target\debug\deps\libwindows_sys-cdd1d658b96cd85b.rmeta --cap-lints allow -L native=C:\Users\runneradmin\.cargo\registry\src\index.crates.io-1949cf8c6b5b557f\windows_x86_64_msvc-0.53.1\lib`
Rust Build & Test (Windows)	UNKNOWN STEP	2025-12-22T11:15:07.2933415Z [1m[92m   Compiling[0m tokio-macros v2.6.0
Rust Build & Test (Windows)	UNKNOWN STEP	2025-12-22T11:15:07.2967557Z [1m[92m     Running[0m `C:\Users\runneradmin\.rustup\toolchains\stable-x86_64-pc-windows-msvc\bin\rustc.exe --crate-name tokio_macros --edition=2021 C:\Users\runneradmin\.cargo\registry\src\index.crates.io-1949cf8c6b5b557f\tokio-macros-2.6.0\src\lib.rs --error-format=json --json=diagnostic-rendered-ansi,artifacts,future-incompat --crate-type proc-macro --emit=dep-info,link -C prefer-dynamic -C embed-bitcode=no --warn=unexpected_cfgs --check-cfg cfg(fuzzing) --check-cfg cfg(loom) --check-cfg cfg(mio_unsupported_force_poll_poll) --check-cfg cfg(tokio_allow_from_blocking_fd) --check-cfg cfg(tokio_internal_mt_counters) --check-cfg cfg(tokio_no_parking_lot) --check-cfg cfg(tokio_no_tuning_tests) --check-cfg cfg(tokio_unstable) --check-cfg "cfg(target_os, values(\"cygwin\"))" --check-cfg cfg(docsrs,test) --check-cfg "cfg(feature, values())" -C metadata=7c06cbff9047ab3b -C extra-filename=-7c8be9fbcf551bdf --out-dir D:\a\FerroTeX\FerroTeX\target\debug\deps -L dependency=D:\a\FerroTeX\FerroTeX\target\debug\deps --extern proc_macro2=D:\a\FerroTeX\FerroTeX\target\debug\deps\libproc_macro2-2b2ea4fb9ae5c084.rlib --extern quote=D:\a\FerroTeX\FerroTeX\target\debug\deps\libquote-e2d37abd6ae917d4.rlib --extern syn=D:\a\FerroTeX\FerroTeX\target\debug\deps\libsyn-fc7d70a291eba9df.rlib --extern proc_macro --cap-lints allow`
Rust Build & Test (Windows)	UNKNOWN STEP	2025-12-22T11:15:08.1209468Z [1m[92m   Compiling[0m mio v1.1.1
Rust Build & Test (Windows)	UNKNOWN STEP	2025-12-22T11:15:08.1225698Z [1m[92m     Running[0m `C:\Users\runneradmin\.rustup\toolchains\stable-x86_64-pc-windows-msvc\bin\rustc.exe --crate-name mio --edition=2021 C:\Users\runneradmin\.cargo\registry\src\index.crates.io-1949cf8c6b5b557f\mio-1.1.1\src\lib.rs --error-format=json --json=diagnostic-rendered-ansi,artifacts,future-incompat --crate-type lib --emit=dep-info,metadata,link -C embed-bitcode=no -C debuginfo=2 --warn=unexpected_cfgs --check-cfg cfg(mio_unsupported_force_poll_poll) --check-cfg cfg(mio_unsupported_force_waker_pipe) --cfg "feature=\"net\"" --cfg "feature=\"os-ext\"" --cfg "feature=\"os-poll\"" --check-cfg cfg(docsrs,test) --check-cfg "cfg(feature, values(\"default\", \"log\", \"net\", \"os-ext\", \"os-poll\"))" -C metadata=ab7ad112e635b97a -C extra-filename=-66468774816475a3 --out-dir D:\a\FerroTeX\FerroTeX\target\debug\deps -L dependency=D:\a\FerroTeX\FerroTeX\target\debug\deps --extern windows_sys=D:\a\FerroTeX\FerroTeX\target\debug\deps\libwindows_sys-01f1ddd93e89cfd8.rmeta --cap-lints allow`
Rust Build & Test (Windows)	UNKNOWN STEP	2025-12-22T11:15:08.1440007Z [1m[92m   Compiling[0m zerofrom v0.1.6
Rust Build & Test (Windows)	UNKNOWN STEP	2025-12-22T11:15:08.1467998Z [1m[92m     Running[0m `C:\Users\runneradmin\.rustup\toolchains\stable-x86_64-pc-windows-msvc\bin\rustc.exe --crate-name zerofrom --edition=2021 C:\Users\runneradmin\.cargo\registry\src\index.crates.io-1949cf8c6b5b557f\zerofrom-0.1.6\src\lib.rs --error-format=json --json=diagnostic-rendered-ansi,artifacts,future-incompat --crate-type lib --emit=dep-info,metadata,link -C embed-bitcode=no -C debuginfo=2 --cfg "feature=\"derive\"" --check-cfg cfg(docsrs,test) --check-cfg "cfg(feature, values(\"alloc\", \"default\", \"derive\"))" -C metadata=4ee3149fe3719473 -C extra-filename=-dc3d9c04e27f021f --out-dir D:\a\FerroTeX\FerroTeX\target\debug\deps -L dependency=D:\a\FerroTeX\FerroTeX\target\debug\deps --extern zerofrom_derive=D:\a\FerroTeX\FerroTeX\target\debug\deps\zerofrom_derive-a96ce4c882fb4889.dll --cap-lints allow`
Rust Build & Test (Windows)	UNKNOWN STEP	2025-12-22T11:15:08.3045010Z [1m[92m   Compiling[0m stable_deref_trait v1.2.1
Rust Build & Test (Windows)	UNKNOWN STEP	2025-12-22T11:15:08.3071241Z [1m[92m     Running[0m `C:\Users\runneradmin\.rustup\toolchains\stable-x86_64-pc-windows-msvc\bin\rustc.exe --crate-name stable_deref_trait --edition=2015 C:\Users\runneradmin\.cargo\registry\src\index.crates.io-1949cf8c6b5b557f\stable_deref_trait-1.2.1\src\lib.rs --error-format=json --json=diagnostic-rendered-ansi,artifacts,future-incompat --crate-type lib --emit=dep-info,metadata,link -C embed-bitcode=no -C debuginfo=2 --check-cfg cfg(docsrs,test) --check-cfg "cfg(feature, values(\"alloc\", \"default\", \"std\"))" -C metadata=4a535dafe09848c6 -C extra-filename=-3e1c3634abdbeffa --out-dir D:\a\FerroTeX\FerroTeX\target\debug\deps -L dependency=D:\a\FerroTeX\FerroTeX\target\debug\deps --cap-lints allow`
Rust Build & Test (Windows)	UNKNOWN STEP	2025-12-22T11:15:08.3318598Z [1m[92m   Compiling[0m rand_core v0.6.4
Rust Build & Test (Windows)	UNKNOWN STEP	2025-12-22T11:15:08.3355490Z [1m[92m     Running[0m `C:\Users\runneradmin\.rustup\toolchains\stable-x86_64-pc-windows-msvc\bin\rustc.exe --crate-name rand_core --edition=2018 C:\Users\runneradmin\.cargo\registry\src\index.crates.io-1949cf8c6b5b557f\rand_core-0.6.4\src\lib.rs --error-format=json --json=diagnostic-rendered-ansi,artifacts,future-incompat --crate-type lib --emit=dep-info,metadata,link -C embed-bitcode=no --check-cfg cfg(docsrs,test) --check-cfg "cfg(feature, values(\"alloc\", \"getrandom\", \"serde\", \"serde1\", \"std\"))" -C metadata=074a1b20860da4b5 -C extra-filename=-9ff660c7a6de806b --out-dir D:\a\FerroTeX\FerroTeX\target\debug\deps -L dependency=D:\a\FerroTeX\FerroTeX\target\debug\deps --cap-lints allow`
Rust Build & Test (Windows)	UNKNOWN STEP	2025-12-22T11:15:08.3625147Z [1m[92m   Compiling[0m anyhow v1.0.100
Rust Build & Test (Windows)	UNKNOWN STEP	2025-12-22T11:15:08.3662038Z [1m[92m     Running[0m `C:\Users\runneradmin\.rustup\toolchains\stable-x86_64-pc-windows-msvc\bin\rustc.exe --crate-name build_script_build --edition=2018 C:\Users\runneradmin\.cargo\registry\src\index.crates.io-1949cf8c6b5b557f\anyhow-1.0.100\build.rs --error-format=json --json=diagnostic-rendered-ansi,artifacts,future-incompat --crate-type bin --emit=dep-info,link -C embed-bitcode=no --cfg "feature=\"default\"" --cfg "feature=\"std\"" --check-cfg cfg(docsrs,test) --check-cfg "cfg(feature, values(\"backtrace\", \"default\", \"std\"))" -C metadata=11fe180ad397fbc9 -C extra-filename=-d034abc77daf7f05 --out-dir D:\a\FerroTeX\FerroTeX\target\debug\build\anyhow-d034abc77daf7f05 -L dependency=D:\a\FerroTeX\FerroTeX\target\debug\deps --cap-lints allow`
Rust Build & Test (Windows)	UNKNOWN STEP	2025-12-22T11:15:08.5338521Z [1m[92m   Compiling[0m serde_core v1.0.228
Rust Build & Test (Windows)	UNKNOWN STEP	2025-12-22T11:15:08.5365829Z [1m[92m     Running[0m `C:\Users\runneradmin\.rustup\toolchains\stable-x86_64-pc-windows-msvc\bin\rustc.exe --crate-name build_script_build --edition=2021 C:\Users\runneradmin\.cargo\registry\src\index.crates.io-1949cf8c6b5b557f\serde_core-1.0.228\build.rs --error-format=json --json=diagnostic-rendered-ansi,artifacts,future-incompat --crate-type bin --emit=dep-info,link -C embed-bitcode=no --cfg "feature=\"alloc\"" --cfg "feature=\"result\"" --cfg "feature=\"std\"" --check-cfg cfg(docsrs,test) --check-cfg "cfg(feature, values(\"alloc\", \"default\", \"rc\", \"result\", \"std\", \"unstable\"))" -C metadata=a35ac28dffd17b09 -C extra-filename=-fd013c2dc2c81220 --out-dir D:\a\FerroTeX\FerroTeX\target\debug\build\serde_core-fd013c2dc2c81220 -L dependency=D:\a\FerroTeX\FerroTeX\target\debug\deps --cap-lints allow`
Rust Build & Test (Windows)	UNKNOWN STEP	2025-12-22T11:15:08.6390241Z [1m[92m   Compiling[0m windows_x86_64_msvc v0.52.6
Rust Build & Test (Windows)	UNKNOWN STEP	2025-12-22T11:15:08.6429585Z [1m[92m     Running[0m `C:\Users\runneradmin\.rustup\toolchains\stable-x86_64-pc-windows-msvc\bin\rustc.exe --crate-name build_script_build --edition=2021 C:\Users\runneradmin\.cargo\registry\src\index.crates.io-1949cf8c6b5b557f\windows_x86_64_msvc-0.52.6\build.rs --error-format=json --json=diagnostic-rendered-ansi,artifacts,future-incompat --crate-type bin --emit=dep-info,link -C embed-bitcode=no --check-cfg cfg(docsrs,test) --check-cfg "cfg(feature, values())" -C metadata=2c9d14da4baabaca -C extra-filename=-757516019e19758b --out-dir D:\a\FerroTeX\FerroTeX\target\debug\build\windows_x86_64_msvc-757516019e19758b -L dependency=D:\a\FerroTeX\FerroTeX\target\debug\deps --cap-lints allow`
Rust Build & Test (Windows)	UNKNOWN STEP	2025-12-22T11:15:08.7849799Z [1m[92m   Compiling[0m futures-sink v0.3.31
Rust Build & Test (Windows)	UNKNOWN STEP	2025-12-22T11:15:08.7872414Z [1m[92m     Running[0m `C:\Users\runneradmin\.rustup\toolchains\stable-x86_64-pc-windows-msvc\bin\rustc.exe --crate-name futures_sink --edition=2018 C:\Users\runneradmin\.cargo\registry\src\index.crates.io-1949cf8c6b5b557f\futures-sink-0.3.31\src\lib.rs --error-format=json --json=diagnostic-rendered-ansi,artifacts,future-incompat --crate-type lib --emit=dep-info,metadata,link -C embed-bitcode=no -C debuginfo=2 --warn=unreachable_pub --warn=unexpected_cfgs --warn=single_use_lifetimes --warn=rust_2018_idioms --warn=missing_debug_implementations --check-cfg cfg(futures_sanitizer) --cfg "feature=\"alloc\"" --cfg "feature=\"default\"" --cfg "feature=\"std\"" --check-cfg cfg(docsrs,test) --check-cfg "cfg(feature, values(\"alloc\", \"default\", \"std\"))" -C metadata=20b68c0dbea234c1 -C extra-filename=-2b63f9cae1e7e183 --out-dir D:\a\FerroTeX\FerroTeX\target\debug\deps -L dependency=D:\a\FerroTeX\FerroTeX\target\debug\deps --cap-lints allow`
Rust Build & Test (Windows)	UNKNOWN STEP	2025-12-22T11:15:08.8945177Z [1m[92m     Running[0m `D:\a\FerroTeX\FerroTeX\target\debug\build\windows_x86_64_msvc-757516019e19758b\build-script-build`
Rust Build & Test (Windows)	UNKNOWN STEP	2025-12-22T11:15:08.9187108Z [1m[92m     Running[0m `D:\a\FerroTeX\FerroTeX\target\debug\build\anyhow-d034abc77daf7f05\build-script-build`
Rust Build & Test (Windows)	UNKNOWN STEP	2025-12-22T11:15:08.9188717Z [1m[92m   Compiling[0m tokio v1.48.0
Rust Build & Test (Windows)	UNKNOWN STEP	2025-12-22T11:15:08.9218054Z [1m[92m     Running[0m `C:\Users\runneradmin\.rustup\toolchains\stable-x86_64-pc-windows-msvc\bin\rustc.exe --crate-name tokio --edition=2021 C:\Users\runneradmin\.cargo\registry\src\index.crates.io-1949cf8c6b5b557f\tokio-1.48.0\src\lib.rs --error-format=json --json=diagnostic-rendered-ansi,artifacts,future-incompat --crate-type lib --emit=dep-info,metadata,link -C embed-bitcode=no -C debuginfo=2 --warn=unexpected_cfgs --check-cfg cfg(fuzzing) --check-cfg cfg(loom) --check-cfg cfg(mio_unsupported_force_poll_poll) --check-cfg cfg(tokio_allow_from_blocking_fd) --check-cfg cfg(tokio_internal_mt_counters) --check-cfg cfg(tokio_no_parking_lot) --check-cfg cfg(tokio_no_tuning_tests) --check-cfg cfg(tokio_unstable) --check-cfg "cfg(target_os, values(\"cygwin\"))" --cfg "feature=\"bytes\"" --cfg "feature=\"default\"" --cfg "feature=\"fs\"" --cfg "feature=\"full\"" --cfg "feature=\"io-std\"" --cfg "feature=\"io-util\"" --cfg "feature=\"libc\"" --cfg "feature=\"macros\"" --cfg "feature=\"mio\"" --cfg "feature=\"net\"" --cfg "feature=\"parking_lot\"" --cfg "feature=\"process\"" --cfg "feature=\"rt\"" --cfg "feature=\"rt-multi-thread\"" --cfg "feature=\"signal\"" --cfg "feature=\"signal-hook-registry\"" --cfg "feature=\"socket2\"" --cfg "feature=\"sync\"" --cfg "feature=\"time\"" --cfg "feature=\"tokio-macros\"" --cfg "feature=\"windows-sys\"" --check-cfg cfg(docsrs,test) --check-cfg "cfg(feature, values(\"bytes\", \"default\", \"fs\", \"full\", \"io-std\", \"io-uring\", \"io-util\", \"libc\", \"macros\", \"mio\", \"net\", \"parking_lot\", \"process\", \"rt\", \"rt-multi-thread\", \"signal\", \"signal-hook-registry\", \"socket2\", \"sync\", \"taskdump\", \"test-util\", \"time\", \"tokio-macros\", \"tracing\", \"windows-sys\"))" -C metadata=b9a9ca1378bbff2f -C extra-filename=-828c691176db5fdf --out-dir D:\a\FerroTeX\FerroTeX\target\debug\deps -L dependency=D:\a\FerroTeX\FerroTeX\target\debug\deps --extern bytes=D:\a\FerroTeX\FerroTeX\target\debug\deps\libbytes-c495425314fd0a1c.rmeta --extern mio=D:\a\FerroTeX\FerroTeX\target\debug\deps\libmio-66468774816475a3.rmeta --extern parking_lot=D:\a\FerroTeX\FerroTeX\target\debug\deps\libparking_lot-74d085d283ee6d99.rmeta --extern pin_project_lite=D:\a\FerroTeX\FerroTeX\target\debug\deps\libpin_project_lite-ddac7feb6ac14d2f.rmeta --extern socket2=D:\a\FerroTeX\FerroTeX\target\debug\deps\libsocket2-78f7388a3321cac8.rmeta --extern tokio_macros=D:\a\FerroTeX\FerroTeX\target\debug\deps\tokio_macros-7c8be9fbcf551bdf.dll --extern windows_sys=D:\a\FerroTeX\FerroTeX\target\debug\deps\libwindows_sys-01f1ddd93e89cfd8.rmeta --cap-lints allow -L native=C:\Users\runneradmin\.cargo\registry\src\index.crates.io-1949cf8c6b5b557f\windows_x86_64_msvc-0.53.1\lib`
Rust Build & Test (Windows)	UNKNOWN STEP	2025-12-22T11:15:08.9441931Z [1m[92m     Running[0m `D:\a\FerroTeX\FerroTeX\target\debug\build\serde_core-fd013c2dc2c81220\build-script-build`
Rust Build & Test (Windows)	UNKNOWN STEP	2025-12-22T11:15:08.9834444Z [1m[92m   Compiling[0m yoke v0.8.1
Rust Build & Test (Windows)	UNKNOWN STEP	2025-12-22T11:15:08.9872999Z [1m[92m     Running[0m `C:\Users\runneradmin\.rustup\toolchains\stable-x86_64-pc-windows-msvc\bin\rustc.exe --crate-name yoke --edition=2021 C:\Users\runneradmin\.cargo\registry\src\index.crates.io-1949cf8c6b5b557f\yoke-0.8.1\src\lib.rs --error-format=json --json=diagnostic-rendered-ansi,artifacts,future-incompat --crate-type lib --emit=dep-info,metadata,link -C embed-bitcode=no -C debuginfo=2 --cfg "feature=\"derive\"" --cfg "feature=\"zerofrom\"" --check-cfg cfg(docsrs,test) --check-cfg "cfg(feature, values(\"alloc\", \"default\", \"derive\", \"serde\", \"zerofrom\"))" -C metadata=80d49b61d6afd4a3 -C extra-filename=-e9cea26c8c5d51f3 --out-dir D:\a\FerroTeX\FerroTeX\target\debug\deps -L dependency=D:\a\FerroTeX\FerroTeX\target\debug\deps --extern stable_deref_trait=D:\a\FerroTeX\FerroTeX\target\debug\deps\libstable_deref_trait-3e1c3634abdbeffa.rmeta --extern yoke_derive=D:\a\FerroTeX\FerroTeX\target\debug\deps\yoke_derive-47734bba9c8f9792.dll --extern zerofrom=D:\a\FerroTeX\FerroTeX\target\debug\deps\libzerofrom-dc3d9c04e27f021f.rmeta --cap-lints allow`
Rust Build & Test (Windows)	UNKNOWN STEP	2025-12-22T11:15:09.0304007Z [1m[92m   Compiling[0m rand v0.8.5
Rust Build & Test (Windows)	UNKNOWN STEP	2025-12-22T11:15:09.0312839Z [1m[92m     Running[0m `C:\Users\runneradmin\.rustup\toolchains\stable-x86_64-pc-windows-msvc\bin\rustc.exe --crate-name rand --edition=2018 C:\Users\runneradmin\.cargo\registry\src\index.crates.io-1949cf8c6b5b557f\rand-0.8.5\src\lib.rs --error-format=json --json=diagnostic-rendered-ansi,artifacts,future-incompat --crate-type lib --emit=dep-info,metadata,link -C embed-bitcode=no --cfg "feature=\"small_rng\"" --check-cfg cfg(docsrs,test) --check-cfg "cfg(feature, values(\"alloc\", \"default\", \"getrandom\", \"libc\", \"log\", \"min_const_gen\", \"nightly\", \"packed_simd\", \"rand_chacha\", \"serde\", \"serde1\", \"simd_support\", \"small_rng\", \"std\", \"std_rng\"))" -C metadata=33a071b0aea6742e -C extra-filename=-607333830b628237 --out-dir D:\a\FerroTeX\FerroTeX\target\debug\deps -L dependency=D:\a\FerroTeX\FerroTeX\target\debug\deps --extern rand_core=D:\a\FerroTeX\FerroTeX\target\debug\deps\librand_core-9ff660c7a6de806b.rmeta --cap-lints allow`
Rust Build & Test (Windows)	UNKNOWN STEP	2025-12-22T11:15:09.2376103Z [1m[92m   Compiling[0m digest v0.10.7
Rust Build & Test (Windows)	UNKNOWN STEP	2025-12-22T11:15:09.2408188Z [1m[92m     Running[0m `C:\Users\runneradmin\.rustup\toolchains\stable-x86_64-pc-windows-msvc\bin\rustc.exe --crate-name digest --edition=2018 C:\Users\runneradmin\.cargo\registry\src\index.crates.io-1949cf8c6b5b557f\digest-0.10.7\src\lib.rs --error-format=json --json=diagnostic-rendered-ansi,artifacts,future-incompat --crate-type lib --emit=dep-info,metadata,link -C embed-bitcode=no -C debuginfo=2 --cfg "feature=\"alloc\"" --cfg "feature=\"block-buffer\"" --cfg "feature=\"core-api\"" --cfg "feature=\"default\"" --cfg "feature=\"mac\"" --cfg "feature=\"std\"" --cfg "feature=\"subtle\"" --check-cfg cfg(docsrs,test) --check-cfg "cfg(feature, values(\"alloc\", \"blobby\", \"block-buffer\", \"const-oid\", \"core-api\", \"default\", \"dev\", \"mac\", \"oid\", \"rand_core\", \"std\", \"subtle\"))" -C metadata=dde90e9367cd15b4 -C extra-filename=-b237e48ac73d3cab --out-dir D:\a\FerroTeX\FerroTeX\target\debug\deps -L dependency=D:\a\FerroTeX\FerroTeX\target\debug\deps --extern block_buffer=D:\a\FerroTeX\FerroTeX\target\debug\deps\libblock_buffer-f1f723d2599b8dfe.rmeta --extern crypto_common=D:\a\FerroTeX\FerroTeX\target\debug\deps\libcrypto_common-04cb9d5280aa082c.rmeta --extern subtle=D:\a\FerroTeX\FerroTeX\target\debug\deps\libsubtle-ec1046b8f7543a4c.rmeta --cap-lints allow`
Rust Build & Test (Windows)	UNKNOWN STEP	2025-12-22T11:15:09.5430819Z [1m[92m     Running[0m `C:\Users\runneradmin\.rustup\toolchains\stable-x86_64-pc-windows-msvc\bin\rustc.exe --crate-name crossbeam_utils --edition=2021 C:\Users\runneradmin\.cargo\registry\src\index.crates.io-1949cf8c6b5b557f\crossbeam-utils-0.8.21\src\lib.rs --error-format=json --json=diagnostic-rendered-ansi,artifacts,future-incompat --crate-type lib --emit=dep-info,metadata,link -C embed-bitcode=no -C debuginfo=2 --warn=unexpected_cfgs --allow=clippy::lint_groups_priority --allow=clippy::declare_interior_mutable_const --check-cfg cfg(crossbeam_loom) --check-cfg cfg(crossbeam_sanitize) --cfg "feature=\"std\"" --check-cfg cfg(docsrs,test) --check-cfg "cfg(feature, values(\"default\", \"loom\", \"nightly\", \"std\"))" -C metadata=28660d9d9314177f -C extra-filename=-ea8b83c5c065b1d1 --out-dir D:\a\FerroTeX\FerroTeX\target\debug\deps -L dependency=D:\a\FerroTeX\FerroTeX\target\debug\deps --cap-lints allow --check-cfg cfg(crossbeam_no_atomic,crossbeam_sanitize_thread)`
Rust Build & Test (Windows)	UNKNOWN STEP	2025-12-22T11:15:09.7666211Z [1m[92m     Running[0m `C:\Users\runneradmin\.rustup\toolchains\stable-x86_64-pc-windows-msvc\bin\rustc.exe --crate-name windows_x86_64_msvc --edition=2018 C:\Users\runneradmin\.cargo\registry\src\index.crates.io-1949cf8c6b5b557f\windows_x86_64_msvc-0.48.5\src\lib.rs --error-format=json --json=diagnostic-rendered-ansi,artifacts,future-incompat --crate-type lib --emit=dep-info,metadata,link -C embed-bitcode=no -C debuginfo=2 --check-cfg cfg(docsrs,test) --check-cfg "cfg(feature, values())" -C metadata=a5a1ad961ae11f7d -C extra-filename=-47a487117b718dd8 --out-dir D:\a\FerroTeX\FerroTeX\target\debug\deps -L dependency=D:\a\FerroTeX\FerroTeX\target\debug\deps --cap-lints allow -L native=C:\Users\runneradmin\.cargo\registry\src\index.crates.io-1949cf8c6b5b557f\windows_x86_64_msvc-0.48.5\lib`
Rust Build & Test (Windows)	UNKNOWN STEP	2025-12-22T11:15:09.8222853Z [1m[92m   Compiling[0m num-traits v0.2.19
Rust Build & Test (Windows)	UNKNOWN STEP	2025-12-22T11:15:09.8256737Z [1m[92m     Running[0m `C:\Users\runneradmin\.rustup\toolchains\stable-x86_64-pc-windows-msvc\bin\rustc.exe --crate-name build_script_build --edition=2021 C:\Users\runneradmin\.cargo\registry\src\index.crates.io-1949cf8c6b5b557f\num-traits-0.2.19\build.rs --error-format=json --json=diagnostic-rendered-ansi,artifacts,future-incompat --crate-type bin --emit=dep-info,link -C embed-bitcode=no --cfg "feature=\"std\"" --check-cfg cfg(docsrs,test) --check-cfg "cfg(feature, values(\"default\", \"i128\", \"libm\", \"std\"))" -C metadata=bd308373532ab5e2 -C extra-filename=-3eb26c5a2283f78d --out-dir D:\a\FerroTeX\FerroTeX\target\debug\build\num-traits-3eb26c5a2283f78d -L dependency=D:\a\FerroTeX\FerroTeX\target\debug\deps --extern autocfg=D:\a\FerroTeX\FerroTeX\target\debug\deps\libautocfg-0837c6aef9c33bfd.rlib --cap-lints allow`
Rust Build & Test (Windows)	UNKNOWN STEP	2025-12-22T11:15:09.8769258Z [1m[92m   Compiling[0m bitflags v2.10.0
Rust Build & Test (Windows)	UNKNOWN STEP	2025-12-22T11:15:09.8781338Z [1m[92m     Running[0m `C:\Users\runneradmin\.rustup\toolchains\stable-x86_64-pc-windows-msvc\bin\rustc.exe --crate-name bitflags --edition=2021 C:\Users\runneradmin\.cargo\registry\src\index.crates.io-1949cf8c6b5b557f\bitflags-2.10.0\src\lib.rs --error-format=json --json=diagnostic-rendered-ansi,artifacts,future-incompat --crate-type lib --emit=dep-info,metadata,link -C embed-bitcode=no -C debuginfo=2 --cfg "feature=\"std\"" --check-cfg cfg(docsrs,test) --check-cfg "cfg(feature, values(\"arbitrary\", \"bytemuck\", \"example_generated\", \"serde\", \"serde_core\", \"std\"))" -C metadata=542880ee87b02e93 -C extra-filename=-26948e047ae4aa12 --out-dir D:\a\FerroTeX\FerroTeX\target\debug\deps -L dependency=D:\a\FerroTeX\FerroTeX\target\debug\deps --cap-lints allow`
Rust Build & Test (Windows)	UNKNOWN STEP	2025-12-22T11:15:10.0946554Z [1m[92m     Running[0m `D:\a\FerroTeX\FerroTeX\target\debug\build\num-traits-3eb26c5a2283f78d\build-script-build`
Rust Build & Test (Windows)	UNKNOWN STEP	2025-12-22T11:15:10.2298851Z [1m[92m   Compiling[0m phf_generator v0.11.3
Rust Build & Test (Windows)	UNKNOWN STEP	2025-12-22T11:15:10.2307871Z [1m[92m     Running[0m `C:\Users\runneradmin\.rustup\toolchains\stable-x86_64-pc-windows-msvc\bin\rustc.exe --crate-name phf_generator --edition=2021 C:\Users\runneradmin\.cargo\registry\src\index.crates.io-1949cf8c6b5b557f\phf_generator-0.11.3\src\lib.rs --error-format=json --json=diagnostic-rendered-ansi,artifacts,future-incompat --crate-type lib --emit=dep-info,metadata,link -C embed-bitcode=no --check-cfg cfg(docsrs,test) --check-cfg "cfg(feature, values(\"criterion\"))" -C metadata=ab386a7cf934919f -C extra-filename=-f757dd09c531df19 --out-dir D:\a\FerroTeX\FerroTeX\target\debug\deps -L dependency=D:\a\FerroTeX\FerroTeX\target\debug\deps --extern phf_shared=D:\a\FerroTeX\FerroTeX\target\debug\deps\libphf_shared-9de9af230d462845.rmeta --extern rand=D:\a\FerroTeX\FerroTeX\target\debug\deps\librand-607333830b628237.rmeta --cap-lints allow`
Rust Build & Test (Windows)	UNKNOWN STEP	2025-12-22T11:15:10.2546917Z [1m[92m   Compiling[0m windows-targets v0.48.5
Rust Build & Test (Windows)	UNKNOWN STEP	2025-12-22T11:15:10.2581617Z [1m[92m     Running[0m `C:\Users\runneradmin\.rustup\toolchains\stable-x86_64-pc-windows-msvc\bin\rustc.exe --crate-name windows_targets --edition=2018 C:\Users\runneradmin\.cargo\registry\src\index.crates.io-1949cf8c6b5b557f\windows-targets-0.48.5\src\lib.rs --error-format=json --json=diagnostic-rendered-ansi,artifacts,future-incompat --crate-type lib --emit=dep-info,metadata,link -C embed-bitcode=no -C debuginfo=2 --check-cfg cfg(docsrs,test) --check-cfg "cfg(feature, values())" -C metadata=aaaf93f60fbca5c7 -C extra-filename=-52dba593c607ac4f --out-dir D:\a\FerroTeX\FerroTeX\target\debug\deps -L dependency=D:\a\FerroTeX\FerroTeX\target\debug\deps --extern windows_x86_64_msvc=D:\a\FerroTeX\FerroTeX\target\debug\deps\libwindows_x86_64_msvc-47a487117b718dd8.rmeta --cap-lints allow -L native=C:\Users\runneradmin\.cargo\registry\src\index.crates.io-1949cf8c6b5b557f\windows_x86_64_msvc-0.48.5\lib`
Rust Build & Test (Windows)	UNKNOWN STEP	2025-12-22T11:15:10.3301088Z [1m[92m     Running[0m `C:\Users\runneradmin\.rustup\toolchains\stable-x86_64-pc-windows-msvc\bin\rustc.exe --crate-name anyhow --edition=2018 C:\Users\runneradmin\.cargo\registry\src\index.crates.io-1949cf8c6b5b557f\anyhow-1.0.100\src\lib.rs --error-format=json --json=diagnostic-rendered-ansi,artifacts,future-incompat --crate-type lib --emit=dep-info,metadata,link -C embed-bitcode=no -C debuginfo=2 --cfg "feature=\"default\"" --cfg "feature=\"std\"" --check-cfg cfg(docsrs,test) --check-cfg "cfg(feature, values(\"backtrace\", \"default\", \"std\"))" -C metadata=2a2a3dd2ab55b45c -C extra-filename=-aa601dd51ab6285d --out-dir D:\a\FerroTeX\FerroTeX\target\debug\deps -L dependency=D:\a\FerroTeX\FerroTeX\target\debug\deps --cap-lints allow --cfg std_backtrace --check-cfg cfg(anyhow_build_probe) --check-cfg cfg(anyhow_nightly_testing) --check-cfg cfg(anyhow_no_clippy_format_args) --check-cfg cfg(anyhow_no_core_error) --check-cfg cfg(anyhow_no_core_unwind_safe) --check-cfg cfg(anyhow_no_fmt_arguments_as_str) --check-cfg cfg(anyhow_no_ptr_addr_of) --check-cfg cfg(anyhow_no_unsafe_op_in_unsafe_fn_lint) --check-cfg cfg(error_generic_member_access) --check-cfg cfg(std_backtrace)`
Rust Build & Test (Windows)	UNKNOWN STEP	2025-12-22T11:15:10.4170771Z [1m[92m     Running[0m `C:\Users\runneradmin\.rustup\toolchains\stable-x86_64-pc-windows-msvc\bin\rustc.exe --crate-name serde_core --edition=2021 C:\Users\runneradmin\.cargo\registry\src\index.crates.io-1949cf8c6b5b557f\serde_core-1.0.228\src\lib.rs --error-format=json --json=diagnostic-rendered-ansi,artifacts,future-incompat --crate-type lib --emit=dep-info,metadata,link -C embed-bitcode=no -C debuginfo=2 --cfg "feature=\"alloc\"" --cfg "feature=\"result\"" --cfg "feature=\"std\"" --check-cfg cfg(docsrs,test) --check-cfg "cfg(feature, values(\"alloc\", \"default\", \"rc\", \"result\", \"std\", \"unstable\"))" -C metadata=f9260cf63938afb6 -C extra-filename=-547eb6df78073831 --out-dir D:\a\FerroTeX\FerroTeX\target\debug\deps -L dependency=D:\a\FerroTeX\FerroTeX\target\debug\deps --cap-lints allow --check-cfg cfg(if_docsrs_then_no_serde_core) --check-cfg cfg(no_core_cstr) --check-cfg cfg(no_core_error) --check-cfg cfg(no_core_net) --check-cfg cfg(no_core_num_saturating) --check-cfg cfg(no_diagnostic_namespace) --check-cfg cfg(no_serde_derive) --check-cfg cfg(no_std_atomic) --check-cfg cfg(no_std_atomic64) --check-cfg cfg(no_target_has_atomic)`
Rust Build & Test (Windows)	UNKNOWN STEP	2025-12-22T11:15:10.5088075Z [1m[92m     Running[0m `C:\Users\runneradmin\.rustup\toolchains\stable-x86_64-pc-windows-msvc\bin\rustc.exe --crate-name windows_x86_64_msvc --edition=2021 C:\Users\runneradmin\.cargo\registry\src\index.crates.io-1949cf8c6b5b557f\windows_x86_64_msvc-0.52.6\src\lib.rs --error-format=json --json=diagnostic-rendered-ansi,artifacts,future-incompat --crate-type lib --emit=dep-info,metadata,link -C embed-bitcode=no -C debuginfo=2 --check-cfg cfg(docsrs,test) --check-cfg "cfg(feature, values())" -C metadata=08fa6524a1be15e3 -C extra-filename=-40f71298104e249c --out-dir D:\a\FerroTeX\FerroTeX\target\debug\deps -L dependency=D:\a\FerroTeX\FerroTeX\target\debug\deps --cap-lints allow -L native=C:\Users\runneradmin\.cargo\registry\src\index.crates.io-1949cf8c6b5b557f\windows_x86_64_msvc-0.52.6\lib`
Rust Build & Test (Windows)	UNKNOWN STEP	2025-12-22T11:15:10.5655046Z [1m[92m   Compiling[0m futures-channel v0.3.31
Rust Build & Test (Windows)	UNKNOWN STEP	2025-12-22T11:15:10.5675041Z [1m[92m     Running[0m `C:\Users\runneradmin\.rustup\toolchains\stable-x86_64-pc-windows-msvc\bin\rustc.exe --crate-name futures_channel --edition=2018 C:\Users\runneradmin\.cargo\registry\src\index.crates.io-1949cf8c6b5b557f\futures-channel-0.3.31\src\lib.rs --error-format=json --json=diagnostic-rendered-ansi,artifacts,future-incompat --crate-type lib --emit=dep-info,metadata,link -C embed-bitcode=no -C debuginfo=2 --warn=unreachable_pub --warn=unexpected_cfgs --warn=single_use_lifetimes --warn=rust_2018_idioms --warn=missing_debug_implementations --check-cfg cfg(futures_sanitizer) --cfg "feature=\"alloc\"" --cfg "feature=\"default\"" --cfg "feature=\"futures-sink\"" --cfg "feature=\"sink\"" --cfg "feature=\"std\"" --check-cfg cfg(docsrs,test) --check-cfg "cfg(feature, values(\"alloc\", \"cfg-target-has-atomic\", \"default\", \"futures-sink\", \"sink\", \"std\", \"unstable\"))" -C metadata=3bb255dc2614e71f -C extra-filename=-a42c806c6b40710e --out-dir D:\a\FerroTeX\FerroTeX\target\debug\deps -L dependency=D:\a\FerroTeX\FerroTeX\target\debug\deps --extern futures_core=D:\a\FerroTeX\FerroTeX\target\debug\deps\libfutures_core-1c3dfa5162e42070.rmeta --extern futures_sink=D:\a\FerroTeX\FerroTeX\target\debug\deps\libfutures_sink-2b63f9cae1e7e183.rmeta --cap-lints allow`
Rust Build & Test (Windows)	UNKNOWN STEP	2025-12-22T11:15:10.8329077Z [1m[92m   Compiling[0m futures-macro v0.3.31
Rust Build & Test (Windows)	UNKNOWN STEP	2025-12-22T11:15:10.8367091Z [1m[92m     Running[0m `C:\Users\runneradmin\.rustup\toolchains\stable-x86_64-pc-windows-msvc\bin\rustc.exe --crate-name futures_macro --edition=2018 C:\Users\runneradmin\.cargo\registry\src\index.crates.io-1949cf8c6b5b557f\futures-macro-0.3.31\src\lib.rs --error-format=json --json=diagnostic-rendered-ansi,artifacts,future-incompat --crate-type proc-macro --emit=dep-info,link -C prefer-dynamic -C embed-bitcode=no --warn=unreachable_pub --warn=unexpected_cfgs --warn=single_use_lifetimes --warn=rust_2018_idioms --warn=missing_debug_implementations --check-cfg cfg(futures_sanitizer) --check-cfg cfg(docsrs,test) --check-cfg "cfg(feature, values())" -C metadata=df49a6c0ee50d4c0 -C extra-filename=-2843b8dd2885a1c4 --out-dir D:\a\FerroTeX\FerroTeX\target\debug\deps -L dependency=D:\a\FerroTeX\FerroTeX\target\debug\deps --extern proc_macro2=D:\a\FerroTeX\FerroTeX\target\debug\deps\libproc_macro2-2b2ea4fb9ae5c084.rlib --extern quote=D:\a\FerroTeX\FerroTeX\target\debug\deps\libquote-e2d37abd6ae917d4.rlib --extern syn=D:\a\FerroTeX\FerroTeX\target\debug\deps\libsyn-fc7d70a291eba9df.rlib --extern proc_macro --cap-lints allow`
Rust Build & Test (Windows)	UNKNOWN STEP	2025-12-22T11:15:11.0772315Z [1m[92m   Compiling[0m zerovec-derive v0.11.2
Rust Build & Test (Windows)	UNKNOWN STEP	2025-12-22T11:15:11.0781888Z [1m[92m     Running[0m `C:\Users\runneradmin\.rustup\toolchains\stable-x86_64-pc-windows-msvc\bin\rustc.exe --crate-name zerovec_derive --edition=2021 C:\Users\runneradmin\.cargo\registry\src\index.crates.io-1949cf8c6b5b557f\zerovec-derive-0.11.2\src\lib.rs --error-format=json --json=diagnostic-rendered-ansi,artifacts,future-incompat --crate-type proc-macro --emit=dep-info,link -C prefer-dynamic -C embed-bitcode=no --check-cfg cfg(docsrs,test) --check-cfg "cfg(feature, values())" -C metadata=8d3199f52f6717a8 -C extra-filename=-0613a4674ea64a00 --out-dir D:\a\FerroTeX\FerroTeX\target\debug\deps -L dependency=D:\a\FerroTeX\FerroTeX\target\debug\deps --extern proc_macro2=D:\a\FerroTeX\FerroTeX\target\debug\deps\libproc_macro2-2b2ea4fb9ae5c084.rlib --extern quote=D:\a\FerroTeX\FerroTeX\target\debug\deps\libquote-e2d37abd6ae917d4.rlib --extern syn=D:\a\FerroTeX\FerroTeX\target\debug\deps\libsyn-fc7d70a291eba9df.rlib --extern proc_macro --cap-lints allow`
Rust Build & Test (Windows)	UNKNOWN STEP	2025-12-22T11:15:12.0315005Z [1m[92m   Compiling[0m libz-sys v1.1.23
Rust Build & Test (Windows)	UNKNOWN STEP	2025-12-22T11:15:12.0354498Z [1m[92m     Running[0m `C:\Users\runneradmin\.rustup\toolchains\stable-x86_64-pc-windows-msvc\bin\rustc.exe --crate-name build_script_build --edition=2018 C:\Users\runneradmin\.cargo\registry\src\index.crates.io-1949cf8c6b5b557f\libz-sys-1.1.23\build.rs --error-format=json --json=diagnostic-rendered-ansi,artifacts,future-incompat --crate-type bin --emit=dep-info,link -C embed-bitcode=no --warn=unexpected_cfgs --check-cfg cfg(zng) --check-cfg cfg(docsrs,test) --check-cfg "cfg(feature, values(\"asm\", \"cmake\", \"default\", \"libc\", \"static\", \"stock-zlib\", \"zlib-ng\", \"zlib-ng-no-cmake-experimental-community-maintained\"))" -C metadata=864e3e9a3f05d857 -C extra-filename=-bbb4e96603af721c --out-dir D:\a\FerroTeX\FerroTeX\target\debug\build\libz-sys-bbb4e96603af721c -L dependency=D:\a\FerroTeX\FerroTeX\target\debug\deps --extern cc=D:\a\FerroTeX\FerroTeX\target\debug\deps\libcc-e381a8642aa09e75.rlib --extern pkg_config=D:\a\FerroTeX\FerroTeX\target\debug\deps\libpkg_config-02894189970fd886.rlib --extern vcpkg=D:\a\FerroTeX\FerroTeX\target\debug\deps\libvcpkg-f296f353b61803f1.rlib --cap-lints allow`
Rust Build & Test (Windows)	UNKNOWN STEP	2025-12-22T11:15:12.5063728Z [1m[92m   Compiling[0m futures-task v0.3.31
Rust Build & Test (Windows)	UNKNOWN STEP	2025-12-22T11:15:12.5102610Z [1m[92m     Running[0m `C:\Users\runneradmin\.rustup\toolchains\stable-x86_64-pc-windows-msvc\bin\rustc.exe --crate-name futures_task --edition=2018 C:\Users\runneradmin\.cargo\registry\src\index.crates.io-1949cf8c6b5b557f\futures-task-0.3.31\src\lib.rs --error-format=json --json=diagnostic-rendered-ansi,artifacts,future-incompat --crate-type lib --emit=dep-info,metadata,link -C embed-bitcode=no -C debuginfo=2 --warn=unreachable_pub --warn=unexpected_cfgs --warn=single_use_lifetimes --warn=rust_2018_idioms --warn=missing_debug_implementations --check-cfg cfg(futures_sanitizer) --cfg "feature=\"alloc\"" --cfg "feature=\"std\"" --check-cfg cfg(docsrs,test) --check-cfg "cfg(feature, values(\"alloc\", \"cfg-target-has-atomic\", \"default\", \"std\", \"unstable\"))" -C metadata=9382cc0e0c0cdf71 -C extra-filename=-973dd7238dfd7554 --out-dir D:\a\FerroTeX\FerroTeX\target\debug\deps -L dependency=D:\a\FerroTeX\FerroTeX\target\debug\deps --cap-lints allow`
Rust Build & Test (Windows)	UNKNOWN STEP	2025-12-22T11:15:12.7011936Z [1m[92m   Compiling[0m cpufeatures v0.2.17
Rust Build & Test (Windows)	UNKNOWN STEP	2025-12-22T11:15:12.7036606Z [1m[92m     Running[0m `C:\Users\runneradmin\.rustup\toolchains\stable-x86_64-pc-windows-msvc\bin\rustc.exe --crate-name cpufeatures --edition=2018 C:\Users\runneradmin\.cargo\registry\src\index.crates.io-1949cf8c6b5b557f\cpufeatures-0.2.17\src\lib.rs --error-format=json --json=diagnostic-rendered-ansi,artifacts,future-incompat --crate-type lib --emit=dep-info,metadata,link -C embed-bitcode=no -C debuginfo=2 --check-cfg cfg(docsrs,test) --check-cfg "cfg(feature, values())" -C metadata=a0299aea168f4eba -C extra-filename=-e9f6add8b507f973 --out-dir D:\a\FerroTeX\FerroTeX\target\debug\deps -L dependency=D:\a\FerroTeX\FerroTeX\target\debug\deps --cap-lints allow`
Rust Build & Test (Windows)	UNKNOWN STEP	2025-12-22T11:15:12.7726630Z [1m[92m   Compiling[0m pin-utils v0.1.0
Rust Build & Test (Windows)	UNKNOWN STEP	2025-12-22T11:15:12.7800624Z [1m[92m     Running[0m `C:\Users\runneradmin\.rustup\toolchains\stable-x86_64-pc-windows-msvc\bin\rustc.exe --crate-name pin_utils --edition=2018 C:\Users\runneradmin\.cargo\registry\src\index.crates.io-1949cf8c6b5b557f\pin-utils-0.1.0\src\lib.rs --error-format=json --json=diagnostic-rendered-ansi,artifacts,future-incompat --crate-type lib --emit=dep-info,metadata,link -C embed-bitcode=no -C debuginfo=2 --check-cfg cfg(docsrs,test) --check-cfg "cfg(feature, values())" -C metadata=5a9f598851bbd442 -C extra-filename=-1031b741708e9025 --out-dir D:\a\FerroTeX\FerroTeX\target\debug\deps -L dependency=D:\a\FerroTeX\FerroTeX\target\debug\deps --cap-lints allow`
Rust Build & Test (Windows)	UNKNOWN STEP	2025-12-22T11:15:12.8332636Z [1m[92m   Compiling[0m crc32fast v1.5.0
Rust Build & Test (Windows)	UNKNOWN STEP	2025-12-22T11:15:12.8367300Z [1m[92m     Running[0m `C:\Users\runneradmin\.rustup\toolchains\stable-x86_64-pc-windows-msvc\bin\rustc.exe --crate-name build_script_build --edition=2021 C:\Users\runneradmin\.cargo\registry\src\index.crates.io-1949cf8c6b5b557f\crc32fast-1.5.0\build.rs --error-format=json --json=diagnostic-rendered-ansi,artifacts,future-incompat --crate-type bin --emit=dep-info,link -C embed-bitcode=no --cfg "feature=\"default\"" --cfg "feature=\"std\"" --check-cfg cfg(docsrs,test) --check-cfg "cfg(feature, values(\"default\", \"nightly\", \"std\"))" -C metadata=30baaee4a5265aee -C extra-filename=-66cba225e15aac66 --out-dir D:\a\FerroTeX\FerroTeX\target\debug\build\crc32fast-66cba225e15aac66 -L dependency=D:\a\FerroTeX\FerroTeX\target\debug\deps --cap-lints allow`
Rust Build & Test (Windows)	UNKNOWN STEP	2025-12-22T11:15:12.8566046Z [1m[92m   Compiling[0m slab v0.4.11
Rust Build & Test (Windows)	UNKNOWN STEP	2025-12-22T11:15:12.8589847Z [1m[92m     Running[0m `C:\Users\runneradmin\.rustup\toolchains\stable-x86_64-pc-windows-msvc\bin\rustc.exe --crate-name slab --edition=2018 C:\Users\runneradmin\.cargo\registry\src\index.crates.io-1949cf8c6b5b557f\slab-0.4.11\src\lib.rs --error-format=json --json=diagnostic-rendered-ansi,artifacts,future-incompat --crate-type lib --emit=dep-info,metadata,link -C embed-bitcode=no -C debuginfo=2 --cfg "feature=\"default\"" --cfg "feature=\"std\"" --check-cfg cfg(docsrs,test) --check-cfg "cfg(feature, values(\"default\", \"serde\", \"std\"))" -C metadata=cca73321308d690c -C extra-filename=-230cf4a1e2eadce9 --out-dir D:\a\FerroTeX\FerroTeX\target\debug\deps -L dependency=D:\a\FerroTeX\FerroTeX\target\debug\deps --cap-lints allow`
Rust Build & Test (Windows)	UNKNOWN STEP	2025-12-22T11:15:13.0663845Z [1m[92m   Compiling[0m serde v1.0.228
Rust Build & Test (Windows)	UNKNOWN STEP	2025-12-22T11:15:13.0746351Z [1m[92m     Running[0m `C:\Users\runneradmin\.rustup\toolchains\stable-x86_64-pc-windows-msvc\bin\rustc.exe --crate-name build_script_build --edition=2021 C:\Users\runneradmin\.cargo\registry\src\index.crates.io-1949cf8c6b5b557f\serde-1.0.228\build.rs --error-format=json --json=diagnostic-rendered-ansi,artifacts,future-incompat --crate-type bin --emit=dep-info,link -C embed-bitcode=no --cfg "feature=\"alloc\"" --cfg "feature=\"default\"" --cfg "feature=\"derive\"" --cfg "feature=\"serde_derive\"" --cfg "feature=\"std\"" --check-cfg cfg(docsrs,test) --check-cfg "cfg(feature, values(\"alloc\", \"default\", \"derive\", \"rc\", \"serde_derive\", \"std\", \"unstable\"))" -C metadata=c4a6dd0f5eb09ad0 -C extra-filename=-194bf86baa16e700 --out-dir D:\a\FerroTeX\FerroTeX\target\debug\build\serde-194bf86baa16e700 -L dependency=D:\a\FerroTeX\FerroTeX\target\debug\deps --cap-lints allow`
Rust Build & Test (Windows)	UNKNOWN STEP	2025-12-22T11:15:13.1286647Z [1m[92m   Compiling[0m futures-io v0.3.31
Rust Build & Test (Windows)	UNKNOWN STEP	2025-12-22T11:15:13.1321941Z [1m[92m     Running[0m `C:\Users\runneradmin\.rustup\toolchains\stable-x86_64-pc-windows-msvc\bin\rustc.exe --crate-name futures_io --edition=2018 C:\Users\runneradmin\.cargo\registry\src\index.crates.io-1949cf8c6b5b557f\futures-io-0.3.31\src\lib.rs --error-format=json --json=diagnostic-rendered-ansi,artifacts,future-incompat --crate-type lib --emit=dep-info,metadata,link -C embed-bitcode=no -C debuginfo=2 --warn=unreachable_pub --warn=unexpected_cfgs --warn=single_use_lifetimes --warn=rust_2018_idioms --warn=missing_debug_implementations --check-cfg cfg(futures_sanitizer) --cfg "feature=\"std\"" --check-cfg cfg(docsrs,test) --check-cfg "cfg(feature, values(\"default\", \"std\", \"unstable\"))" -C metadata=fe45d3048dd85913 -C extra-filename=-cb4b8cdd5b9b7e34 --out-dir D:\a\FerroTeX\FerroTeX\target\debug\deps -L dependency=D:\a\FerroTeX\FerroTeX\target\debug\deps --cap-lints allow`
Rust Build & Test (Windows)	UNKNOWN STEP	2025-12-22T11:15:13.3706939Z [1m[92m   Compiling[0m futures-util v0.3.31
Rust Build & Test (Windows)	UNKNOWN STEP	2025-12-22T11:15:13.3753910Z [1m[92m     Running[0m `C:\Users\runneradmin\.rustup\toolchains\stable-x86_64-pc-windows-msvc\bin\rustc.exe --crate-name futures_util --edition=2018 C:\Users\runneradmin\.cargo\registry\src\index.crates.io-1949cf8c6b5b557f\futures-util-0.3.31\src\lib.rs --error-format=json --json=diagnostic-rendered-ansi,artifacts,future-incompat --crate-type lib --emit=dep-info,metadata,link -C embed-bitcode=no -C debuginfo=2 --warn=unreachable_pub --warn=unexpected_cfgs --warn=single_use_lifetimes --warn=rust_2018_idioms --warn=missing_debug_implementations --check-cfg cfg(futures_sanitizer) --cfg "feature=\"alloc\"" --cfg "feature=\"async-await\"" --cfg "feature=\"async-await-macro\"" --cfg "feature=\"channel\"" --cfg "feature=\"futures-channel\"" --cfg "feature=\"futures-io\"" --cfg "feature=\"futures-macro\"" --cfg "feature=\"futures-sink\"" --cfg "feature=\"io\"" --cfg "feature=\"memchr\"" --cfg "feature=\"sink\"" --cfg "feature=\"slab\"" --cfg "feature=\"std\"" --check-cfg cfg(docsrs,test) --check-cfg "cfg(feature, values(\"alloc\", \"async-await\", \"async-await-macro\", \"bilock\", \"cfg-target-has-atomic\", \"channel\", \"compat\", \"default\", \"futures-channel\", \"futures-io\", \"futures-macro\", \"futures-sink\", \"futures_01\", \"io\", \"io-compat\", \"memchr\", \"portable-atomic\", \"sink\", \"slab\", \"std\", \"tokio-io\", \"unstable\", \"write-all-vectored\"))" -C metadata=00bd367012dceb7f -C extra-filename=-6dd8f2a28f103ea8 --out-dir D:\a\FerroTeX\FerroTeX\target\debug\deps -L dependency=D:\a\FerroTeX\FerroTeX\target\debug\deps --extern futures_channel=D:\a\FerroTeX\FerroTeX\target\debug\deps\libfutures_channel-a42c806c6b40710e.rmeta --extern futures_core=D:\a\FerroTeX\FerroTeX\target\debug\deps\libfutures_core-1c3dfa5162e42070.rmeta --extern futures_io=D:\a\FerroTeX\FerroTeX\target\debug\deps\libfutures_io-cb4b8cdd5b9b7e34.rmeta --extern futures_macro=D:\a\FerroTeX\FerroTeX\target\debug\deps\futures_macro-2843b8dd2885a1c4.dll --extern futures_sink=D:\a\FerroTeX\FerroTeX\target\debug\deps\libfutures_sink-2b63f9cae1e7e183.rmeta --extern futures_task=D:\a\FerroTeX\FerroTeX\target\debug\deps\libfutures_task-973dd7238dfd7554.rmeta --extern memchr=D:\a\FerroTeX\FerroTeX\target\debug\deps\libmemchr-aa8f9a3cbbce4db0.rmeta --extern pin_project_lite=D:\a\FerroTeX\FerroTeX\target\debug\deps\libpin_project_lite-ddac7feb6ac14d2f.rmeta --extern pin_utils=D:\a\FerroTeX\FerroTeX\target\debug\deps\libpin_utils-1031b741708e9025.rmeta --extern slab=D:\a\FerroTeX\FerroTeX\target\debug\deps\libslab-230cf4a1e2eadce9.rmeta --cap-lints allow`
Rust Build & Test (Windows)	UNKNOWN STEP	2025-12-22T11:15:13.4462085Z [1m[92m     Running[0m `D:\a\FerroTeX\FerroTeX\target\debug\build\serde-194bf86baa16e700\build-script-build`
Rust Build & Test (Windows)	UNKNOWN STEP	2025-12-22T11:15:13.4951820Z [1m[92m     Running[0m `D:\a\FerroTeX\FerroTeX\target\debug\build\crc32fast-66cba225e15aac66\build-script-build`
Rust Build & Test (Windows)	UNKNOWN STEP	2025-12-22T11:15:13.5332594Z [1m[92m   Compiling[0m zerovec v0.11.5
Rust Build & Test (Windows)	UNKNOWN STEP	2025-12-22T11:15:13.5360651Z [1m[92m     Running[0m `C:\Users\runneradmin\.rustup\toolchains\stable-x86_64-pc-windows-msvc\bin\rustc.exe --crate-name zerovec --edition=2021 C:\Users\runneradmin\.cargo\registry\src\index.crates.io-1949cf8c6b5b557f\zerovec-0.11.5\src\lib.rs --error-format=json --json=diagnostic-rendered-ansi,artifacts,future-incompat --crate-type lib --emit=dep-info,metadata,link -C embed-bitcode=no -C debuginfo=2 --cfg "feature=\"derive\"" --cfg "feature=\"yoke\"" --check-cfg cfg(docsrs,test) --check-cfg "cfg(feature, values(\"alloc\", \"databake\", \"derive\", \"hashmap\", \"serde\", \"std\", \"yoke\"))" -C metadata=7fd7e14276723e16 -C extra-filename=-e669b59427794cb4 --out-dir D:\a\FerroTeX\FerroTeX\target\debug\deps -L dependency=D:\a\FerroTeX\FerroTeX\target\debug\deps --extern yoke=D:\a\FerroTeX\FerroTeX\target\debug\deps\libyoke-e9cea26c8c5d51f3.rmeta --extern zerofrom=D:\a\FerroTeX\FerroTeX\target\debug\deps\libzerofrom-dc3d9c04e27f021f.rmeta --extern zerovec_derive=D:\a\FerroTeX\FerroTeX\target\debug\deps\zerovec_derive-0613a4674ea64a00.dll --cap-lints allow`
Rust Build & Test (Windows)	UNKNOWN STEP	2025-12-22T11:15:14.1805194Z [1m[92m     Running[0m `D:\a\FerroTeX\FerroTeX\target\debug\build\libz-sys-bbb4e96603af721c\build-script-build`
Rust Build & Test (Windows)	UNKNOWN STEP	2025-12-22T11:15:14.3566305Z [1m[92m   Compiling[0m windows-targets v0.52.6
Rust Build & Test (Windows)	UNKNOWN STEP	2025-12-22T11:15:14.3585689Z [1m[92m     Running[0m `C:\Users\runneradmin\.rustup\toolchains\stable-x86_64-pc-windows-msvc\bin\rustc.exe --crate-name windows_targets --edition=2021 C:\Users\runneradmin\.cargo\registry\src\index.crates.io-1949cf8c6b5b557f\windows-targets-0.52.6\src\lib.rs --error-format=json --json=diagnostic-rendered-ansi,artifacts,future-incompat --crate-type lib --emit=dep-info,metadata,link -C embed-bitcode=no -C debuginfo=2 --warn=rust_2018_idioms --warn=unexpected_cfgs --warn=missing_docs --check-cfg "cfg(windows_raw_dylib, windows_debugger_visualizer, windows_slim_errors)" --check-cfg cfg(docsrs,test) --check-cfg "cfg(feature, values())" -C metadata=934e2e356935b657 -C extra-filename=-feacb24f334a2eb5 --out-dir D:\a\FerroTeX\FerroTeX\target\debug\deps -L dependency=D:\a\FerroTeX\FerroTeX\target\debug\deps --extern windows_x86_64_msvc=D:\a\FerroTeX\FerroTeX\target\debug\deps\libwindows_x86_64_msvc-40f71298104e249c.rmeta --cap-lints allow -L native=C:\Users\runneradmin\.cargo\registry\src\index.crates.io-1949cf8c6b5b557f\windows_x86_64_msvc-0.52.6\lib`
Rust Build & Test (Windows)	UNKNOWN STEP	2025-12-22T11:15:14.4101472Z [1m[92m   Compiling[0m phf_codegen v0.11.3
Rust Build & Test (Windows)	UNKNOWN STEP	2025-12-22T11:15:14.4111016Z [1m[92m     Running[0m `C:\Users\runneradmin\.rustup\toolchains\stable-x86_64-pc-windows-msvc\bin\rustc.exe --crate-name phf_codegen --edition=2021 C:\Users\runneradmin\.cargo\registry\src\index.crates.io-1949cf8c6b5b557f\phf_codegen-0.11.3\src\lib.rs --error-format=json --json=diagnostic-rendered-ansi,artifacts,future-incompat --crate-type lib --emit=dep-info,metadata,link -C embed-bitcode=no --check-cfg cfg(docsrs,test) --check-cfg "cfg(feature, values())" -C metadata=f7cb767867965552 -C extra-filename=-79a38840b2a48510 --out-dir D:\a\FerroTeX\FerroTeX\target\debug\deps -L dependency=D:\a\FerroTeX\FerroTeX\target\debug\deps --extern phf_generator=D:\a\FerroTeX\FerroTeX\target\debug\deps\libphf_generator-f757dd09c531df19.rmeta --extern phf_shared=D:\a\FerroTeX\FerroTeX\target\debug\deps\libphf_shared-9de9af230d462845.rmeta --cap-lints allow`
Rust Build & Test (Windows)	UNKNOWN STEP	2025-12-22T11:15:14.5199259Z [1m[92m     Running[0m `C:\Users\runneradmin\.rustup\toolchains\stable-x86_64-pc-windows-msvc\bin\rustc.exe --crate-name num_traits --edition=2021 C:\Users\runneradmin\.cargo\registry\src\index.crates.io-1949cf8c6b5b557f\num-traits-0.2.19\src\lib.rs --error-format=json --json=diagnostic-rendered-ansi,artifacts,future-incompat --crate-type lib --emit=dep-info,metadata,link -C embed-bitcode=no -C debuginfo=2 --cfg "feature=\"std\"" --check-cfg cfg(docsrs,test) --check-cfg "cfg(feature, values(\"default\", \"i128\", \"libm\", \"std\"))" -C metadata=e5bb88433935c94e -C extra-filename=-9a895eb0a16df6ac --out-dir D:\a\FerroTeX\FerroTeX\target\debug\deps -L dependency=D:\a\FerroTeX\FerroTeX\target\debug\deps --cap-lints allow --cfg has_total_cmp --check-cfg cfg(has_total_cmp)`
Rust Build & Test (Windows)	UNKNOWN STEP	2025-12-22T11:15:15.5613037Z [1m[92m   Compiling[0m serde_derive v1.0.228
Rust Build & Test (Windows)	UNKNOWN STEP	2025-12-22T11:15:15.5651866Z [1m[92m     Running[0m `C:\Users\runneradmin\.rustup\toolchains\stable-x86_64-pc-windows-msvc\bin\rustc.exe --crate-name serde_derive --edition=2021 C:\Users\runneradmin\.cargo\registry\src\index.crates.io-1949cf8c6b5b557f\serde_derive-1.0.228\src\lib.rs --error-format=json --json=diagnostic-rendered-ansi,artifacts,future-incompat --crate-type proc-macro --emit=dep-info,link -C prefer-dynamic -C embed-bitcode=no --cfg "feature=\"default\"" --check-cfg cfg(docsrs,test) --check-cfg "cfg(feature, values(\"default\", \"deserialize_in_place\"))" -C metadata=358ffcf9a495a592 -C extra-filename=-c26539dcb5c45894 --out-dir D:\a\FerroTeX\FerroTeX\target\debug\deps -L dependency=D:\a\FerroTeX\FerroTeX\target\debug\deps --extern proc_macro2=D:\a\FerroTeX\FerroTeX\target\debug\deps\libproc_macro2-2b2ea4fb9ae5c084.rlib --extern quote=D:\a\FerroTeX\FerroTeX\target\debug\deps\libquote-e2d37abd6ae917d4.rlib --extern syn=D:\a\FerroTeX\FerroTeX\target\debug\deps\libsyn-fc7d70a291eba9df.rlib --extern proc_macro --cap-lints allow`
Rust Build & Test (Windows)	UNKNOWN STEP	2025-12-22T11:15:15.6875813Z [1m[92m   Compiling[0m displaydoc v0.2.5
Rust Build & Test (Windows)	UNKNOWN STEP	2025-12-22T11:15:15.6913538Z [1m[92m     Running[0m `C:\Users\runneradmin\.rustup\toolchains\stable-x86_64-pc-windows-msvc\bin\rustc.exe --crate-name displaydoc --edition=2021 C:\Users\runneradmin\.cargo\registry\src\index.crates.io-1949cf8c6b5b557f\displaydoc-0.2.5\src\lib.rs --error-format=json --json=diagnostic-rendered-ansi,artifacts,future-incompat --crate-type proc-macro --emit=dep-info,link -C prefer-dynamic -C embed-bitcode=no --check-cfg cfg(docsrs,test) --check-cfg "cfg(feature, values(\"default\", \"std\"))" -C metadata=132e16987b5f31d6 -C extra-filename=-34a2437f0da168e5 --out-dir D:\a\FerroTeX\FerroTeX\target\debug\deps -L dependency=D:\a\FerroTeX\FerroTeX\target\debug\deps --extern proc_macro2=D:\a\FerroTeX\FerroTeX\target\debug\deps\libproc_macro2-2b2ea4fb9ae5c084.rlib --extern quote=D:\a\FerroTeX\FerroTeX\target\debug\deps\libquote-e2d37abd6ae917d4.rlib --extern syn=D:\a\FerroTeX\FerroTeX\target\debug\deps\libsyn-fc7d70a291eba9df.rlib --extern proc_macro --cap-lints allow`
Rust Build & Test (Windows)	UNKNOWN STEP	2025-12-22T11:15:16.6793356Z [1m[92m   Compiling[0m tectonic_bridge_core v0.4.1
Rust Build & Test (Windows)	UNKNOWN STEP	2025-12-22T11:15:16.6817339Z [1m[92m     Running[0m `C:\Users\runneradmin\.rustup\toolchains\stable-x86_64-pc-windows-msvc\bin\rustc.exe --crate-name build_script_build --edition=2018 C:\Users\runneradmin\.cargo\registry\src\index.crates.io-1949cf8c6b5b557f\tectonic_bridge_core-0.4.1\build.rs --error-format=json --json=diagnostic-rendered-ansi,artifacts,future-incompat --crate-type bin --emit=dep-info,link -C embed-bitcode=no --check-cfg cfg(docsrs,test) --check-cfg "cfg(feature, values())" -C metadata=dc8039b1c2f55103 -C extra-filename=-6257b842228c591e --out-dir D:\a\FerroTeX\FerroTeX\target\debug\build\tectonic_bridge_core-6257b842228c591e -L dependency=D:\a\FerroTeX\FerroTeX\target\debug\deps --extern cc=D:\a\FerroTeX\FerroTeX\target\debug\deps\libcc-e381a8642aa09e75.rlib --cap-lints allow`
Rust Build & Test (Windows)	UNKNOWN STEP	2025-12-22T11:15:16.9718814Z [1m[92m   Compiling[0m home v0.5.12
Rust Build & Test (Windows)	UNKNOWN STEP	2025-12-22T11:15:16.9757789Z [1m[92m     Running[0m `C:\Users\runneradmin\.rustup\toolchains\stable-x86_64-pc-windows-msvc\bin\rustc.exe --crate-name home --edition=2024 C:\Users\runneradmin\.cargo\registry\src\index.crates.io-1949cf8c6b5b557f\home-0.5.12\src\lib.rs --error-format=json --json=diagnostic-rendered-ansi,artifacts,future-incompat --crate-type lib --emit=dep-info,metadata,link -C embed-bitcode=no -C debuginfo=2 --allow=clippy::all --warn=clippy::correctness --warn=clippy::self_named_module_files --warn=rust_2018_idioms --allow=rustdoc::private_intra_doc_links --warn=clippy::print_stdout --warn=clippy::print_stderr --warn=clippy::disallowed_methods --warn=clippy::dbg_macro --check-cfg cfg(docsrs,test) --check-cfg "cfg(feature, values())" -C metadata=530bf97f25fe0165 -C extra-filename=-fee1569fbf6ed86a --out-dir D:\a\FerroTeX\FerroTeX\target\debug\deps -L dependency=D:\a\FerroTeX\FerroTeX\target\debug\deps --extern windows_sys=D:\a\FerroTeX\FerroTeX\target\debug\deps\libwindows_sys-01f1ddd93e89cfd8.rmeta --cap-lints allow`
Rust Build & Test (Windows)	UNKNOWN STEP	2025-12-22T11:15:17.1581276Z [1m[92m   Compiling[0m powerfmt v0.2.0
Rust Build & Test (Windows)	UNKNOWN STEP	2025-12-22T11:15:17.1617397Z [1m[92m     Running[0m `C:\Users\runneradmin\.rustup\toolchains\stable-x86_64-pc-windows-msvc\bin\rustc.exe --crate-name powerfmt --edition=2021 C:\Users\runneradmin\.cargo\registry\src\index.crates.io-1949cf8c6b5b557f\powerfmt-0.2.0\src\lib.rs --error-format=json --json=diagnostic-rendered-ansi,artifacts,future-incompat --crate-type lib --emit=dep-info,metadata,link -C embed-bitcode=no -C debuginfo=2 --check-cfg cfg(docsrs,test) --check-cfg "cfg(feature, values(\"alloc\", \"default\", \"macros\", \"std\"))" -C metadata=f4e7bcdd0ba2c59e -C extra-filename=-27c542e32633565c --out-dir D:\a\FerroTeX\FerroTeX\target\debug\deps -L dependency=D:\a\FerroTeX\FerroTeX\target\debug\deps --cap-lints allow`
Rust Build & Test (Windows)	UNKNOWN STEP	2025-12-22T11:15:17.4361044Z [1m[92m   Compiling[0m simd-adler32 v0.3.8
Rust Build & Test (Windows)	UNKNOWN STEP	2025-12-22T11:15:17.4396698Z [1m[92m     Running[0m `C:\Users\runneradmin\.rustup\toolchains\stable-x86_64-pc-windows-msvc\bin\rustc.exe --crate-name simd_adler32 --edition=2018 C:\Users\runneradmin\.cargo\registry\src\index.crates.io-1949cf8c6b5b557f\simd-adler32-0.3.8\src\lib.rs --error-format=json --json=diagnostic-rendered-ansi,artifacts,future-incompat --crate-type lib --emit=dep-info,metadata,link -C embed-bitcode=no -C debuginfo=2 --check-cfg cfg(docsrs,test) --check-cfg "cfg(feature, values(\"const-generics\", \"default\", \"nightly\", \"std\"))" -C metadata=26d9d001e645b8bc -C extra-filename=-56996c66490cf066 --out-dir D:\a\FerroTeX\FerroTeX\target\debug\deps -L dependency=D:\a\FerroTeX\FerroTeX\target\debug\deps --cap-lints allow`
Rust Build & Test (Windows)	UNKNOWN STEP	2025-12-22T11:15:17.6381124Z [1m[92m     Running[0m `C:\Users\runneradmin\.rustup\toolchains\stable-x86_64-pc-windows-msvc\bin\rustc.exe --crate-name build_script_build --edition=2021 C:\Users\runneradmin\.cargo\registry\src\index.crates.io-1949cf8c6b5b557f\getrandom-0.3.4\build.rs --error-format=json --json=diagnostic-rendered-ansi,artifacts,future-incompat --crate-type bin --emit=dep-info,link -C embed-bitcode=no --warn=unexpected_cfgs --check-cfg "cfg(getrandom_backend, values(\"custom\", \"efi_rng\", \"rdrand\", \"rndr\", \"linux_getrandom\", \"linux_raw\", \"wasm_js\", \"windows_legacy\", \"unsupported\"))" --check-cfg cfg(getrandom_msan) --check-cfg cfg(getrandom_test_linux_fallback) --check-cfg cfg(getrandom_test_linux_without_fallback) --check-cfg cfg(getrandom_test_netbsd_fallback) --check-cfg "cfg(target_os, values(\"cygwin\"))" --check-cfg cfg(docsrs,test) --check-cfg "cfg(feature, values(\"std\", \"wasm_js\"))" -C metadata=07ab432b32b8b10b -C extra-filename=-c4df9f8d22e76b12 --out-dir D:\a\FerroTeX\FerroTeX\target\debug\build\getrandom-c4df9f8d22e76b12 -L dependency=D:\a\FerroTeX\FerroTeX\target\debug\deps --cap-lints allow`
Rust Build & Test (Windows)	UNKNOWN STEP	2025-12-22T11:15:17.7585531Z [1m[92m   Compiling[0m num-conv v0.1.0
Rust Build & Test (Windows)	UNKNOWN STEP	2025-12-22T11:15:17.7622063Z [1m[92m     Running[0m `C:\Users\runneradmin\.rustup\toolchains\stable-x86_64-pc-windows-msvc\bin\rustc.exe --crate-name num_conv --edition=2021 C:\Users\runneradmin\.cargo\registry\src\index.crates.io-1949cf8c6b5b557f\num-conv-0.1.0\src\lib.rs --error-format=json --json=diagnostic-rendered-ansi,artifacts,future-incompat --crate-type lib --emit=dep-info,metadata,link -C embed-bitcode=no -C debuginfo=2 --warn=unused --warn=unreachable-pub --deny=clippy::std-instead-of-core --warn=missing-docs --deny=clippy::alloc-instead-of-core --check-cfg cfg(docsrs,test) --check-cfg "cfg(feature, values())" -C metadata=285629f82a5fb2d6 -C extra-filename=-a8c1be0ba56b9919 --out-dir D:\a\FerroTeX\FerroTeX\target\debug\deps -L dependency=D:\a\FerroTeX\FerroTeX\target\debug\deps --cap-lints allow`
Rust Build & Test (Windows)	UNKNOWN STEP	2025-12-22T11:15:17.9494158Z [1m[92m   Compiling[0m hex v0.4.3
Rust Build & Test (Windows)	UNKNOWN STEP	2025-12-22T11:15:17.9531125Z [1m[92m     Running[0m `C:\Users\runneradmin\.rustup\toolchains\stable-x86_64-pc-windows-msvc\bin\rustc.exe --crate-name hex --edition=2018 C:\Users\runneradmin\.cargo\registry\src\index.crates.io-1949cf8c6b5b557f\hex-0.4.3\src\lib.rs --error-format=json --json=diagnostic-rendered-ansi,artifacts,future-incompat --crate-type lib --emit=dep-info,metadata,link -C embed-bitcode=no -C debuginfo=2 --cfg "feature=\"alloc\"" --cfg "feature=\"default\"" --cfg "feature=\"std\"" --check-cfg cfg(docsrs,test) --check-cfg "cfg(feature, values(\"alloc\", \"default\", \"serde\", \"std\"))" -C metadata=626b2a264997b65a -C extra-filename=-f10f2a3d482f5ec9 --out-dir D:\a\FerroTeX\FerroTeX\target\debug\deps -L dependency=D:\a\FerroTeX\FerroTeX\target\debug\deps --cap-lints allow`
Rust Build & Test (Windows)	UNKNOWN STEP	2025-12-22T11:15:18.0183176Z [1m[92m   Compiling[0m adler2 v2.0.1
Rust Build & Test (Windows)	UNKNOWN STEP	2025-12-22T11:15:18.0219891Z [1m[92m     Running[0m `C:\Users\runneradmin\.rustup\toolchains\stable-x86_64-pc-windows-msvc\bin\rustc.exe --crate-name adler2 --edition=2021 C:\Users\runneradmin\.cargo\registry\src\index.crates.io-1949cf8c6b5b557f\adler2-2.0.1\src\lib.rs --error-format=json --json=diagnostic-rendered-ansi,artifacts,future-incompat --crate-type lib --emit=dep-info,metadata,link -C embed-bitcode=no -C debuginfo=2 --check-cfg cfg(docsrs,test) --check-cfg "cfg(feature, values(\"core\", \"default\", \"rustc-dep-of-std\", \"std\"))" -C metadata=65b8abd8bdbf0113 -C extra-filename=-2b49e806a4583ba0 --out-dir D:\a\FerroTeX\FerroTeX\target\debug\deps -L dependency=D:\a\FerroTeX\FerroTeX\target\debug\deps --cap-lints allow`
Rust Build & Test (Windows)	UNKNOWN STEP	2025-12-22T11:15:18.1593091Z [1m[92m   Compiling[0m time-core v0.1.6
Rust Build & Test (Windows)	UNKNOWN STEP	2025-12-22T11:15:18.1645859Z [1m[92m     Running[0m `C:\Users\runneradmin\.rustup\toolchains\stable-x86_64-pc-windows-msvc\bin\rustc.exe --crate-name time_core --edition=2021 C:\Users\runneradmin\.cargo\registry\src\index.crates.io-1949cf8c6b5b557f\time-core-0.1.6\src\lib.rs --error-format=json --json=diagnostic-rendered-ansi,artifacts,future-incompat --crate-type lib --emit=dep-info,metadata,link -C embed-bitcode=no -C debuginfo=2 --warn=unused --warn=clippy::nursery --warn=clippy::all --warn=variant-size-differences --warn=clippy::use-debug --warn=clippy::unwrap-used --warn=clippy::unwrap-in-result --warn=unused-qualifications --warn=unused-lifetimes --warn=unused-import-braces --deny=unstable-syntax-pre-expansion --deny=unsafe-op-in-unsafe-fn --warn=unreachable-pub --warn=clippy::unnested-or-patterns --deny=unnameable-test-items --warn=clippy::uninlined-format-args --warn=clippy::unimplemented --deny=unexpected_cfgs --warn=rustdoc::unescaped-backticks --deny=clippy::undocumented-unsafe-blocks --deny=unconditional-recursion --warn=trivial-numeric-casts --warn=trivial-casts --warn=clippy::todo --deny=suspicious-double-ref-op --deny=clippy::std-instead-of-core --warn=single-use-lifetimes --warn=clippy::semicolon-outside-block --warn=rustdoc::private-doc-tests --warn=clippy::print-stdout --deny=overlapping-range-endpoints --deny=opaque-hidden-inferred-bound --warn=clippy::obfuscated-if-else --warn=noop-method-call --deny=non-ascii-idents --deny=named-arguments-used-positionally --warn=clippy::missing-enforced-import-renames --warn=clippy::missing-docs-in-private-items --warn=missing-docs --warn=missing-debug-implementations --warn=missing-copy-implementations --warn=missing-abi --warn=meta-variable-misuse --warn=clippy::manual-let-else --warn=macro-use-extern-crate --warn=let-underscore --warn=keyword-idents --deny=invalid-value --deny=invalid-reference-casting --deny=invalid-nan-comparisons --deny=invalid-macro-export-arguments --deny=invalid-from-utf8 --deny=improper-ctypes-definitions --deny=improper-ctypes --deny=hidden-glob-reexports --warn=clippy::get-unwrap --deny=future-incompatible --warn=clippy::explicit-auto-deref --deny=drop-bounds --deny=deref-nullptr --warn=clippy::decimal-literal-representation --warn=clippy::dbg-macro --deny=dangling-pointers-from-temporaries --deny=const-item-mutation --deny=clashing-extern-declarations --warn=clippy::as-underscore --deny=ambiguous-glob-reexports --deny=clippy::alloc-instead-of-core --allow=unstable-name-collisions --allow=clippy::uninhabited-references --allow=clippy::redundant-pub-crate --allow=clippy::option-if-let-else --allow=clippy::incompatible-msrv --check-cfg cfg(__ui_tests) --check-cfg cfg(bench) --check-cfg cfg(docsrs,test) --check-cfg "cfg(feature, values())" -C metadata=15769e8ebeeeb865 -C extra-filename=-2dd40eb109b4e785 --out-dir D:\a\FerroTeX\FerroTeX\target\debug\deps -L dependency=D:\a\FerroTeX\FerroTeX\target\debug\deps --cap-lints allow`
Rust Build & Test (Windows)	UNKNOWN STEP	2025-12-22T11:15:18.3275834Z [1m[92m   Compiling[0m gix-hash v0.11.4
Rust Build & Test (Windows)	UNKNOWN STEP	2025-12-22T11:15:18.3314537Z [1m[92m     Running[0m `C:\Users\runneradmin\.rustup\toolchains\stable-x86_64-pc-windows-msvc\bin\rustc.exe --crate-name gix_hash --edition=2021 C:\Users\runneradmin\.cargo\registry\src\index.crates.io-1949cf8c6b5b557f\gix-hash-0.11.4\src\lib.rs --error-format=json --json=diagnostic-rendered-ansi,artifacts,future-incompat --crate-type lib --emit=dep-info,metadata,link -C embed-bitcode=no -C debuginfo=2 --check-cfg cfg(docsrs,test) --check-cfg "cfg(feature, values(\"document-features\", \"serde\"))" -C metadata=7443359d019beba0 -C extra-filename=-95fcd5585594e34d --out-dir D:\a\FerroTeX\FerroTeX\target\debug\deps -L dependency=D:\a\FerroTeX\FerroTeX\target\debug\deps --extern hex=D:\a\FerroTeX\FerroTeX\target\debug\deps\libhex-f10f2a3d482f5ec9.rmeta --extern thiserror=D:\a\FerroTeX\FerroTeX\target\debug\deps\libthiserror-f3d7e4d3cbbb263b.rmeta --cap-lints allow`
Rust Build & Test (Windows)	UNKNOWN STEP	2025-12-22T11:15:18.3617144Z [1m[92m   Compiling[0m time-macros v0.2.24
Rust Build & Test (Windows)	UNKNOWN STEP	2025-12-22T11:15:18.3669548Z [1m[92m     Running[0m `C:\Users\runneradmin\.rustup\toolchains\stable-x86_64-pc-windows-msvc\bin\rustc.exe --crate-name time_macros --edition=2021 C:\Users\runneradmin\.cargo\registry\src\index.crates.io-1949cf8c6b5b557f\time-macros-0.2.24\src\lib.rs --error-format=json --json=diagnostic-rendered-ansi,artifacts,future-incompat --crate-type proc-macro --emit=dep-info,link -C prefer-dynamic -C embed-bitcode=no --warn=unused --warn=clippy::nursery --warn=clippy::all --warn=variant-size-differences --warn=clippy::use-debug --warn=clippy::unwrap-used --warn=clippy::unwrap-in-result --warn=unused-qualifications --warn=unused-lifetimes --warn=unused-import-braces --deny=unstable-syntax-pre-expansion --deny=unsafe-op-in-unsafe-fn --warn=unreachable-pub --warn=clippy::unnested-or-patterns --deny=unnameable-test-items --warn=clippy::uninlined-format-args --warn=clippy::unimplemented --deny=unexpected_cfgs --warn=rustdoc::unescaped-backticks --deny=clippy::undocumented-unsafe-blocks --deny=unconditional-recursion --warn=trivial-numeric-casts --warn=trivial-casts --warn=clippy::todo --deny=suspicious-double-ref-op --deny=clippy::std-instead-of-core --warn=single-use-lifetimes --warn=clippy::semicolon-outside-block --warn=rustdoc::private-doc-tests --warn=clippy::print-stdout --deny=overlapping-range-endpoints --deny=opaque-hidden-inferred-bound --warn=clippy::obfuscated-if-else --warn=noop-method-call --deny=non-ascii-idents --deny=named-arguments-used-positionally --warn=clippy::missing-enforced-import-renames --warn=clippy::missing-docs-in-private-items --warn=missing-docs --warn=missing-debug-implementations --warn=missing-copy-implementations --warn=missing-abi --warn=meta-variable-misuse --warn=clippy::manual-let-else --warn=macro-use-extern-crate --warn=let-underscore --warn=keyword-idents --deny=invalid-value --deny=invalid-reference-casting --deny=invalid-nan-comparisons --deny=invalid-macro-export-arguments --deny=invalid-from-utf8 --deny=improper-ctypes-definitions --deny=improper-ctypes --deny=hidden-glob-reexports --warn=clippy::get-unwrap --deny=future-incompatible --warn=clippy::explicit-auto-deref --deny=drop-bounds --deny=deref-nullptr --warn=clippy::decimal-literal-representation --warn=clippy::dbg-macro --deny=dangling-pointers-from-temporaries --deny=const-item-mutation --deny=clashing-extern-declarations --warn=clippy::as-underscore --deny=ambiguous-glob-reexports --deny=clippy::alloc-instead-of-core --allow=unstable-name-collisions --allow=clippy::uninhabited-references --allow=clippy::redundant-pub-crate --allow=clippy::option-if-let-else --allow=clippy::incompatible-msrv --check-cfg cfg(__ui_tests) --check-cfg cfg(bench) --cfg "feature=\"formatting\"" --cfg "feature=\"parsing\"" --check-cfg cfg(docsrs,test) --check-cfg "cfg(feature, values(\"formatting\", \"large-dates\", \"parsing\", \"serde\"))" -C metadata=ca20466ddf4c76cc -C extra-filename=-7cd0b8b32422a1ed --out-dir D:\a\FerroTeX\FerroTeX\target\debug\deps -L dependency=D:\a\FerroTeX\FerroTeX\target\debug\deps --extern num_conv=D:\a\FerroTeX\FerroTeX\target\debug\deps\libnum_conv-a8c1be0ba56b9919.rlib --extern time_core=D:\a\FerroTeX\FerroTeX\target\debug\deps\libtime_core-2dd40eb109b4e785.rlib --extern proc_macro --cap-lints allow`
Rust Build & Test (Windows)	UNKNOWN STEP	2025-12-22T11:15:18.9089979Z [1m[92m   Compiling[0m miniz_oxide v0.8.9
Rust Build & Test (Windows)	UNKNOWN STEP	2025-12-22T11:15:18.9142134Z [1m[92m     Running[0m `C:\Users\runneradmin\.rustup\toolchains\stable-x86_64-pc-windows-msvc\bin\rustc.exe --crate-name miniz_oxide --edition=2021 C:\Users\runneradmin\.cargo\registry\src\index.crates.io-1949cf8c6b5b557f\miniz_oxide-0.8.9\src\lib.rs --error-format=json --json=diagnostic-rendered-ansi,artifacts,future-incompat --crate-type lib --emit=dep-info,metadata,link -C embed-bitcode=no -C debuginfo=2 --warn=unexpected_cfgs --check-cfg cfg(fuzzing) --cfg "feature=\"simd\"" --cfg "feature=\"simd-adler32\"" --cfg "feature=\"with-alloc\"" --check-cfg cfg(docsrs,test) --check-cfg "cfg(feature, values(\"alloc\", \"block-boundary\", \"core\", \"default\", \"rustc-dep-of-std\", \"serde\", \"simd\", \"simd-adler32\", \"std\", \"with-alloc\"))" -C metadata=18451241238d4e7a -C extra-filename=-f58f30678d34b3c5 --out-dir D:\a\FerroTeX\FerroTeX\target\debug\deps -L dependency=D:\a\FerroTeX\FerroTeX\target\debug\deps --extern adler2=D:\a\FerroTeX\FerroTeX\target\debug\deps\libadler2-2b49e806a4583ba0.rmeta --extern simd_adler32=D:\a\FerroTeX\FerroTeX\target\debug\deps\libsimd_adler32-56996c66490cf066.rmeta --cap-lints allow`
Rust Build & Test (Windows)	UNKNOWN STEP	2025-12-22T11:15:20.2835435Z [1m[92m     Running[0m `D:\a\FerroTeX\FerroTeX\target\debug\build\getrandom-c4df9f8d22e76b12\build-script-build`
Rust Build & Test (Windows)	UNKNOWN STEP	2025-12-22T11:15:20.3109085Z [1m[92m   Compiling[0m deranged v0.5.5
Rust Build & Test (Windows)	UNKNOWN STEP	2025-12-22T11:15:20.3164577Z [1m[92m     Running[0m `C:\Users\runneradmin\.rustup\toolchains\stable-x86_64-pc-windows-msvc\bin\rustc.exe --crate-name deranged --edition=2021 C:\Users\runneradmin\.cargo\registry\src\index.crates.io-1949cf8c6b5b557f\deranged-0.5.5\src\lib.rs --error-format=json --json=diagnostic-rendered-ansi,artifacts,future-incompat --crate-type lib --emit=dep-info,metadata,link -C embed-bitcode=no -C debuginfo=2 --warn=unused --warn=clippy::nursery --warn=clippy::all --warn=variant-size-differences --warn=clippy::use-debug --warn=clippy::unwrap-used --warn=clippy::unwrap-in-result --warn=unused-qualifications --warn=unused-lifetimes --warn=unused-import-braces --deny=unstable-syntax-pre-expansion --deny=unsafe-op-in-unsafe-fn --warn=unreachable-pub --warn=clippy::unnested-or-patterns --deny=unnameable-test-items --warn=clippy::uninlined-format-args --warn=clippy::unimplemented --warn=rustdoc::unescaped-backticks --deny=clippy::undocumented-unsafe-blocks --deny=unconditional-recursion --warn=trivial-numeric-casts --warn=trivial-casts --warn=clippy::todo --deny=suspicious-double-ref-op --deny=clippy::std-instead-of-core --warn=single-use-lifetimes --warn=clippy::semicolon-outside-block --allow=clippy::redundant-pub-crate --warn=rustdoc::private-doc-tests --warn=clippy::print-stdout --deny=overlapping-range-endpoints --allow=clippy::option-if-let-else --deny=opaque-hidden-inferred-bound --warn=clippy::obfuscated-if-else --warn=noop-method-call --deny=non-ascii-idents --deny=named-arguments-used-positionally --warn=clippy::missing-enforced-import-renames --warn=clippy::missing-docs-in-private-items --warn=missing-docs --warn=missing-debug-implementations --warn=missing-copy-implementations --warn=missing-abi --warn=meta-variable-misuse --warn=clippy::manual-let-else --warn=macro-use-extern-crate --warn=let-underscore --warn=keyword-idents --deny=invalid-value --deny=invalid-reference-casting --deny=invalid-nan-comparisons --deny=invalid-macro-export-arguments --deny=invalid-from-utf8 --deny=improper-ctypes-definitions --deny=improper-ctypes --deny=hidden-glob-reexports --warn=clippy::get-unwrap --deny=future-incompatible --warn=clippy::explicit-auto-deref --deny=drop-bounds --deny=deref-nullptr --warn=clippy::decimal-literal-representation --warn=clippy::dbg-macro --deny=dangling-pointers-from-temporaries --deny=const-item-mutation --deny=clashing-extern-declarations --deny=ambiguous-glob-reexports --deny=clippy::alloc-instead-of-core --warn=unstable-name-collisions --allow=path-statements --cfg "feature=\"default\"" --cfg "feature=\"powerfmt\"" --check-cfg cfg(docsrs,test) --check-cfg "cfg(feature, values(\"alloc\", \"default\", \"macros\", \"num\", \"powerfmt\", \"quickcheck\", \"rand\", \"rand08\", \"rand09\", \"serde\"))" -C metadata=442b885ef0c42c0e -C extra-filename=-17fabbc5d8e6dc8d --out-dir D:\a\FerroTeX\FerroTeX\target\debug\deps -L dependency=D:\a\FerroTeX\FerroTeX\target\debug\deps --extern powerfmt=D:\a\FerroTeX\FerroTeX\target\debug\deps\libpowerfmt-27c542e32633565c.rmeta --cap-lints allow`
Rust Build & Test (Windows)	UNKNOWN STEP	2025-12-22T11:15:20.3323316Z [1m[92m     Running[0m `D:\a\FerroTeX\FerroTeX\target\debug\build\tectonic_bridge_core-6257b842228c591e\build-script-build`
Rust Build & Test (Windows)	UNKNOWN STEP	2025-12-22T11:15:20.5106304Z [1m[92m     Running[0m `C:\Users\runneradmin\.rustup\toolchains\stable-x86_64-pc-windows-msvc\bin\rustc.exe --crate-name libz_sys --edition=2018 C:\Users\runneradmin\.cargo\registry\src\index.crates.io-1949cf8c6b5b557f\libz-sys-1.1.23\src\lib.rs --error-format=json --json=diagnostic-rendered-ansi,artifacts,future-incompat --crate-type lib --emit=dep-info,metadata,link -C embed-bitcode=no -C debuginfo=2 --warn=unexpected_cfgs --check-cfg cfg(zng) --check-cfg cfg(docsrs,test) --check-cfg "cfg(feature, values(\"asm\", \"cmake\", \"default\", \"libc\", \"static\", \"stock-zlib\", \"zlib-ng\", \"zlib-ng-no-cmake-experimental-community-maintained\"))" -C metadata=9add9e55af0080f6 -C extra-filename=-3bd875514efcafe6 --out-dir D:\a\FerroTeX\FerroTeX\target\debug\deps -L dependency=D:\a\FerroTeX\FerroTeX\target\debug\deps --cap-lints allow -L native=D:\a\FerroTeX\FerroTeX\target\debug\build\libz-sys-c5bc388a387203bc\out\lib -L native=D:\a\FerroTeX\FerroTeX\target\debug\build\libz-sys-c5bc388a387203bc\out\lib -L "native=C:\Program Files\Microsoft Visual Studio\2022\Enterprise\VC\Tools\MSVC\14.44.35207\atlmfc\lib\x64" -l static=z`
Rust Build & Test (Windows)	UNKNOWN STEP	2025-12-22T11:15:20.5915208Z [1m[92m     Running[0m `C:\Users\runneradmin\.rustup\toolchains\stable-x86_64-pc-windows-msvc\bin\rustc.exe --crate-name crc32fast --edition=2021 C:\Users\runneradmin\.cargo\registry\src\index.crates.io-1949cf8c6b5b557f\crc32fast-1.5.0\src\lib.rs --error-format=json --json=diagnostic-rendered-ansi,artifacts,future-incompat --crate-type lib --emit=dep-info,metadata,link -C embed-bitcode=no -C debuginfo=2 --cfg "feature=\"default\"" --cfg "feature=\"std\"" --check-cfg cfg(docsrs,test) --check-cfg "cfg(feature, values(\"default\", \"nightly\", \"std\"))" -C metadata=faf4cf7853602fad -C extra-filename=-d357259aaaa68be0 --out-dir D:\a\FerroTeX\FerroTeX\target\debug\deps -L dependency=D:\a\FerroTeX\FerroTeX\target\debug\deps --extern cfg_if=D:\a\FerroTeX\FerroTeX\target\debug\deps\libcfg_if-4316c8dd3aae8aa0.rmeta --cap-lints allow --cfg stable_arm_crc32_intrinsics --check-cfg cfg(stable_arm_crc32_intrinsics)`
Rust Build & Test (Windows)	UNKNOWN STEP	2025-12-22T11:15:20.8661523Z [1m[92m   Compiling[0m tectonic_cfg_support v0.1.4
Rust Build & Test (Windows)	UNKNOWN STEP	2025-12-22T11:15:20.8789909Z [1m[92m     Running[0m `C:\Users\runneradmin\.rustup\toolchains\stable-x86_64-pc-windows-msvc\bin\rustc.exe --crate-name tectonic_cfg_support --edition=2018 C:\Users\runneradmin\.cargo\registry\src\index.crates.io-1949cf8c6b5b557f\tectonic_cfg_support-0.1.4\src\lib.rs --error-format=json --json=diagnostic-rendered-ansi,artifacts,future-incompat --crate-type lib --emit=dep-info,metadata,link -C embed-bitcode=no --check-cfg cfg(docsrs,test) --check-cfg "cfg(feature, values())" -C metadata=f58f6f5c5f681e8d -C extra-filename=-18d14d0526bad980 --out-dir D:\a\FerroTeX\FerroTeX\target\debug\deps -L dependency=D:\a\FerroTeX\FerroTeX\target\debug\deps --extern lazy_static=D:\a\FerroTeX\FerroTeX\target\debug\deps\liblazy_static-e787aea162c998f3.rmeta --cap-lints allow`
Rust Build & Test (Windows)	UNKNOWN STEP	2025-12-22T11:15:21.0345613Z [1m[92m     Running[0m `C:\Users\runneradmin\.rustup\toolchains\stable-x86_64-pc-windows-msvc\bin\rustc.exe --crate-name serde --edition=2021 C:\Users\runneradmin\.cargo\registry\src\index.crates.io-1949cf8c6b5b557f\serde-1.0.228\src\lib.rs --error-format=json --json=diagnostic-rendered-ansi,artifacts,future-incompat --crate-type lib --emit=dep-info,metadata,link -C embed-bitcode=no -C debuginfo=2 --cfg "feature=\"alloc\"" --cfg "feature=\"default\"" --cfg "feature=\"derive\"" --cfg "feature=\"serde_derive\"" --cfg "feature=\"std\"" --check-cfg cfg(docsrs,test) --check-cfg "cfg(feature, values(\"alloc\", \"default\", \"derive\", \"rc\", \"serde_derive\", \"std\", \"unstable\"))" -C metadata=892d25949d3aa846 -C extra-filename=-d7c225d0a2231609 --out-dir D:\a\FerroTeX\FerroTeX\target\debug\deps -L dependency=D:\a\FerroTeX\FerroTeX\target\debug\deps --extern serde_core=D:\a\FerroTeX\FerroTeX\target\debug\deps\libserde_core-547eb6df78073831.rmeta --extern serde_derive=D:\a\FerroTeX\FerroTeX\target\debug\deps\serde_derive-c26539dcb5c45894.dll --cap-lints allow --cfg if_docsrs_then_no_serde_core --check-cfg "cfg(feature, values(\"result\"))" --check-cfg cfg(if_docsrs_then_no_serde_core) --check-cfg cfg(no_core_cstr) --check-cfg cfg(no_core_error) --check-cfg cfg(no_core_net) --check-cfg cfg(no_core_num_saturating) --check-cfg cfg(no_diagnostic_namespace) --check-cfg cfg(no_serde_derive) --check-cfg cfg(no_std_atomic) --check-cfg cfg(no_std_atomic64) --check-cfg cfg(no_target_has_atomic)`
Rust Build & Test (Windows)	UNKNOWN STEP	2025-12-22T11:15:21.0355034Z [1m[92m   Compiling[0m sha1_smol v1.0.1
Rust Build & Test (Windows)	UNKNOWN STEP	2025-12-22T11:15:21.0373704Z [1m[92m     Running[0m `C:\Users\runneradmin\.rustup\toolchains\stable-x86_64-pc-windows-msvc\bin\rustc.exe --crate-name sha1_smol --edition=2018 C:\Users\runneradmin\.cargo\registry\src\index.crates.io-1949cf8c6b5b557f\sha1_smol-1.0.1\src\lib.rs --error-format=json --json=diagnostic-rendered-ansi,artifacts,future-incompat --crate-type lib --emit=dep-info,metadata,link -C embed-bitcode=no -C debuginfo=2 --check-cfg cfg(docsrs,test) --check-cfg "cfg(feature, values(\"alloc\", \"serde\", \"std\"))" -C metadata=cdd1b9736e5bf939 -C extra-filename=-240156c274d442ac --out-dir D:\a\FerroTeX\FerroTeX\target\debug\deps -L dependency=D:\a\FerroTeX\FerroTeX\target\debug\deps --cap-lints allow`
Rust Build & Test (Windows)	UNKNOWN STEP	2025-12-22T11:15:21.3408295Z [1m[92m   Compiling[0m gix-features v0.29.0
Rust Build & Test (Windows)	UNKNOWN STEP	2025-12-22T11:15:21.3453543Z [1m[92m     Running[0m `C:\Users\runneradmin\.rustup\toolchains\stable-x86_64-pc-windows-msvc\bin\rustc.exe --crate-name gix_features --edition=2018 C:\Users\runneradmin\.cargo\registry\src\index.crates.io-1949cf8c6b5b557f\gix-features-0.29.0\src\lib.rs --error-format=json --json=diagnostic-rendered-ansi,artifacts,future-incompat --crate-type lib --emit=dep-info,metadata,link -C embed-bitcode=no -C debuginfo=2 --cfg "feature=\"default\"" --cfg "feature=\"rustsha1\"" --cfg "feature=\"walkdir\"" --check-cfg cfg(docsrs,test) --check-cfg "cfg(feature, values(\"cache-efficiency-debug\", \"crc32\", \"default\", \"document-features\", \"fast-sha1\", \"fs-walkdir-parallel\", \"io-pipe\", \"once_cell\", \"parallel\", \"progress\", \"progress-unit-bytes\", \"progress-unit-human-numbers\", \"rustsha1\", \"walkdir\", \"zlib\", \"zlib-ng\", \"zlib-ng-compat\", \"zlib-rust-backend\", \"zlib-stock\"))" -C metadata=1904a71cace6a116 -C extra-filename=-05c344921ab2c79e --out-dir D:\a\FerroTeX\FerroTeX\target\debug\deps -L dependency=D:\a\FerroTeX\FerroTeX\target\debug\deps --extern gix_hash=D:\a\FerroTeX\FerroTeX\target\debug\deps\libgix_hash-95fcd5585594e34d.rmeta --extern sha1_smol=D:\a\FerroTeX\FerroTeX\target\debug\deps\libsha1_smol-240156c274d442ac.rmeta --extern walkdir=D:\a\FerroTeX\FerroTeX\target\debug\deps\libwalkdir-085c3e3d83a48446.rmeta --cap-lints allow`
Rust Build & Test (Windows)	UNKNOWN STEP	2025-12-22T11:15:21.5804559Z [1m[92m   Compiling[0m flate2 v1.1.5
Rust Build & Test (Windows)	UNKNOWN STEP	2025-12-22T11:15:21.5835866Z [1m[92m     Running[0m `C:\Users\runneradmin\.rustup\toolchains\stable-x86_64-pc-windows-msvc\bin\rustc.exe --crate-name flate2 --edition=2018 C:\Users\runneradmin\.cargo\registry\src\index.crates.io-1949cf8c6b5b557f\flate2-1.1.5\src\lib.rs --error-format=json --json=diagnostic-rendered-ansi,artifacts,future-incompat --crate-type lib --emit=dep-info,metadata,link -C embed-bitcode=no -C debuginfo=2 --cfg "feature=\"any_impl\"" --cfg "feature=\"any_zlib\"" --cfg "feature=\"libz-sys\"" --cfg "feature=\"miniz_oxide\"" --cfg "feature=\"rust_backend\"" --cfg "feature=\"zlib\"" --check-cfg cfg(docsrs,test) --check-cfg "cfg(feature, values(\"any_impl\", \"any_zlib\", \"cloudflare-zlib-sys\", \"cloudflare_zlib\", \"default\", \"libz-ng-sys\", \"libz-rs-sys\", \"libz-sys\", \"miniz-sys\", \"miniz_oxide\", \"rust_backend\", \"zlib\", \"zlib-default\", \"zlib-ng\", \"zlib-ng-compat\", \"zlib-rs\"))" -C metadata=687d56336304e8b1 -C extra-filename=-49ca1ddb1775ebe2 --out-dir D:\a\FerroTeX\FerroTeX\target\debug\deps -L dependency=D:\a\FerroTeX\FerroTeX\target\debug\deps --extern crc32fast=D:\a\FerroTeX\FerroTeX\target\debug\deps\libcrc32fast-d357259aaaa68be0.rmeta --extern libz_sys=D:\a\FerroTeX\FerroTeX\target\debug\deps\liblibz_sys-3bd875514efcafe6.rmeta --extern miniz_oxide=D:\a\FerroTeX\FerroTeX\target\debug\deps\libminiz_oxide-f58f30678d34b3c5.rmeta --cap-lints allow -L native=D:\a\FerroTeX\FerroTeX\target\debug\build\libz-sys-c5bc388a387203bc\out\lib -L native=D:\a\FerroTeX\FerroTeX\target\debug\build\libz-sys-c5bc388a387203bc\out\lib -L "native=C:\Program Files\Microsoft Visual Studio\2022\Enterprise\VC\Tools\MSVC\14.44.35207\atlmfc\lib\x64"`
Rust Build & Test (Windows)	UNKNOWN STEP	2025-12-22T11:15:21.9998941Z [1m[92m     Running[0m `C:\Users\runneradmin\.rustup\toolchains\stable-x86_64-pc-windows-msvc\bin\rustc.exe --crate-name getrandom --edition=2021 C:\Users\runneradmin\.cargo\registry\src\index.crates.io-1949cf8c6b5b557f\getrandom-0.3.4\src\lib.rs --error-format=json --json=diagnostic-rendered-ansi,artifacts,future-incompat --crate-type lib --emit=dep-info,metadata,link -C embed-bitcode=no -C debuginfo=2 --warn=unexpected_cfgs --check-cfg "cfg(getrandom_backend, values(\"custom\", \"efi_rng\", \"rdrand\", \"rndr\", \"linux_getrandom\", \"linux_raw\", \"wasm_js\", \"windows_legacy\", \"unsupported\"))" --check-cfg cfg(getrandom_msan) --check-cfg cfg(getrandom_test_linux_fallback) --check-cfg cfg(getrandom_test_linux_without_fallback) --check-cfg cfg(getrandom_test_netbsd_fallback) --check-cfg "cfg(target_os, values(\"cygwin\"))" --check-cfg cfg(docsrs,test) --check-cfg "cfg(feature, values(\"std\", \"wasm_js\"))" -C metadata=fd3f8c739890180c -C extra-filename=-80c111892a88ee32 --out-dir D:\a\FerroTeX\FerroTeX\target\debug\deps -L dependency=D:\a\FerroTeX\FerroTeX\target\debug\deps --extern cfg_if=D:\a\FerroTeX\FerroTeX\target\debug\deps\libcfg_if-4316c8dd3aae8aa0.rmeta --cap-lints allow`
Rust Build & Test (Windows)	UNKNOWN STEP	2025-12-22T11:15:22.1467979Z [1m[92m   Compiling[0m sha2 v0.10.9
Rust Build & Test (Windows)	UNKNOWN STEP	2025-12-22T11:15:22.1497867Z [1m[92m     Running[0m `C:\Users\runneradmin\.rustup\toolchains\stable-x86_64-pc-windows-msvc\bin\rustc.exe --crate-name sha2 --edition=2018 C:\Users\runneradmin\.cargo\registry\src\index.crates.io-1949cf8c6b5b557f\sha2-0.10.9\src\lib.rs --error-format=json --json=diagnostic-rendered-ansi,artifacts,future-incompat --crate-type lib --emit=dep-info,metadata,link -C embed-bitcode=no -C debuginfo=2 --cfg "feature=\"default\"" --cfg "feature=\"std\"" --check-cfg cfg(docsrs,test) --check-cfg "cfg(feature, values(\"asm\", \"asm-aarch64\", \"compress\", \"default\", \"force-soft\", \"force-soft-compact\", \"loongarch64_asm\", \"oid\", \"sha2-asm\", \"std\"))" -C metadata=7df9764c4e261b48 -C extra-filename=-bf915ee82d9221d3 --out-dir D:\a\FerroTeX\FerroTeX\target\debug\deps -L dependency=D:\a\FerroTeX\FerroTeX\target\debug\deps --extern cfg_if=D:\a\FerroTeX\FerroTeX\target\debug\deps\libcfg_if-4316c8dd3aae8aa0.rmeta --extern cpufeatures=D:\a\FerroTeX\FerroTeX\target\debug\deps\libcpufeatures-e9f6add8b507f973.rmeta --extern digest=D:\a\FerroTeX\FerroTeX\target\debug\deps\libdigest-b237e48ac73d3cab.rmeta --cap-lints allow`
Rust Build & Test (Windows)	UNKNOWN STEP	2025-12-22T11:15:22.2952781Z [1m[92m   Compiling[0m time v0.3.44
Rust Build & Test (Windows)	UNKNOWN STEP	2025-12-22T11:15:22.2999935Z [1m[92m     Running[0m `C:\Users\runneradmin\.rustup\toolchains\stable-x86_64-pc-windows-msvc\bin\rustc.exe --crate-name time --edition=2021 C:\Users\runneradmin\.cargo\registry\src\index.crates.io-1949cf8c6b5b557f\time-0.3.44\src\lib.rs --error-format=json --json=diagnostic-rendered-ansi,artifacts,future-incompat --crate-type lib --emit=dep-info,metadata,link -C embed-bitcode=no -C debuginfo=2 --warn=unused --warn=clippy::nursery --warn=clippy::all --warn=variant-size-differences --warn=clippy::use-debug --warn=clippy::unwrap-used --warn=clippy::unwrap-in-result --warn=unused-qualifications --warn=unused-lifetimes --warn=unused-import-braces --deny=unstable-syntax-pre-expansion --deny=unsafe-op-in-unsafe-fn --warn=unreachable-pub --warn=clippy::unnested-or-patterns --deny=unnameable-test-items --warn=clippy::uninlined-format-args --warn=clippy::unimplemented --deny=unexpected_cfgs --warn=rustdoc::unescaped-backticks --deny=clippy::undocumented-unsafe-blocks --deny=unconditional-recursion --warn=trivial-numeric-casts --warn=trivial-casts --warn=clippy::todo --deny=suspicious-double-ref-op --deny=clippy::std-instead-of-core --warn=single-use-lifetimes --warn=clippy::semicolon-outside-block --warn=rustdoc::private-doc-tests --warn=clippy::print-stdout --deny=overlapping-range-endpoints --deny=opaque-hidden-inferred-bound --warn=clippy::obfuscated-if-else --warn=noop-method-call --deny=non-ascii-idents --deny=named-arguments-used-positionally --warn=clippy::missing-enforced-import-renames --warn=clippy::missing-docs-in-private-items --warn=missing-docs --warn=missing-debug-implementations --warn=missing-copy-implementations --warn=missing-abi --warn=meta-variable-misuse --warn=clippy::manual-let-else --warn=macro-use-extern-crate --warn=let-underscore --warn=keyword-idents --deny=invalid-value --deny=invalid-reference-casting --deny=invalid-nan-comparisons --deny=invalid-macro-export-arguments --deny=invalid-from-utf8 --deny=improper-ctypes-definitions --deny=improper-ctypes --deny=hidden-glob-reexports --warn=clippy::get-unwrap --deny=future-incompatible --warn=clippy::explicit-auto-deref --deny=drop-bounds --deny=deref-nullptr --warn=clippy::decimal-literal-representation --warn=clippy::dbg-macro --deny=dangling-pointers-from-temporaries --deny=const-item-mutation --deny=clashing-extern-declarations --warn=clippy::as-underscore --deny=ambiguous-glob-reexports --deny=clippy::alloc-instead-of-core --allow=unstable-name-collisions --allow=clippy::uninhabited-references --allow=clippy::redundant-pub-crate --allow=clippy::option-if-let-else --allow=clippy::incompatible-msrv --check-cfg cfg(__ui_tests) --check-cfg cfg(bench) --cfg "feature=\"alloc\"" --cfg "feature=\"formatting\"" --cfg "feature=\"local-offset\"" --cfg "feature=\"macros\"" --cfg "feature=\"parsing\"" --cfg "feature=\"std\"" --check-cfg cfg(docsrs,test) --check-cfg "cfg(feature, values(\"alloc\", \"default\", \"formatting\", \"large-dates\", \"local-offset\", \"macros\", \"parsing\", \"quickcheck\", \"rand\", \"rand08\", \"rand09\", \"serde\", \"serde-human-readable\", \"serde-well-known\", \"std\", \"wasm-bindgen\"))" -C metadata=bd0cd1318c1867d5 -C extra-filename=-618f840a276e11f4 --out-dir D:\a\FerroTeX\FerroTeX\target\debug\deps -L dependency=D:\a\FerroTeX\FerroTeX\target\debug\deps --extern deranged=D:\a\FerroTeX\FerroTeX\target\debug\deps\libderanged-17fabbc5d8e6dc8d.rmeta --extern itoa=D:\a\FerroTeX\FerroTeX\target\debug\deps\libitoa-a874efea87e6b2c0.rmeta --extern num_conv=D:\a\FerroTeX\FerroTeX\target\debug\deps\libnum_conv-a8c1be0ba56b9919.rmeta --extern powerfmt=D:\a\FerroTeX\FerroTeX\target\debug\deps\libpowerfmt-27c542e32633565c.rmeta --extern time_core=D:\a\FerroTeX\FerroTeX\target\debug\deps\libtime_core-2dd40eb109b4e785.rmeta --extern time_macros=D:\a\FerroTeX\FerroTeX\target\debug\deps\time_macros-7cd0b8b32422a1ed.dll --cap-lints allow`
Rust Build & Test (Windows)	UNKNOWN STEP	2025-12-22T11:15:22.3578857Z [1m[92m   Compiling[0m tectonic_errors v0.2.1
Rust Build & Test (Windows)	UNKNOWN STEP	2025-12-22T11:15:22.3615273Z [1m[92m     Running[0m `C:\Users\runneradmin\.rustup\toolchains\stable-x86_64-pc-windows-msvc\bin\rustc.exe --crate-name tectonic_errors --edition=2018 C:\Users\runneradmin\.cargo\registry\src\index.crates.io-1949cf8c6b5b557f\tectonic_errors-0.2.1\src\lib.rs --error-format=json --json=diagnostic-rendered-ansi,artifacts,future-incompat --crate-type lib --emit=dep-info,metadata,link -C embed-bitcode=no -C debuginfo=2 --check-cfg cfg(docsrs,test) --check-cfg "cfg(feature, values())" -C metadata=4b76324d575a3172 -C extra-filename=-91951098a658f09c --out-dir D:\a\FerroTeX\FerroTeX\target\debug\deps -L dependency=D:\a\FerroTeX\FerroTeX\target\debug\deps --extern anyhow=D:\a\FerroTeX\FerroTeX\target\debug\deps\libanyhow-aa601dd51ab6285d.rmeta --cap-lints allow`
Rust Build & Test (Windows)	UNKNOWN STEP	2025-12-22T11:15:22.4650994Z [1m[92m   Compiling[0m ryu v1.0.20
Rust Build & Test (Windows)	UNKNOWN STEP	2025-12-22T11:15:22.4658389Z [1m[92m     Running[0m `C:\Users\runneradmin\.rustup\toolchains\stable-x86_64-pc-windows-msvc\bin\rustc.exe --crate-name ryu --edition=2018 C:\Users\runneradmin\.cargo\registry\src\index.crates.io-1949cf8c6b5b557f\ryu-1.0.20\src\lib.rs --error-format=json --json=diagnostic-rendered-ansi,artifacts,future-incompat --crate-type lib --emit=dep-info,metadata,link -C embed-bitcode=no -C debuginfo=2 --check-cfg cfg(docsrs,test) --check-cfg "cfg(feature, values(\"no-panic\", \"small\"))" -C metadata=f74fd78ac89b2d70 -C extra-filename=-9fb3b3aea755d5ce --out-dir D:\a\FerroTeX\FerroTeX\target\debug\deps -L dependency=D:\a\FerroTeX\FerroTeX\target\debug\deps --cap-lints allow`
Rust Build & Test (Windows)	UNKNOWN STEP	2025-12-22T11:15:22.5278473Z [1m[92m   Compiling[0m minimal-lexical v0.2.1
Rust Build & Test (Windows)	UNKNOWN STEP	2025-12-22T11:15:22.5286580Z [1m[92m     Running[0m `C:\Users\runneradmin\.rustup\toolchains\stable-x86_64-pc-windows-msvc\bin\rustc.exe --crate-name minimal_lexical --edition=2018 C:\Users\runneradmin\.cargo\registry\src\index.crates.io-1949cf8c6b5b557f\minimal-lexical-0.2.1\src\lib.rs --error-format=json --json=diagnostic-rendered-ansi,artifacts,future-incompat --crate-type lib --emit=dep-info,metadata,link -C embed-bitcode=no -C debuginfo=2 --cfg "feature=\"std\"" --check-cfg cfg(docsrs,test) --check-cfg "cfg(feature, values(\"alloc\", \"compact\", \"default\", \"lint\", \"nightly\", \"std\"))" -C metadata=50d9ad4f3af047c3 -C extra-filename=-9a1a49a482e776b0 --out-dir D:\a\FerroTeX\FerroTeX\target\debug\deps -L dependency=D:\a\FerroTeX\FerroTeX\target\debug\deps --cap-lints allow`
Rust Build & Test (Windows)	UNKNOWN STEP	2025-12-22T11:15:22.7138481Z [1m[92m   Compiling[0m fastrand v2.3.0
Rust Build & Test (Windows)	UNKNOWN STEP	2025-12-22T11:15:22.7163360Z [1m[92m     Running[0m `C:\Users\runneradmin\.rustup\toolchains\stable-x86_64-pc-windows-msvc\bin\rustc.exe --crate-name fastrand --edition=2018 C:\Users\runneradmin\.cargo\registry\src\index.crates.io-1949cf8c6b5b557f\fastrand-2.3.0\src\lib.rs --error-format=json --json=diagnostic-rendered-ansi,artifacts,future-incompat --crate-type lib --emit=dep-info,metadata,link -C embed-bitcode=no -C debuginfo=2 --cfg "feature=\"alloc\"" --cfg "feature=\"default\"" --cfg "feature=\"std\"" --check-cfg cfg(docsrs,test) --check-cfg "cfg(feature, values(\"alloc\", \"default\", \"getrandom\", \"js\", \"std\"))" -C metadata=cbc40601bdd87994 -C extra-filename=-51fb76fe43838c33 --out-dir D:\a\FerroTeX\FerroTeX\target\debug\deps -L dependency=D:\a\FerroTeX\FerroTeX\target\debug\deps --cap-lints allow`
Rust Build & Test (Windows)	UNKNOWN STEP	2025-12-22T11:15:22.8695679Z [1m[92m   Compiling[0m fnv v1.0.7
Rust Build & Test (Windows)	UNKNOWN STEP	2025-12-22T11:15:22.8703730Z [1m[92m     Running[0m `C:\Users\runneradmin\.rustup\toolchains\stable-x86_64-pc-windows-msvc\bin\rustc.exe --crate-name fnv --edition=2015 C:\Users\runneradmin\.cargo\registry\src\index.crates.io-1949cf8c6b5b557f\fnv-1.0.7\lib.rs --error-format=json --json=diagnostic-rendered-ansi,artifacts,future-incompat --crate-type lib --emit=dep-info,metadata,link -C embed-bitcode=no -C debuginfo=2 --cfg "feature=\"default\"" --cfg "feature=\"std\"" --check-cfg cfg(docsrs,test) --check-cfg "cfg(feature, values(\"default\", \"std\"))" -C metadata=b6675c9c51f92f8a -C extra-filename=-5107d17ea291695c --out-dir D:\a\FerroTeX\FerroTeX\target\debug\deps -L dependency=D:\a\FerroTeX\FerroTeX\target\debug\deps --cap-lints allow`
Rust Build & Test (Windows)	UNKNOWN STEP	2025-12-22T11:15:22.9639182Z [1m[92m   Compiling[0m serde_json v1.0.145
Rust Build & Test (Windows)	UNKNOWN STEP	2025-12-22T11:15:22.9649659Z [1m[92m     Running[0m `C:\Users\runneradmin\.rustup\toolchains\stable-x86_64-pc-windows-msvc\bin\rustc.exe --crate-name build_script_build --edition=2021 C:\Users\runneradmin\.cargo\registry\src\index.crates.io-1949cf8c6b5b557f\serde_json-1.0.145\build.rs --error-format=json --json=diagnostic-rendered-ansi,artifacts,future-incompat --crate-type bin --emit=dep-info,link -C embed-bitcode=no --cfg "feature=\"default\"" --cfg "feature=\"std\"" --check-cfg cfg(docsrs,test) --check-cfg "cfg(feature, values(\"alloc\", \"arbitrary_precision\", \"default\", \"float_roundtrip\", \"indexmap\", \"preserve_order\", \"raw_value\", \"std\", \"unbounded_depth\"))" -C metadata=f7c85030944a5b56 -C extra-filename=-a7e5d571b24e917d --out-dir D:\a\FerroTeX\FerroTeX\target\debug\build\serde_json-a7e5d571b24e917d -L dependency=D:\a\FerroTeX\FerroTeX\target\debug\deps --cap-lints allow`
Rust Build & Test (Windows)	UNKNOWN STEP	2025-12-22T11:15:22.9735301Z [1m[92m   Compiling[0m nom v7.1.3
Rust Build & Test (Windows)	UNKNOWN STEP	2025-12-22T11:15:22.9761284Z [1m[92m     Running[0m `C:\Users\runneradmin\.rustup\toolchains\stable-x86_64-pc-windows-msvc\bin\rustc.exe --crate-name nom --edition=2018 C:\Users\runneradmin\.cargo\registry\src\index.crates.io-1949cf8c6b5b557f\nom-7.1.3\src\lib.rs --error-format=json --json=diagnostic-rendered-ansi,artifacts,future-incompat --crate-type lib --emit=dep-info,metadata,link -C embed-bitcode=no -C debuginfo=2 --cfg "feature=\"alloc\"" --cfg "feature=\"std\"" --check-cfg cfg(docsrs,test) --check-cfg "cfg(feature, values(\"alloc\", \"default\", \"docsrs\", \"std\"))" -C metadata=4dc20c9254cf7461 -C extra-filename=-08e01848f6c68f7b --out-dir D:\a\FerroTeX\FerroTeX\target\debug\deps -L dependency=D:\a\FerroTeX\FerroTeX\target\debug\deps --extern memchr=D:\a\FerroTeX\FerroTeX\target\debug\deps\libmemchr-aa8f9a3cbbce4db0.rmeta --extern minimal_lexical=D:\a\FerroTeX\FerroTeX\target\debug\deps\libminimal_lexical-9a1a49a482e776b0.rmeta --cap-lints allow`
Rust Build & Test (Windows)	UNKNOWN STEP	2025-12-22T11:15:23.0153046Z [1m[92m   Compiling[0m tectonic_status_base v0.2.1
Rust Build & Test (Windows)	UNKNOWN STEP	2025-12-22T11:15:23.0190968Z [1m[92m     Running[0m `C:\Users\runneradmin\.rustup\toolchains\stable-x86_64-pc-windows-msvc\bin\rustc.exe --crate-name tectonic_status_base --edition=2018 C:\Users\runneradmin\.cargo\registry\src\index.crates.io-1949cf8c6b5b557f\tectonic_status_base-0.2.1\src\lib.rs --error-format=json --json=diagnostic-rendered-ansi,artifacts,future-incompat --crate-type lib --emit=dep-info,metadata,link -C embed-bitcode=no -C debuginfo=2 --check-cfg cfg(docsrs,test) --check-cfg "cfg(feature, values())" -C metadata=7202e51669acd0c2 -C extra-filename=-9ccfe448bd6f2d8a --out-dir D:\a\FerroTeX\FerroTeX\target\debug\deps -L dependency=D:\a\FerroTeX\FerroTeX\target\debug\deps --extern tectonic_errors=D:\a\FerroTeX\FerroTeX\target\debug\deps\libtectonic_errors-91951098a658f09c.rmeta --cap-lints allow`
Rust Build & Test (Windows)	UNKNOWN STEP	2025-12-22T11:15:23.1956760Z [1m[92m     Running[0m `D:\a\FerroTeX\FerroTeX\target\debug\build\serde_json-a7e5d571b24e917d\build-script-build`
Rust Build & Test (Windows)	UNKNOWN STEP	2025-12-22T11:15:23.1963719Z [1m[92m   Compiling[0m tinystr v0.8.2
Rust Build & Test (Windows)	UNKNOWN STEP	2025-12-22T11:15:23.1982701Z [1m[92m     Running[0m `C:\Users\runneradmin\.rustup\toolchains\stable-x86_64-pc-windows-msvc\bin\rustc.exe --crate-name tinystr --edition=2021 C:\Users\runneradmin\.cargo\registry\src\index.crates.io-1949cf8c6b5b557f\tinystr-0.8.2\src\lib.rs --error-format=json --json=diagnostic-rendered-ansi,artifacts,future-incompat --crate-type lib --emit=dep-info,metadata,link -C embed-bitcode=no -C debuginfo=2 --cfg "feature=\"zerovec\"" --check-cfg cfg(docsrs,test) --check-cfg "cfg(feature, values(\"alloc\", \"databake\", \"default\", \"serde\", \"std\", \"zerovec\"))" -C metadata=889f2664a6720cf5 -C extra-filename=-a046a8551c721a7c --out-dir D:\a\FerroTeX\FerroTeX\target\debug\deps -L dependency=D:\a\FerroTeX\FerroTeX\target\debug\deps --extern displaydoc=D:\a\FerroTeX\FerroTeX\target\debug\deps\displaydoc-34a2437f0da168e5.dll --extern zerovec=D:\a\FerroTeX\FerroTeX\target\debug\deps\libzerovec-e669b59427794cb4.rmeta --cap-lints allow`
Rust Build & Test (Windows)	UNKNOWN STEP	2025-12-22T11:15:23.2074932Z [1m[92m   Compiling[0m tracing-attributes v0.1.31
Rust Build & Test (Windows)	UNKNOWN STEP	2025-12-22T11:15:23.2103273Z [1m[92m     Running[0m `C:\Users\runneradmin\.rustup\toolchains\stable-x86_64-pc-windows-msvc\bin\rustc.exe --crate-name tracing_attributes --edition=2018 C:\Users\runneradmin\.cargo\registry\src\index.crates.io-1949cf8c6b5b557f\tracing-attributes-0.1.31\src\lib.rs --error-format=json --json=diagnostic-rendered-ansi,artifacts,future-incompat --crate-type proc-macro --emit=dep-info,link -C prefer-dynamic -C embed-bitcode=no --warn=unexpected_cfgs --check-cfg cfg(flaky_tests) --check-cfg cfg(tracing_unstable) --check-cfg cfg(unsound_local_offset) --check-cfg cfg(docsrs,test) --check-cfg "cfg(feature, values(\"async-await\"))" -C metadata=f306466406c4828b -C extra-filename=-7d5b240c83bfbc73 --out-dir D:\a\FerroTeX\FerroTeX\target\debug\deps -L dependency=D:\a\FerroTeX\FerroTeX\target\debug\deps --extern proc_macro2=D:\a\FerroTeX\FerroTeX\target\debug\deps\libproc_macro2-2b2ea4fb9ae5c084.rlib --extern quote=D:\a\FerroTeX\FerroTeX\target\debug\deps\libquote-e2d37abd6ae917d4.rlib --extern syn=D:\a\FerroTeX\FerroTeX\target\debug\deps\libsyn-fc7d70a291eba9df.rlib --extern proc_macro --cap-lints allow`
Rust Build & Test (Windows)	UNKNOWN STEP	2025-12-22T11:15:23.4519311Z [1m[92m   Compiling[0m tracing-core v0.1.36
Rust Build & Test (Windows)	UNKNOWN STEP	2025-12-22T11:15:23.4559754Z [1m[92m     Running[0m `C:\Users\runneradmin\.rustup\toolchains\stable-x86_64-pc-windows-msvc\bin\rustc.exe --crate-name tracing_core --edition=2018 C:\Users\runneradmin\.cargo\registry\src\index.crates.io-1949cf8c6b5b557f\tracing-core-0.1.36\src\lib.rs --error-format=json --json=diagnostic-rendered-ansi,artifacts,future-incompat --crate-type lib --emit=dep-info,metadata,link -C embed-bitcode=no -C debuginfo=2 --warn=unexpected_cfgs --check-cfg cfg(flaky_tests) --check-cfg cfg(tracing_unstable) --check-cfg cfg(unsound_local_offset) --cfg "feature=\"once_cell\"" --cfg "feature=\"std\"" --check-cfg cfg(docsrs,test) --check-cfg "cfg(feature, values(\"default\", \"once_cell\", \"std\", \"valuable\"))" -C metadata=d61a9720b3383fbf -C extra-filename=-970d97eb9aaa6ed3 --out-dir D:\a\FerroTeX\FerroTeX\target\debug\deps -L dependency=D:\a\FerroTeX\FerroTeX\target\debug\deps --extern once_cell=D:\a\FerroTeX\FerroTeX\target\debug\deps\libonce_cell-5bbd183c350e7435.rmeta --cap-lints allow`
Rust Build & Test (Windows)	UNKNOWN STEP	2025-12-22T11:15:24.5859720Z [1m[92m   Compiling[0m tinyvec_macros v0.1.1
Rust Build & Test (Windows)	UNKNOWN STEP	2025-12-22T11:15:24.5894300Z [1m[92m     Running[0m `C:\Users\runneradmin\.rustup\toolchains\stable-x86_64-pc-windows-msvc\bin\rustc.exe --crate-name tinyvec_macros --edition=2018 C:\Users\runneradmin\.cargo\registry\src\index.crates.io-1949cf8c6b5b557f\tinyvec_macros-0.1.1\src\lib.rs --error-format=json --json=diagnostic-rendered-ansi,artifacts,future-incompat --crate-type lib --emit=dep-info,metadata,link -C embed-bitcode=no -C debuginfo=2 --check-cfg cfg(docsrs,test) --check-cfg "cfg(feature, values())" -C metadata=9ec10a06f02b4d1b -C extra-filename=-5292a340c90626ec --out-dir D:\a\FerroTeX\FerroTeX\target\debug\deps -L dependency=D:\a\FerroTeX\FerroTeX\target\debug\deps --cap-lints allow`
Rust Build & Test (Windows)	UNKNOWN STEP	2025-12-22T11:15:24.6430146Z [1m[92m   Compiling[0m writeable v0.6.2
Rust Build & Test (Windows)	UNKNOWN STEP	2025-12-22T11:15:24.6465920Z [1m[92m     Running[0m `C:\Users\runneradmin\.rustup\toolchains\stable-x86_64-pc-windows-msvc\bin\rustc.exe --crate-name writeable --edition=2021 C:\Users\runneradmin\.cargo\registry\src\index.crates.io-1949cf8c6b5b557f\writeable-0.6.2\src\lib.rs --error-format=json --json=diagnostic-rendered-ansi,artifacts,future-incompat --crate-type lib --emit=dep-info,metadata,link -C embed-bitcode=no -C debuginfo=2 --check-cfg cfg(docsrs,test) --check-cfg "cfg(feature, values(\"alloc\", \"default\", \"either\"))" -C metadata=efa05e672c9a1104 -C extra-filename=-2f127b60e06f9fb1 --out-dir D:\a\FerroTeX\FerroTeX\target\debug\deps -L dependency=D:\a\FerroTeX\FerroTeX\target\debug\deps --cap-lints allow`
Rust Build & Test (Windows)	UNKNOWN STEP	2025-12-22T11:15:24.8886996Z [1m[92m   Compiling[0m litemap v0.8.1
Rust Build & Test (Windows)	UNKNOWN STEP	2025-12-22T11:15:24.8914134Z [1m[92m     Running[0m `C:\Users\runneradmin\.rustup\toolchains\stable-x86_64-pc-windows-msvc\bin\rustc.exe --crate-name litemap --edition=2021 C:\Users\runneradmin\.cargo\registry\src\index.crates.io-1949cf8c6b5b557f\litemap-0.8.1\src\lib.rs --error-format=json --json=diagnostic-rendered-ansi,artifacts,future-incompat --crate-type lib --emit=dep-info,metadata,link -C embed-bitcode=no -C debuginfo=2 --check-cfg cfg(docsrs,test) --check-cfg "cfg(feature, values(\"alloc\", \"databake\", \"default\", \"serde\", \"testing\", \"yoke\"))" -C metadata=a9861bdd2c0ef9e4 -C extra-filename=-29a96c48ca2edefa --out-dir D:\a\FerroTeX\FerroTeX\target\debug\deps -L dependency=D:\a\FerroTeX\FerroTeX\target\debug\deps --cap-lints allow`
Rust Build & Test (Windows)	UNKNOWN STEP	2025-12-22T11:15:25.1283967Z [1m[92m   Compiling[0m gix-trace v0.1.15
Rust Build & Test (Windows)	UNKNOWN STEP	2025-12-22T11:15:25.1326550Z [1m[92m     Running[0m `C:\Users\runneradmin\.rustup\toolchains\stable-x86_64-pc-windows-msvc\bin\rustc.exe --crate-name gix_trace --edition=2021 C:\Users\runneradmin\.cargo\registry\src\index.crates.io-1949cf8c6b5b557f\gix-trace-0.1.15\src\lib.rs --error-format=json --json=diagnostic-rendered-ansi,artifacts,future-incompat --crate-type lib --emit=dep-info,metadata,link -C embed-bitcode=no -C debuginfo=2 --warn=clippy::pedantic --allow=clippy::wildcard_imports --allow=clippy::used_underscore_binding --allow=clippy::unused_self --allow=clippy::unreadable_literal --allow=clippy::unnecessary_wraps --allow=clippy::unnecessary_join --allow=clippy::trivially_copy_pass_by_ref --allow=clippy::transmute_ptr_to_ptr --allow=clippy::too_many_lines --allow=clippy::too_long_first_doc_paragraph --allow=clippy::struct_field_names --allow=clippy::struct_excessive_bools --allow=clippy::stable_sort_primitive --allow=clippy::single_match_else --allow=clippy::similar_names --allow=clippy::should_panic_without_expect --allow=clippy::return_self_not_must_use --allow=clippy::result_large_err --allow=clippy::redundant_else --allow=clippy::range_plus_one --allow=clippy::option_option --allow=clippy::no_effect_underscore_binding --allow=clippy::needless_raw_string_hashes --allow=clippy::needless_pass_by_value --allow=clippy::needless_for_each --allow=clippy::needless_continue --allow=clippy::naive_bytecount --allow=clippy::mut_mut --allow=clippy::must_use_candidate --allow=clippy::module_name_repetitions --allow=clippy::missing_panics_doc --allow=clippy::missing_errors_doc --allow=clippy::match_wildcard_for_single_variants --allow=clippy::match_wild_err_arm --allow=clippy::match_same_arms --allow=clippy::match_bool --allow=clippy::many_single_char_names --allow=clippy::manual_string_new --allow=clippy::manual_let_else --allow=clippy::manual_is_variant_and --allow=clippy::manual_assert --allow=clippy::large_stack_arrays --allow=clippy::large_enum_variant --allow=clippy::iter_without_into_iter --allow=clippy::iter_not_returning_iterator --allow=clippy::items_after_statements --allow=clippy::inline_always --allow=clippy::inefficient_to_string --allow=clippy::inconsistent_struct_constructor --allow=clippy::implicit_clone --allow=clippy::ignored_unit_patterns --allow=clippy::if_not_else --allow=clippy::from_iter_instead_of_collect --allow=clippy::fn_params_excessive_bools --allow=clippy::filter_map_next --allow=clippy::explicit_iter_loop --allow=clippy::explicit_into_iter_loop --allow=clippy::explicit_deref_methods --allow=clippy::enum_glob_use --allow=clippy::empty_docs --allow=clippy::doc_markdown --allow=clippy::default_trait_access --allow=clippy::copy_iterator --allow=clippy::checked_conversions --allow=clippy::cast_sign_loss --allow=clippy::cast_precision_loss --allow=clippy::cast_possible_wrap --allow=clippy::cast_possible_truncation --allow=clippy::cast_lossless --allow=clippy::borrow_as_ptr --allow=clippy::bool_to_int_with_if --cfg "feature=\"default\"" --check-cfg cfg(docsrs,test) --check-cfg "cfg(feature, values(\"default\", \"document-features\", \"tracing\", \"tracing-detail\"))" -C metadata=04abb3abf1591c04 -C extra-filename=-e088c08f0d8c499b --out-dir D:\a\FerroTeX\FerroTeX\target\debug\deps -L dependency=D:\a\FerroTeX\FerroTeX\target\debug\deps --cap-lints allow`
Rust Build & Test (Windows)	UNKNOWN STEP	2025-12-22T11:15:25.2450288Z [1m[92m   Compiling[0m unicode-width v0.1.14
Rust Build & Test (Windows)	UNKNOWN STEP	2025-12-22T11:15:25.2503130Z [1m[92m     Running[0m `C:\Users\runneradmin\.rustup\toolchains\stable-x86_64-pc-windows-msvc\bin\rustc.exe --crate-name unicode_width --edition=2021 C:\Users\runneradmin\.cargo\registry\src\index.crates.io-1949cf8c6b5b557f\unicode-width-0.1.14\src\lib.rs --error-format=json --json=diagnostic-rendered-ansi,artifacts,future-incompat --crate-type lib --emit=dep-info,metadata,link -C embed-bitcode=no -C debuginfo=2 --cfg "feature=\"cjk\"" --cfg "feature=\"default\"" --check-cfg cfg(docsrs,test) --check-cfg "cfg(feature, values(\"cjk\", \"compiler_builtins\", \"core\", \"default\", \"no_std\", \"rustc-dep-of-std\", \"std\"))" -C metadata=98fd1b86f9c18834 -C extra-filename=-92150f039a6c8bbb --out-dir D:\a\FerroTeX\FerroTeX\target\debug\deps -L dependency=D:\a\FerroTeX\FerroTeX\target\debug\deps --cap-lints allow`
Rust Build & Test (Windows)	UNKNOWN STEP	2025-12-22T11:15:25.3128522Z [1m[92m   Compiling[0m tracing v0.1.44
Rust Build & Test (Windows)	UNKNOWN STEP	2025-12-22T11:15:25.3170722Z [1m[92m     Running[0m `C:\Users\runneradmin\.rustup\toolchains\stable-x86_64-pc-windows-msvc\bin\rustc.exe --crate-name tracing --edition=2018 C:\Users\runneradmin\.cargo\registry\src\index.crates.io-1949cf8c6b5b557f\tracing-0.1.44\src\lib.rs --error-format=json --json=diagnostic-rendered-ansi,artifacts,future-incompat --crate-type lib --emit=dep-info,metadata,link -C embed-bitcode=no -C debuginfo=2 --warn=unexpected_cfgs --check-cfg cfg(flaky_tests) --check-cfg cfg(tracing_unstable) --check-cfg cfg(unsound_local_offset) --cfg "feature=\"attributes\"" --cfg "feature=\"default\"" --cfg "feature=\"log\"" --cfg "feature=\"std\"" --cfg "feature=\"tracing-attributes\"" --check-cfg cfg(docsrs,test) --check-cfg "cfg(feature, values(\"async-await\", \"attributes\", \"default\", \"log\", \"log-always\", \"max_level_debug\", \"max_level_error\", \"max_level_info\", \"max_level_off\", \"max_level_trace\", \"max_level_warn\", \"release_max_level_debug\", \"release_max_level_error\", \"release_max_level_info\", \"release_max_level_off\", \"release_max_level_trace\", \"release_max_level_warn\", \"std\", \"tracing-attributes\", \"valuable\"))" -C metadata=0bb8c2fbf3bd7e8b -C extra-filename=-9d6471b484dbc669 --out-dir D:\a\FerroTeX\FerroTeX\target\debug\deps -L dependency=D:\a\FerroTeX\FerroTeX\target\debug\deps --extern log=D:\a\FerroTeX\FerroTeX\target\debug\deps\liblog-e484a21de75fe7ed.rmeta --extern pin_project_lite=D:\a\FerroTeX\FerroTeX\target\debug\deps\libpin_project_lite-ddac7feb6ac14d2f.rmeta --extern tracing_attributes=D:\a\FerroTeX\FerroTeX\target\debug\deps\tracing_attributes-7d5b240c83bfbc73.dll --extern tracing_core=D:\a\FerroTeX\FerroTeX\target\debug\deps\libtracing_core-970d97eb9aaa6ed3.rmeta --cap-lints allow`
Rust Build & Test (Windows)	UNKNOWN STEP	2025-12-22T11:15:25.5878163Z [1m[92m   Compiling[0m gix-path v0.8.4
Rust Build & Test (Windows)	UNKNOWN STEP	2025-12-22T11:15:25.5896894Z [1m[92m     Running[0m `C:\Users\runneradmin\.rustup\toolchains\stable-x86_64-pc-windows-msvc\bin\rustc.exe --crate-name gix_path --edition=2021 C:\Users\runneradmin\.cargo\registry\src\index.crates.io-1949cf8c6b5b557f\gix-path-0.8.4\src\lib.rs --error-format=json --json=diagnostic-rendered-ansi,artifacts,future-incompat --crate-type lib --emit=dep-info,metadata,link -C embed-bitcode=no -C debuginfo=2 --check-cfg cfg(docsrs,test) --check-cfg "cfg(feature, values())" -C metadata=5a8c511317e0cf85 -C extra-filename=-f2d3467ef3170e9c --out-dir D:\a\FerroTeX\FerroTeX\target\debug\deps -L dependency=D:\a\FerroTeX\FerroTeX\target\debug\deps --extern bstr=D:\a\FerroTeX\FerroTeX\target\debug\deps\libbstr-977b4ada838aad64.rmeta --extern gix_trace=D:\a\FerroTeX\FerroTeX\target\debug\deps\libgix_trace-e088c08f0d8c499b.rmeta --extern home=D:\a\FerroTeX\FerroTeX\target\debug\deps\libhome-fee1569fbf6ed86a.rmeta --extern once_cell=D:\a\FerroTeX\FerroTeX\target\debug\deps\libonce_cell-5bbd183c350e7435.rmeta --extern thiserror=D:\a\FerroTeX\FerroTeX\target\debug\deps\libthiserror-f3d7e4d3cbbb263b.rmeta --cap-lints allow`
Rust Build & Test (Windows)	UNKNOWN STEP	2025-12-22T11:15:25.6983241Z [1m[92m   Compiling[0m icu_locale_core v2.1.1
Rust Build & Test (Windows)	UNKNOWN STEP	2025-12-22T11:15:25.7017981Z [1m[92m     Running[0m `C:\Users\runneradmin\.rustup\toolchains\stable-x86_64-pc-windows-msvc\bin\rustc.exe --crate-name icu_locale_core --edition=2021 C:\Users\runneradmin\.cargo\registry\src\index.crates.io-1949cf8c6b5b557f\icu_locale_core-2.1.1\src\lib.rs --error-format=json --json=diagnostic-rendered-ansi,artifacts,future-incompat --crate-type lib --emit=dep-info,metadata,link -C embed-bitcode=no -C debuginfo=2 --cfg "feature=\"zerovec\"" --check-cfg cfg(docsrs,test) --check-cfg "cfg(feature, values(\"alloc\", \"databake\", \"serde\", \"zerovec\"))" -C metadata=c360d52e12e0e6a6 -C extra-filename=-4d249cb2ad24968d --out-dir D:\a\FerroTeX\FerroTeX\target\debug\deps -L dependency=D:\a\FerroTeX\FerroTeX\target\debug\deps --extern displaydoc=D:\a\FerroTeX\FerroTeX\target\debug\deps\displaydoc-34a2437f0da168e5.dll --extern litemap=D:\a\FerroTeX\FerroTeX\target\debug\deps\liblitemap-29a96c48ca2edefa.rmeta --extern tinystr=D:\a\FerroTeX\FerroTeX\target\debug\deps\libtinystr-a046a8551c721a7c.rmeta --extern writeable=D:\a\FerroTeX\FerroTeX\target\debug\deps\libwriteable-2f127b60e06f9fb1.rmeta --extern zerovec=D:\a\FerroTeX\FerroTeX\target\debug\deps\libzerovec-e669b59427794cb4.rmeta --cap-lints allow`
Rust Build & Test (Windows)	UNKNOWN STEP	2025-12-22T11:15:25.7030454Z [1m[92m   Compiling[0m tinyvec v1.10.0
Rust Build & Test (Windows)	UNKNOWN STEP	2025-12-22T11:15:25.7051914Z [1m[92m     Running[0m `C:\Users\runneradmin\.rustup\toolchains\stable-x86_64-pc-windows-msvc\bin\rustc.exe --crate-name tinyvec --edition=2018 C:\Users\runneradmin\.cargo\registry\src\index.crates.io-1949cf8c6b5b557f\tinyvec-1.10.0\src\lib.rs --error-format=json --json=diagnostic-rendered-ansi,artifacts,future-incompat --crate-type lib --emit=dep-info,metadata,link -C embed-bitcode=no -C debuginfo=2 --cfg "feature=\"alloc\"" --cfg "feature=\"default\"" --cfg "feature=\"tinyvec_macros\"" --check-cfg cfg(docsrs,test) --check-cfg "cfg(feature, values(\"alloc\", \"arbitrary\", \"borsh\", \"debugger_visualizer\", \"default\", \"experimental_write_impl\", \"generic-array\", \"grab_spare_slice\", \"latest_stable_rust\", \"nightly_slice_partition_dedup\", \"real_blackbox\", \"rustc_1_40\", \"rustc_1_55\", \"rustc_1_57\", \"rustc_1_61\", \"serde\", \"std\", \"tinyvec_macros\"))" -C metadata=7ef5e63a3a2bd1b4 -C extra-filename=-4c5c7d0fee0a1774 --out-dir D:\a\FerroTeX\FerroTeX\target\debug\deps -L dependency=D:\a\FerroTeX\FerroTeX\target\debug\deps --extern tinyvec_macros=D:\a\FerroTeX\FerroTeX\target\debug\deps\libtinyvec_macros-5292a340c90626ec.rmeta --cap-lints allow`
Rust Build & Test (Windows)	UNKNOWN STEP	2025-12-22T11:15:25.7785193Z [1m[92m     Running[0m `C:\Users\runneradmin\.rustup\toolchains\stable-x86_64-pc-windows-msvc\bin\rustc.exe --crate-name serde_json --edition=2021 C:\Users\runneradmin\.cargo\registry\src\index.crates.io-1949cf8c6b5b557f\serde_json-1.0.145\src\lib.rs --error-format=json --json=diagnostic-rendered-ansi,artifacts,future-incompat --crate-type lib --emit=dep-info,metadata,link -C embed-bitcode=no -C debuginfo=2 --cfg "feature=\"default\"" --cfg "feature=\"std\"" --check-cfg cfg(docsrs,test) --check-cfg "cfg(feature, values(\"alloc\", \"arbitrary_precision\", \"default\", \"float_roundtrip\", \"indexmap\", \"preserve_order\", \"raw_value\", \"std\", \"unbounded_depth\"))" -C metadata=0a15450be402a180 -C extra-filename=-262fb380a3e346c1 --out-dir D:\a\FerroTeX\FerroTeX\target\debug\deps -L dependency=D:\a\FerroTeX\FerroTeX\target\debug\deps --extern itoa=D:\a\FerroTeX\FerroTeX\target\debug\deps\libitoa-a874efea87e6b2c0.rmeta --extern memchr=D:\a\FerroTeX\FerroTeX\target\debug\deps\libmemchr-aa8f9a3cbbce4db0.rmeta --extern ryu=D:\a\FerroTeX\FerroTeX\target\debug\deps\libryu-9fb3b3aea755d5ce.rmeta --extern serde_core=D:\a\FerroTeX\FerroTeX\target\debug\deps\libserde_core-547eb6df78073831.rmeta --cap-lints allow --cfg "fast_arithmetic=\"64\"" --check-cfg "cfg(fast_arithmetic, values(\"32\", \"64\"))"`
Rust Build & Test (Windows)	UNKNOWN STEP	2025-12-22T11:15:26.2153842Z [1m[92m   Compiling[0m tempfile v3.23.0
Rust Build & Test (Windows)	UNKNOWN STEP	2025-12-22T11:15:26.2194662Z [1m[92m     Running[0m `C:\Users\runneradmin\.rustup\toolchains\stable-x86_64-pc-windows-msvc\bin\rustc.exe --crate-name tempfile --edition=2021 C:\Users\runneradmin\.cargo\registry\src\index.crates.io-1949cf8c6b5b557f\tempfile-3.23.0\src\lib.rs --error-format=json --json=diagnostic-rendered-ansi,artifacts,future-incompat --crate-type lib --emit=dep-info,metadata,link -C embed-bitcode=no -C debuginfo=2 --cfg "feature=\"default\"" --cfg "feature=\"getrandom\"" --check-cfg cfg(docsrs,test) --check-cfg "cfg(feature, values(\"default\", \"getrandom\", \"nightly\"))" -C metadata=f6de29951e9a3896 -C extra-filename=-17a553f5af24797f --out-dir D:\a\FerroTeX\FerroTeX\target\debug\deps -L dependency=D:\a\FerroTeX\FerroTeX\target\debug\deps --extern fastrand=D:\a\FerroTeX\FerroTeX\target\debug\deps\libfastrand-51fb76fe43838c33.rmeta --extern getrandom=D:\a\FerroTeX\FerroTeX\target\debug\deps\libgetrandom-80c111892a88ee32.rmeta --extern once_cell=D:\a\FerroTeX\FerroTeX\target\debug\deps\libonce_cell-5bbd183c350e7435.rmeta --extern windows_sys=D:\a\FerroTeX\FerroTeX\target\debug\deps\libwindows_sys-01f1ddd93e89cfd8.rmeta --cap-lints allow`
Rust Build & Test (Windows)	UNKNOWN STEP	2025-12-22T11:15:26.2655194Z [1m[92m   Compiling[0m zerotrie v0.2.3
Rust Build & Test (Windows)	UNKNOWN STEP	2025-12-22T11:15:26.2691655Z [1m[92m     Running[0m `C:\Users\runneradmin\.rustup\toolchains\stable-x86_64-pc-windows-msvc\bin\rustc.exe --crate-name zerotrie --edition=2021 C:\Users\runneradmin\.cargo\registry\src\index.crates.io-1949cf8c6b5b557f\zerotrie-0.2.3\src\lib.rs --error-format=json --json=diagnostic-rendered-ansi,artifacts,future-incompat --crate-type lib --emit=dep-info,metadata,link -C embed-bitcode=no -C debuginfo=2 --cfg "feature=\"yoke\"" --cfg "feature=\"zerofrom\"" --check-cfg cfg(docsrs,test) --check-cfg "cfg(feature, values(\"alloc\", \"databake\", \"default\", \"litemap\", \"serde\", \"yoke\", \"zerofrom\", \"zerovec\"))" -C metadata=226e05a41a1820e2 -C extra-filename=-dc4397eab6a78e50 --out-dir D:\a\FerroTeX\FerroTeX\target\debug\deps -L dependency=D:\a\FerroTeX\FerroTeX\target\debug\deps --extern displaydoc=D:\a\FerroTeX\FerroTeX\target\debug\deps\displaydoc-34a2437f0da168e5.dll --extern yoke=D:\a\FerroTeX\FerroTeX\target\debug\deps\libyoke-e9cea26c8c5d51f3.rmeta --extern zerofrom=D:\a\FerroTeX\FerroTeX\target\debug\deps\libzerofrom-dc3d9c04e27f021f.rmeta --cap-lints allow`
Rust Build & Test (Windows)	UNKNOWN STEP	2025-12-22T11:15:26.8730196Z [1m[92m   Compiling[0m potential_utf v0.1.4
Rust Build & Test (Windows)	UNKNOWN STEP	2025-12-22T11:15:26.8774180Z [1m[92m     Running[0m `C:\Users\runneradmin\.rustup\toolchains\stable-x86_64-pc-windows-msvc\bin\rustc.exe --crate-name potential_utf --edition=2021 C:\Users\runneradmin\.cargo\registry\src\index.crates.io-1949cf8c6b5b557f\potential_utf-0.1.4\src\lib.rs --error-format=json --json=diagnostic-rendered-ansi,artifacts,future-incompat --crate-type lib --emit=dep-info,metadata,link -C embed-bitcode=no -C debuginfo=2 --cfg "feature=\"zerovec\"" --check-cfg cfg(docsrs,test) --check-cfg "cfg(feature, values(\"alloc\", \"databake\", \"default\", \"serde\", \"writeable\", \"zerovec\"))" -C metadata=cf73136f7e3a4b2c -C extra-filename=-df8df7e9508de631 --out-dir D:\a\FerroTeX\FerroTeX\target\debug\deps -L dependency=D:\a\FerroTeX\FerroTeX\target\debug\deps --extern zerovec=D:\a\FerroTeX\FerroTeX\target\debug\deps\libzerovec-e669b59427794cb4.rmeta --cap-lints allow`
Rust Build & Test (Windows)	UNKNOWN STEP	2025-12-22T11:15:27.1090417Z [1m[92m   Compiling[0m crossbeam-epoch v0.9.18
Rust Build & Test (Windows)	UNKNOWN STEP	2025-12-22T11:15:27.1127020Z [1m[92m     Running[0m `C:\Users\runneradmin\.rustup\toolchains\stable-x86_64-pc-windows-msvc\bin\rustc.exe --crate-name crossbeam_epoch --edition=2021 C:\Users\runneradmin\.cargo\registry\src\index.crates.io-1949cf8c6b5b557f\crossbeam-epoch-0.9.18\src\lib.rs --error-format=json --json=diagnostic-rendered-ansi,artifacts,future-incompat --crate-type lib --emit=dep-info,metadata,link -C embed-bitcode=no -C debuginfo=2 --cfg "feature=\"alloc\"" --cfg "feature=\"std\"" --check-cfg cfg(docsrs,test) --check-cfg "cfg(feature, values(\"alloc\", \"default\", \"loom\", \"loom-crate\", \"nightly\", \"std\"))" -C metadata=8c3c9315ae6c1760 -C extra-filename=-5c4f7ceedf8fb78e --out-dir D:\a\FerroTeX\FerroTeX\target\debug\deps -L dependency=D:\a\FerroTeX\FerroTeX\target\debug\deps --extern crossbeam_utils=D:\a\FerroTeX\FerroTeX\target\debug\deps\libcrossbeam_utils-ea8b83c5c065b1d1.rmeta --cap-lints allow`
Rust Build & Test (Windows)	UNKNOWN STEP	2025-12-22T11:15:27.2426252Z [1m[92m     Running[0m `C:\Users\runneradmin\.rustup\toolchains\stable-x86_64-pc-windows-msvc\bin\rustc.exe --crate-name phf_shared --edition=2021 C:\Users\runneradmin\.cargo\registry\src\index.crates.io-1949cf8c6b5b557f\phf_shared-0.11.3\src\lib.rs --error-format=json --json=diagnostic-rendered-ansi,artifacts,future-incompat --crate-type lib --emit=dep-info,metadata,link -C embed-bitcode=no -C debuginfo=2 --cfg "feature=\"std\"" --check-cfg cfg(docsrs,test) --check-cfg "cfg(feature, values(\"default\", \"std\", \"uncased\", \"unicase\"))" -C metadata=f173c204c1437fa6 -C extra-filename=-7ac3da0bafa6f289 --out-dir D:\a\FerroTeX\FerroTeX\target\debug\deps -L dependency=D:\a\FerroTeX\FerroTeX\target\debug\deps --extern siphasher=D:\a\FerroTeX\FerroTeX\target\debug\deps\libsiphasher-d416d12b74804f36.rmeta --cap-lints allow`
Rust Build & Test (Windows)	UNKNOWN STEP	2025-12-22T11:15:27.4848359Z [1m[92m   Compiling[0m app_dirs2 v2.5.5
Rust Build & Test (Windows)	UNKNOWN STEP	2025-12-22T11:15:27.4884189Z [1m[92m     Running[0m `C:\Users\runneradmin\.rustup\toolchains\stable-x86_64-pc-windows-msvc\bin\rustc.exe --crate-name app_dirs2 --edition=2018 C:\Users\runneradmin\.cargo\registry\src\index.crates.io-1949cf8c6b5b557f\app_dirs2-2.5.5\src\lib.rs --error-format=json --json=diagnostic-rendered-ansi,artifacts,future-incompat --crate-type lib --emit=dep-info,metadata,link -C embed-bitcode=no -C debuginfo=2 --check-cfg cfg(docsrs,test) --check-cfg "cfg(feature, values())" -C metadata=a02d112a35d370db -C extra-filename=-934a37b294a0f460 --out-dir D:\a\FerroTeX\FerroTeX\target\debug\deps -L dependency=D:\a\FerroTeX\FerroTeX\target\debug\deps --extern winapi=D:\a\FerroTeX\FerroTeX\target\debug\deps\libwinapi-64cae252c1eefd9d.rmeta --cap-lints allow`
Rust Build & Test (Windows)	UNKNOWN STEP	2025-12-22T11:15:27.6341122Z [1m[92m   Compiling[0m tectonic_bridge_graphite2 v0.2.2
Rust Build & Test (Windows)	UNKNOWN STEP	2025-12-22T11:15:27.6379696Z [1m[92m     Running[0m `C:\Users\runneradmin\.rustup\toolchains\stable-x86_64-pc-windows-msvc\bin\rustc.exe --crate-name build_script_build --edition=2018 C:\Users\runneradmin\.cargo\registry\src\index.crates.io-1949cf8c6b5b557f\tectonic_bridge_graphite2-0.2.2\build.rs --error-format=json --json=diagnostic-rendered-ansi,artifacts,future-incompat --crate-type bin --emit=dep-info,link -C embed-bitcode=no --check-cfg cfg(docsrs,test) --check-cfg "cfg(feature, values())" -C metadata=63c00614f87af995 -C extra-filename=-523fc0ddc7892a1e --out-dir D:\a\FerroTeX\FerroTeX\target\debug\build\tectonic_bridge_graphite2-523fc0ddc7892a1e -L dependency=D:\a\FerroTeX\FerroTeX\target\debug\deps --extern tectonic_dep_support=D:\a\FerroTeX\FerroTeX\target\debug\deps\libtectonic_dep_support-b90de5c639c1c395.rlib --cap-lints allow`
Rust Build & Test (Windows)	UNKNOWN STEP	2025-12-22T11:15:27.8141646Z [1m[92m   Compiling[0m getrandom v0.2.16
Rust Build & Test (Windows)	UNKNOWN STEP	2025-12-22T11:15:27.8173295Z [1m[92m     Running[0m `C:\Users\runneradmin\.rustup\toolchains\stable-x86_64-pc-windows-msvc\bin\rustc.exe --crate-name getrandom --edition=2018 C:\Users\runneradmin\.cargo\registry\src\index.crates.io-1949cf8c6b5b557f\getrandom-0.2.16\src\lib.rs --error-format=json --json=diagnostic-rendered-ansi,artifacts,future-incompat --crate-type lib --emit=dep-info,metadata,link -C embed-bitcode=no -C debuginfo=2 --cfg "feature=\"std\"" --check-cfg cfg(docsrs,test) --check-cfg "cfg(feature, values(\"compiler_builtins\", \"core\", \"custom\", \"js\", \"js-sys\", \"linux_disable_fallback\", \"rdrand\", \"rustc-dep-of-std\", \"std\", \"test-in-browser\", \"wasm-bindgen\"))" -C metadata=363ea0edaabe9ee3 -C extra-filename=-2d9dcbcdb73919cd --out-dir D:\a\FerroTeX\FerroTeX\target\debug\deps -L dependency=D:\a\FerroTeX\FerroTeX\target\debug\deps --extern cfg_if=D:\a\FerroTeX\FerroTeX\target\debug\deps\libcfg_if-4316c8dd3aae8aa0.rmeta --cap-lints allow`
Rust Build & Test (Windows)	UNKNOWN STEP	2025-12-22T11:15:27.8444317Z [1m[92m   Compiling[0m bitflags v1.3.2
Rust Build & Test (Windows)	UNKNOWN STEP	2025-12-22T11:15:27.8546059Z [1m[92m     Running[0m `C:\Users\runneradmin\.rustup\toolchains\stable-x86_64-pc-windows-msvc\bin\rustc.exe --crate-name bitflags --edition=2018 C:\Users\runneradmin\.cargo\registry\src\index.crates.io-1949cf8c6b5b557f\bitflags-1.3.2\src\lib.rs --error-format=json --json=diagnostic-rendered-ansi,artifacts,future-incompat --crate-type lib --emit=dep-info,metadata,link -C embed-bitcode=no -C debuginfo=2 --cfg "feature=\"default\"" --check-cfg cfg(docsrs,test) --check-cfg "cfg(feature, values(\"compiler_builtins\", \"core\", \"default\", \"example_generated\", \"rustc-dep-of-std\"))" -C metadata=4506b06b05f4ba3e -C extra-filename=-887797b30c0706d5 --out-dir D:\a\FerroTeX\FerroTeX\target\debug\deps -L dependency=D:\a\FerroTeX\FerroTeX\target\debug\deps --cap-lints allow`
Rust Build & Test (Windows)	UNKNOWN STEP	2025-12-22T11:15:27.9281489Z [1m[92m   Compiling[0m icu_properties_data v2.1.2
Rust Build & Test (Windows)	UNKNOWN STEP	2025-12-22T11:15:27.9305572Z [1m[92m     Running[0m `C:\Users\runneradmin\.rustup\toolchains\stable-x86_64-pc-windows-msvc\bin\rustc.exe --crate-name build_script_build --edition=2021 C:\Users\runneradmin\.cargo\registry\src\index.crates.io-1949cf8c6b5b557f\icu_properties_data-2.1.2\build.rs --error-format=json --json=diagnostic-rendered-ansi,artifacts,future-incompat --crate-type bin --emit=dep-info,link -C embed-bitcode=no --warn=unexpected_cfgs --check-cfg cfg(icu4x_custom_data) --check-cfg cfg(docsrs,test) --check-cfg "cfg(feature, values())" -C metadata=f180f97af5a89303 -C extra-filename=-d9f146557318e9d1 --out-dir D:\a\FerroTeX\FerroTeX\target\debug\build\icu_properties_data-d9f146557318e9d1 -L dependency=D:\a\FerroTeX\FerroTeX\target\debug\deps --cap-lints allow`
Rust Build & Test (Windows)	UNKNOWN STEP	2025-12-22T11:15:27.9493113Z [1m[92m   Compiling[0m windows_x86_64_msvc v0.42.2
Rust Build & Test (Windows)	UNKNOWN STEP	2025-12-22T11:15:27.9511258Z [1m[92m     Running[0m `C:\Users\runneradmin\.rustup\toolchains\stable-x86_64-pc-windows-msvc\bin\rustc.exe --crate-name build_script_build --edition=2018 C:\Users\runneradmin\.cargo\registry\src\index.crates.io-1949cf8c6b5b557f\windows_x86_64_msvc-0.42.2\build.rs --error-format=json --json=diagnostic-rendered-ansi,artifacts,future-incompat --crate-type bin --emit=dep-info,link -C embed-bitcode=no --check-cfg cfg(docsrs,test) --check-cfg "cfg(feature, values())" -C metadata=7f38b9a75ebd4c05 -C extra-filename=-75f81759121affe6 --out-dir D:\a\FerroTeX\FerroTeX\target\debug\build\windows_x86_64_msvc-75f81759121affe6 -L dependency=D:\a\FerroTeX\FerroTeX\target\debug\deps --cap-lints allow`
Rust Build & Test (Windows)	UNKNOWN STEP	2025-12-22T11:15:27.9919997Z [1m[92m   Compiling[0m tectonic_bridge_flate v0.1.7
Rust Build & Test (Windows)	UNKNOWN STEP	2025-12-22T11:15:27.9942866Z [1m[92m     Running[0m `C:\Users\runneradmin\.rustup\toolchains\stable-x86_64-pc-windows-msvc\bin\rustc.exe --crate-name build_script_build --edition=2018 C:\Users\runneradmin\.cargo\registry\src\index.crates.io-1949cf8c6b5b557f\tectonic_bridge_flate-0.1.7\build.rs --error-format=json --json=diagnostic-rendered-ansi,artifacts,future-incompat --crate-type bin --emit=dep-info,link -C embed-bitcode=no --check-cfg cfg(docsrs,test) --check-cfg "cfg(feature, values())" -C metadata=d49fdc4d0d6ad564 -C extra-filename=-4047667d1c536f51 --out-dir D:\a\FerroTeX\FerroTeX\target\debug\build\tectonic_bridge_flate-4047667d1c536f51 -L dependency=D:\a\FerroTeX\FerroTeX\target\debug\deps --cap-lints allow`
Rust Build & Test (Windows)	UNKNOWN STEP	2025-12-22T11:15:28.1855150Z [1m[92m   Compiling[0m icu_normalizer_data v2.1.1
Rust Build & Test (Windows)	UNKNOWN STEP	2025-12-22T11:15:28.1866219Z [1m[92m     Running[0m `C:\Users\runneradmin\.rustup\toolchains\stable-x86_64-pc-windows-msvc\bin\rustc.exe --crate-name build_script_build --edition=2021 C:\Users\runneradmin\.cargo\registry\src\index.crates.io-1949cf8c6b5b557f\icu_normalizer_data-2.1.1\build.rs --error-format=json --json=diagnostic-rendered-ansi,artifacts,future-incompat --crate-type bin --emit=dep-info,link -C embed-bitcode=no --warn=unexpected_cfgs --check-cfg cfg(icu4x_custom_data) --check-cfg cfg(docsrs,test) --check-cfg "cfg(feature, values())" -C metadata=a590ae598540c182 -C extra-filename=-9e4a89f91b2942dd --out-dir D:\a\FerroTeX\FerroTeX\target\debug\build\icu_normalizer_data-9e4a89f91b2942dd -L dependency=D:\a\FerroTeX\FerroTeX\target\debug\deps --cap-lints allow`
Rust Build & Test (Windows)	UNKNOWN STEP	2025-12-22T11:15:28.1881389Z [1m[92m     Running[0m `C:\Users\runneradmin\.rustup\toolchains\stable-x86_64-pc-windows-msvc\bin\rustc.exe --crate-name regex_syntax --edition=2021 C:\Users\runneradmin\.cargo\registry\src\index.crates.io-1949cf8c6b5b557f\regex-syntax-0.8.8\src\lib.rs --error-format=json --json=diagnostic-rendered-ansi,artifacts,future-incompat --crate-type lib --emit=dep-info,metadata,link -C embed-bitcode=no --allow=unexpected_cfgs --check-cfg cfg(docsrs_regex) --cfg "feature=\"std\"" --cfg "feature=\"unicode-perl\"" --check-cfg cfg(docsrs,test) --check-cfg "cfg(feature, values(\"arbitrary\", \"default\", \"std\", \"unicode\", \"unicode-age\", \"unicode-bool\", \"unicode-case\", \"unicode-gencat\", \"unicode-perl\", \"unicode-script\", \"unicode-segment\"))" -C metadata=f785813ab1c580b1 -C extra-filename=-591899bd8bddf665 --out-dir D:\a\FerroTeX\FerroTeX\target\debug\deps -L dependency=D:\a\FerroTeX\FerroTeX\target\debug\deps --cap-lints allow`
Rust Build & Test (Windows)	UNKNOWN STEP	2025-12-22T11:15:28.2224793Z [1m[92m     Running[0m `D:\a\FerroTeX\FerroTeX\target\debug\build\tectonic_bridge_flate-4047667d1c536f51\build-script-build`
Rust Build & Test (Windows)	UNKNOWN STEP	2025-12-22T11:15:28.2373051Z [1m[92m     Running[0m `D:\a\FerroTeX\FerroTeX\target\debug\build\icu_properties_data-d9f146557318e9d1\build-script-build`
Rust Build & Test (Windows)	UNKNOWN STEP	2025-12-22T11:15:28.2589085Z [1m[92m     Running[0m `D:\a\FerroTeX\FerroTeX\target\debug\build\windows_x86_64_msvc-75f81759121affe6\build-script-build`
Rust Build & Test (Windows)	UNKNOWN STEP	2025-12-22T11:15:28.2701373Z [1m[92m     Running[0m `D:\a\FerroTeX\FerroTeX\target\debug\build\tectonic_bridge_graphite2-523fc0ddc7892a1e\build-script-build`
Rust Build & Test (Windows)	UNKNOWN STEP	2025-12-22T11:15:28.2903656Z [1m[91merror[0m: failed to run custom build command for `tectonic_bridge_graphite2 v0.2.2`
Rust Build & Test (Windows)	UNKNOWN STEP	2025-12-22T11:15:28.2906706Z 
Rust Build & Test (Windows)	UNKNOWN STEP	2025-12-22T11:15:28.2911284Z Caused by:
Rust Build & Test (Windows)	UNKNOWN STEP	2025-12-22T11:15:28.2917396Z   process didn't exit successfully: `D:\a\FerroTeX\FerroTeX\target\debug\build\tectonic_bridge_graphite2-523fc0ddc7892a1e\build-script-build` (exit code: 101)
Rust Build & Test (Windows)	UNKNOWN STEP	2025-12-22T11:15:28.2928648Z   --- stdout
Rust Build & Test (Windows)	UNKNOWN STEP	2025-12-22T11:15:28.2931795Z   cargo:rerun-if-env-changed=TECTONIC_DEP_BACKEND
Rust Build & Test (Windows)	UNKNOWN STEP	2025-12-22T11:15:28.2936258Z   cargo:rerun-if-env-changed=TECTONIC_PKGCONFIG_FORCE_SEMI_STATIC
Rust Build & Test (Windows)	UNKNOWN STEP	2025-12-22T11:15:28.2941060Z   cargo:rerun-if-env-changed=GRAPHITE2_NO_PKG_CONFIG
Rust Build & Test (Windows)	UNKNOWN STEP	2025-12-22T11:15:28.2947168Z   cargo:rerun-if-env-changed=PKG_CONFIG_x86_64-pc-windows-msvc
Rust Build & Test (Windows)	UNKNOWN STEP	2025-12-22T11:15:28.2953184Z   cargo:rerun-if-env-changed=PKG_CONFIG_x86_64_pc_windows_msvc
Rust Build & Test (Windows)	UNKNOWN STEP	2025-12-22T11:15:28.2958242Z   cargo:rerun-if-env-changed=HOST_PKG_CONFIG
Rust Build & Test (Windows)	UNKNOWN STEP	2025-12-22T11:15:28.2962969Z   cargo:rerun-if-env-changed=PKG_CONFIG
Rust Build & Test (Windows)	UNKNOWN STEP	2025-12-22T11:15:28.2968459Z   cargo:rerun-if-env-changed=PKG_CONFIG_PATH_x86_64-pc-windows-msvc
Rust Build & Test (Windows)	UNKNOWN STEP	2025-12-22T11:15:28.2970468Z   cargo:rerun-if-env-changed=PKG_CONFIG_PATH_x86_64_pc_windows_msvc
Rust Build & Test (Windows)	UNKNOWN STEP	2025-12-22T11:15:28.2979217Z   cargo:rerun-if-env-changed=HOST_PKG_CONFIG_PATH
Rust Build & Test (Windows)	UNKNOWN STEP	2025-12-22T11:15:28.2985457Z   cargo:rerun-if-env-changed=PKG_CONFIG_PATH
Rust Build & Test (Windows)	UNKNOWN STEP	2025-12-22T11:15:28.2986061Z   cargo:rerun-if-env-changed=PKG_CONFIG_LIBDIR_x86_64-pc-windows-msvc
Rust Build & Test (Windows)	UNKNOWN STEP	2025-12-22T11:15:28.2986947Z   cargo:rerun-if-env-changed=PKG_CONFIG_LIBDIR_x86_64_pc_windows_msvc
Rust Build & Test (Windows)	UNKNOWN STEP	2025-12-22T11:15:28.2987706Z   cargo:rerun-if-env-changed=HOST_PKG_CONFIG_LIBDIR
Rust Build & Test (Windows)	UNKNOWN STEP	2025-12-22T11:15:28.2988337Z   cargo:rerun-if-env-changed=PKG_CONFIG_LIBDIR
Rust Build & Test (Windows)	UNKNOWN STEP	2025-12-22T11:15:28.2989105Z   cargo:rerun-if-env-changed=PKG_CONFIG_SYSROOT_DIR_x86_64-pc-windows-msvc
Rust Build & Test (Windows)	UNKNOWN STEP	2025-12-22T11:15:28.2989990Z   cargo:rerun-if-env-changed=PKG_CONFIG_SYSROOT_DIR_x86_64_pc_windows_msvc
Rust Build & Test (Windows)	UNKNOWN STEP	2025-12-22T11:15:28.2990768Z   cargo:rerun-if-env-changed=HOST_PKG_CONFIG_SYSROOT_DIR
Rust Build & Test (Windows)	UNKNOWN STEP	2025-12-22T11:15:28.2991439Z   cargo:rerun-if-env-changed=PKG_CONFIG_SYSROOT_DIR
Rust Build & Test (Windows)	UNKNOWN STEP	2025-12-22T11:15:28.2992211Z   cargo:rerun-if-env-changed=PKG_CONFIG_PATH_x86_64-pc-windows-msvc
Rust Build & Test (Windows)	UNKNOWN STEP	2025-12-22T11:15:28.2992989Z   cargo:rerun-if-env-changed=PKG_CONFIG_PATH_x86_64_pc_windows_msvc
Rust Build & Test (Windows)	UNKNOWN STEP	2025-12-22T11:15:28.2993986Z   cargo:rerun-if-env-changed=HOST_PKG_CONFIG_PATH
Rust Build & Test (Windows)	UNKNOWN STEP	2025-12-22T11:15:28.2994655Z   cargo:rerun-if-env-changed=PKG_CONFIG_PATH
Rust Build & Test (Windows)	UNKNOWN STEP	2025-12-22T11:15:28.2995377Z   cargo:rerun-if-env-changed=PKG_CONFIG_LIBDIR_x86_64-pc-windows-msvc
Rust Build & Test (Windows)	UNKNOWN STEP	2025-12-22T11:15:28.2996213Z   cargo:rerun-if-env-changed=PKG_CONFIG_LIBDIR_x86_64_pc_windows_msvc
Rust Build & Test (Windows)	UNKNOWN STEP	2025-12-22T11:15:28.2996954Z   cargo:rerun-if-env-changed=HOST_PKG_CONFIG_LIBDIR
Rust Build & Test (Windows)	UNKNOWN STEP	2025-12-22T11:15:28.2997575Z   cargo:rerun-if-env-changed=PKG_CONFIG_LIBDIR
Rust Build & Test (Windows)	UNKNOWN STEP	2025-12-22T11:15:28.2998351Z   cargo:rerun-if-env-changed=PKG_CONFIG_SYSROOT_DIR_x86_64-pc-windows-msvc
Rust Build & Test (Windows)	UNKNOWN STEP	2025-12-22T11:15:28.2999268Z   cargo:rerun-if-env-changed=PKG_CONFIG_SYSROOT_DIR_x86_64_pc_windows_msvc
Rust Build & Test (Windows)	UNKNOWN STEP	2025-12-22T11:15:28.3000093Z   cargo:rerun-if-env-changed=HOST_PKG_CONFIG_SYSROOT_DIR
Rust Build & Test (Windows)	UNKNOWN STEP	2025-12-22T11:15:28.3000882Z   cargo:rerun-if-env-changed=PKG_CONFIG_SYSROOT_DIR
Rust Build & Test (Windows)	UNKNOWN STEP	2025-12-22T11:15:28.3001357Z 
Rust Build & Test (Windows)	UNKNOWN STEP	2025-12-22T11:15:28.3001603Z   --- stderr
Rust Build & Test (Windows)	UNKNOWN STEP	2025-12-22T11:15:28.3001965Z 
Rust Build & Test (Windows)	UNKNOWN STEP	2025-12-22T11:15:28.3002816Z   thread 'main' (8092) panicked at C:\Users\runneradmin\.cargo\registry\src\index.crates.io-1949cf8c6b5b557f\tectonic_dep_support-0.1.1\src\lib.rs:113:14:
Rust Build & Test (Windows)	UNKNOWN STEP	2025-12-22T11:15:28.3004890Z   called `Result::unwrap()` on an `Err` value: Could not run `PKG_CONFIG_PATH=/opt/homebrew/opt/icu4c@76/lib/pkgconfig PKG_CONFIG_ALLOW_SYSTEM_LIBS=1 PKG_CONFIG_ALLOW_SYSTEM_CFLAGS=1 pkg-config --libs --cflags graphite2`
Rust Build & Test (Windows)	UNKNOWN STEP	2025-12-22T11:15:28.3006676Z   The pkg-config command could not be found.
Rust Build & Test (Windows)	UNKNOWN STEP	2025-12-22T11:15:28.3007121Z 
Rust Build & Test (Windows)	UNKNOWN STEP	2025-12-22T11:15:28.3007515Z   Most likely, you need to install a pkg-config package for your OS.
Rust Build & Test (Windows)	UNKNOWN STEP	2025-12-22T11:15:28.3008092Z 
Rust Build & Test (Windows)	UNKNOWN STEP	2025-12-22T11:15:28.3008537Z   If you've already installed it, ensure the pkg-config command is one of the
Rust Build & Test (Windows)	UNKNOWN STEP	2025-12-22T11:15:28.3009345Z   directories in the PATH environment variable.
Rust Build & Test (Windows)	UNKNOWN STEP	2025-12-22T11:15:28.3009815Z 
Rust Build & Test (Windows)	UNKNOWN STEP	2025-12-22T11:15:28.3010239Z   If you did not expect this build to link to a pre-installed system library,
Rust Build & Test (Windows)	UNKNOWN STEP	2025-12-22T11:15:28.3011452Z   then check documentation of the tectonic_bridge_graphite2 crate for an option to
Rust Build & Test (Windows)	UNKNOWN STEP	2025-12-22T11:15:28.3012382Z   build the library from source, or disable features or dependencies
Rust Build & Test (Windows)	UNKNOWN STEP	2025-12-22T11:15:28.3013065Z   that require pkg-config.
Rust Build & Test (Windows)	UNKNOWN STEP	2025-12-22T11:15:28.3013747Z   note: run with `RUST_BACKTRACE=1` environment variable to display a backtrace
Rust Build & Test (Windows)	UNKNOWN STEP	2025-12-22T11:15:28.3014819Z [1m[93mwarning[0m: build failed, waiting for other jobs to finish...
Rust Build & Test (Windows)	UNKNOWN STEP	2025-12-22T11:15:30.2937810Z ##[error]Process completed with exit code 1.
Rust Build & Test (Windows)	UNKNOWN STEP	2025-12-22T11:15:30.3150315Z Post job cleanup.
Rust Build & Test (Windows)	UNKNOWN STEP	2025-12-22T11:15:30.4971379Z [command]"C:\Program Files\Git\bin\git.exe" version
Rust Build & Test (Windows)	UNKNOWN STEP	2025-12-22T11:15:30.5254516Z git version 2.52.0.windows.1
Rust Build & Test (Windows)	UNKNOWN STEP	2025-12-22T11:15:30.5334943Z Temporarily overriding HOME='D:\a\_temp\c01ba42d-6ed3-4527-8d10-1985990b5d6c' before making global git config changes
Rust Build & Test (Windows)	UNKNOWN STEP	2025-12-22T11:15:30.5336171Z Adding repository directory to the temporary git global config as a safe directory
Rust Build & Test (Windows)	UNKNOWN STEP	2025-12-22T11:15:30.5346865Z [command]"C:\Program Files\Git\bin\git.exe" config --global --add safe.directory D:\a\FerroTeX\FerroTeX
Rust Build & Test (Windows)	UNKNOWN STEP	2025-12-22T11:15:30.5651344Z Removing SSH command configuration
Rust Build & Test (Windows)	UNKNOWN STEP	2025-12-22T11:15:30.5661856Z [command]"C:\Program Files\Git\bin\git.exe" config --local --name-only --get-regexp core\.sshCommand
Rust Build & Test (Windows)	UNKNOWN STEP	2025-12-22T11:15:30.5961509Z [command]"C:\Program Files\Git\bin\git.exe" submodule foreach --recursive "sh -c \"git config --local --name-only --get-regexp 'core\.sshCommand' && git config --local --unset-all 'core.sshCommand' || :\""
Rust Build & Test (Windows)	UNKNOWN STEP	2025-12-22T11:15:31.1267179Z Removing HTTP extra header
Rust Build & Test (Windows)	UNKNOWN STEP	2025-12-22T11:15:31.1277826Z [command]"C:\Program Files\Git\bin\git.exe" config --local --name-only --get-regexp http\.https\:\/\/github\.com\/\.extraheader
Rust Build & Test (Windows)	UNKNOWN STEP	2025-12-22T11:15:31.1576064Z [command]"C:\Program Files\Git\bin\git.exe" submodule foreach --recursive "sh -c \"git config --local --name-only --get-regexp 'http\.https\:\/\/github\.com\/\.extraheader' && git config --local --unset-all 'http.https://github.com/.extraheader' || :\""
Rust Build & Test (Windows)	UNKNOWN STEP	2025-12-22T11:15:31.6947540Z Removing includeIf entries pointing to credentials config files
Rust Build & Test (Windows)	UNKNOWN STEP	2025-12-22T11:15:31.6960629Z [command]"C:\Program Files\Git\bin\git.exe" config --local --name-only --get-regexp ^includeIf\.gitdir:
Rust Build & Test (Windows)	UNKNOWN STEP	2025-12-22T11:15:31.7222002Z includeif.gitdir:D:/a/FerroTeX/FerroTeX/.git.path
Rust Build & Test (Windows)	UNKNOWN STEP	2025-12-22T11:15:31.7222659Z includeif.gitdir:D:/a/FerroTeX/FerroTeX/.git/worktrees/*.path
Rust Build & Test (Windows)	UNKNOWN STEP	2025-12-22T11:15:31.7223209Z includeif.gitdir:/github/workspace/.git.path
Rust Build & Test (Windows)	UNKNOWN STEP	2025-12-22T11:15:31.7223763Z includeif.gitdir:/github/workspace/.git/worktrees/*.path
Rust Build & Test (Windows)	UNKNOWN STEP	2025-12-22T11:15:31.7264307Z [command]"C:\Program Files\Git\bin\git.exe" config --local --get-all includeif.gitdir:D:/a/FerroTeX/FerroTeX/.git.path
Rust Build & Test (Windows)	UNKNOWN STEP	2025-12-22T11:15:31.7519961Z D:\a\_temp\git-credentials-436a75ec-60e7-41a4-babb-e542025d9062.config
Rust Build & Test (Windows)	UNKNOWN STEP	2025-12-22T11:15:31.7565119Z [command]"C:\Program Files\Git\bin\git.exe" config --local --unset includeif.gitdir:D:/a/FerroTeX/FerroTeX/.git.path D:\a\_temp\git-credentials-436a75ec-60e7-41a4-babb-e542025d9062.config
Rust Build & Test (Windows)	UNKNOWN STEP	2025-12-22T11:15:31.7851413Z [command]"C:\Program Files\Git\bin\git.exe" config --local --get-all includeif.gitdir:D:/a/FerroTeX/FerroTeX/.git/worktrees/*.path
Rust Build & Test (Windows)	UNKNOWN STEP	2025-12-22T11:15:31.8097855Z D:\a\_temp\git-credentials-436a75ec-60e7-41a4-babb-e542025d9062.config
Rust Build & Test (Windows)	UNKNOWN STEP	2025-12-22T11:15:31.8137370Z [command]"C:\Program Files\Git\bin\git.exe" config --local --unset includeif.gitdir:D:/a/FerroTeX/FerroTeX/.git/worktrees/*.path D:\a\_temp\git-credentials-436a75ec-60e7-41a4-babb-e542025d9062.config
Rust Build & Test (Windows)	UNKNOWN STEP	2025-12-22T11:15:31.8423304Z [command]"C:\Program Files\Git\bin\git.exe" config --local --get-all includeif.gitdir:/github/workspace/.git.path
Rust Build & Test (Windows)	UNKNOWN STEP	2025-12-22T11:15:31.8683142Z /github/runner_temp/git-credentials-436a75ec-60e7-41a4-babb-e542025d9062.config
Rust Build & Test (Windows)	UNKNOWN STEP	2025-12-22T11:15:31.8723973Z [command]"C:\Program Files\Git\bin\git.exe" config --local --unset includeif.gitdir:/github/workspace/.git.path /github/runner_temp/git-credentials-436a75ec-60e7-41a4-babb-e542025d9062.config
Rust Build & Test (Windows)	UNKNOWN STEP	2025-12-22T11:15:31.9018330Z [command]"C:\Program Files\Git\bin\git.exe" config --local --get-all includeif.gitdir:/github/workspace/.git/worktrees/*.path
Rust Build & Test (Windows)	UNKNOWN STEP	2025-12-22T11:15:31.9324195Z /github/runner_temp/git-credentials-436a75ec-60e7-41a4-babb-e542025d9062.config
Rust Build & Test (Windows)	UNKNOWN STEP	2025-12-22T11:15:31.9387141Z [command]"C:\Program Files\Git\bin\git.exe" config --local --unset includeif.gitdir:/github/workspace/.git/worktrees/*.path /github/runner_temp/git-credentials-436a75ec-60e7-41a4-babb-e542025d9062.config
Rust Build & Test (Windows)	UNKNOWN STEP	2025-12-22T11:15:31.9735719Z [command]"C:\Program Files\Git\bin\git.exe" submodule foreach --recursive "git config --local --show-origin --name-only --get-regexp remote.origin.url"
Rust Build & Test (Windows)	UNKNOWN STEP	2025-12-22T11:15:32.5059786Z Removing credentials config 'D:\a\_temp\git-credentials-436a75ec-60e7-41a4-babb-e542025d9062.config'
Rust Build & Test (Windows)	UNKNOWN STEP	2025-12-22T11:15:32.5238365Z Cleaning up orphan processes
