(./test.tex
LaTeX Warning: Test warning on line 1.
)
